
-------------------------------------------------------------------------
|    ___ _   _ ___                                                      |
|   / __| | | |_  )   Release 8.3.0 "Harrier"                           |
|   \__ \ |_| |/ /                                                      |
|   |___/\___//___|   Suite (Computational Fluid Dynamics Code)         |
|                                                                       |
-------------------------------------------------------------------------
| SU2 Project Website: https://su2code.github.io                        |
|                                                                       |
| The SU2 Project is maintained by the SU2 Foundation                   |
| (http://su2foundation.org)                                            |
-------------------------------------------------------------------------
| Copyright 2012-2025, SU2 Contributors                                 |
|                                                                       |
| SU2 is free software; you can redistribute it and/or                  |
| modify it under the terms of the GNU Lesser General Public            |
| License as published by the Free Software Foundation; either          |
| version 2.1 of the License, or (at your option) any later version.    |
|                                                                       |
| SU2 is distributed in the hope that it will be useful,                |
| but WITHOUT ANY WARRANTY; without even the implied warranty of        |
| MERCHANTABILITY or FITNESS FOR A PARTICULAR PURPOSE. See the GNU      |
| Lesser General Public License for more details.                       |
|                                                                       |
| You should have received a copy of the GNU Lesser General Public      |
| License along with SU2. If not, see <http://www.gnu.org/licenses/>.   |
-------------------------------------------------------------------------

Parsing config file for zone 0

----------------- Physical Case Definition ( Zone 0 ) -------------------
Compressible Euler equations.
Mach number: 0.8.
Angle of attack (AoA): 1.25 deg, and angle of sideslip (AoS): 0 deg.
Fixed CL mode, target value: 0.326.
Reading and writing binary SU2 native restart files.
Read flow solution from: solution_flow.
Non-Dimensional simulation (P=1.0, Rho=1.0, T=1.0 at the farfield).
The reference area is 1 m^2.
The semi-span will be computed using the max y(3D) value.
The reference length is 1 m.
Reference origin for moment evaluation is (0.25, 0, 0).
Surface(s) where the force coefficients are evaluated: airfoil.

Surface(s) plotted in the output file: airfoil.
Surface(s) affected by the design variables: airfoil.
Input mesh file name: mesh_NACA0012_inv_deform.su2

--------------- Space Numerical Integration ( Zone 0 ) ------------------
Jameson-Schmidt-Turkel scheme (2nd order in space) for the flow inviscid terms.
JST viscous coefficients (2nd & 4th): 0.5, 0.02.
The method includes a grid stretching correction (p = 0.3).
Gradient for viscous and source terms: Green-Gauss.

--------------- Time Numerical Integration  ( Zone 0 ) ------------------
Local time stepping (steady state simulation).
Euler implicit method for the flow equations.
FGMRES is used for solving the linear system.
Using a LU-SGS preconditioning.
Convergence criteria of the linear solver: 0.0001.
Max number of linear iterations: 2.
V Multigrid Cycle, with 2 multigrid levels.
Damping factor for the residual restriction: 1.
Damping factor for the correction prolongation: 1.
No CFL adaptation.
+-------------------------------------------+
|  MG Level| Presmooth|PostSmooth|CorrectSmo|
+-------------------------------------------+
|         0|         1|         0|         0|
|         1|         2|         0|         0|
|         2|         3|         0|         0|
+-------------------------------------------+
Courant-Friedrichs-Lewy number:       10

------------------ Convergence Criteria  ( Zone 0 ) ---------------------
Maximum number of solver subiterations: 1250.
Begin convergence monitoring at iteration 10.
Residual minimum value: 1e-13.
Cauchy series min. value: 1e-06.
Number of Cauchy elements: 100.
Begin windowed time average at iteration 0.

-------------------- Output Information ( Zone 0 ) ----------------------
File writing frequency: 
+------------------------------------+
|                     File| Frequency|
+------------------------------------+
|                  RESTART|       250|
|                 PARAVIEW|       250|
|         SURFACE_PARAVIEW|       250|
|              SURFACE_CSV|       250|
+------------------------------------+
Writing the convergence history file every 1 inner iterations.
Writing the screen convergence history every 1 inner iterations.
The tabular file format is CSV (.csv).
Convergence history file name: history_direct.
Forces breakdown file name: forces_breakdown.dat.
Surface file name: surface_flow.
Volume file name: flow.
Restart file name: restart_flow.

------------- Config File Boundary Information ( Zone 0 ) ---------------
+-----------------------------------------------------------------------+
|                        Marker Type|                        Marker Name|
+-----------------------------------------------------------------------+
|                         Euler wall|                            airfoil|
+-----------------------------------------------------------------------+
|                          Far-field|                           farfield|
+-----------------------------------------------------------------------+

-------------------- Output Preprocessing ( Zone 0 ) --------------------

WARNING: SURFACE_PRESSURE_DROP can only be computed for at least 2 surfaces (outlet, inlet, ...)

Screen output fields: INNER_ITER, RMS_DENSITY, RMS_ENERGY, LIFT, DRAG
History output group(s): ITER, RMS_RES, AERO_COEFF
Convergence field(s): RMS_DENSITY
Warning: No (valid) fields chosen for time convergence monitoring. Time convergence monitoring inactive.
Volume output fields: COORDINATES, SOLUTION, PRIMITIVE

------------------- Geometry Preprocessing ( Zone 0 ) -------------------
Two dimensional problem.
5233 grid points.
10216 volume elements.
2 surface markers.
200 boundary elements in index 0 (Marker = airfoil).
50 boundary elements in index 1 (Marker = farfield).
10216 triangles.
Setting point connectivity.
Renumbering points (Reverse Cuthill McKee Ordering).
Recomputing point connectivity.
Setting element connectivity.
Checking the numerical grid orientation.
All volume elements are correctly oriented.
All surface elements are correctly oriented.
Identifying edges and vertices.
Setting the control volume structure.
Area of the computational grid: 1253.25.
Searching for the closest normal neighbors to the surfaces.
Storing a mapping from global to local point index.
Compute the surface curvature.
Max K: 7835.1. Mean K: 34.8549. Standard deviation K: 494.428.
Checking for periodicity.
Computing mesh quality statistics for the dual control volumes.
+--------------------------------------------------------------+
|           Mesh Quality Metric|        Minimum|        Maximum|
+--------------------------------------------------------------+
|    Orthogonality Angle (deg.)|         62.891|        89.7109|
|     CV Face Area Aspect Ratio|        1.00129|        7.18318|
|           CV Sub-Volume Ratio|        1.00222|        6.47654|
+--------------------------------------------------------------+
Setting the multigrid structure.
+-------------------------------------------+
|  MG Level|       CVs|Aggl. Rate|       CFL|
+-------------------------------------------+
|         0|      5233|    1/1.00|        10|
|         1|      1690|     1/3.1|   8.52431|
|         2|       649|     1/2.6|   7.92373|
+-------------------------------------------+
Finding max control volume width.
Wetted area = 2.03946 m.
Area projection in the x-plane = 0.113054 m, y-plane = 0.999845 m.
Max. coordinate in the x-direction = 1 m, y-direction = 0.0561106 m.
Min. coordinate in the x-direction = 0 m, y-direction = -0.0569684 m.
Computing wall distances.

-------------------- Solver Preprocessing ( Zone 0 ) --------------------
WARNING: AoA in the solution file (0.49998 deg.) +
         AoA offset in mesh file (0 deg.) = 0.49998 deg.
WARNING: SU2 will use the dCD/dCL provided in the direct solution file: 0.0117089.
WARNING: SU2 will use the dCMz/dCL provided in the direct solution file: 0.0956974.
Inviscid flow: Computing density based on free-stream
temperature and pressure using the ideal gas law.
Force coefficients computed using free-stream values.

-- Models:
+------------------------------------------------------------------------------+
|          Viscosity Model|        Conductivity Model|              Fluid Model|
+------------------------------------------------------------------------------+
|                        -|                         -|             STANDARD_AIR|
+------------------------------------------------------------------------------+
-- Fluid properties:
+------------------------------------------------------------------------------+
|                  Name|    Dim. value|    Ref. value|      Unit|Non-dim. value|
+------------------------------------------------------------------------------+
|          Gas Constant|       287.058|       287.058|  N.m/kg.K|             1|
|      Spec. Heat Ratio|             -|             -|         -|           1.4|
+------------------------------------------------------------------------------+
-- Initial and free-stream conditions:
+------------------------------------------------------------------------------+
|                  Name|    Dim. value|    Ref. value|      Unit|Non-dim. value|
+------------------------------------------------------------------------------+
|       Static Pressure|        101325|        101325|        Pa|             1|
|               Density|       1.22498|       1.22498|    kg/m^3|             1|
|           Temperature|        288.15|        288.15|         K|             1|
|          Total Energy|        243846|       82715.8|   m^2/s^2|         2.948|
|            Velocity-X|       272.227|       287.603|       m/s|      0.946537|
|            Velocity-Y|        2.3756|       287.603|       m/s|    0.00825997|
|    Velocity Magnitude|       272.238|       287.603|       m/s|      0.946573|
+------------------------------------------------------------------------------+
|           Mach Number|             -|             -|         -|           0.8|
+------------------------------------------------------------------------------+
Initialize Jacobian structure (Euler). MG level: 0.
Initialize Jacobian structure (Euler). MG level: 1.
Initialize Jacobian structure (Euler). MG level: 2.

------------------- Numerics Preprocessing ( Zone 0 ) -------------------

----------------- Integration Preprocessing ( Zone 0 ) ------------------

------------------- Iteration Preprocessing ( Zone 0 ) ------------------
Euler/Navier-Stokes/RANS fluid iteration.

------------------------------ Begin Solver -----------------------------

Simulation Run using the Single-zone Driver
WARNING: SU2 was not compiled for an AVX-capable architecture. Performance could be better,
         see https://su2code.github.io/docs_v7/Build-SU2-Linux-MacOS/#compiler-optimizations
WARNING: SU2 was not compiled for an AVX-capable architecture. Performance could be better,
         see https://su2code.github.io/docs_v7/Build-SU2-Linux-MacOS/#compiler-optimizations
WARNING: SU2 was not compiled for an AVX-capable architecture. Performance could be better,
         see https://su2code.github.io/docs_v7/Build-SU2-Linux-MacOS/#compiler-optimizations
+----------------------------------------------------------------+
|  Inner_Iter|    rms[Rho]|   rms[RhoE]|          CL|          CD|
+----------------------------------------------------------------+
|           0|   -7.483099|   -6.886719|    0.326000|    0.001625|
|           1|   -7.750194|   -7.153462|    0.326012|    0.001613|
|           2|   -7.658461|   -7.072550|    0.326021|    0.001609|
|           3|   -7.645283|   -7.056930|    0.326021|    0.001609|
|           4|   -7.587702|   -7.002727|    0.326027|    0.001608|
|           5|   -7.555977|   -6.975592|    0.326035|    0.001607|
|           6|   -7.556477|   -6.979904|    0.326041|    0.001606|
|           7|   -7.541141|   -6.964503|    0.326047|    0.001606|
|           8|   -7.530147|   -6.955551|    0.326054|    0.001605|
|           9|   -7.536019|   -6.965919|    0.326060|    0.001605|
|          10|   -7.543610|   -6.977166|    0.326067|    0.001605|
|          11|   -7.551067|   -6.986299|    0.326073|    0.001604|
|          12|   -7.556703|   -6.991699|    0.326079|    0.001604|
|          13|   -7.563124|   -6.997210|    0.326085|    0.001604|
|          14|   -7.572256|   -7.006137|    0.326090|    0.001604|
|          15|   -7.583188|   -7.017740|    0.326095|    0.001604|
|          16|   -7.595988|   -7.031470|    0.326100|    0.001604|
|          17|   -7.610528|   -7.046641|    0.326105|    0.001604|
|          18|   -7.625997|   -7.062298|    0.326109|    0.001603|
|          19|   -7.641805|   -7.078066|    0.326113|    0.001603|
|          20|   -7.657682|   -7.094079|    0.326116|    0.001603|
|          21|   -7.673046|   -7.110084|    0.326120|    0.001603|
|          22|   -7.687087|   -7.125190|    0.326123|    0.001603|
|          23|   -7.699533|   -7.138659|    0.326126|    0.001603|
|          24|   -7.710806|   -7.150488|    0.326128|    0.001603|
|          25|   -7.721483|   -7.161227|    0.326131|    0.001603|
|          26|   -7.731888|   -7.171538|    0.326133|    0.001603|
|          27|   -7.742088|   -7.181890|    0.326135|    0.001603|
|          28|   -7.752045|   -7.192459|    0.326137|    0.001603|
|          29|   -7.761738|   -7.203193|    0.326139|    0.001603|
|          30|   -7.771199|   -7.213935|    0.326141|    0.001603|
|          31|   -7.780488|   -7.224508|    0.326143|    0.001603|
|          32|   -7.789643|   -7.234761|    0.326144|    0.001603|
|          33|   -7.798673|   -7.244594|    0.326146|    0.001603|
|          34|   -7.807569|   -7.253984|    0.326148|    0.001603|
|          35|   -7.816327|   -7.262991|    0.326149|    0.001603|
|          36|   -7.824959|   -7.271730|    0.326151|    0.001603|
|          37|   -7.833499|   -7.280340|    0.326152|    0.001603|
|          38|   -7.841998|   -7.288944|    0.326154|    0.001603|
|          39|   -7.850505|   -7.297621|    0.326155|    0.001603|
|          40|   -7.859071|   -7.306414|    0.326156|    0.001603|
|          41|   -7.867739|   -7.315337|    0.326158|    0.001603|
|          42|   -7.876539|   -7.324380|    0.326159|    0.001603|
|          43|   -7.885488|   -7.333527|    0.326160|    0.001603|
|          44|   -7.894587|   -7.342758|    0.326162|    0.001603|
|          45|   -7.903828|   -7.352061|    0.326163|    0.001603|
|          46|   -7.913191|   -7.361426|    0.326164|    0.001602|
|          47|   -7.922655|   -7.370848|    0.326165|    0.001602|
|          48|   -7.932201|   -7.380332|    0.326167|    0.001602|
|          49|   -7.941811|   -7.389881|    0.326168|    0.001602|
|          50|   -7.951479|   -7.399501|    0.326169|    0.001602|
|          51|   -7.961206|   -7.409202|    0.326170|    0.001597|
+-----------------------------------------------------------------------+
|Fixed CL Mode                           |Value                         |
+-----------------------------------------------------------------------+
|Current CL                              |0.32617                       |
|Target CL                               |0.326                         |
|Previous AOA                            |0.49998                       |
|Changed AoA by                          |-0.00084388                   |
+-----------------------------------------------------------------------+
+----------------------------------------------------------------+
|  Inner_Iter|    rms[Rho]|   rms[RhoE]|          CL|          CD|
+----------------------------------------------------------------+
|          52|   -5.885738|   -5.279050|    0.326171|    0.001597|
|          53|   -6.183223|   -5.572657|    0.326165|    0.001597|
|          54|   -6.426208|   -5.832580|    0.326141|    0.001597|
|          55|   -6.625365|   -6.014707|    0.326105|    0.001597|
|          56|   -6.788160|   -6.188972|    0.326072|    0.001596|
|          57|   -6.885557|   -6.287337|    0.326053|    0.001596|
|          58|   -7.021938|   -6.420528|    0.326049|    0.001596|
|          59|   -7.051371|   -6.448254|    0.326048|    0.001596|
|          60|   -7.104973|   -6.500067|    0.326044|    0.001596|
|          61|   -7.226985|   -6.627740|    0.326036|    0.001596|
|          62|   -7.306531|   -6.716320|    0.326028|    0.001596|
|          63|   -7.331354|   -6.739785|    0.326021|    0.001596|
|          64|   -7.389663|   -6.798466|    0.326015|    0.001596|
|          65|   -7.468674|   -6.885181|    0.326010|    0.001596|
|          66|   -7.515029|   -6.938873|    0.326005|    0.001596|
|          67|   -7.540722|   -6.966410|    0.326000|    0.001596|
|          68|   -7.564739|   -6.991114|    0.325996|    0.001596|
|          69|   -7.583769|   -7.012165|    0.325991|    0.001596|
|          70|   -7.597693|   -7.029240|    0.325987|    0.001596|
|          71|   -7.609625|   -7.044570|    0.325982|    0.001596|
|          72|   -7.619181|   -7.056969|    0.325978|    0.001596|
|          73|   -7.625423|   -7.065133|    0.325974|    0.001596|
|          74|   -7.629396|   -7.070453|    0.325970|    0.001597|
|          75|   -7.632641|   -7.074869|    0.325965|    0.001597|
|          76|   -7.636017|   -7.079275|    0.325962|    0.001597|
|          77|   -7.639775|   -7.083844|    0.325958|    0.001597|
|          78|   -7.643871|   -7.088551|    0.325954|    0.001597|
|          79|   -7.648236|   -7.093421|    0.325950|    0.001598|
|          80|   -7.652868|   -7.098549|    0.325947|    0.001598|
|          81|   -7.657731|   -7.103936|    0.325943|    0.001598|
|          82|   -7.662719|   -7.109444|    0.325940|    0.001598|
|          83|   -7.667722|   -7.114916|    0.325936|    0.001598|
|          84|   -7.672676|   -7.120266|    0.325933|    0.001598|
|          85|   -7.677562|   -7.125471|    0.325930|    0.001598|
|          86|   -7.682392|   -7.130550|    0.325928|    0.001598|
|          87|   -7.687197|   -7.135547|    0.325925|    0.001598|
|          88|   -7.692024|   -7.140523|    0.325922|    0.001598|
|          89|   -7.696924|   -7.145540|    0.325920|    0.001598|
|          90|   -7.701945|   -7.150653|    0.325917|    0.001598|
|          91|   -7.707130|   -7.155908|    0.325915|    0.001598|
|          92|   -7.712517|   -7.161344|    0.325913|    0.001598|
|          93|   -7.718133|   -7.166991|    0.325911|    0.001598|
|          94|   -7.724003|   -7.172875|    0.325909|    0.001598|
|          95|   -7.730147|   -7.179018|    0.325907|    0.001598|
|          96|   -7.736584|   -7.185437|    0.325906|    0.001598|
|          97|   -7.743327|   -7.192148|    0.325904|    0.001598|
|          98|   -7.750388|   -7.199163|    0.325902|    0.001598|
|          99|   -7.757774|   -7.206487|    0.325901|    0.001598|
|         100|   -7.765487|   -7.214124|    0.325899|    0.001598|
|         101|   -7.773529|   -7.222075|    0.325898|    0.001601|
+-----------------------------------------------------------------------+
|Fixed CL Mode                           |Value                         |
+-----------------------------------------------------------------------+
|Current CL                              |0.325898                      |
|Target CL                               |0.326                         |
|Previous AOA                            |0.499136                      |
|Changed AoA by                          |0.000504902                   |
+-----------------------------------------------------------------------+
+----------------------------------------------------------------+
|  Inner_Iter|    rms[Rho]|   rms[RhoE]|          CL|          CD|
+----------------------------------------------------------------+
|         102|   -6.108674|   -5.502040|    0.325896|    0.001601|
|         103|   -6.406139|   -5.795567|    0.325899|    0.001601|
|         104|   -6.648290|   -6.054721|    0.325912|    0.001601|
|         105|   -6.846609|   -6.236364|    0.325933|    0.001602|
|         106|   -7.007368|   -6.408966|    0.325952|    0.001602|
|         107|   -7.102606|   -6.505492|    0.325963|    0.001602|
|         108|   -7.235029|   -6.635494|    0.325965|    0.001602|
|         109|   -7.264185|   -6.663009|    0.325964|    0.001602|
|         110|   -7.315761|   -6.713171|    0.325966|    0.001602|
|         111|   -7.430667|   -6.834596|    0.325970|    0.001602|
|         112|   -7.505049|   -6.918080|    0.325974|    0.001602|
|         113|   -7.529943|   -6.941681|    0.325978|    0.001602|
|         114|   -7.583829|   -6.996205|    0.325981|    0.001602|
|         115|   -7.655454|   -7.075325|    0.325984|    0.001602|
|         116|   -7.700115|   -7.126821|    0.325986|    0.001602|
|         117|   -7.727468|   -7.155973|    0.325988|    0.001602|
|         118|   -7.753059|   -7.181979|    0.325991|    0.001602|
|         119|   -7.775049|   -7.205277|    0.325993|    0.001602|
|         120|   -7.793374|   -7.225915|    0.325995|    0.001602|
|         121|   -7.810202|   -7.245414|    0.325998|    0.001602|
|         122|   -7.824917|   -7.262426|    0.326000|    0.001602|
|         123|   -7.836452|   -7.275490|    0.326002|    0.001602|
|         124|   -7.845583|   -7.285635|    0.326004|    0.001602|
|         125|   -7.853734|   -7.294656|    0.326006|    0.001602|
|         126|   -7.861742|   -7.303460|    0.326009|    0.001602|
|         127|   -7.869874|   -7.312251|    0.326011|    0.001601|
|         128|   -7.878102|   -7.321005|    0.326013|    0.001601|
|         129|   -7.886349|   -7.329723|    0.326015|    0.001601|
|         130|   -7.894602|   -7.338476|    0.326017|    0.001601|
|         131|   -7.902824|   -7.347259|    0.326019|    0.001601|
|         132|   -7.910911|   -7.355934|    0.326020|    0.001601|
|         133|   -7.918737|   -7.364324|    0.326022|    0.001601|
|         134|   -7.926223|   -7.372313|    0.326024|    0.001601|
|         135|   -7.933339|   -7.379859|    0.326026|    0.001601|
|         136|   -7.940093|   -7.386972|    0.326027|    0.001601|
|         137|   -7.946522|   -7.393699|    0.326029|    0.001601|
|         138|   -7.952691|   -7.400114|    0.326030|    0.001601|
|         139|   -7.958675|   -7.406309|    0.326032|    0.001601|
|         140|   -7.964556|   -7.412372|    0.326033|    0.001601|
|         141|   -7.970408|   -7.418384|    0.326035|    0.001601|
|         142|   -7.976301|   -7.424419|    0.326036|    0.001601|
|         143|   -7.982294|   -7.430535|    0.326037|    0.001601|
|         144|   -7.988433|   -7.436781|    0.326038|    0.001601|
|         145|   -7.994759|   -7.443195|    0.326040|    0.001601|
|         146|   -8.001302|   -7.449807|    0.326041|    0.001601|
|         147|   -8.008087|   -7.456639|    0.326042|    0.001601|
|         148|   -8.015132|   -7.463706|    0.326043|    0.001601|
|         149|   -8.022447|   -7.471016|    0.326044|    0.001601|
|         150|   -8.030036|   -7.478574|    0.326045|    0.001601|
|         151|   -8.037901|   -7.486381|    0.326046|    0.001600|
+-----------------------------------------------------------------------+
|Fixed CL Mode                           |Value                         |
+-----------------------------------------------------------------------+
|Current CL                              |0.326046                      |
|Target CL                               |0.326                         |
|Previous AOA                            |0.499641                      |
|Changed AoA by                          |-0.000224744                  |
+-----------------------------------------------------------------------+
+----------------------------------------------------------------+
|  Inner_Iter|    rms[Rho]|   rms[RhoE]|          CL|          CD|
+----------------------------------------------------------------+
|         152|   -6.460105|   -5.853502|    0.326047|    0.001600|
|         153|   -6.757601|   -6.147023|    0.326046|    0.001600|
|         154|   -6.999356|   -6.405826|    0.326040|    0.001600|
|         155|   -7.197075|   -6.587064|    0.326031|    0.001600|
|         156|   -7.356484|   -6.758526|    0.326023|    0.001599|
|         157|   -7.450603|   -6.854119|    0.326019|    0.001599|
|         158|   -7.580915|   -6.982455|    0.326018|    0.001599|
|         159|   -7.610025|   -7.009975|    0.326019|    0.001599|
|         160|   -7.660726|   -7.059443|    0.326018|    0.001599|
|         161|   -7.772353|   -7.177965|    0.326016|    0.001599|
|         162|   -7.844440|   -7.259143|    0.326015|    0.001599|
|         163|   -7.869302|   -7.282736|    0.326014|    0.001599|
|         164|   -7.920992|   -7.335167|    0.326012|    0.001599|
|         165|   -7.989303|   -7.410871|    0.326011|    0.001599|
|         166|   -8.033324|   -7.461541|    0.326011|    0.001599|
|         167|   -8.061477|   -7.491485|    0.326010|    0.001599|
|         168|   -8.087866|   -7.518170|    0.326009|    0.001599|
|         169|   -8.111380|   -7.542709|    0.326008|    0.001599|
|         170|   -8.131989|   -7.565302|    0.326007|    0.001599|
|         171|   -8.151410|   -7.587092|    0.326007|    0.001599|
|         172|   -8.168968|   -7.606691|    0.326006|    0.001599|
|         173|   -8.183594|   -7.622634|    0.326005|    0.001599|
|         174|   -8.195934|   -7.635790|    0.326004|    0.001599|
|         175|   -8.207318|   -7.647853|    0.326003|    0.001599|
|         176|   -8.218548|   -7.659700|    0.326003|    0.001600|
|         177|   -8.229873|   -7.671525|    0.326002|    0.001600|
|         178|   -8.241266|   -7.683303|    0.326001|    0.001600|
|         179|   -8.252646|   -7.695030|    0.326000|    0.001600|
|         180|   -8.263995|   -7.706775|    0.326000|    0.001600|
|         181|   -8.275274|   -7.718538|    0.325999|    0.001600|
|         182|   -8.286362|   -7.730166|    0.325998|    0.001600|
|         183|   -8.297109|   -7.741455|    0.325997|    0.001600|
|         184|   -8.307404|   -7.752253|    0.325997|    0.001600|
|         185|   -8.317182|   -7.762479|    0.325996|    0.001600|
|         186|   -8.326423|   -7.772106|    0.325995|    0.001600|
|         187|   -8.335143|   -7.781156|    0.325995|    0.001600|
|         188|   -8.343394|   -7.789694|    0.325994|    0.001600|
|         189|   -8.351252|   -7.797806|    0.325994|    0.001600|
|         190|   -8.358806|   -7.805594|    0.325993|    0.001600|
|         191|   -8.366147|   -7.813154|    0.325993|    0.001600|
|         192|   -8.373362|   -7.820577|    0.325992|    0.001600|
|         193|   -8.380527|   -7.827940|    0.325992|    0.001600|
|         194|   -8.387707|   -7.835306|    0.325991|    0.001600|
|         195|   -8.394957|   -7.842727|    0.325991|    0.001600|
|         196|   -8.402321|   -7.850243|    0.325990|    0.001600|
|         197|   -8.409834|   -7.857884|    0.325990|    0.001600|
|         198|   -8.417522|   -7.865670|    0.325989|    0.001600|
|         199|   -8.425399|   -7.873613|    0.325989|    0.001600|
|         200|   -8.433474|   -7.881717|    0.325988|    0.001600|
|         201|   -8.441749|   -7.889985|    0.325988|    0.001600|
+-----------------------------------------------------------------------+
|Fixed CL Mode                           |Value                         |
+-----------------------------------------------------------------------+
|Current CL                              |0.325988                      |
|Target CL                               |0.326                         |
|Previous AOA                            |0.499416                      |
|Changed AoA by                          |5.82038e-05                   |
+-----------------------------------------------------------------------+
+----------------------------------------------------------------+
|  Inner_Iter|    rms[Rho]|   rms[RhoE]|          CL|          CD|
+----------------------------------------------------------------+
|         202|   -7.046575|   -6.440057|    0.325988|    0.001600|
|         203|   -7.343851|   -6.733343|    0.325988|    0.001600|
|         204|   -7.584114|   -6.990825|    0.325989|    0.001600|
|         205|   -7.779283|   -7.170275|    0.325991|    0.001600|
|         206|   -7.933838|   -7.337569|    0.325993|    0.001600|
|         207|   -8.023651|   -7.429506|    0.325994|    0.001600|
|         208|   -8.145238|   -7.550714|    0.325994|    0.001600|
|         209|   -8.173197|   -7.577417|    0.325994|    0.001600|
|         210|   -8.219854|   -7.623598|    0.325994|    0.001600|
|         211|   -8.317602|   -7.729486|    0.325994|    0.001600|
|         212|   -8.379013|   -7.799787|    0.325995|    0.001600|
|         213|   -8.401954|   -7.821852|    0.325995|    0.001600|
|         214|   -8.444769|   -7.865955|    0.325995|    0.001600|
|         215|   -8.498803|   -7.926757|    0.325995|    0.001600|
|         216|   -8.535383|   -7.968870|    0.325995|    0.001600|
|         217|   -8.560782|   -7.995912|    0.325995|    0.001600|
|         218|   -8.584504|   -8.019949|    0.325995|    0.001600|
|         219|   -8.606848|   -8.042912|    0.325996|    0.001600|
|         220|   -8.628050|   -8.065329|    0.325996|    0.001600|
|         221|   -8.648806|   -8.087557|    0.325996|    0.001600|
|         222|   -8.668532|   -8.108516|    0.325996|    0.001600|
|         223|   -8.686576|   -8.127273|    0.325996|    0.001600|
|         224|   -8.703345|   -8.144371|    0.325996|    0.001600|
|         225|   -8.719699|   -8.160923|    0.325996|    0.001600|
|         226|   -8.736173|   -8.177539|    0.325996|    0.001600|
|         227|   -8.752927|   -8.194354|    0.325997|    0.001600|
|         228|   -8.769936|   -8.211353|    0.325997|    0.001600|
|         229|   -8.787139|   -8.228528|    0.325997|    0.001600|
|         230|   -8.804515|   -8.245926|    0.325997|    0.001600|
|         231|   -8.822025|   -8.263543|    0.325997|    0.001600|
|         232|   -8.839560|   -8.281254|    0.325997|    0.001600|
|         233|   -8.856969|   -8.298874|    0.325997|    0.001600|
|         234|   -8.874107|   -8.316228|    0.325998|    0.001600|
|         235|   -8.890854|   -8.333178|    0.325998|    0.001600|
|         236|   -8.907107|   -8.349617|    0.325998|    0.001600|
|         237|   -8.922793|   -8.365472|    0.325998|    0.001600|
|         238|   -8.937876|   -8.380714|    0.325998|    0.001600|
|         239|   -8.952355|   -8.395358|    0.325998|    0.001600|
|         240|   -8.966261|   -8.409446|    0.325998|    0.001600|
|         241|   -8.979645|   -8.423039|    0.325998|    0.001600|
|         242|   -8.992571|   -8.436206|    0.325999|    0.001600|
|         243|   -9.005107|   -8.449016|    0.325999|    0.001600|
|         244|   -9.017316|   -8.461531|    0.325999|    0.001600|
|         245|   -9.029259|   -8.473801|    0.325999|    0.001600|
|         246|   -9.040986|   -8.485866|    0.325999|    0.001600|
|         247|   -9.052540|   -8.497756|    0.325999|    0.001600|
|         248|   -9.063952|   -8.509485|    0.325999|    0.001600|
|         249|   -9.075240|   -8.521061|    0.325999|    0.001600|
|         250|   -9.086414|   -8.532480|    0.325999|    0.001600|
+-----------------------------------------------------------------------+
|        File Writing Summary       |              Filename             |
+-----------------------------------------------------------------------+
|SU2 binary restart                 |restart_flow.dat                   |
Writing Flow Meta-Data file: flow.meta
|Paraview                           |flow.vtu                           |
Writing Flow Meta-Data file: flow.meta
|Paraview surface                   |surface_flow.vtu                   |
Writing Flow Meta-Data file: flow.meta
|CSV file                           |surface_flow.csv                   |
Writing Flow Meta-Data file: flow.meta
+-----------------------------------------------------------------------+
+----------------------------------------------------------------+
|  Inner_Iter|    rms[Rho]|   rms[RhoE]|          CL|          CD|
+----------------------------------------------------------------+
|         251|   -9.097478|   -8.543739|    0.325999|    0.001600|
+-----------------------------------------------------------------------+
|Fixed CL Mode                           |Value                         |
+-----------------------------------------------------------------------+
|Current CL                              |0.325999                      |
|Target CL                               |0.326                         |
|Previous AOA                            |0.499474                      |
|Changed AoA by                          |3.04229e-06                   |
+-----------------------------------------------------------------------+
+----------------------------------------------------------------+
|  Inner_Iter|    rms[Rho]|   rms[RhoE]|          CL|          CD|
+----------------------------------------------------------------+
|         252|   -8.323858|   -7.717921|    0.326000|    0.001600|
|         253|   -8.602294|   -7.997422|    0.326000|    0.001600|
|         254|   -8.811597|   -8.227063|    0.326000|    0.001600|
|         255|   -8.948788|   -8.359854|    0.326000|    0.001600|
|         256|   -9.037712|   -8.463130|    0.326000|    0.001600|
|         257|   -9.079649|   -8.509617|    0.326000|    0.001600|
|         258|   -9.120180|   -8.554581|    0.326001|    0.001600|
|         259|   -9.131541|   -8.566610|    0.326001|    0.001600|
|         260|   -9.147811|   -8.584068|    0.326001|    0.001600|
|         261|   -9.170611|   -8.610727|    0.326001|    0.001600|
|         262|   -9.184655|   -8.627162|    0.326001|    0.001600|
|         263|   -9.194578|   -8.637506|    0.326001|    0.001600|
|         264|   -9.207376|   -8.651038|    0.326001|    0.001600|
|         265|   -9.219960|   -8.664527|    0.326001|    0.001600|
|         266|   -9.230321|   -8.675272|    0.326001|    0.001600|
|         267|   -9.239949|   -8.685039|    0.326001|    0.001600|
|         268|   -9.249602|   -8.694840|    0.326002|    0.001600|
|         269|   -9.259215|   -8.704608|    0.326002|    0.001600|
|         270|   -9.268767|   -8.714283|    0.326002|    0.001600|
|         271|   -9.278290|   -8.723889|    0.326002|    0.001600|
|         272|   -9.287792|   -8.733430|    0.326002|    0.001600|
|         273|   -9.297309|   -8.742955|    0.326002|    0.001600|
|         274|   -9.306908|   -8.752565|    0.326002|    0.001600|
|         275|   -9.316652|   -8.762335|    0.326002|    0.001600|
|         276|   -9.326577|   -8.772297|    0.326002|    0.001600|
|         277|   -9.336691|   -8.782450|    0.326002|    0.001600|
|         278|   -9.346992|   -8.792785|    0.326002|    0.001600|
|         279|   -9.357474|   -8.803297|    0.326002|    0.001600|
|         280|   -9.368129|   -8.813981|    0.326002|    0.001600|
|         281|   -9.378941|   -8.824821|    0.326002|    0.001600|
|         282|   -9.389890|   -8.835794|    0.326002|    0.001600|
|         283|   -9.400953|   -8.846873|    0.326002|    0.001600|
|         284|   -9.412117|   -8.858041|    0.326003|    0.001600|
|         285|   -9.423369|   -8.869290|    0.326003|    0.001600|
|         286|   -9.434707|   -8.880615|    0.326003|    0.001600|
|         287|   -9.446126|   -8.892020|    0.326003|    0.001600|
|         288|   -9.457628|   -8.903506|    0.326003|    0.001600|
|         289|   -9.469214|   -8.915078|    0.326003|    0.001600|
|         290|   -9.480887|   -8.926739|    0.326003|    0.001600|
|         291|   -9.492647|   -8.938490|    0.326003|    0.001600|
|         292|   -9.504496|   -8.950333|    0.326003|    0.001600|
|         293|   -9.516434|   -8.962267|    0.326003|    0.001600|
|         294|   -9.528462|   -8.974294|    0.326003|    0.001600|
|         295|   -9.540582|   -8.986414|    0.326003|    0.001600|
|         296|   -9.552793|   -8.998628|    0.326003|    0.001600|
|         297|   -9.565100|   -9.010938|    0.326003|    0.001600|
|         298|   -9.577504|   -9.023348|    0.326003|    0.001600|
|         299|   -9.590010|   -9.035860|    0.326003|    0.001600|
|         300|   -9.602623|   -9.048480|    0.326003|    0.001600|
|         301|   -9.615348|   -9.061213|    0.326003|    0.001600|
+-----------------------------------------------------------------------+
|Fixed CL Mode                           |Value                         |
+-----------------------------------------------------------------------+
|Current CL                              |0.326003                      |
|Target CL                               |0.326                         |
|Previous AOA                            |0.499477                      |
|Changed AoA by                          |-1.45157e-05                  |
+-----------------------------------------------------------------------+
+----------------------------------------------------------------+
|  Inner_Iter|    rms[Rho]|   rms[RhoE]|          CL|          CD|
+----------------------------------------------------------------+
|         302|   -7.650177|   -7.043491|    0.326003|    0.001600|
|         303|   -7.947593|   -7.337037|    0.326003|    0.001600|
|         304|   -8.190389|   -7.596768|    0.326002|    0.001600|
|         305|   -8.389591|   -7.778984|    0.326002|    0.001600|
|         306|   -8.552425|   -7.953315|    0.326001|    0.001600|
|         307|   -8.649458|   -8.051332|    0.326001|    0.001600|
|         308|   -8.785262|   -8.183984|    0.326001|    0.001600|
|         309|   -8.814507|   -8.211527|    0.326001|    0.001600|
|         310|   -8.867582|   -8.262889|    0.326001|    0.001600|
|         311|   -8.988069|   -8.389196|    0.326001|    0.001600|
|         312|   -9.066331|   -8.476528|    0.326000|    0.001600|
|         313|   -9.091049|   -8.499955|    0.326000|    0.001600|
|         314|   -9.148552|   -8.557917|    0.326000|    0.001600|
|         315|   -9.225593|   -8.642598|    0.326000|    0.001600|
|         316|   -9.270467|   -8.694638|    0.326000|    0.001600|
|         317|   -9.295385|   -8.721446|    0.326000|    0.001600|
|         318|   -9.318508|   -8.745352|    0.326000|    0.001600|
|         319|   -9.336633|   -8.765466|    0.326000|    0.001600|
|         320|   -9.349837|   -8.781674|    0.326000|    0.001600|
|         321|   -9.361159|   -8.796232|    0.326000|    0.001600|
|         322|   -9.370168|   -8.807967|    0.325999|    0.001600|
|         323|   -9.375936|   -8.815601|    0.325999|    0.001600|
|         324|   -9.379482|   -8.820464|    0.325999|    0.001600|
|         325|   -9.382324|   -8.824447|    0.325999|    0.001600|
|         326|   -9.385309|   -8.828444|    0.325999|    0.001600|
|         327|   -9.388693|   -8.832651|    0.325999|    0.001600|
|         328|   -9.392431|   -8.837037|    0.325999|    0.001600|
|         329|   -9.396447|   -8.841603|    0.325999|    0.001600|
|         330|   -9.400722|   -8.846417|    0.325999|    0.001600|
|         331|   -9.405218|   -8.851468|    0.325999|    0.001600|
|         332|   -9.409833|   -8.856624|    0.325999|    0.001600|
|         333|   -9.414461|   -8.861737|    0.325999|    0.001600|
|         334|   -9.419045|   -8.866725|    0.325999|    0.001600|
|         335|   -9.423570|   -8.871574|    0.325999|    0.001600|
|         336|   -9.428052|   -8.876307|    0.325999|    0.001600|
|         337|   -9.432528|   -8.880973|    0.325998|    0.001600|
|         338|   -9.437043|   -8.885635|    0.325998|    0.001600|
|         339|   -9.441652|   -8.890357|    0.325998|    0.001600|
|         340|   -9.446404|   -8.895195|    0.325998|    0.001600|
|         341|   -9.451342|   -8.900197|    0.325998|    0.001600|
|         342|   -9.456503|   -8.905405|    0.325998|    0.001600|
|         343|   -9.461917|   -8.910847|    0.325998|    0.001600|
|         344|   -9.467607|   -8.916550|    0.325998|    0.001600|
|         345|   -9.473592|   -8.922532|    0.325998|    0.001600|
|         346|   -9.479887|   -8.928809|    0.325998|    0.001600|
|         347|   -9.486504|   -8.935392|    0.325998|    0.001600|
|         348|   -9.493449|   -8.942289|    0.325998|    0.001600|
|         349|   -9.500727|   -8.949502|    0.325998|    0.001600|
|         350|   -9.508338|   -8.957033|    0.325998|    0.001600|
|         351|   -9.516279|   -8.964877|    0.325998|    0.001600|
+-----------------------------------------------------------------------+
|Fixed CL Mode                           |Value                         |
+-----------------------------------------------------------------------+
|Current CL                              |0.325998                      |
|Target CL                               |0.326                         |
|Previous AOA                            |0.499463                      |
|Changed AoA by                          |1.01377e-05                   |
+-----------------------------------------------------------------------+
+----------------------------------------------------------------+
|  Inner_Iter|    rms[Rho]|   rms[RhoE]|          CL|          CD|
+----------------------------------------------------------------+
|         352|   -7.805963|   -7.199322|    0.325998|    0.001600|
|         353|   -8.103465|   -7.492883|    0.325998|    0.001600|
|         354|   -8.345767|   -7.752172|    0.325998|    0.001600|
|         355|   -8.544335|   -7.933987|    0.325999|    0.001600|
|         356|   -8.705558|   -8.106983|    0.325999|    0.001600|
|         357|   -8.801257|   -8.203898|    0.325999|    0.001600|
|         358|   -8.934685|   -8.334710|    0.325999|    0.001600|
|         359|   -8.964019|   -8.362359|    0.325999|    0.001600|
|         360|   -9.016124|   -8.412944|    0.325999|    0.001600|
|         361|   -9.132919|   -8.536028|    0.325999|    0.001600|
|         362|   -9.208908|   -8.621077|    0.325999|    0.001600|
|         363|   -9.234096|   -8.644899|    0.326000|    0.001600|
|         364|   -9.289358|   -8.700650|    0.326000|    0.001600|
|         365|   -9.363457|   -8.782242|    0.326000|    0.001600|
|         366|   -9.409510|   -8.835297|    0.326000|    0.001600|
|         367|   -9.437364|   -8.864974|    0.326000|    0.001600|
|         368|   -9.463456|   -8.891469|    0.326000|    0.001600|
|         369|   -9.485641|   -8.915044|    0.326000|    0.001600|
|         370|   -9.503795|   -8.935675|    0.326000|    0.001600|
|         371|   -9.520316|   -8.955056|    0.326000|    0.001600|
|         372|   -9.534587|   -8.971789|    0.326000|    0.001600|
|         373|   -9.545484|   -8.984335|    0.326000|    0.001600|
|         374|   -9.553848|   -8.993806|    0.326000|    0.001600|
|         375|   -9.561198|   -9.002111|    0.326000|    0.001600|
|         376|   -9.568423|   -9.010205|    0.326000|    0.001600|
|         377|   -9.575805|   -9.018305|    0.326000|    0.001600|
|         378|   -9.583316|   -9.026386|    0.326000|    0.001600|
|         379|   -9.590880|   -9.034455|    0.326000|    0.001600|
|         380|   -9.598484|   -9.042587|    0.326000|    0.001600|
|         381|   -9.606096|   -9.050784|    0.326000|    0.001600|
|         382|   -9.613607|   -9.058902|    0.326000|    0.001600|
|         383|   -9.620893|   -9.066760|    0.326000|    0.001600|
|         384|   -9.627872|   -9.074246|    0.326000|    0.001600|
|         385|   -9.634518|   -9.081320|    0.326001|    0.001600|
|         386|   -9.640840|   -9.087995|    0.326001|    0.001600|
|         387|   -9.646880|   -9.094321|    0.326001|    0.001600|
|         388|   -9.652700|   -9.100376|    0.326001|    0.001600|
|         389|   -9.658377|   -9.106250|    0.326001|    0.001600|
|         390|   -9.663990|   -9.112030|    0.326001|    0.001600|
|         391|   -9.669611|   -9.117797|    0.326001|    0.001600|
|         392|   -9.675307|   -9.123620|    0.326001|    0.001600|
|         393|   -9.681133|   -9.129554|    0.326001|    0.001600|
|         394|   -9.687133|   -9.135646|    0.326001|    0.001600|
|         395|   -9.693343|   -9.141930|    0.326001|    0.001600|
|         396|   -9.699794|   -9.148435|    0.326001|    0.001600|
|         397|   -9.706506|   -9.155180|    0.326001|    0.001600|
|         398|   -9.713494|   -9.162179|    0.326001|    0.001600|
|         399|   -9.720769|   -9.169438|    0.326001|    0.001600|
|         400|   -9.728332|   -9.176961|    0.326001|    0.001600|
|         401|   -9.736184|   -9.184746|    0.326001|    0.001600|
+-----------------------------------------------------------------------+
|Fixed CL Mode                           |Value                         |
+-----------------------------------------------------------------------+
|Current CL                              |0.326001                      |
|Target CL                               |0.326                         |
|Previous AOA                            |0.499473                      |
|Changed AoA by                          |-4.55386e-06                  |
+-----------------------------------------------------------------------+
+----------------------------------------------------------------+
|  Inner_Iter|    rms[Rho]|   rms[RhoE]|          CL|          CD|
+----------------------------------------------------------------+
|         402|   -8.153421|   -7.546815|    0.326001|    0.001600|
|         403|   -8.450909|   -7.840333|    0.326001|    0.001600|
|         404|   -8.692691|   -8.099159|    0.326001|    0.001600|
|         405|   -8.890450|   -8.280425|    0.326001|    0.001600|
|         406|   -9.049955|   -8.451969|    0.326000|    0.001600|
|         407|   -9.144143|   -8.547620|    0.326000|    0.001600|
|         408|   -9.274571|   -8.676044|    0.326000|    0.001600|
|         409|   -9.303660|   -8.703543|    0.326000|    0.001600|
|         410|   -9.354393|   -8.753037|    0.326000|    0.001600|
|         411|   -9.466153|   -8.871681|    0.326000|    0.001600|
|         412|   -9.538287|   -8.952911|    0.326000|    0.001600|
|         413|   -9.563095|   -8.976457|    0.326000|    0.001600|
|         414|   -9.614846|   -9.028960|    0.326000|    0.001600|
|         415|   -9.683210|   -9.104734|    0.326000|    0.001600|
|         416|   -9.727108|   -9.155287|    0.326000|    0.001600|
|         417|   -9.755073|   -9.185045|    0.326000|    0.001600|
|         418|   -9.781263|   -9.211549|    0.326000|    0.001600|
|         419|   -9.804528|   -9.235863|    0.326000|    0.001600|
|         420|   -9.824846|   -9.258184|    0.326000|    0.001600|
|         421|   -9.843957|   -9.279677|    0.326000|    0.001600|
|         422|   -9.861192|   -9.298963|    0.326000|    0.001600|
|         423|   -9.875492|   -9.314590|    0.326000|    0.001600|
|         424|   -9.887512|   -9.327436|    0.326000|    0.001600|
|         425|   -9.898579|   -9.339191|    0.326000|    0.001600|
|         426|   -9.909493|   -9.350732|    0.326000|    0.001600|
|         427|   -9.920502|   -9.362250|    0.326000|    0.001600|
|         428|   -9.931578|   -9.373721|    0.326000|    0.001600|
|         429|   -9.942644|   -9.385142|    0.326000|    0.001600|
|         430|   -9.953678|   -9.396580|    0.326000|    0.001600|
|         431|   -9.964643|   -9.408032|    0.326000|    0.001600|
|         432|   -9.975418|   -9.419350|    0.326000|    0.001600|
|         433|   -9.985859|   -9.430332|    0.326000|    0.001600|
|         434|   -9.995856|   -9.440831|    0.326000|    0.001600|
|         435|  -10.005349|   -9.450768|    0.326000|    0.001600|
|         436|  -10.014320|   -9.460122|    0.326000|    0.001600|
|         437|  -10.022788|   -9.468917|    0.326000|    0.001600|
|         438|  -10.030807|   -9.477219|    0.326000|    0.001600|
|         439|  -10.038453|   -9.485116|    0.326000|    0.001600|
|         440|  -10.045814|   -9.492706|    0.326000|    0.001600|
|         441|  -10.052979|   -9.500085|    0.326000|    0.001600|
|         442|  -10.060033|   -9.507341|    0.326000|    0.001600|
|         443|  -10.067051|   -9.514549|    0.326000|    0.001600|
|         444|  -10.074097|   -9.521773|    0.326000|    0.001600|
|         445|  -10.081223|   -9.529061|    0.326000|    0.001600|
|         446|  -10.088472|   -9.536454|    0.326000|    0.001600|
|         447|  -10.095880|   -9.543981|    0.326000|    0.001600|
|         448|  -10.103470|   -9.551661|    0.326000|    0.001600|
|         449|  -10.111257|   -9.559506|    0.326000|    0.001600|
|         450|  -10.119250|   -9.567522|    0.326000|    0.001600|
|         451|  -10.127453|   -9.575711|    0.326000|    0.001600|
|         452|  -10.135866|   -9.584077|    0.326000|    0.001600|
|         453|  -10.144493|   -9.592623|    0.326000|    0.001600|
|         454|  -10.153336|   -9.601359|    0.326000|    0.001600|
|         455|  -10.162404|   -9.610299|    0.326000|    0.001600|
|         456|  -10.171707|   -9.619459|    0.326000|    0.001600|
|         457|  -10.181256|   -9.628858|    0.326000|    0.001600|
|         458|  -10.191065|   -9.638515|    0.326000|    0.001600|
|         459|  -10.201143|   -9.648447|    0.326000|    0.001600|
|         460|  -10.211500|   -9.658663|    0.326000|    0.001600|
|         461|  -10.222137|   -9.669170|    0.326000|    0.001600|
|         462|  -10.233055|   -9.679964|    0.326000|    0.001600|
|         463|  -10.244247|   -9.691038|    0.326000|    0.001600|
|         464|  -10.255704|   -9.702379|    0.326000|    0.001600|
|         465|  -10.267415|   -9.713972|    0.326000|    0.001600|
|         466|  -10.279371|   -9.725803|    0.326000|    0.001600|
|         467|  -10.291560|   -9.737860|    0.326000|    0.001600|
|         468|  -10.303978|   -9.750136|    0.326000|    0.001600|
|         469|  -10.316623|   -9.762629|    0.326000|    0.001600|
|         470|  -10.329496|   -9.775343|    0.326000|    0.001600|
|         471|  -10.342605|   -9.788287|    0.326000|    0.001600|
|         472|  -10.355960|   -9.801475|    0.326000|    0.001600|
|         473|  -10.369572|   -9.814921|    0.326000|    0.001600|
|         474|  -10.383453|   -9.828642|    0.326000|    0.001600|
|         475|  -10.397615|   -9.842649|    0.326000|    0.001600|
|         476|  -10.412065|   -9.856952|    0.326000|    0.001600|
|         477|  -10.426806|   -9.871554|    0.326000|    0.001600|
|         478|  -10.441838|   -9.886453|    0.326000|    0.001600|
|         479|  -10.457154|   -9.901640|    0.326000|    0.001600|
|         480|  -10.472745|   -9.917105|    0.326000|    0.001600|
|         481|  -10.488599|   -9.932830|    0.326000|    0.001600|
|         482|  -10.504698|   -9.948800|    0.326000|    0.001600|
|         483|  -10.521027|   -9.964996|    0.326000|    0.001600|
|         484|  -10.537569|   -9.981401|    0.326000|    0.001600|
|         485|  -10.554309|   -9.997999|    0.326000|    0.001600|
|         486|  -10.571232|  -10.014779|    0.326000|    0.001600|
|         487|  -10.588325|  -10.031729|    0.326000|    0.001600|
|         488|  -10.605576|  -10.048840|    0.326000|    0.001600|
|         489|  -10.622977|  -10.066103|    0.326000|    0.001600|
|         490|  -10.640515|  -10.083512|    0.326000|    0.001600|
|         491|  -10.658182|  -10.101059|    0.326000|    0.001600|
|         492|  -10.675966|  -10.118734|    0.326000|    0.001600|
|         493|  -10.693857|  -10.136527|    0.326000|    0.001600|
|         494|  -10.711842|  -10.154425|    0.326000|    0.001600|
|         495|  -10.729906|  -10.172417|    0.326000|    0.001600|
|         496|  -10.748036|  -10.190487|    0.326000|    0.001600|
|         497|  -10.766217|  -10.208620|    0.326000|    0.001600|
|         498|  -10.784432|  -10.226801|    0.326000|    0.001600|
|         499|  -10.802668|  -10.245014|    0.326000|    0.001600|
|         500|  -10.820908|  -10.263246|    0.326000|    0.001600|
+-----------------------------------------------------------------------+
|        File Writing Summary       |              Filename             |
+-----------------------------------------------------------------------+
|SU2 binary restart                 |restart_flow.dat                   |
Writing Flow Meta-Data file: flow.meta
|Paraview                           |flow.vtu                           |
Writing Flow Meta-Data file: flow.meta
|Paraview surface                   |surface_flow.vtu                   |
Writing Flow Meta-Data file: flow.meta
|CSV file                           |surface_flow.csv                   |
Writing Flow Meta-Data file: flow.meta
+-----------------------------------------------------------------------+
+----------------------------------------------------------------+
|  Inner_Iter|    rms[Rho]|   rms[RhoE]|          CL|          CD|
+----------------------------------------------------------------+
|         501|  -10.839140|  -10.281482|    0.326000|    0.001600|
|         502|  -10.857349|  -10.299710|    0.326000|    0.001600|
|         503|  -10.875523|  -10.317916|    0.326000|    0.001600|
|         504|  -10.893651|  -10.336090|    0.326000|    0.001600|
|         505|  -10.911721|  -10.354219|    0.326000|    0.001600|
|         506|  -10.929723|  -10.372292|    0.326000|    0.001600|
|         507|  -10.947648|  -10.390298|    0.326000|    0.001600|
|         508|  -10.965488|  -10.408229|    0.326000|    0.001600|
|         509|  -10.983238|  -10.426076|    0.326000|    0.001600|
|         510|  -11.000895|  -10.443832|    0.326000|    0.001600|
|         511|  -11.018458|  -10.461495|    0.326000|    0.001600|
|         512|  -11.035929|  -10.479062|    0.326000|    0.001600|
|         513|  -11.053314|  -10.496538|    0.326000|    0.001600|
|         514|  -11.070624|  -10.513928|    0.326000|    0.001600|
|         515|  -11.087872|  -10.531244|    0.326000|    0.001600|
|         516|  -11.105073|  -10.548500|    0.326000|    0.001600|
|         517|  -11.122247|  -10.565712|    0.326000|    0.001600|
|         518|  -11.139416|  -10.582901|    0.326000|    0.001600|
|         519|  -11.156602|  -10.600089|    0.326000|    0.001600|
|         520|  -11.173829|  -10.617300|    0.326000|    0.001600|
|         521|  -11.191121|  -10.634558|    0.326000|    0.001600|
|         522|  -11.208501|  -10.651886|    0.326000|    0.001600|
|         523|  -11.225989|  -10.669307|    0.326000|    0.001600|
|         524|  -11.243605|  -10.686841|    0.326000|    0.001600|
|         525|  -11.261365|  -10.704506|    0.326000|    0.001600|
|         526|  -11.279280|  -10.722313|    0.326000|    0.001600|
|         527|  -11.297357|  -10.740274|    0.326000|    0.001600|
|         528|  -11.315599|  -10.758393|    0.326000|    0.001600|
|         529|  -11.334003|  -10.776668|    0.326000|    0.001600|
|         530|  -11.352562|  -10.795096|    0.326000|    0.001600|
|         531|  -11.371262|  -10.813665|    0.326000|    0.001600|
|         532|  -11.390083|  -10.832357|    0.326000|    0.001600|
|         533|  -11.409001|  -10.851150|    0.326000|    0.001600|
|         534|  -11.427985|  -10.870017|    0.326000|    0.001600|
|         535|  -11.446999|  -10.888924|    0.326000|    0.001600|
|         536|  -11.466001|  -10.907833|    0.326000|    0.001600|
|         537|  -11.484946|  -10.926699|    0.326000|    0.001600|
|         538|  -11.503784|  -10.945478|    0.326000|    0.001600|
|         539|  -11.522463|  -10.964119|    0.326000|    0.001600|
|         540|  -11.540930|  -10.982570|    0.326000|    0.001600|
|         541|  -11.559128|  -11.000780|    0.326000|    0.001600|
|         542|  -11.577004|  -11.018696|    0.326000|    0.001600|
|         543|  -11.594506|  -11.036268|    0.326000|    0.001600|
|         544|  -11.611586|  -11.053447|    0.326000|    0.001600|
|         545|  -11.628196|  -11.070188|    0.326000|    0.001600|
|         546|  -11.644299|  -11.086453|    0.326000|    0.001600|
|         547|  -11.659861|  -11.102205|    0.326000|    0.001600|
|         548|  -11.674856|  -11.117417|    0.326000|    0.001600|
|         549|  -11.689265|  -11.132069|    0.326000|    0.001600|
|         550|  -11.703077|  -11.146147|    0.326000|    0.001600|
|         551|  -11.716294|  -11.159648|    0.326000|    0.001600|
|         552|  -11.728921|  -11.172576|    0.326000|    0.001600|
|         553|  -11.740976|  -11.184943|    0.326000|    0.001600|
|         554|  -11.752484|  -11.196770|    0.326000|    0.001600|
|         555|  -11.763473|  -11.208082|    0.326000|    0.001600|
|         556|  -11.773984|  -11.218913|    0.326000|    0.001600|
|         557|  -11.784054|  -11.229298|    0.326000|    0.001600|
|         558|  -11.793732|  -11.239278|    0.326000|    0.001600|
|         559|  -11.803065|  -11.248898|    0.326000|    0.001600|
|         560|  -11.812099|  -11.258200|    0.326000|    0.001600|
|         561|  -11.820885|  -11.267233|    0.326000|    0.001600|
|         562|  -11.829470|  -11.276038|    0.326000|    0.001600|
|         563|  -11.837901|  -11.284663|    0.326000|    0.001600|
|         564|  -11.846222|  -11.293148|    0.326000|    0.001600|
|         565|  -11.854475|  -11.301537|    0.326000|    0.001600|
|         566|  -11.862696|  -11.309862|    0.326000|    0.001600|
|         567|  -11.870924|  -11.318163|    0.326000|    0.001600|
|         568|  -11.879188|  -11.326473|    0.326000|    0.001600|
|         569|  -11.887517|  -11.334819|    0.326000|    0.001600|
|         570|  -11.895935|  -11.343228|    0.326000|    0.001600|
|         571|  -11.904459|  -11.351720|    0.326000|    0.001600|
|         572|  -11.913111|  -11.360318|    0.326000|    0.001600|
|         573|  -11.921902|  -11.369036|    0.326000|    0.001600|
|         574|  -11.930840|  -11.377886|    0.326000|    0.001600|
|         575|  -11.939935|  -11.386880|    0.326000|    0.001600|
|         576|  -11.949188|  -11.396022|    0.326000|    0.001600|
|         577|  -11.958600|  -11.405317|    0.326000|    0.001600|
|         578|  -11.968171|  -11.414767|    0.326000|    0.001600|
|         579|  -11.977896|  -11.424371|    0.326000|    0.001600|
|         580|  -11.987769|  -11.434123|    0.326000|    0.001600|
|         581|  -11.997786|  -11.444025|    0.326000|    0.001600|
|         582|  -12.007934|  -11.454063|    0.326000|    0.001600|
|         583|  -12.018205|  -11.464231|    0.326000|    0.001600|
|         584|  -12.028590|  -11.474523|    0.326000|    0.001600|
|         585|  -12.039075|  -11.484925|    0.326000|    0.001600|
|         586|  -12.049652|  -11.495431|    0.326000|    0.001600|
|         587|  -12.060307|  -11.506025|    0.326000|    0.001600|
|         588|  -12.071033|  -11.516702|    0.326000|    0.001600|
|         589|  -12.081820|  -11.527452|    0.326000|    0.001600|
|         590|  -12.092658|  -11.538263|    0.326000|    0.001600|
|         591|  -12.103541|  -11.549129|    0.326000|    0.001600|
|         592|  -12.114466|  -11.560047|    0.326000|    0.001600|
|         593|  -12.125423|  -11.571005|    0.326000|    0.001600|
|         594|  -12.136418|  -11.582008|    0.326000|    0.001600|
|         595|  -12.147445|  -11.593049|    0.326000|    0.001600|
|         596|  -12.158507|  -11.604131|    0.326000|    0.001600|
|         597|  -12.169609|  -11.615254|    0.326000|    0.001600|
|         598|  -12.180754|  -11.626423|    0.326000|    0.001600|
|         599|  -12.191951|  -11.637645|    0.326000|    0.001600|
|         600|  -12.203207|  -11.648926|    0.326000|    0.001600|
|         601|  -12.214532|  -11.660276|    0.326000|    0.001600|
|         602|  -12.225938|  -11.671702|    0.326000|    0.001600|
|         603|  -12.237437|  -11.683220|    0.326000|    0.001600|
|         604|  -12.249043|  -11.694839|    0.326000|    0.001600|
|         605|  -12.260765|  -11.706570|    0.326000|    0.001600|
|         606|  -12.272623|  -11.718433|    0.326000|    0.001600|
|         607|  -12.284627|  -11.730435|    0.326000|    0.001600|
|         608|  -12.296792|  -11.742592|    0.326000|    0.001600|
|         609|  -12.309131|  -11.754919|    0.326000|    0.001600|
|         610|  -12.321663|  -11.767429|    0.326000|    0.001600|
|         611|  -12.334394|  -11.780133|    0.326000|    0.001600|
|         612|  -12.347344|  -11.793047|    0.326000|    0.001600|
|         613|  -12.360521|  -11.806182|    0.326000|    0.001600|
|         614|  -12.373935|  -11.819546|    0.326000|    0.001600|
|         615|  -12.387600|  -11.833154|    0.326000|    0.001600|
|         616|  -12.401528|  -11.847015|    0.326000|    0.001600|
|         617|  -12.415726|  -11.861137|    0.326000|    0.001600|
|         618|  -12.430200|  -11.875530|    0.326000|    0.001600|
|         619|  -12.444962|  -11.890200|    0.326000|    0.001600|
|         620|  -12.460018|  -11.905156|    0.326000|    0.001600|
|         621|  -12.475373|  -11.920402|    0.326000|    0.001600|
|         622|  -12.491033|  -11.935944|    0.326000|    0.001600|
|         623|  -12.507003|  -11.951788|    0.326000|    0.001600|
|         624|  -12.523287|  -11.967936|    0.326000|    0.001600|
|         625|  -12.539889|  -11.984393|    0.326000|    0.001600|
|         626|  -12.556810|  -12.001161|    0.326000|    0.001600|
|         627|  -12.574054|  -12.018242|    0.326000|    0.001600|
|         628|  -12.591621|  -12.035638|    0.326000|    0.001600|
|         629|  -12.609513|  -12.053351|    0.326000|    0.001600|
|         630|  -12.627732|  -12.071382|    0.326000|    0.001600|
|         631|  -12.646276|  -12.089727|    0.326000|    0.001600|
|         632|  -12.665145|  -12.108391|    0.326000|    0.001600|
|         633|  -12.684340|  -12.127371|    0.326000|    0.001600|
|         634|  -12.703856|  -12.146667|    0.326000|    0.001600|
|         635|  -12.723695|  -12.166277|    0.326000|    0.001600|
|         636|  -12.743853|  -12.186201|    0.326000|    0.001600|
|         637|  -12.764329|  -12.206435|    0.326000|    0.001600|
|         638|  -12.785119|  -12.226977|    0.326000|    0.001600|
|         639|  -12.806217|  -12.247822|    0.326000|    0.001600|
|         640|  -12.827620|  -12.268966|    0.326000|    0.001600|
|         641|  -12.849321|  -12.290405|    0.326000|    0.001600|
|         642|  -12.871314|  -12.312132|    0.326000|    0.001600|
|         643|  -12.893591|  -12.334142|    0.326000|    0.001600|
|         644|  -12.916139|  -12.356424|    0.326000|    0.001600|
|         645|  -12.938950|  -12.378964|    0.326000|    0.001600|
|         646|  -12.962008|  -12.401756|    0.326000|    0.001600|
|         647|  -12.985296|  -12.424780|    0.326000|    0.001600|
|         648|  -13.008793|  -12.448019|    0.326000|    0.001600|
+-----------------------------------------------------------------------+
|      Convergence Field     |     Value    |   Criterion  |  Converged |
+-----------------------------------------------------------------------+
|                    rms[Rho]|      -13.0088|         < -13|         Yes|
+-----------------------------------------------------------------------+
+-----------------------------------------------------------------------+
|        File Writing Summary       |              Filename             |
+-----------------------------------------------------------------------+
|SU2 binary restart                 |restart_flow.dat                   |
Writing Flow Meta-Data file: flow.meta
|Paraview                           |flow.vtu                           |
Writing Flow Meta-Data file: flow.meta
|Paraview surface                   |surface_flow.vtu                   |
Writing Flow Meta-Data file: flow.meta
|CSV file                           |surface_flow.csv                   |
Writing Flow Meta-Data file: flow.meta
+-----------------------------------------------------------------------+
+----------------------------------------------------------------+
|  Inner_Iter|    rms[Rho]|   rms[RhoE]|          CL|          CD|
+----------------------------------------------------------------+
|         649|  -13.032486|  -12.471458|    0.326000|    0.001606|
+-----------------------------------------------------------------------+
|Fixed CL Mode                           |Value                         |
+-----------------------------------------------------------------------+
|Current CL                              |0.326                         |
|Target CL                               |0.326                         |
|Previous AOA                            |0.499468                      |
|Changed AoA by (Finite Difference step) |0.001                         |
+-----------------------------------------------------------------------+
+----------------------------------------------------------------+
|  Inner_Iter|    rms[Rho]|   rms[RhoE]|          CL|          CD|
+----------------------------------------------------------------+
|         650|   -5.812069|   -5.205355|    0.326000|    0.001606|
|         651|   -6.109452|   -5.498922|    0.326007|    0.001606|
|         652|   -6.352482|   -5.758880|    0.326036|    0.001606|
|         653|   -6.551844|   -5.941147|    0.326081|    0.001607|
|         654|   -6.715208|   -6.115891|    0.326120|    0.001607|
|         655|   -6.812790|   -6.214400|    0.326144|    0.001607|
|         656|   -6.949581|   -6.347907|    0.326150|    0.001607|
|         657|   -6.978718|   -6.375368|    0.326151|    0.001607|
|         658|   -7.031914|   -6.426810|    0.326158|    0.001608|
|         659|   -7.153429|   -6.554072|    0.326168|    0.001608|
|         660|   -7.232358|   -6.642224|    0.326178|    0.001608|
|         661|   -7.256854|   -6.665550|    0.326186|    0.001608|
|         662|   -7.314737|   -6.723975|    0.326194|    0.001608|
|         663|   -7.391841|   -6.808819|    0.326201|    0.001608|
|         664|   -7.435313|   -6.859415|    0.326208|    0.001608|
|         665|   -7.458656|   -6.884632|    0.326214|    0.001608|
|         666|   -7.480432|   -6.907391|    0.326220|    0.001608|
|         667|   -7.497127|   -6.926347|    0.326226|    0.001608|
|         668|   -7.508819|   -6.941221|    0.326232|    0.001608|
|         669|   -7.518606|   -6.954297|    0.326237|    0.001608|
|         670|   -7.526138|   -6.964526|    0.326243|    0.001607|
|         671|   -7.530624|   -6.970837|    0.326248|    0.001607|
|         672|   -7.533132|   -6.974645|    0.326254|    0.001607|
|         673|   -7.535136|   -6.977787|    0.326259|    0.001607|
|         674|   -7.537428|   -6.981087|    0.326264|    0.001606|
|         675|   -7.540228|   -6.984698|    0.326269|    0.001606|
|         676|   -7.543478|   -6.988579|    0.326274|    0.001606|
|         677|   -7.547101|   -6.992732|    0.326278|    0.001606|
|         678|   -7.551083|   -6.997223|    0.326283|    0.001606|
|         679|   -7.555381|   -7.002040|    0.326287|    0.001605|
|         680|   -7.559892|   -7.007052|    0.326292|    0.001605|
|         681|   -7.564512|   -7.012112|    0.326296|    0.001605|
|         682|   -7.569179|   -7.017139|    0.326299|    0.001605|
|         683|   -7.573878|   -7.022116|    0.326303|    0.001605|
|         684|   -7.578621|   -7.027064|    0.326307|    0.001605|
|         685|   -7.583437|   -7.032026|    0.326310|    0.001605|
|         686|   -7.588368|   -7.037059|    0.326313|    0.001605|
|         687|   -7.593459|   -7.042218|    0.326316|    0.001605|
|         688|   -7.598748|   -7.047551|    0.326319|    0.001605|
|         689|   -7.604271|   -7.053098|    0.326322|    0.001605|
|         690|   -7.610056|   -7.058891|    0.326324|    0.001605|
|         691|   -7.616127|   -7.064953|    0.326327|    0.001605|
|         692|   -7.622500|   -7.071304|    0.326329|    0.001605|
|         693|   -7.629188|   -7.077959|    0.326332|    0.001605|
|         694|   -7.636204|   -7.084928|    0.326334|    0.001605|
|         695|   -7.643553|   -7.092220|    0.326336|    0.001605|
|         696|   -7.651241|   -7.099839|    0.326338|    0.001605|
|         697|   -7.659270|   -7.107785|    0.326340|    0.001605|
|         698|   -7.667638|   -7.116058|    0.326342|    0.001605|
|         699|   -7.676342|   -7.124655|    0.326343|    0.001605|
|         700|   -7.685379|   -7.133571|    0.326345|    0.001605|
|         701|   -7.694743|   -7.142805|    0.326347|    0.001605|
|         702|   -7.704434|   -7.152354|    0.326348|    0.001605|
|         703|   -7.714448|   -7.162220|    0.326350|    0.001605|
|         704|   -7.724787|   -7.172404|    0.326351|    0.001605|
|         705|   -7.735454|   -7.182914|    0.326352|    0.001605|
|         706|   -7.746455|   -7.193758|    0.326354|    0.001605|
|         707|   -7.757793|   -7.204940|    0.326355|    0.001605|
|         708|   -7.769466|   -7.216458|    0.326356|    0.001605|
|         709|   -7.781471|   -7.228311|    0.326357|    0.001605|
|         710|   -7.793812|   -7.240502|    0.326358|    0.001605|
|         711|   -7.806485|   -7.253023|    0.326359|    0.001605|
|         712|   -7.819484|   -7.265867|    0.326360|    0.001605|
|         713|   -7.832803|   -7.279026|    0.326361|    0.001605|
|         714|   -7.846439|   -7.292496|    0.326362|    0.001605|
|         715|   -7.860392|   -7.306273|    0.326362|    0.001605|
|         716|   -7.874661|   -7.320357|    0.326363|    0.001605|
|         717|   -7.889248|   -7.334751|    0.326364|    0.001605|
|         718|   -7.904161|   -7.349463|    0.326364|    0.001605|
|         719|   -7.919408|   -7.364502|    0.326365|    0.001605|
|         720|   -7.935001|   -7.379883|    0.326366|    0.001605|
|         721|   -7.950952|   -7.395620|    0.326366|    0.001605|
|         722|   -7.967274|   -7.411728|    0.326366|    0.001605|
|         723|   -7.983980|   -7.428220|    0.326367|    0.001605|
|         724|   -8.001080|   -7.445108|    0.326367|    0.001605|
|         725|   -8.018581|   -7.462400|    0.326368|    0.001605|
|         726|   -8.036490|   -7.480099|    0.326368|    0.001605|
|         727|   -8.054807|   -7.498206|    0.326368|    0.001605|
|         728|   -8.073531|   -7.516718|    0.326369|    0.001605|
|         729|   -8.092657|   -7.535627|    0.326369|    0.001605|
|         730|   -8.112179|   -7.554926|    0.326369|    0.001605|
|         731|   -8.132088|   -7.574604|    0.326369|    0.001604|
|         732|   -8.152374|   -7.594651|    0.326369|    0.001604|
|         733|   -8.173028|   -7.615055|    0.326370|    0.001604|
|         734|   -8.194037|   -7.635806|    0.326370|    0.001604|
|         735|   -8.215392|   -7.656895|    0.326370|    0.001604|
|         736|   -8.237083|   -7.678313|    0.326370|    0.001604|
|         737|   -8.259100|   -7.700052|    0.326370|    0.001604|
|         738|   -8.281432|   -7.722102|    0.326370|    0.001604|
|         739|   -8.304067|   -7.744455|    0.326370|    0.001604|
|         740|   -8.326993|   -7.767097|    0.326370|    0.001604|
|         741|   -8.350194|   -7.790014|    0.326370|    0.001604|
|         742|   -8.373649|   -7.813190|    0.326370|    0.001604|
|         743|   -8.397339|   -7.836603|    0.326370|    0.001604|
|         744|   -8.421237|   -7.860230|    0.326370|    0.001604|
|         745|   -8.445313|   -7.884042|    0.326370|    0.001604|
|         746|   -8.469534|   -7.908010|    0.326369|    0.001604|
|         747|   -8.493863|   -7.932098|    0.326369|    0.001604|
|         748|   -8.518257|   -7.956271|    0.326369|    0.001604|
|         749|   -8.542672|   -7.980488|    0.326369|    0.001604|
|         750|   -8.567056|   -8.004703|    0.326369|    0.001604|
|         751|   -8.591354|   -8.028869|    0.326369|    0.001604|
|         752|   -8.615506|   -8.052933|    0.326369|    0.001604|
|         753|   -8.639446|   -8.076834|    0.326368|    0.001604|
|         754|   -8.663106|   -8.100509|    0.326368|    0.001604|
|         755|   -8.686412|   -8.123888|    0.326368|    0.001604|
|         756|   -8.709286|   -8.146897|    0.326368|    0.001604|
|         757|   -8.731653|   -8.169459|    0.326368|    0.001604|
|         758|   -8.753438|   -8.191496|    0.326368|    0.001604|
|         759|   -8.774571|   -8.212934|    0.326367|    0.001604|
|         760|   -8.794993|   -8.233705|    0.326367|    0.001604|
|         761|   -8.814656|   -8.253752|    0.326367|    0.001604|
|         762|   -8.833526|   -8.273030|    0.326367|    0.001604|
|         763|   -8.851588|   -8.291511|    0.326367|    0.001604|
|         764|   -8.868842|   -8.309185|    0.326366|    0.001604|
|         765|   -8.885307|   -8.326060|    0.326366|    0.001604|
|         766|   -8.901016|   -8.342159|    0.326366|    0.001604|
|         767|   -8.916015|   -8.357521|    0.326366|    0.001604|
|         768|   -8.930358|   -8.372195|    0.326366|    0.001604|
|         769|   -8.944104|   -8.386239|    0.326365|    0.001604|
|         770|   -8.957313|   -8.399713|    0.326365|    0.001604|
|         771|   -8.970044|   -8.412677|    0.326365|    0.001604|
|         772|   -8.982351|   -8.425190|    0.326365|    0.001604|
|         773|   -8.994281|   -8.437305|    0.326365|    0.001604|
|         774|   -9.005875|   -8.449066|    0.326364|    0.001604|
|         775|   -9.017162|   -8.460511|    0.326364|    0.001604|
|         776|   -9.028165|   -8.471668|    0.326364|    0.001604|
|         777|   -9.038900|   -8.482560|    0.326364|    0.001604|
|         778|   -9.049374|   -8.493198|    0.326364|    0.001604|
|         779|   -9.059589|   -8.503588|    0.326364|    0.001604|
|         780|   -9.069544|   -8.513732|    0.326363|    0.001604|
|         781|   -9.079233|   -8.523626|    0.326363|    0.001604|
|         782|   -9.088651|   -8.533266|    0.326363|    0.001604|
|         783|   -9.097792|   -8.542644|    0.326363|    0.001604|
|         784|   -9.106654|   -8.551755|    0.326363|    0.001604|
|         785|   -9.115236|   -8.560596|    0.326363|    0.001604|
|         786|   -9.123541|   -8.569166|    0.326363|    0.001604|
|         787|   -9.131578|   -8.577469|    0.326363|    0.001604|
|         788|   -9.139359|   -8.585513|    0.326362|    0.001604|
|         789|   -9.146903|   -8.593312|    0.326362|    0.001604|
|         790|   -9.154231|   -8.600883|    0.326362|    0.001604|
|         791|   -9.161368|   -8.608248|    0.326362|    0.001604|
|         792|   -9.168346|   -8.615434|    0.326362|    0.001604|
|         793|   -9.175194|   -8.622471|    0.326362|    0.001604|
|         794|   -9.181946|   -8.629391|    0.326362|    0.001604|
|         795|   -9.188636|   -8.636227|    0.326362|    0.001604|
|         796|   -9.195299|   -8.643013|    0.326362|    0.001604|
|         797|   -9.201968|   -8.649786|    0.326361|    0.001604|
|         798|   -9.208677|   -8.656579|    0.326361|    0.001604|
|         799|   -9.215456|   -8.663425|    0.326361|    0.001604|
|         800|   -9.222337|   -8.670355|    0.326361|    0.001604|
|         801|   -9.229345|   -8.677398|    0.326361|    0.001604|
|         802|   -9.236508|   -8.684582|    0.326361|    0.001604|
|         803|   -9.243847|   -8.691929|    0.326361|    0.001604|
|         804|   -9.251384|   -8.699463|    0.326361|    0.001604|
|         805|   -9.259136|   -8.707202|    0.326361|    0.001604|
|         806|   -9.267121|   -8.715164|    0.326361|    0.001604|
|         807|   -9.275352|   -8.723361|    0.326361|    0.001604|
|         808|   -9.283842|   -8.731808|    0.326361|    0.001604|
|         809|   -9.292601|   -8.740514|    0.326361|    0.001604|
|         810|   -9.301638|   -8.749489|    0.326361|    0.001604|
|         811|   -9.310960|   -8.758739|    0.326361|    0.001604|
|         812|   -9.320574|   -8.768269|    0.326360|    0.001604|
|         813|   -9.330483|   -8.778086|    0.326360|    0.001604|
|         814|   -9.340693|   -8.788192|    0.326360|    0.001604|
|         815|   -9.351204|   -8.798589|    0.326360|    0.001604|
|         816|   -9.362018|   -8.809279|    0.326360|    0.001604|
|         817|   -9.373136|   -8.820263|    0.326360|    0.001604|
|         818|   -9.384557|   -8.831539|    0.326360|    0.001604|
|         819|   -9.396278|   -8.843107|    0.326360|    0.001604|
|         820|   -9.408296|   -8.854963|    0.326360|    0.001604|
|         821|   -9.420608|   -8.867106|    0.326360|    0.001604|
|         822|   -9.433209|   -8.879531|    0.326360|    0.001604|
|         823|   -9.446091|   -8.892233|    0.326360|    0.001604|
|         824|   -9.459249|   -8.905206|    0.326360|    0.001604|
|         825|   -9.472674|   -8.918444|    0.326360|    0.001604|
|         826|   -9.486357|   -8.931938|    0.326360|    0.001604|
|         827|   -9.500288|   -8.945681|    0.326360|    0.001604|
|         828|   -9.514456|   -8.959663|    0.326360|    0.001604|
|         829|   -9.528849|   -8.973874|    0.326360|    0.001604|
|         830|   -9.543454|   -8.988302|    0.326360|    0.001604|
|         831|   -9.558258|   -9.002936|    0.326360|    0.001604|
|         832|   -9.573248|   -9.017762|    0.326360|    0.001604|
|         833|   -9.588408|   -9.032767|    0.326360|    0.001604|
|         834|   -9.603723|   -9.047937|    0.326360|    0.001604|
|         835|   -9.619179|   -9.063259|    0.326360|    0.001604|
|         836|   -9.634759|   -9.078717|    0.326360|    0.001604|
|         837|   -9.650450|   -9.094296|    0.326360|    0.001604|
|         838|   -9.666236|   -9.109983|    0.326360|    0.001604|
|         839|   -9.682103|   -9.125763|    0.326360|    0.001604|
|         840|   -9.698037|   -9.141622|    0.326360|    0.001604|
|         841|   -9.714026|   -9.157549|    0.326360|    0.001604|
|         842|   -9.730058|   -9.173530|    0.326360|    0.001604|
|         843|   -9.746124|   -9.189555|    0.326360|    0.001604|
|         844|   -9.762215|   -9.205616|    0.326360|    0.001604|
|         845|   -9.778324|   -9.221704|    0.326360|    0.001604|
|         846|   -9.794447|   -9.237815|    0.326360|    0.001604|
|         847|   -9.810582|   -9.253945|    0.326360|    0.001604|
|         848|   -9.826728|   -9.270091|    0.326360|    0.001604|
|         849|   -9.842887|   -9.286255|    0.326360|    0.001604|
|         850|   -9.859062|   -9.302440|    0.326360|    0.001604|
|         851|   -9.875260|   -9.318649|    0.326360|    0.001604|
|         852|   -9.891489|   -9.334890|    0.326360|    0.001604|
|         853|   -9.907759|   -9.351172|    0.326360|    0.001604|
|         854|   -9.924081|   -9.367504|    0.326360|    0.001604|
|         855|   -9.940468|   -9.383899|    0.326360|    0.001604|
|         856|   -9.956935|   -9.400370|    0.326360|    0.001604|
|         857|   -9.973497|   -9.416931|    0.326360|    0.001604|
|         858|   -9.990170|   -9.433596|    0.326360|    0.001604|
|         859|  -10.006970|   -9.450382|    0.326360|    0.001604|
|         860|  -10.023914|   -9.467304|    0.326360|    0.001604|
|         861|  -10.041017|   -9.484377|    0.326360|    0.001604|
|         862|  -10.058297|   -9.501617|    0.326360|    0.001604|
|         863|  -10.075768|   -9.519038|    0.326360|    0.001604|
|         864|  -10.093445|   -9.536655|    0.326360|    0.001604|
|         865|  -10.111342|   -9.554481|    0.326360|    0.001604|
|         866|  -10.129472|   -9.572528|    0.326360|    0.001604|
|         867|  -10.147848|   -9.590809|    0.326360|    0.001604|
|         868|  -10.166481|   -9.609335|    0.326360|    0.001604|
|         869|  -10.185380|   -9.628116|    0.326360|    0.001604|
|         870|  -10.204555|   -9.647161|    0.326360|    0.001604|
|         871|  -10.224014|   -9.666477|    0.326360|    0.001604|
|         872|  -10.243760|   -9.686069|    0.326360|    0.001604|
|         873|  -10.263796|   -9.705939|    0.326360|    0.001604|
|         874|  -10.284122|   -9.726087|    0.326360|    0.001604|
|         875|  -10.304735|   -9.746512|    0.326360|    0.001604|
|         876|  -10.325631|   -9.767208|    0.326360|    0.001604|
|         877|  -10.346801|   -9.788168|    0.326360|    0.001604|
|         878|  -10.368236|   -9.809382|    0.326360|    0.001604|
|         879|  -10.389920|   -9.830839|    0.326360|    0.001604|
|         880|  -10.411837|   -9.852522|    0.326360|    0.001604|
|         881|  -10.433968|   -9.874412|    0.326360|    0.001604|
|         882|  -10.456287|   -9.896488|    0.326360|    0.001604|
|         883|  -10.478767|   -9.918723|    0.326360|    0.001604|
|         884|  -10.501373|   -9.941086|    0.326360|    0.001604|
|         885|  -10.524069|   -9.963544|    0.326360|    0.001604|
|         886|  -10.546809|   -9.986055|    0.326360|    0.001604|
|         887|  -10.569544|  -10.008575|    0.326360|    0.001604|
|         888|  -10.592218|  -10.031052|    0.326360|    0.001604|
|         889|  -10.614769|  -10.053430|    0.326360|    0.001604|
|         890|  -10.637126|  -10.075646|    0.326360|    0.001604|
|         891|  -10.659216|  -10.097632|    0.326360|    0.001604|
|         892|  -10.680959|  -10.119315|    0.326360|    0.001604|
|         893|  -10.702272|  -10.140618|    0.326360|    0.001604|
|         894|  -10.723069|  -10.161461|    0.326360|    0.001604|
|         895|  -10.743266|  -10.181766|    0.326360|    0.001604|
|         896|  -10.762779|  -10.201452|    0.326360|    0.001604|
|         897|  -10.781531|  -10.220444|    0.326360|    0.001604|
|         898|  -10.799453|  -10.238672|    0.326360|    0.001604|
|         899|  -10.816486|  -10.256076|    0.326360|    0.001604|
|         900|  -10.832586|  -10.272605|    0.326360|    0.001604|
|         901|  -10.847725|  -10.288222|    0.326360|    0.001599|
+-----------------------------------------------------------------------+
|Fixed CL Mode (Finite Difference)       |Value                         |
+-----------------------------------------------------------------------+
|Delta CL / Delta AoA                    |0.360025                      |
|Delta CD / Delta CL                     |0.0116363                     |
|Delta CMz / Delta CL                    |0.0956021                     |
+-----------------------------------------------------------------------+
Writing Flow Meta-Data file: flow.meta

--------------------------- Finalizing Solver ---------------------------
Deleted CNumerics container.
Deleted CIntegration container.
Deleted CSolver container.
Deleted CIteration container.
Deleted CInterface container.
Deleted CGeometry container.
Deleted CFreeFormDefBox class.
Deleted CSurfaceMovement class.
Deleted CVolumetricMovement class.
Deleted CConfig container.
Deleted nInst container.
Deleted COutput class.
-------------------------------------------------------------------------

------------------------- Exit Success (SU2_CFD) ------------------------

