
-------------------------------------------------------------------------
|    ___ _   _ ___                                                      |
|   / __| | | |_  )   Release 8.3.0 "Harrier"                           |
|   \__ \ |_| |/ /                                                      |
|   |___/\___//___|   Suite (Computational Fluid Dynamics Code)         |
|                                                                       |
-------------------------------------------------------------------------
| SU2 Project Website: https://su2code.github.io                        |
|                                                                       |
| The SU2 Project is maintained by the SU2 Foundation                   |
| (http://su2foundation.org)                                            |
-------------------------------------------------------------------------
| Copyright 2012-2025, SU2 Contributors                                 |
|                                                                       |
| SU2 is free software; you can redistribute it and/or                  |
| modify it under the terms of the GNU Lesser General Public            |
| License as published by the Free Software Foundation; either          |
| version 2.1 of the License, or (at your option) any later version.    |
|                                                                       |
| SU2 is distributed in the hope that it will be useful,                |
| but WITHOUT ANY WARRANTY; without even the implied warranty of        |
| MERCHANTABILITY or FITNESS FOR A PARTICULAR PURPOSE. See the GNU      |
| Lesser General Public License for more details.                       |
|                                                                       |
| You should have received a copy of the GNU Lesser General Public      |
| License along with SU2. If not, see <http://www.gnu.org/licenses/>.   |
-------------------------------------------------------------------------

Parsing config file for zone 0

----------------- Physical Case Definition ( Zone 0 ) -------------------
Compressible Euler equations.
Mach number: 0.8.
Angle of attack (AoA): 1.25 deg, and angle of sideslip (AoS): 0 deg.
Fixed CL mode, target value: 0.326.
Reading and writing binary SU2 native restart files.
Read flow solution from: solution_flow.
Non-Dimensional simulation (P=1.0, Rho=1.0, T=1.0 at the farfield).
The reference area is 1 m^2.
The semi-span will be computed using the max y(3D) value.
The reference length is 1 m.
Reference origin for moment evaluation is (0.25, 0, 0).
Surface(s) where the force coefficients are evaluated: airfoil.

Surface(s) plotted in the output file: airfoil.
Surface(s) affected by the design variables: airfoil.
Input mesh file name: mesh_NACA0012_inv_deform.su2

--------------- Space Numerical Integration ( Zone 0 ) ------------------
Jameson-Schmidt-Turkel scheme (2nd order in space) for the flow inviscid terms.
JST viscous coefficients (2nd & 4th): 0.5, 0.02.
The method includes a grid stretching correction (p = 0.3).
Gradient for viscous and source terms: Green-Gauss.

--------------- Time Numerical Integration  ( Zone 0 ) ------------------
Local time stepping (steady state simulation).
Euler implicit method for the flow equations.
FGMRES is used for solving the linear system.
Using a LU-SGS preconditioning.
Convergence criteria of the linear solver: 0.0001.
Max number of linear iterations: 2.
V Multigrid Cycle, with 2 multigrid levels.
Damping factor for the residual restriction: 1.
Damping factor for the correction prolongation: 1.
No CFL adaptation.
+-------------------------------------------+
|  MG Level| Presmooth|PostSmooth|CorrectSmo|
+-------------------------------------------+
|         0|         1|         0|         0|
|         1|         2|         0|         0|
|         2|         3|         0|         0|
+-------------------------------------------+
Courant-Friedrichs-Lewy number:       10

------------------ Convergence Criteria  ( Zone 0 ) ---------------------
Maximum number of solver subiterations: 1250.
Begin convergence monitoring at iteration 10.
Residual minimum value: 1e-13.
Cauchy series min. value: 1e-06.
Number of Cauchy elements: 100.
Begin windowed time average at iteration 0.

-------------------- Output Information ( Zone 0 ) ----------------------
File writing frequency: 
+------------------------------------+
|                     File| Frequency|
+------------------------------------+
|                  RESTART|       250|
|                 PARAVIEW|       250|
|         SURFACE_PARAVIEW|       250|
|              SURFACE_CSV|       250|
+------------------------------------+
Writing the convergence history file every 1 inner iterations.
Writing the screen convergence history every 1 inner iterations.
The tabular file format is CSV (.csv).
Convergence history file name: history_direct.
Forces breakdown file name: forces_breakdown.dat.
Surface file name: surface_flow.
Volume file name: flow.
Restart file name: restart_flow.

------------- Config File Boundary Information ( Zone 0 ) ---------------
+-----------------------------------------------------------------------+
|                        Marker Type|                        Marker Name|
+-----------------------------------------------------------------------+
|                         Euler wall|                            airfoil|
+-----------------------------------------------------------------------+
|                          Far-field|                           farfield|
+-----------------------------------------------------------------------+

-------------------- Output Preprocessing ( Zone 0 ) --------------------

WARNING: SURFACE_PRESSURE_DROP can only be computed for at least 2 surfaces (outlet, inlet, ...)

Screen output fields: INNER_ITER, RMS_DENSITY, RMS_ENERGY, LIFT, DRAG
History output group(s): ITER, RMS_RES, AERO_COEFF
Convergence field(s): RMS_DENSITY
Warning: No (valid) fields chosen for time convergence monitoring. Time convergence monitoring inactive.
Volume output fields: COORDINATES, SOLUTION, PRIMITIVE

------------------- Geometry Preprocessing ( Zone 0 ) -------------------
Two dimensional problem.
5233 grid points.
10216 volume elements.
2 surface markers.
200 boundary elements in index 0 (Marker = airfoil).
50 boundary elements in index 1 (Marker = farfield).
10216 triangles.
Setting point connectivity.
Renumbering points (Reverse Cuthill McKee Ordering).
Recomputing point connectivity.
Setting element connectivity.
Checking the numerical grid orientation.
All volume elements are correctly oriented.
All surface elements are correctly oriented.
Identifying edges and vertices.
Setting the control volume structure.
Area of the computational grid: 1253.26.
Searching for the closest normal neighbors to the surfaces.
Storing a mapping from global to local point index.
Compute the surface curvature.
Max K: 7835.11. Mean K: 35.1766. Standard deviation K: 494.43.
Checking for periodicity.
Computing mesh quality statistics for the dual control volumes.
+--------------------------------------------------------------+
|           Mesh Quality Metric|        Minimum|        Maximum|
+--------------------------------------------------------------+
|    Orthogonality Angle (deg.)|        63.0981|        89.7556|
|     CV Face Area Aspect Ratio|        1.00333|        7.17387|
|           CV Sub-Volume Ratio|        1.00229|        6.47715|
+--------------------------------------------------------------+
Setting the multigrid structure.
+-------------------------------------------+
|  MG Level|       CVs|Aggl. Rate|       CFL|
+-------------------------------------------+
|         0|      5233|    1/1.00|        10|
|         1|      1690|     1/3.1|   8.52431|
|         2|       649|     1/2.6|   7.92373|
+-------------------------------------------+
Finding max control volume width.
Wetted area = 2.036 m.
Area projection in the x-plane = 0.11024 m, y-plane = 0.999845 m.
Max. coordinate in the x-direction = 1 m, y-direction = 0.0570995 m.
Min. coordinate in the x-direction = 0 m, y-direction = -0.0531583 m.
Computing wall distances.

-------------------- Solver Preprocessing ( Zone 0 ) --------------------
WARNING: AoA in the solution file (0.944794 deg.) +
         AoA offset in mesh file (0 deg.) = 0.944794 deg.
WARNING: SU2 will use the dCD/dCL provided in the direct solution file: 0.055058.
WARNING: SU2 will use the dCMz/dCL provided in the direct solution file: 0.1265.
Inviscid flow: Computing density based on free-stream
temperature and pressure using the ideal gas law.
Force coefficients computed using free-stream values.

-- Models:
+------------------------------------------------------------------------------+
|          Viscosity Model|        Conductivity Model|              Fluid Model|
+------------------------------------------------------------------------------+
|                        -|                         -|             STANDARD_AIR|
+------------------------------------------------------------------------------+
-- Fluid properties:
+------------------------------------------------------------------------------+
|                  Name|    Dim. value|    Ref. value|      Unit|Non-dim. value|
+------------------------------------------------------------------------------+
|          Gas Constant|       287.058|       287.058|  N.m/kg.K|             1|
|      Spec. Heat Ratio|             -|             -|         -|           1.4|
+------------------------------------------------------------------------------+
-- Initial and free-stream conditions:
+------------------------------------------------------------------------------+
|                  Name|    Dim. value|    Ref. value|      Unit|Non-dim. value|
+------------------------------------------------------------------------------+
|       Static Pressure|        101325|        101325|        Pa|             1|
|               Density|       1.22498|       1.22498|    kg/m^3|             1|
|           Temperature|        288.15|        288.15|         K|             1|
|          Total Energy|        243846|       82715.8|   m^2/s^2|         2.948|
|            Velocity-X|       272.201|       287.603|       m/s|      0.946444|
|            Velocity-Y|       4.48893|       287.603|       m/s|     0.0156081|
|    Velocity Magnitude|       272.238|       287.603|       m/s|      0.946573|
+------------------------------------------------------------------------------+
|           Mach Number|             -|             -|         -|           0.8|
+------------------------------------------------------------------------------+
Initialize Jacobian structure (Euler). MG level: 0.
Initialize Jacobian structure (Euler). MG level: 1.
Initialize Jacobian structure (Euler). MG level: 2.

------------------- Numerics Preprocessing ( Zone 0 ) -------------------

----------------- Integration Preprocessing ( Zone 0 ) ------------------

------------------- Iteration Preprocessing ( Zone 0 ) ------------------
Euler/Navier-Stokes/RANS fluid iteration.

------------------------------ Begin Solver -----------------------------

Simulation Run using the Single-zone Driver
WARNING: SU2 was not compiled for an AVX-capable architecture. Performance could be better,
         see https://su2code.github.io/docs_v7/Build-SU2-Linux-MacOS/#compiler-optimizations
WARNING: SU2 was not compiled for an AVX-capable architecture. Performance could be better,
         see https://su2code.github.io/docs_v7/Build-SU2-Linux-MacOS/#compiler-optimizations
WARNING: SU2 was not compiled for an AVX-capable architecture. Performance could be better,
         see https://su2code.github.io/docs_v7/Build-SU2-Linux-MacOS/#compiler-optimizations
+----------------------------------------------------------------+
|  Inner_Iter|    rms[Rho]|   rms[RhoE]|          CL|          CD|
+----------------------------------------------------------------+
|           0|   -4.076357|   -3.479976|    0.320538|   -0.001498|
|           1|   -4.369844|   -3.768247|    0.335956|   -0.001598|
|           2|   -4.304899|   -3.722132|    0.342342|   -0.001213|
|           3|   -4.294739|   -3.712672|    0.348662|   -0.002172|
|           4|   -4.261127|   -3.685313|    0.359948|   -0.000387|
|           5|   -4.266207|   -3.699173|    0.363750|    0.000495|
|           6|   -4.250221|   -3.685342|    0.370459|    0.001158|
|           7|   -4.239341|   -3.675662|    0.379060|    0.001898|
|           8|   -4.240280|   -3.679874|    0.385878|    0.002683|
|           9|   -4.246835|   -3.689214|    0.391633|    0.003630|
|          10|   -4.248482|   -3.691068|    0.396761|    0.004620|
|          11|   -4.252197|   -3.695128|    0.401246|    0.005641|
|          12|   -4.262740|   -3.707481|    0.405065|    0.006734|
|          13|   -4.276337|   -3.722853|    0.408117|    0.007892|
|          14|   -4.291097|   -3.738251|    0.410380|    0.009080|
|          15|   -4.306182|   -3.752833|    0.411988|    0.010276|
|          16|   -4.321404|   -3.767010|    0.413096|    0.011467|
|          17|   -4.336777|   -3.781500|    0.413764|    0.012637|
|          18|   -4.352307|   -3.796711|    0.413961|    0.013763|
|          19|   -4.367796|   -3.812378|    0.413697|    0.014828|
|          20|   -4.382922|   -3.827874|    0.413067|    0.015829|
|          21|   -4.397034|   -3.842327|    0.412181|    0.016763|
|          22|   -4.409362|   -3.854830|    0.411074|    0.017616|
|          23|   -4.419892|   -3.865200|    0.409765|    0.018378|
|          24|   -4.431443|   -3.876167|    0.408194|    0.019029|
|          25|   -4.446017|   -3.889761|    0.406484|    0.019584|
|          26|   -4.465587|   -3.908186|    0.404672|    0.020046|
|          27|   -4.486430|   -3.927938|    0.402795|    0.020421|
|          28|   -4.500820|   -3.941336|    0.400862|    0.020711|
|          29|   -4.509636|   -3.949145|    0.398862|    0.020919|
|          30|   -4.519334|   -3.958176|    0.396835|    0.021055|
|          31|   -4.527618|   -3.966053|    0.394874|    0.021140|
|          32|   -4.536300|   -3.974877|    0.393062|    0.021195|
|          33|   -4.546047|   -3.985575|    0.391410|    0.021226|
|          34|   -4.553673|   -3.994695|    0.389900|    0.021235|
|          35|   -4.557169|   -3.999882|    0.388538|    0.021230|
|          36|   -4.556358|   -4.000764|    0.387304|    0.021216|
|          37|   -4.551519|   -3.997310|    0.386175|    0.021196|
|          38|   -4.544991|   -3.991794|    0.385143|    0.021174|
|          39|   -4.538948|   -3.986476|    0.384208|    0.021151|
|          40|   -4.533237|   -3.981235|    0.383349|    0.021130|
|          41|   -4.527258|   -3.975569|    0.382569|    0.021114|
|          42|   -4.521277|   -3.969844|    0.381860|    0.021105|
|          43|   -4.516009|   -3.964769|    0.381209|    0.021108|
|          44|   -4.512173|   -3.961034|    0.380582|    0.021120|
|          45|   -4.511172|   -3.960101|    0.379968|    0.021140|
|          46|   -4.513922|   -3.962809|    0.379359|    0.021163|
|          47|   -4.519906|   -3.968635|    0.378721|    0.021182|
|          48|   -4.530030|   -3.978592|    0.378045|    0.021192|
|          49|   -4.543811|   -3.992053|    0.377381|    0.021197|
|          50|   -4.559569|   -4.007370|    0.376750|    0.021197|
|          51|   -4.576443|   -4.023792|    0.376229|    0.019524|
+-----------------------------------------------------------------------+
|Fixed CL Mode                           |Value                         |
+-----------------------------------------------------------------------+
|Current CL                              |0.376229                      |
|Target CL                               |0.326                         |
|Previous AOA                            |0.944794                      |
|Changed AoA by                          |-0.253749                     |
+-----------------------------------------------------------------------+
+----------------------------------------------------------------+
|  Inner_Iter|    rms[Rho]|   rms[RhoE]|          CL|          CD|
+----------------------------------------------------------------+
|          52|   -3.406758|   -2.800204|    0.375564|    0.019512|
|          53|   -3.701406|   -3.091729|    0.373121|    0.019485|
|          54|   -3.938725|   -3.346746|    0.365249|    0.019387|
|          55|   -4.127496|   -3.521357|    0.353809|    0.019243|
|          56|   -4.274654|   -3.681696|    0.343659|    0.019181|
|          57|   -4.356069|   -3.765990|    0.337914|    0.019132|
|          58|   -4.460233|   -3.872384|    0.336531|    0.019066|
|          59|   -4.485836|   -3.898215|    0.336435|    0.018958|
|          60|   -4.523414|   -3.937056|    0.335143|    0.018778|
|          61|   -4.591932|   -4.014850|    0.333013|    0.018593|
|          62|   -4.630170|   -4.061086|    0.331058|    0.018435|
|          63|   -4.644859|   -4.076674|    0.329544|    0.018301|
|          64|   -4.670567|   -4.104731|    0.328343|    0.018188|
|          65|   -4.699913|   -4.138242|    0.327400|    0.018102|
|          66|   -4.723745|   -4.164276|    0.326733|    0.018041|
|          67|   -4.746817|   -4.187989|    0.326238|    0.018002|
|          68|   -4.773269|   -4.215029|    0.325803|    0.017981|
|          69|   -4.799143|   -4.241425|    0.325391|    0.017979|
|          70|   -4.821985|   -4.264663|    0.325016|    0.017997|
|          71|   -4.841137|   -4.283965|    0.324679|    0.018030|
|          72|   -4.856452|   -4.299153|    0.324323|    0.018079|
|          73|   -4.870172|   -4.312697|    0.323944|    0.018140|
|          74|   -4.882821|   -4.325164|    0.323557|    0.018209|
|          75|   -4.895982|   -4.338246|    0.323173|    0.018283|
|          76|   -4.910694|   -4.352922|    0.322787|    0.018359|
|          77|   -4.927809|   -4.369914|    0.322397|    0.018434|
|          78|   -4.947648|   -4.389555|    0.322006|    0.018505|
|          79|   -4.971775|   -4.413631|    0.321607|    0.018572|
|          80|   -5.000158|   -4.442171|    0.321199|    0.018632|
|          81|   -5.030132|   -4.472481|    0.320796|    0.018685|
|          82|   -5.060924|   -4.503735|    0.320401|    0.018729|
|          83|   -5.091981|   -4.535113|    0.320015|    0.018764|
|          84|   -5.122983|   -4.566207|    0.319638|    0.018790|
|          85|   -5.153970|   -4.597126|    0.319281|    0.018806|
|          86|   -5.184070|   -4.627002|    0.318947|    0.018813|
|          87|   -5.212488|   -4.655074|    0.318634|    0.018811|
|          88|   -5.239439|   -4.681561|    0.318337|    0.018802|
|          89|   -5.265225|   -4.706774|    0.318060|    0.018785|
|          90|   -5.290410|   -4.731391|    0.317802|    0.018762|
|          91|   -5.315466|   -4.755979|    0.317563|    0.018735|
|          92|   -5.340323|   -4.780499|    0.317340|    0.018703|
|          93|   -5.364728|   -4.804746|    0.317135|    0.018669|
|          94|   -5.388583|   -4.828667|    0.316943|    0.018633|
|          95|   -5.411728|   -4.852017|    0.316763|    0.018597|
|          96|   -5.433780|   -4.874276|    0.316596|    0.018560|
|          97|   -5.454157|   -4.894885|    0.316442|    0.018524|
|          98|   -5.472430|   -4.913435|    0.316295|    0.018489|
|          99|   -5.488620|   -4.929782|    0.316156|    0.018456|
|         100|   -5.503138|   -4.944275|    0.316023|    0.018425|
|         101|   -5.516538|   -4.957496|    0.315878|    0.018671|
+-----------------------------------------------------------------------+
|Fixed CL Mode                           |Value                         |
+-----------------------------------------------------------------------+
|Current CL                              |0.315878                      |
|Target CL                               |0.326                         |
|Previous AOA                            |0.691045                      |
|Changed AoA by                          |0.0498871                     |
+-----------------------------------------------------------------------+
+----------------------------------------------------------------+
|  Inner_Iter|    rms[Rho]|   rms[RhoE]|          CL|          CD|
+----------------------------------------------------------------+
|         102|   -4.113648|   -3.507059|    0.315769|    0.018644|
|         103|   -4.410444|   -3.800013|    0.316019|    0.018619|
|         104|   -4.650907|   -4.057666|    0.317358|    0.018610|
|         105|   -4.847019|   -4.237799|    0.319421|    0.018610|
|         106|   -5.003370|   -4.406422|    0.321230|    0.018593|
|         107|   -5.093138|   -4.497893|    0.322163|    0.018574|
|         108|   -5.218115|   -4.621415|    0.322245|    0.018556|
|         109|   -5.251625|   -4.653322|    0.322084|    0.018547|
|         110|   -5.303937|   -4.704508|    0.322169|    0.018551|
|         111|   -5.410106|   -4.817402|    0.322434|    0.018557|
|         112|   -5.481489|   -4.896852|    0.322678|    0.018558|
|         113|   -5.513465|   -4.927788|    0.322845|    0.018554|
|         114|   -5.569388|   -4.984834|    0.322953|    0.018548|
|         115|   -5.634215|   -5.056681|    0.323010|    0.018537|
|         116|   -5.666943|   -5.095082|    0.323021|    0.018522|
|         117|   -5.679223|   -5.109229|    0.323008|    0.018506|
|         118|   -5.684835|   -5.116317|    0.322994|    0.018488|
|         119|   -5.683146|   -5.116888|    0.322980|    0.018468|
|         120|   -5.675677|   -5.111942|    0.322957|    0.018448|
|         121|   -5.665757|   -5.104183|    0.322922|    0.018428|
|         122|   -5.654876|   -5.094721|    0.322886|    0.018407|
|         123|   -5.644238|   -5.084787|    0.322850|    0.018388|
|         124|   -5.634899|   -5.075730|    0.322815|    0.018369|
|         125|   -5.627931|   -5.068824|    0.322778|    0.018352|
|         126|   -5.623993|   -5.064807|    0.322742|    0.018337|
|         127|   -5.623432|   -5.064078|    0.322706|    0.018324|
|         128|   -5.626431|   -5.066913|    0.322675|    0.018313|
|         129|   -5.632740|   -5.073044|    0.322650|    0.018306|
|         130|   -5.642303|   -5.082432|    0.322628|    0.018302|
|         131|   -5.655209|   -5.095140|    0.322607|    0.018299|
|         132|   -5.671657|   -5.111293|    0.322587|    0.018299|
|         133|   -5.690937|   -5.130246|    0.322565|    0.018301|
|         134|   -5.712588|   -5.151564|    0.322543|    0.018305|
|         135|   -5.736745|   -5.175389|    0.322518|    0.018310|
|         136|   -5.763656|   -5.201953|    0.322495|    0.018317|
|         137|   -5.792506|   -5.230409|    0.322471|    0.018325|
|         138|   -5.823290|   -5.260703|    0.322446|    0.018334|
|         139|   -5.855738|   -5.292663|    0.322420|    0.018344|
|         140|   -5.889667|   -5.326134|    0.322393|    0.018354|
|         141|   -5.924922|   -5.360973|    0.322366|    0.018364|
|         142|   -5.961269|   -5.396974|    0.322340|    0.018374|
|         143|   -5.998482|   -5.433954|    0.322313|    0.018383|
|         144|   -6.036314|   -5.471713|    0.322288|    0.018392|
|         145|   -6.074282|   -5.509794|    0.322263|    0.018401|
|         146|   -6.111861|   -5.547674|    0.322239|    0.018408|
|         147|   -6.148518|   -5.584824|    0.322217|    0.018415|
|         148|   -6.183601|   -5.620583|    0.322197|    0.018420|
|         149|   -6.216531|   -5.654343|    0.322178|    0.018425|
|         150|   -6.246847|   -5.685598|    0.322162|    0.018428|
|         151|   -6.274236|   -5.713986|    0.322142|    0.018538|
+-----------------------------------------------------------------------+
|Fixed CL Mode                           |Value                         |
+-----------------------------------------------------------------------+
|Current CL                              |0.322142                      |
|Target CL                               |0.326                         |
|Previous AOA                            |0.740932                      |
|Changed AoA by                          |0.0191888                     |
+-----------------------------------------------------------------------+
+----------------------------------------------------------------+
|  Inner_Iter|    rms[Rho]|   rms[RhoE]|          CL|          CD|
+----------------------------------------------------------------+
|         152|   -4.528938|   -3.922250|    0.322137|    0.018540|
|         153|   -4.826109|   -4.215579|    0.322272|    0.018541|
|         154|   -5.068911|   -4.475384|    0.322827|    0.018547|
|         155|   -5.267606|   -4.657225|    0.323660|    0.018556|
|         156|   -5.429306|   -4.830511|    0.324396|    0.018556|
|         157|   -5.524779|   -4.927089|    0.324799|    0.018555|
|         158|   -5.659769|   -5.059031|    0.324875|    0.018553|
|         159|   -5.693059|   -5.090559|    0.324858|    0.018553|
|         160|   -5.748810|   -5.144518|    0.324936|    0.018558|
|         161|   -5.868805|   -5.269973|    0.325083|    0.018563|
|         162|   -5.948412|   -5.357767|    0.325222|    0.018566|
|         163|   -5.977399|   -5.385302|    0.325332|    0.018568|
|         164|   -6.036901|   -5.445211|    0.325422|    0.018569|
|         165|   -6.110974|   -5.526580|    0.325494|    0.018568|
|         166|   -6.147717|   -5.570308|    0.325548|    0.018565|
|         167|   -6.161075|   -5.586459|    0.325592|    0.018562|
|         168|   -6.168186|   -5.596045|    0.325635|    0.018558|
|         169|   -6.166625|   -5.598003|    0.325679|    0.018554|
|         170|   -6.158451|   -5.593570|    0.325717|    0.018550|
|         171|   -6.148528|   -5.586855|    0.325751|    0.018545|
|         172|   -6.138504|   -5.579122|    0.325783|    0.018540|
|         173|   -6.128844|   -5.570842|    0.325815|    0.018535|
|         174|   -6.120335|   -5.563081|    0.325846|    0.018530|
|         175|   -6.114072|   -5.557185|    0.325875|    0.018526|
|         176|   -6.110668|   -5.553884|    0.325904|    0.018522|
|         177|   -6.110162|   -5.553232|    0.325932|    0.018519|
|         178|   -6.112512|   -5.555264|    0.325961|    0.018517|
|         179|   -6.117702|   -5.560056|    0.325988|    0.018515|
|         180|   -6.125630|   -5.567568|    0.326014|    0.018513|
|         181|   -6.136166|   -5.577698|    0.326038|    0.018513|
|         182|   -6.149164|   -5.590298|    0.326060|    0.018512|
|         183|   -6.164468|   -5.605198|    0.326081|    0.018513|
|         184|   -6.181929|   -5.622239|    0.326100|    0.018514|
|         185|   -6.201421|   -5.641300|    0.326118|    0.018515|
|         186|   -6.222842|   -5.662285|    0.326134|    0.018517|
|         187|   -6.246106|   -5.685117|    0.326148|    0.018519|
|         188|   -6.271133|   -5.709726|    0.326161|    0.018522|
|         189|   -6.297839|   -5.736035|    0.326173|    0.018524|
|         190|   -6.326138|   -5.763962|    0.326183|    0.018527|
|         191|   -6.355933|   -5.793418|    0.326192|    0.018530|
|         192|   -6.387089|   -5.824283|    0.326200|    0.018533|
|         193|   -6.419493|   -5.856435|    0.326207|    0.018536|
|         194|   -6.452922|   -5.889666|    0.326213|    0.018539|
|         195|   -6.487133|   -5.923749|    0.326218|    0.018541|
|         196|   -6.521916|   -5.958483|    0.326223|    0.018543|
|         197|   -6.557058|   -5.993660|    0.326228|    0.018545|
|         198|   -6.592344|   -6.029061|    0.326232|    0.018547|
|         199|   -6.627792|   -6.064729|    0.326237|    0.018549|
|         200|   -6.663324|   -6.100538|    0.326242|    0.018550|
|         201|   -6.698752|   -6.136245|    0.326248|    0.018544|
+-----------------------------------------------------------------------+
|Fixed CL Mode                           |Value                         |
+-----------------------------------------------------------------------+
|Current CL                              |0.326248                      |
|Target CL                               |0.326                         |
|Previous AOA                            |0.760121                      |
|Changed AoA by                          |-0.00121229                   |
+-----------------------------------------------------------------------+
+----------------------------------------------------------------+
|  Inner_Iter|    rms[Rho]|   rms[RhoE]|          CL|          CD|
+----------------------------------------------------------------+
|         202|   -5.726174|   -5.119952|    0.326254|    0.018545|
|         203|   -6.019086|   -5.409729|    0.326250|    0.018546|
|         204|   -6.250170|   -5.658751|    0.326221|    0.018546|
|         205|   -6.433585|   -5.829545|    0.326174|    0.018545|
|         206|   -6.572598|   -5.982186|    0.326133|    0.018545|
|         207|   -6.649327|   -6.062059|    0.326114|    0.018545|
|         208|   -6.748201|   -6.163213|    0.326116|    0.018545|
|         209|   -6.780244|   -6.194725|    0.326123|    0.018545|
|         210|   -6.822761|   -6.237865|    0.326125|    0.018544|
|         211|   -6.895510|   -6.318853|    0.326123|    0.018544|
|         212|   -6.943678|   -6.374338|    0.326121|    0.018543|
|         213|   -6.969687|   -6.401067|    0.326120|    0.018543|
|         214|   -7.004445|   -6.438118|    0.326121|    0.018542|
|         215|   -7.039448|   -6.477687|    0.326124|    0.018542|
|         216|   -7.061271|   -6.501864|    0.326127|    0.018542|
|         217|   -7.077076|   -6.517891|    0.326131|    0.018543|
|         218|   -7.093005|   -6.533639|    0.326136|    0.018543|
|         219|   -7.109354|   -6.550052|    0.326140|    0.018543|
|         220|   -7.125668|   -6.566771|    0.326145|    0.018544|
|         221|   -7.141762|   -6.583393|    0.326150|    0.018545|
|         222|   -7.157244|   -6.599230|    0.326155|    0.018545|
|         223|   -7.171803|   -6.613883|    0.326160|    0.018546|
|         224|   -7.185538|   -6.627621|    0.326165|    0.018547|
|         225|   -7.198756|   -6.640936|    0.326170|    0.018548|
|         226|   -7.211679|   -6.654087|    0.326175|    0.018549|
|         227|   -7.224402|   -6.667120|    0.326180|    0.018550|
|         228|   -7.236983|   -6.680038|    0.326185|    0.018550|
|         229|   -7.249539|   -6.692906|    0.326189|    0.018551|
|         230|   -7.262253|   -6.705874|    0.326194|    0.018552|
|         231|   -7.275350|   -6.719133|    0.326198|    0.018552|
|         232|   -7.289053|   -6.732880|    0.326202|    0.018553|
|         233|   -7.303591|   -6.747335|    0.326206|    0.018553|
|         234|   -7.319185|   -6.762732|    0.326209|    0.018554|
|         235|   -7.336049|   -6.779318|    0.326213|    0.018554|
|         236|   -7.354373|   -6.797321|    0.326216|    0.018554|
|         237|   -7.374308|   -6.816936|    0.326219|    0.018555|
|         238|   -7.395960|   -6.838306|    0.326222|    0.018555|
|         239|   -7.419375|   -6.861508|    0.326225|    0.018555|
|         240|   -7.444547|   -6.886562|    0.326227|    0.018555|
|         241|   -7.471399|   -6.913408|    0.326230|    0.018555|
|         242|   -7.499778|   -6.941906|    0.326232|    0.018555|
|         243|   -7.529453|   -6.971834|    0.326234|    0.018555|
|         244|   -7.560109|   -7.002871|    0.326236|    0.018555|
|         245|   -7.591336|   -7.034587|    0.326238|    0.018555|
|         246|   -7.622630|   -7.066451|    0.326240|    0.018555|
|         247|   -7.653432|   -7.097860|    0.326241|    0.018555|
|         248|   -7.683179|   -7.128200|    0.326243|    0.018555|
|         249|   -7.711379|   -7.156930|    0.326244|    0.018555|
|         250|   -7.737662|   -7.183639|    0.326246|    0.018555|
+-----------------------------------------------------------------------+
|        File Writing Summary       |              Filename             |
+-----------------------------------------------------------------------+
|SU2 binary restart                 |restart_flow.dat                   |
Writing Flow Meta-Data file: flow.meta
|Paraview                           |flow.vtu                           |
Writing Flow Meta-Data file: flow.meta
|Paraview surface                   |surface_flow.vtu                   |
Writing Flow Meta-Data file: flow.meta
|CSV file                           |surface_flow.csv                   |
Writing Flow Meta-Data file: flow.meta
+-----------------------------------------------------------------------+
+----------------------------------------------------------------+
|  Inner_Iter|    rms[Rho]|   rms[RhoE]|          CL|          CD|
+----------------------------------------------------------------+
|         251|   -7.761852|   -7.208133|    0.326248|    0.018548|
+-----------------------------------------------------------------------+
|Fixed CL Mode                           |Value                         |
+-----------------------------------------------------------------------+
|Current CL                              |0.326248                      |
|Target CL                               |0.326                         |
|Previous AOA                            |0.758908                      |
|Changed AoA by                          |-0.00122956                   |
+-----------------------------------------------------------------------+
+----------------------------------------------------------------+
|  Inner_Iter|    rms[Rho]|   rms[RhoE]|          CL|          CD|
+----------------------------------------------------------------+
|         252|   -5.722259|   -5.115571|    0.326249|    0.018547|
|         253|   -6.019615|   -5.409036|    0.326241|    0.018547|
|         254|   -6.262567|   -5.668967|    0.326206|    0.018547|
|         255|   -6.462328|   -5.851648|    0.326154|    0.018546|
|         256|   -6.625407|   -6.026186|    0.326107|    0.018546|
|         257|   -6.721134|   -6.122974|    0.326083|    0.018546|
|         258|   -6.857307|   -6.255852|    0.326079|    0.018546|
|         259|   -6.890059|   -6.286949|    0.326081|    0.018546|
|         260|   -6.945178|   -6.340418|    0.326078|    0.018546|
|         261|   -7.064998|   -6.465997|    0.326070|    0.018545|
|         262|   -7.142646|   -6.552651|    0.326062|    0.018545|
|         263|   -7.167949|   -6.577311|    0.326056|    0.018545|
|         264|   -7.221549|   -6.632351|    0.326052|    0.018545|
|         265|   -7.286401|   -6.705506|    0.326048|    0.018545|
|         266|   -7.315484|   -6.741651|    0.326046|    0.018545|
|         267|   -7.325118|   -6.753740|    0.326045|    0.018545|
|         268|   -7.332071|   -6.762512|    0.326043|    0.018545|
|         269|   -7.334640|   -6.767634|    0.326041|    0.018545|
|         270|   -7.333577|   -6.769414|    0.326040|    0.018545|
|         271|   -7.331911|   -6.770312|    0.326039|    0.018546|
|         272|   -7.330427|   -6.770677|    0.326038|    0.018546|
|         273|   -7.328987|   -6.770264|    0.326037|    0.018546|
|         274|   -7.328168|   -6.769938|    0.326036|    0.018547|
|         275|   -7.328913|   -6.770919|    0.326035|    0.018547|
|         276|   -7.331873|   -6.773915|    0.326034|    0.018547|
|         277|   -7.337320|   -6.779188|    0.326033|    0.018548|
|         278|   -7.345312|   -6.786837|    0.326032|    0.018548|
|         279|   -7.355842|   -6.796944|    0.326031|    0.018548|
|         280|   -7.368895|   -6.809571|    0.326030|    0.018548|
|         281|   -7.384407|   -6.824684|    0.326029|    0.018548|
|         282|   -7.402244|   -6.842137|    0.326028|    0.018549|
|         283|   -7.422254|   -6.861753|    0.326028|    0.018549|
|         284|   -7.444313|   -6.883395|    0.326027|    0.018549|
|         285|   -7.468325|   -6.906972|    0.326026|    0.018549|
|         286|   -7.494212|   -6.932415|    0.326025|    0.018549|
|         287|   -7.521896|   -6.959669|    0.326025|    0.018548|
|         288|   -7.551282|   -6.988635|    0.326024|    0.018548|
|         289|   -7.582231|   -7.019200|    0.326024|    0.018548|
|         290|   -7.614625|   -7.051269|    0.326023|    0.018548|
|         291|   -7.648361|   -7.084746|    0.326023|    0.018548|
|         292|   -7.683252|   -7.119457|    0.326023|    0.018548|
|         293|   -7.719024|   -7.155147|    0.326022|    0.018548|
|         294|   -7.755348|   -7.191504|    0.326022|    0.018548|
|         295|   -7.791845|   -7.228163|    0.326022|    0.018547|
|         296|   -7.828097|   -7.264708|    0.326021|    0.018547|
|         297|   -7.863677|   -7.300699|    0.326021|    0.018547|
|         298|   -7.898197|   -7.335724|    0.326021|    0.018547|
|         299|   -7.931363|   -7.369458|    0.326021|    0.018547|
|         300|   -7.963016|   -7.401705|    0.326020|    0.018547|
|         301|   -7.993157|   -7.432432|    0.326020|    0.018546|
+-----------------------------------------------------------------------+
|Fixed CL Mode                           |Value                         |
+-----------------------------------------------------------------------+
|Current CL                              |0.32602                       |
|Target CL                               |0.326                         |
|Previous AOA                            |0.757679                      |
|Changed AoA by                          |-0.000101469                  |
+-----------------------------------------------------------------------+
+----------------------------------------------------------------+
|  Inner_Iter|    rms[Rho]|   rms[RhoE]|          CL|          CD|
+----------------------------------------------------------------+
|         302|   -6.805028|   -6.198412|    0.326020|    0.018546|
|         303|   -7.099999|   -6.490140|    0.326019|    0.018546|
|         304|   -7.339312|   -6.746907|    0.326015|    0.018546|
|         305|   -7.528844|   -6.921598|    0.326011|    0.018546|
|         306|   -7.678392|   -7.083758|    0.326007|    0.018546|
|         307|   -7.765564|   -7.173261|    0.326004|    0.018546|
|         308|   -7.879554|   -7.287809|    0.326004|    0.018546|
|         309|   -7.909929|   -7.317269|    0.326003|    0.018546|
|         310|   -7.958319|   -7.365625|    0.326003|    0.018546|
|         311|   -8.048348|   -7.464005|    0.326002|    0.018546|
|         312|   -8.103332|   -7.526942|    0.326001|    0.018546|
|         313|   -8.125758|   -7.548994|    0.326000|    0.018546|
|         314|   -8.164268|   -7.589652|    0.325999|    0.018546|
|         315|   -8.206427|   -7.637912|    0.325998|    0.018546|
|         316|   -8.229506|   -7.665083|    0.325998|    0.018546|
|         317|   -8.241888|   -7.679123|    0.325997|    0.018546|
|         318|   -8.250222|   -7.688879|    0.325997|    0.018546|
|         319|   -8.254026|   -7.694251|    0.325996|    0.018546|
|         320|   -8.254613|   -7.696330|    0.325996|    0.018546|
|         321|   -8.254110|   -7.697156|    0.325995|    0.018546|
|         322|   -8.253354|   -7.697464|    0.325995|    0.018546|
|         323|   -8.252557|   -7.697403|    0.325994|    0.018546|
|         324|   -8.252139|   -7.697459|    0.325994|    0.018546|
|         325|   -8.252661|   -7.698259|    0.325993|    0.018546|
|         326|   -8.254547|   -7.700229|    0.325993|    0.018546|
|         327|   -8.258020|   -7.703589|    0.325992|    0.018546|
|         328|   -8.263183|   -7.708485|    0.325992|    0.018546|
|         329|   -8.270083|   -7.715035|    0.325991|    0.018546|
|         330|   -8.278740|   -7.723315|    0.325991|    0.018546|
|         331|   -8.289127|   -7.733323|    0.325990|    0.018546|
|         332|   -8.301180|   -7.744991|    0.325990|    0.018546|
|         333|   -8.314832|   -7.758247|    0.325990|    0.018546|
|         334|   -8.330033|   -7.773039|    0.325989|    0.018546|
|         335|   -8.346742|   -7.789338|    0.325989|    0.018546|
|         336|   -8.364919|   -7.807116|    0.325989|    0.018545|
|         337|   -8.384516|   -7.826334|    0.325988|    0.018545|
|         338|   -8.405475|   -7.846950|    0.325988|    0.018545|
|         339|   -8.427728|   -7.868899|    0.325988|    0.018545|
|         340|   -8.451183|   -7.892097|    0.325988|    0.018545|
|         341|   -8.475733|   -7.916440|    0.325987|    0.018545|
|         342|   -8.501250|   -7.941801|    0.325987|    0.018545|
|         343|   -8.527589|   -7.968032|    0.325987|    0.018545|
|         344|   -8.554584|   -7.994968|    0.325987|    0.018545|
|         345|   -8.582065|   -8.022433|    0.325986|    0.018545|
|         346|   -8.609862|   -8.050258|    0.325986|    0.018545|
|         347|   -8.637814|   -8.078283|    0.325986|    0.018545|
|         348|   -8.665781|   -8.106369|    0.325986|    0.018545|
|         349|   -8.693646|   -8.134400|    0.325986|    0.018545|
|         350|   -8.721314|   -8.162283|    0.325986|    0.018545|
|         351|   -8.748715|   -8.189949|    0.325985|    0.018546|
+-----------------------------------------------------------------------+
|Fixed CL Mode                           |Value                         |
+-----------------------------------------------------------------------+
|Current CL                              |0.325985                      |
|Target CL                               |0.326                         |
|Previous AOA                            |0.757577                      |
|Changed AoA by                          |7.17129e-05                   |
+-----------------------------------------------------------------------+
+----------------------------------------------------------------+
|  Inner_Iter|    rms[Rho]|   rms[RhoE]|          CL|          CD|
+----------------------------------------------------------------+
|         352|   -6.956349|   -6.349685|    0.325985|    0.018546|
|         353|   -7.253730|   -6.643136|    0.325986|    0.018546|
|         354|   -7.496300|   -6.902701|    0.325988|    0.018546|
|         355|   -7.696103|   -7.085503|    0.325991|    0.018546|
|         356|   -7.858836|   -7.259795|    0.325993|    0.018546|
|         357|   -7.953935|   -7.356021|    0.325995|    0.018546|
|         358|   -8.089503|   -7.488403|    0.325995|    0.018546|
|         359|   -8.122686|   -7.519872|    0.325995|    0.018546|
|         360|   -8.177712|   -7.573233|    0.325995|    0.018546|
|         361|   -8.297158|   -7.698403|    0.325995|    0.018546|
|         362|   -8.375700|   -7.785800|    0.325996|    0.018546|
|         363|   -8.402748|   -7.812088|    0.325996|    0.018546|
|         364|   -8.458053|   -7.868667|    0.325996|    0.018546|
|         365|   -8.525139|   -7.943939|    0.325996|    0.018546|
|         366|   -8.556027|   -7.981873|    0.325996|    0.018546|
|         367|   -8.566749|   -7.994933|    0.325996|    0.018546|
|         368|   -8.574769|   -8.004617|    0.325996|    0.018546|
|         369|   -8.578416|   -8.010778|    0.325996|    0.018546|
|         370|   -8.578186|   -8.013484|    0.325996|    0.018546|
|         371|   -8.576994|   -8.014975|    0.325996|    0.018546|
|         372|   -8.575601|   -8.015498|    0.325996|    0.018546|
|         373|   -8.573926|   -8.014855|    0.325996|    0.018546|
|         374|   -8.572680|   -8.014082|    0.325996|    0.018546|
|         375|   -8.572933|   -8.014560|    0.325996|    0.018546|
|         376|   -8.575412|   -8.017089|    0.325996|    0.018546|
|         377|   -8.580426|   -8.021962|    0.325996|    0.018546|
|         378|   -8.588051|   -8.029288|    0.325996|    0.018545|
|         379|   -8.598290|   -8.039149|    0.325996|    0.018545|
|         380|   -8.611143|   -8.051614|    0.325996|    0.018545|
|         381|   -8.626562|   -8.066663|    0.325996|    0.018545|
|         382|   -8.644436|   -8.084168|    0.325996|    0.018545|
|         383|   -8.664630|   -8.103972|    0.325996|    0.018545|
|         384|   -8.687035|   -8.125953|    0.325996|    0.018545|
|         385|   -8.711573|   -8.150037|    0.325996|    0.018545|
|         386|   -8.738183|   -8.176176|    0.325996|    0.018545|
|         387|   -8.766812|   -8.204331|    0.325996|    0.018545|
|         388|   -8.797408|   -8.234464|    0.325996|    0.018545|
|         389|   -8.829902|   -8.266527|    0.325996|    0.018545|
|         390|   -8.864200|   -8.300441|    0.325996|    0.018545|
|         391|   -8.900162|   -8.336088|    0.325996|    0.018545|
|         392|   -8.937593|   -8.373297|    0.325996|    0.018545|
|         393|   -8.976218|   -8.411821|    0.325996|    0.018545|
|         394|   -9.015665|   -8.451314|    0.325996|    0.018545|
|         395|   -9.055455|   -8.491318|    0.325996|    0.018545|
|         396|   -9.095009|   -8.531261|    0.325996|    0.018545|
|         397|   -9.133689|   -8.570497|    0.325996|    0.018545|
|         398|   -9.170865|   -8.608362|    0.325996|    0.018546|
|         399|   -9.205998|   -8.644267|    0.325996|    0.018546|
|         400|   -9.238734|   -8.677795|    0.325996|    0.018546|
|         401|   -9.268963|   -8.708779|    0.325996|    0.018546|
+-----------------------------------------------------------------------+
|Fixed CL Mode                           |Value                         |
+-----------------------------------------------------------------------+
|Current CL                              |0.325996                      |
|Target CL                               |0.326                         |
|Previous AOA                            |0.757649                      |
|Changed AoA by                          |1.83641e-05                   |
+-----------------------------------------------------------------------+
+----------------------------------------------------------------+
|  Inner_Iter|    rms[Rho]|   rms[RhoE]|          CL|          CD|
+----------------------------------------------------------------+
|         402|   -7.548024|   -6.941325|    0.325996|    0.018546|
|         403|   -7.845130|   -7.234631|    0.325996|    0.018546|
|         404|   -8.088018|   -7.494532|    0.325997|    0.018546|
|         405|   -8.286638|   -7.676264|    0.325998|    0.018546|
|         406|   -8.448444|   -7.849604|    0.325999|    0.018546|
|         407|   -8.543855|   -7.946159|    0.325999|    0.018546|
|         408|   -8.678259|   -8.077640|    0.325999|    0.018546|
|         409|   -8.710782|   -8.108558|    0.325999|    0.018546|
|         410|   -8.765677|   -8.161920|    0.325999|    0.018546|
|         411|   -8.883099|   -8.285426|    0.325999|    0.018546|
|         412|   -8.958337|   -8.369580|    0.325999|    0.018546|
|         413|   -8.983015|   -8.393534|    0.325999|    0.018546|
|         414|   -9.034961|   -8.447009|    0.325999|    0.018546|
|         415|   -9.097057|   -8.517255|    0.326000|    0.018546|
|         416|   -9.124924|   -8.551942|    0.326000|    0.018546|
|         417|   -9.133907|   -8.563518|    0.326000|    0.018546|
|         418|   -9.139099|   -8.570806|    0.326000|    0.018546|
|         419|   -9.138999|   -8.573394|    0.326000|    0.018546|
|         420|   -9.134996|   -8.572164|    0.326000|    0.018546|
|         421|   -9.130415|   -8.569994|    0.326000|    0.018546|
|         422|   -9.126232|   -8.567554|    0.326000|    0.018546|
|         423|   -9.122439|   -8.564770|    0.326000|    0.018546|
|         424|   -9.119575|   -8.562430|    0.326000|    0.018546|
|         425|   -9.118462|   -8.561575|    0.326000|    0.018546|
|         426|   -9.119650|   -8.562805|    0.326000|    0.018546|
|         427|   -9.123354|   -8.566330|    0.326000|    0.018546|
|         428|   -9.129596|   -8.572225|    0.326000|    0.018546|
|         429|   -9.138343|   -8.580546|    0.326000|    0.018546|
|         430|   -9.149550|   -8.591323|    0.326000|    0.018546|
|         431|   -9.163128|   -8.604496|    0.326000|    0.018546|
|         432|   -9.178933|   -8.619912|    0.326000|    0.018546|
|         433|   -9.196811|   -8.637396|    0.326000|    0.018546|
|         434|   -9.216635|   -8.656813|    0.326000|    0.018546|
|         435|   -9.238305|   -8.678067|    0.326000|    0.018546|
|         436|   -9.261732|   -8.701078|    0.326000|    0.018546|
|         437|   -9.286831|   -8.725769|    0.326000|    0.018546|
|         438|   -9.313511|   -8.752065|    0.326000|    0.018546|
|         439|   -9.341677|   -8.779878|    0.326000|    0.018546|
|         440|   -9.371210|   -8.809100|    0.326000|    0.018546|
|         441|   -9.401972|   -8.839602|    0.326000|    0.018546|
|         442|   -9.433792|   -8.871225|    0.326000|    0.018546|
|         443|   -9.466472|   -8.903776|    0.326000|    0.018546|
|         444|   -9.499778|   -8.937032|    0.326000|    0.018546|
|         445|   -9.533454|   -8.970741|    0.326000|    0.018546|
|         446|   -9.567235|   -9.004639|    0.326000|    0.018546|
|         447|   -9.600867|   -9.038470|    0.326000|    0.018546|
|         448|   -9.634132|   -9.072009|    0.326000|    0.018546|
|         449|   -9.666866|   -9.105083|    0.326000|    0.018546|
|         450|   -9.698974|   -9.137587|    0.326000|    0.018546|
|         451|   -9.730434|   -9.169485|    0.326000|    0.018546|
|         452|   -9.761289|   -9.200810|    0.326000|    0.018546|
|         453|   -9.791636|   -9.231645|    0.326000|    0.018546|
|         454|   -9.821600|   -9.262108|    0.326000|    0.018546|
|         455|   -9.851309|   -9.292318|    0.326000|    0.018546|
|         456|   -9.880866|   -9.322376|    0.326000|    0.018546|
|         457|   -9.910328|   -9.352338|    0.326000|    0.018546|
|         458|   -9.939686|   -9.382195|    0.326000|    0.018546|
|         459|   -9.968855|   -9.411861|    0.326000|    0.018546|
|         460|   -9.997668|   -9.441168|    0.326000|    0.018546|
|         461|  -10.025888|   -9.469870|    0.326000|    0.018546|
|         462|  -10.053214|   -9.497655|    0.326000|    0.018546|
|         463|  -10.079310|   -9.524174|    0.326001|    0.018546|
|         464|  -10.103829|   -9.549065|    0.326001|    0.018546|
|         465|  -10.126440|   -9.571989|    0.326001|    0.018546|
|         466|  -10.146859|   -9.592662|    0.326001|    0.018546|
|         467|  -10.164871|   -9.610879|    0.326001|    0.018546|
|         468|  -10.180347|   -9.626532|    0.326001|    0.018546|
|         469|  -10.193252|   -9.639614|    0.326001|    0.018546|
|         470|  -10.203654|   -9.650215|    0.326001|    0.018546|
|         471|  -10.211717|   -9.658513|    0.326001|    0.018546|
|         472|  -10.217695|   -9.664756|    0.326001|    0.018546|
|         473|  -10.221919|   -9.669258|    0.326001|    0.018546|
|         474|  -10.224779|   -9.672378|    0.326001|    0.018546|
|         475|  -10.226705|   -9.674509|    0.326001|    0.018546|
|         476|  -10.228145|   -9.676068|    0.326001|    0.018546|
|         477|  -10.229540|   -9.677476|    0.326001|    0.018546|
|         478|  -10.231312|   -9.679144|    0.326001|    0.018546|
|         479|  -10.233846|   -9.681460|    0.326001|    0.018546|
|         480|  -10.237479|   -9.684770|    0.326001|    0.018546|
|         481|  -10.242491|   -9.689371|    0.326001|    0.018546|
|         482|  -10.249108|   -9.695511|    0.326001|    0.018546|
|         483|  -10.257503|   -9.703382|    0.326001|    0.018546|
|         484|  -10.267795|   -9.713130|    0.326001|    0.018546|
|         485|  -10.280062|   -9.724850|    0.326001|    0.018546|
|         486|  -10.294338|   -9.738597|    0.326001|    0.018546|
|         487|  -10.310622|   -9.754386|    0.326001|    0.018546|
|         488|  -10.328878|   -9.772195|    0.326001|    0.018546|
|         489|  -10.349040|   -9.791965|    0.326001|    0.018546|
|         490|  -10.371009|   -9.813606|    0.326001|    0.018546|
|         491|  -10.394654|   -9.836990|    0.326001|    0.018546|
|         492|  -10.419816|   -9.861955|    0.326001|    0.018546|
|         493|  -10.446299|   -9.888307|    0.326001|    0.018546|
|         494|  -10.473881|   -9.915817|    0.326001|    0.018546|
|         495|  -10.502307|   -9.944226|    0.326001|    0.018546|
|         496|  -10.531299|   -9.973252|    0.326001|    0.018546|
|         497|  -10.560560|  -10.002592|    0.326001|    0.018546|
|         498|  -10.589785|  -10.031938|    0.326001|    0.018546|
|         499|  -10.618673|  -10.060987|    0.326001|    0.018546|
|         500|  -10.646942|  -10.089452|    0.326001|    0.018546|
+-----------------------------------------------------------------------+
|        File Writing Summary       |              Filename             |
+-----------------------------------------------------------------------+
|SU2 binary restart                 |restart_flow.dat                   |
Writing Flow Meta-Data file: flow.meta
|Paraview                           |flow.vtu                           |
Writing Flow Meta-Data file: flow.meta
|Paraview surface                   |surface_flow.vtu                   |
Writing Flow Meta-Data file: flow.meta
|CSV file                           |surface_flow.csv                   |
Writing Flow Meta-Data file: flow.meta
+-----------------------------------------------------------------------+
+----------------------------------------------------------------+
|  Inner_Iter|    rms[Rho]|   rms[RhoE]|          CL|          CD|
+----------------------------------------------------------------+
|         501|  -10.674336|  -10.117078|    0.326001|    0.018546|
+-----------------------------------------------------------------------+
|Fixed CL Mode                           |Value                         |
+-----------------------------------------------------------------------+
|Current CL                              |0.326001                      |
|Target CL                               |0.326                         |
|Previous AOA                            |0.757667                      |
|Changed AoA by                          |-3.55602e-06                  |
+-----------------------------------------------------------------------+
+----------------------------------------------------------------+
|  Inner_Iter|    rms[Rho]|   rms[RhoE]|          CL|          CD|
+----------------------------------------------------------------+
|         502|   -8.261075|   -7.654374|    0.326001|    0.018546|
|         503|   -8.558420|   -7.947851|    0.326001|    0.018546|
|         504|   -8.801453|   -8.207857|    0.326001|    0.018546|
|         505|   -9.001321|   -8.390594|    0.326000|    0.018546|
|         506|   -9.164721|   -8.565389|    0.326000|    0.018546|
|         507|   -9.260779|   -8.662459|    0.326000|    0.018546|
|         508|   -9.397621|   -8.795904|    0.326000|    0.018546|
|         509|   -9.430239|   -8.826897|    0.326000|    0.018546|
|         510|   -9.485001|   -8.880057|    0.326000|    0.018546|
|         511|   -9.604386|   -9.005305|    0.326000|    0.018546|
|         512|   -9.681100|   -9.091237|    0.326000|    0.018546|
|         513|   -9.705246|   -9.114981|    0.326000|    0.018546|
|         514|   -9.756979|   -9.168484|    0.326000|    0.018546|
|         515|   -9.818247|   -9.238306|    0.326000|    0.018546|
|         516|   -9.843478|   -9.270552|    0.326000|    0.018546|
|         517|   -9.849979|   -9.279524|    0.326000|    0.018546|
|         518|   -9.854118|   -9.285537|    0.326000|    0.018546|
|         519|   -9.854444|   -9.288332|    0.326000|    0.018546|
|         520|   -9.851799|   -9.288316|    0.326000|    0.018546|
|         521|   -9.848987|   -9.287813|    0.326000|    0.018546|
|         522|   -9.846708|   -9.287157|    0.326000|    0.018546|
|         523|   -9.844836|   -9.286150|    0.326000|    0.018546|
|         524|   -9.843887|   -9.285588|    0.326000|    0.018546|
|         525|   -9.844690|   -9.286559|    0.326000|    0.018546|
|         526|   -9.847804|   -9.289674|    0.326000|    0.018546|
|         527|   -9.853450|   -9.295138|    0.326000|    0.018546|
|         528|   -9.861660|   -9.303017|    0.326000|    0.018546|
|         529|   -9.872418|   -9.313372|    0.326000|    0.018546|
|         530|   -9.885704|   -9.326252|    0.326000|    0.018546|
|         531|   -9.901456|   -9.341619|    0.326000|    0.018546|
|         532|   -9.919549|   -9.359337|    0.326000|    0.018546|
|         533|   -9.939841|   -9.379239|    0.326000|    0.018546|
|         534|   -9.962210|   -9.401195|    0.326000|    0.018546|
|         535|   -9.986565|   -9.425113|    0.326000|    0.018546|
|         536|  -10.012827|   -9.450925|    0.326000|    0.018546|
|         537|  -10.040918|   -9.478565|    0.326000|    0.018546|
|         538|  -10.070758|   -9.507966|    0.326000|    0.018546|
|         539|  -10.102254|   -9.539049|    0.326000|    0.018546|
|         540|  -10.135285|   -9.571710|    0.326000|    0.018546|
|         541|  -10.169695|   -9.605808|    0.326000|    0.018546|
|         542|  -10.205282|   -9.641161|    0.326000|    0.018546|
|         543|  -10.241785|   -9.677531|    0.326000|    0.018546|
|         544|  -10.278881|   -9.714611|    0.326000|    0.018546|
|         545|  -10.316182|   -9.752029|    0.326000|    0.018546|
|         546|  -10.353255|   -9.789355|    0.326000|    0.018546|
|         547|  -10.389662|   -9.826142|    0.326000|    0.018546|
|         548|  -10.425002|   -9.861967|    0.326000|    0.018546|
|         549|  -10.458968|   -9.896489|    0.326000|    0.018546|
|         550|  -10.491389|   -9.929498|    0.326000|    0.018546|
|         551|  -10.522255|   -9.960949|    0.326000|    0.018546|
|         552|  -10.551714|   -9.990961|    0.326000|    0.018546|
|         553|  -10.580042|  -10.019795|    0.326000|    0.018546|
|         554|  -10.607591|  -10.047804|    0.326000|    0.018546|
|         555|  -10.634733|  -10.075372|    0.326000|    0.018546|
|         556|  -10.661805|  -10.102860|    0.326000|    0.018546|
|         557|  -10.689072|  -10.130556|    0.326000|    0.018546|
|         558|  -10.716689|  -10.158641|    0.326000|    0.018546|
|         559|  -10.744694|  -10.187170|    0.326000|    0.018546|
|         560|  -10.773002|  -10.216060|    0.326000|    0.018546|
|         561|  -10.801415|  -10.245099|    0.326000|    0.018546|
|         562|  -10.829642|  -10.273967|    0.326000|    0.018546|
|         563|  -10.857334|  -10.302271|    0.326000|    0.018546|
|         564|  -10.884116|  -10.329587|    0.326000|    0.018546|
|         565|  -10.909635|  -10.355518|    0.326000|    0.018546|
|         566|  -10.933594|  -10.379742|    0.326000|    0.018546|
|         567|  -10.955776|  -10.402046|    0.326000|    0.018546|
|         568|  -10.976054|  -10.422341|    0.326000|    0.018546|
|         569|  -10.994376|  -10.440638|    0.326000|    0.018546|
|         570|  -11.010746|  -10.457020|    0.326000|    0.018546|
|         571|  -11.025197|  -10.471590|    0.326000|    0.018546|
|         572|  -11.037776|  -10.484442|    0.326000|    0.018546|
|         573|  -11.048545|  -10.495645|    0.326000|    0.018546|
|         574|  -11.057590|  -10.505250|    0.326000|    0.018546|
|         575|  -11.065049|  -10.513325|    0.326000|    0.018546|
|         576|  -11.071126|  -10.519986|    0.326000|    0.018546|
|         577|  -11.076109|  -10.525433|    0.326000|    0.018546|
|         578|  -11.080362|  -10.529969|    0.326000|    0.018546|
|         579|  -11.084307|  -10.533982|    0.326000|    0.018546|
|         580|  -11.088385|  -10.537911|    0.326000|    0.018546|
|         581|  -11.093024|  -10.542207|    0.326000|    0.018546|
|         582|  -11.098605|  -10.547293|    0.326000|    0.018546|
|         583|  -11.105451|  -10.553535|    0.326000|    0.018546|
|         584|  -11.113813|  -10.561237|    0.326000|    0.018546|
|         585|  -11.123875|  -10.570626|    0.326000|    0.018546|
|         586|  -11.135754|  -10.581859|    0.326000|    0.018546|
|         587|  -11.149509|  -10.595025|    0.326000|    0.018546|
|         588|  -11.165139|  -10.610146|    0.326000|    0.018546|
|         589|  -11.182596|  -10.627186|    0.326000|    0.018546|
|         590|  -11.201781|  -10.646055|    0.326000|    0.018546|
|         591|  -11.222556|  -10.666612|    0.326000|    0.018546|
|         592|  -11.244740|  -10.688671|    0.326000|    0.018546|
|         593|  -11.268117|  -10.712006|    0.326000|    0.018546|
|         594|  -11.292441|  -10.736357|    0.326000|    0.018546|
|         595|  -11.317444|  -10.761440|    0.326000|    0.018546|
|         596|  -11.342844|  -10.786960|    0.326000|    0.018546|
|         597|  -11.368358|  -10.812620|    0.326000|    0.018546|
|         598|  -11.393720|  -10.838142|    0.326000|    0.018546|
|         599|  -11.418688|  -10.863282|    0.326000|    0.018546|
|         600|  -11.443065|  -10.887836|    0.326000|    0.018546|
|         601|  -11.466701|  -10.911655|    0.326000|    0.018546|
|         602|  -11.489497|  -10.934643|    0.326000|    0.018546|
|         603|  -11.511404|  -10.956749|    0.326000|    0.018546|
|         604|  -11.532410|  -10.977962|    0.326000|    0.018546|
|         605|  -11.552531|  -10.998291|    0.326000|    0.018546|
|         606|  -11.571793|  -11.017752|    0.326000|    0.018546|
|         607|  -11.590226|  -11.036364|    0.326000|    0.018546|
|         608|  -11.607853|  -11.054137|    0.326000|    0.018546|
|         609|  -11.624688|  -11.071071|    0.326000|    0.018546|
|         610|  -11.640740|  -11.087168|    0.326000|    0.018546|
|         611|  -11.656016|  -11.102429|    0.326000|    0.018546|
|         612|  -11.670522|  -11.116861|    0.326000|    0.018546|
|         613|  -11.684270|  -11.130484|    0.326000|    0.018546|
|         614|  -11.697285|  -11.143330|    0.326000|    0.018546|
|         615|  -11.709607|  -11.155452|    0.326000|    0.018546|
|         616|  -11.721293|  -11.166918|    0.326000|    0.018546|
|         617|  -11.732422|  -11.177817|    0.326000|    0.018546|
|         618|  -11.743091|  -11.188254|    0.326000|    0.018546|
|         619|  -11.753416|  -11.198348|    0.326000|    0.018546|
|         620|  -11.763525|  -11.208230|    0.326000|    0.018546|
|         621|  -11.773559|  -11.218039|    0.326000|    0.018546|
|         622|  -11.783663|  -11.227919|    0.326000|    0.018546|
|         623|  -11.793986|  -11.238016|    0.326000|    0.018546|
|         624|  -11.804674|  -11.248472|    0.326000|    0.018546|
|         625|  -11.815871|  -11.259431|    0.326000|    0.018546|
|         626|  -11.827709|  -11.271024|    0.326000|    0.018546|
|         627|  -11.840313|  -11.283375|    0.326000|    0.018546|
|         628|  -11.853792|  -11.296596|    0.326000|    0.018546|
|         629|  -11.868243|  -11.310786|    0.326000|    0.018546|
|         630|  -11.883750|  -11.326029|    0.326000|    0.018546|
|         631|  -11.900375|  -11.342393|    0.326000|    0.018546|
|         632|  -11.918170|  -11.359931|    0.326000|    0.018546|
|         633|  -11.937167|  -11.378676|    0.326000|    0.018546|
|         634|  -11.957384|  -11.398649|    0.326000|    0.018546|
|         635|  -11.978816|  -11.419847|    0.326000|    0.018546|
|         636|  -12.001450|  -11.442256|    0.326000|    0.018546|
|         637|  -12.025251|  -11.465843|    0.326000|    0.018546|
|         638|  -12.050169|  -11.490557|    0.326000|    0.018546|
|         639|  -12.076138|  -11.516334|    0.326000|    0.018546|
|         640|  -12.103079|  -11.543095|    0.326000|    0.018546|
|         641|  -12.130901|  -11.570745|    0.326000|    0.018546|
|         642|  -12.159492|  -11.599176|    0.326000|    0.018546|
|         643|  -12.188739|  -11.628273|    0.326000|    0.018546|
|         644|  -12.218512|  -11.657907|    0.326000|    0.018546|
|         645|  -12.248681|  -11.687948|    0.326000|    0.018546|
|         646|  -12.279105|  -11.718254|    0.326000|    0.018546|
|         647|  -12.309642|  -11.748684|    0.326000|    0.018546|
|         648|  -12.340150|  -11.779097|    0.326000|    0.018546|
|         649|  -12.370476|  -11.809344|    0.326000|    0.018546|
|         650|  -12.400469|  -11.839270|    0.326000|    0.018546|
|         651|  -12.429957|  -11.868714|    0.326000|    0.018546|
|         652|  -12.458764|  -11.897502|    0.326000|    0.018546|
|         653|  -12.486684|  -11.925439|    0.326000|    0.018546|
|         654|  -12.513474|  -11.952291|    0.326000|    0.018546|
|         655|  -12.538860|  -11.977797|    0.326000|    0.018546|
|         656|  -12.562556|  -12.001678|    0.326000|    0.018546|
|         657|  -12.584242|  -12.023629|    0.326000|    0.018546|
|         658|  -12.603628|  -12.043360|    0.326000|    0.018546|
|         659|  -12.620451|  -12.060612|    0.326000|    0.018546|
|         660|  -12.634557|  -12.075210|    0.326000|    0.018546|
|         661|  -12.645882|  -12.087067|    0.326000|    0.018546|
|         662|  -12.654555|  -12.096294|    0.326000|    0.018546|
|         663|  -12.660785|  -12.103051|    0.326000|    0.018546|
|         664|  -12.664929|  -12.107680|    0.326000|    0.018546|
|         665|  -12.667424|  -12.110579|    0.326000|    0.018546|
|         666|  -12.668722|  -12.112192|    0.326000|    0.018546|
|         667|  -12.669276|  -12.112970|    0.326000|    0.018546|
|         668|  -12.669524|  -12.113345|    0.326000|    0.018546|
|         669|  -12.669836|  -12.113694|    0.326000|    0.018546|
|         670|  -12.670533|  -12.114352|    0.326000|    0.018546|
|         671|  -12.671883|  -12.115595|    0.326000|    0.018546|
|         672|  -12.674083|  -12.117631|    0.326000|    0.018546|
|         673|  -12.677307|  -12.120642|    0.326000|    0.018546|
|         674|  -12.681690|  -12.124774|    0.326000|    0.018546|
|         675|  -12.687308|  -12.130109|    0.326000|    0.018546|
|         676|  -12.694235|  -12.136736|    0.326000|    0.018546|
|         677|  -12.702521|  -12.144703|    0.326000|    0.018546|
|         678|  -12.712193|  -12.154042|    0.326000|    0.018546|
|         679|  -12.723270|  -12.164783|    0.326000|    0.018546|
|         680|  -12.735754|  -12.176929|    0.326000|    0.018546|
|         681|  -12.749648|  -12.190480|    0.326000|    0.018546|
|         682|  -12.764938|  -12.205430|    0.326000|    0.018546|
|         683|  -12.781608|  -12.221767|    0.326000|    0.018546|
|         684|  -12.799651|  -12.239484|    0.326000|    0.018546|
|         685|  -12.819018|  -12.258533|    0.326000|    0.018546|
|         686|  -12.839690|  -12.278895|    0.326000|    0.018546|
|         687|  -12.861636|  -12.300546|    0.326000|    0.018546|
|         688|  -12.884802|  -12.323430|    0.326000|    0.018546|
|         689|  -12.909133|  -12.347495|    0.326000|    0.018546|
|         690|  -12.934586|  -12.372701|    0.326000|    0.018546|
|         691|  -12.961087|  -12.398973|    0.326000|    0.018546|
|         692|  -12.988568|  -12.426248|    0.326000|    0.018546|
|         693|  -13.016946|  -12.454436|    0.326000|    0.018546|
+-----------------------------------------------------------------------+
|      Convergence Field     |     Value    |   Criterion  |  Converged |
+-----------------------------------------------------------------------+
|                    rms[Rho]|      -13.0169|         < -13|         Yes|
+-----------------------------------------------------------------------+
+-----------------------------------------------------------------------+
|        File Writing Summary       |              Filename             |
+-----------------------------------------------------------------------+
|SU2 binary restart                 |restart_flow.dat                   |
Writing Flow Meta-Data file: flow.meta
|Paraview                           |flow.vtu                           |
Writing Flow Meta-Data file: flow.meta
|Paraview surface                   |surface_flow.vtu                   |
Writing Flow Meta-Data file: flow.meta
|CSV file                           |surface_flow.csv                   |
Writing Flow Meta-Data file: flow.meta
+-----------------------------------------------------------------------+
+----------------------------------------------------------------+
|  Inner_Iter|    rms[Rho]|   rms[RhoE]|          CL|          CD|
+----------------------------------------------------------------+
|         694|  -13.046114|  -12.483440|    0.326000|    0.018551|
+-----------------------------------------------------------------------+
|Fixed CL Mode                           |Value                         |
+-----------------------------------------------------------------------+
|Current CL                              |0.326                         |
|Target CL                               |0.326                         |
|Previous AOA                            |0.757664                      |
|Changed AoA by (Finite Difference step) |0.001                         |
+-----------------------------------------------------------------------+
+----------------------------------------------------------------+
|  Inner_Iter|    rms[Rho]|   rms[RhoE]|          CL|          CD|
+----------------------------------------------------------------+
|         695|   -5.812062|   -5.205347|    0.326000|    0.018551|
|         696|   -6.109346|   -5.498801|    0.326007|    0.018551|
|         697|   -6.352442|   -5.758871|    0.326037|    0.018552|
|         698|   -6.552176|   -5.941470|    0.326080|    0.018552|
|         699|   -6.715597|   -6.116254|    0.326119|    0.018552|
|         700|   -6.811790|   -6.213450|    0.326139|    0.018552|
|         701|   -6.948589|   -6.346880|    0.326143|    0.018552|
|         702|   -6.980877|   -6.377614|    0.326142|    0.018552|
|         703|   -7.035101|   -6.430349|    0.326146|    0.018553|
|         704|   -7.153067|   -6.554432|    0.326153|    0.018553|
|         705|   -7.227841|   -6.638649|    0.326160|    0.018553|
|         706|   -7.250545|   -6.661182|    0.326166|    0.018554|
|         707|   -7.299785|   -6.712529|    0.326170|    0.018554|
|         708|   -7.356933|   -6.778347|    0.326173|    0.018554|
|         709|   -7.379021|   -6.807241|    0.326175|    0.018554|
|         710|   -7.383702|   -6.814337|    0.326177|    0.018554|
|         711|   -7.386391|   -6.818894|    0.326179|    0.018554|
|         712|   -7.385831|   -6.820668|    0.326181|    0.018553|
|         713|   -7.382917|   -6.820151|    0.326182|    0.018553|
|         714|   -7.380171|   -6.819482|    0.326183|    0.018553|
|         715|   -7.378176|   -6.818937|    0.326185|    0.018553|
|         716|   -7.376792|   -6.818316|    0.326186|    0.018553|
|         717|   -7.376462|   -6.818317|    0.326187|    0.018552|
|         718|   -7.377913|   -6.819899|    0.326188|    0.018552|
|         719|   -7.381633|   -6.823593|    0.326189|    0.018552|
|         720|   -7.387812|   -6.829576|    0.326190|    0.018552|
|         721|   -7.396479|   -6.837905|    0.326191|    0.018552|
|         722|   -7.407619|   -6.848640|    0.326192|    0.018551|
|         723|   -7.421217|   -6.861828|    0.326193|    0.018551|
|         724|   -7.437212|   -6.877436|    0.326194|    0.018551|
|         725|   -7.455485|   -6.895331|    0.326195|    0.018551|
|         726|   -7.475896|   -6.915352|    0.326195|    0.018551|
|         727|   -7.498326|   -6.937368|    0.326196|    0.018551|
|         728|   -7.522681|   -6.961289|    0.326197|    0.018551|
|         729|   -7.548878|   -6.987041|    0.326198|    0.018551|
|         730|   -7.576837|   -7.014553|    0.326198|    0.018551|
|         731|   -7.606469|   -7.043751|    0.326199|    0.018552|
|         732|   -7.637674|   -7.074548|    0.326200|    0.018552|
|         733|   -7.670325|   -7.106831|    0.326200|    0.018552|
|         734|   -7.704259|   -7.140455|    0.326201|    0.018552|
|         735|   -7.739274|   -7.175235|    0.326201|    0.018552|
|         736|   -7.775114|   -7.210935|    0.326202|    0.018552|
|         737|   -7.811466|   -7.247259|    0.326202|    0.018552|
|         738|   -7.847964|   -7.283853|    0.326203|    0.018553|
|         739|   -7.884210|   -7.320323|    0.326203|    0.018553|
|         740|   -7.919807|   -7.356261|    0.326203|    0.018553|
|         741|   -7.954406|   -7.391296|    0.326204|    0.018553|
|         742|   -7.987748|   -7.425140|    0.326204|    0.018553|
|         743|   -8.019703|   -7.457625|    0.326205|    0.018553|
|         744|   -8.050285|   -7.488735|    0.326205|    0.018553|
|         745|   -8.079650|   -7.518596|    0.326205|    0.018553|
|         746|   -8.108062|   -7.547462|    0.326206|    0.018553|
|         747|   -8.135855|   -7.575663|    0.326206|    0.018553|
|         748|   -8.163375|   -7.603555|    0.326207|    0.018553|
|         749|   -8.190936|   -7.631473|    0.326207|    0.018553|
|         750|   -8.218783|   -7.659684|    0.326207|    0.018553|
|         751|   -8.247064|   -7.688356|    0.326208|    0.018553|
|         752|   -8.275815|   -7.717541|    0.326208|    0.018553|
|         753|   -8.304946|   -7.747156|    0.326209|    0.018553|
|         754|   -8.334246|   -7.776982|    0.326209|    0.018553|
|         755|   -8.363397|   -7.806677|    0.326209|    0.018553|
|         756|   -8.391997|   -7.835805|    0.326210|    0.018553|
|         757|   -8.419588|   -7.863866|    0.326210|    0.018553|
|         758|   -8.445705|   -7.890359|    0.326211|    0.018553|
|         759|   -8.469910|   -7.914824|    0.326211|    0.018553|
|         760|   -8.491831|   -7.936893|    0.326211|    0.018553|
|         761|   -8.511201|   -7.956335|    0.326212|    0.018553|
|         762|   -8.527878|   -7.973064|    0.326212|    0.018553|
|         763|   -8.541835|   -7.987121|    0.326213|    0.018553|
|         764|   -8.553154|   -7.998642|    0.326213|    0.018553|
|         765|   -8.562009|   -8.007823|    0.326213|    0.018553|
|         766|   -8.568650|   -8.014905|    0.326214|    0.018553|
|         767|   -8.573398|   -8.020161|    0.326214|    0.018554|
|         768|   -8.576630|   -8.023902|    0.326215|    0.018554|
|         769|   -8.578769|   -8.026476|    0.326215|    0.018554|
|         770|   -8.580264|   -8.028277|    0.326215|    0.018554|
|         771|   -8.581578|   -8.029730|    0.326216|    0.018554|
|         772|   -8.583160|   -8.031272|    0.326216|    0.018554|
|         773|   -8.585422|   -8.033322|    0.326217|    0.018554|
|         774|   -8.588721|   -8.036262|    0.326217|    0.018554|
|         775|   -8.593354|   -8.040422|    0.326217|    0.018554|
|         776|   -8.599556|   -8.046072|    0.326217|    0.018554|
|         777|   -8.607497|   -8.053420|    0.326218|    0.018554|
|         778|   -8.617291|   -8.062613|    0.326218|    0.018554|
|         779|   -8.628999|   -8.073740|    0.326218|    0.018554|
|         780|   -8.642635|   -8.086839|    0.326218|    0.018554|
|         781|   -8.658173|   -8.101900|    0.326219|    0.018554|
|         782|   -8.675547|   -8.118868|    0.326219|    0.018554|
|         783|   -8.694657|   -8.137648|    0.326219|    0.018554|
|         784|   -8.715368|   -8.158104|    0.326219|    0.018554|
|         785|   -8.737514|   -8.180069|    0.326219|    0.018554|
|         786|   -8.760904|   -8.203342|    0.326220|    0.018554|
|         787|   -8.785316|   -8.227695|    0.326220|    0.018554|
|         788|   -8.810510|   -8.252875|    0.326220|    0.018554|
|         789|   -8.836229|   -8.278616|    0.326220|    0.018554|
|         790|   -8.862208|   -8.304647|    0.326220|    0.018554|
|         791|   -8.888185|   -8.330701|    0.326220|    0.018554|
|         792|   -8.913911|   -8.356524|    0.326220|    0.018554|
|         793|   -8.939161|   -8.381892|    0.326220|    0.018554|
|         794|   -8.963736|   -8.406609|    0.326221|    0.018554|
|         795|   -8.987478|   -8.430516|    0.326221|    0.018554|
|         796|   -9.010263|   -8.453490|    0.326221|    0.018554|
|         797|   -9.032002|   -8.475440|    0.326221|    0.018554|
|         798|   -9.052637|   -8.496299|    0.326221|    0.018554|
|         799|   -9.072133|   -8.516023|    0.326221|    0.018554|
|         800|   -9.090472|   -8.534582|    0.326221|    0.018554|
|         801|   -9.107654|   -8.551961|    0.326221|    0.018554|
|         802|   -9.123692|   -8.568159|    0.326221|    0.018554|
|         803|   -9.138612|   -8.583195|    0.326221|    0.018554|
|         804|   -9.152458|   -8.597106|    0.326221|    0.018554|
|         805|   -9.165290|   -8.609952|    0.326222|    0.018554|
|         806|   -9.177185|   -8.621813|    0.326222|    0.018554|
|         807|   -9.188237|   -8.632790|    0.326222|    0.018554|
|         808|   -9.198556|   -8.643002|    0.326222|    0.018554|
|         809|   -9.208264|   -8.652580|    0.326222|    0.018554|
|         810|   -9.217496|   -8.661664|    0.326222|    0.018554|
|         811|   -9.226393|   -8.670404|    0.326222|    0.018554|
|         812|   -9.235100|   -8.678946|    0.326222|    0.018554|
|         813|   -9.243766|   -8.687441|    0.326222|    0.018554|
|         814|   -9.252534|   -8.696034|    0.326222|    0.018554|
|         815|   -9.261548|   -8.704864|    0.326222|    0.018554|
|         816|   -9.270941|   -8.714065|    0.326222|    0.018554|
|         817|   -9.280839|   -8.723762|    0.326222|    0.018554|
|         818|   -9.291360|   -8.734073|    0.326222|    0.018554|
|         819|   -9.302612|   -8.745105|    0.326222|    0.018554|
|         820|   -9.314689|   -8.756953|    0.326222|    0.018554|
|         821|   -9.327675|   -8.769704|    0.326222|    0.018554|
|         822|   -9.341641|   -8.783429|    0.326222|    0.018554|
|         823|   -9.356644|   -8.798188|    0.326222|    0.018554|
|         824|   -9.372729|   -8.814029|    0.326223|    0.018554|
|         825|   -9.389927|   -8.830986|    0.326223|    0.018554|
|         826|   -9.408258|   -8.849077|    0.326223|    0.018554|
|         827|   -9.427724|   -8.868310|    0.326223|    0.018554|
|         828|   -9.448318|   -8.888677|    0.326223|    0.018554|
|         829|   -9.470018|   -8.910157|    0.326223|    0.018554|
|         830|   -9.492788|   -8.932716|    0.326223|    0.018554|
|         831|   -9.516581|   -8.956307|    0.326223|    0.018554|
|         832|   -9.541336|   -8.980869|    0.326223|    0.018554|
|         833|   -9.566981|   -9.006331|    0.326223|    0.018554|
|         834|   -9.593431|   -9.032609|    0.326223|    0.018554|
|         835|   -9.620593|   -9.059608|    0.326223|    0.018554|
|         836|   -9.648360|   -9.087224|    0.326223|    0.018554|
|         837|   -9.676618|   -9.115341|    0.326223|    0.018554|
|         838|   -9.705242|   -9.143837|    0.326223|    0.018554|
|         839|   -9.734098|   -9.172577|    0.326223|    0.018554|
|         840|   -9.763044|   -9.201420|    0.326223|    0.018554|
|         841|   -9.791925|   -9.230214|    0.326223|    0.018554|
|         842|   -9.820577|   -9.258796|    0.326223|    0.018554|
|         843|   -9.848820|   -9.286990|    0.326223|    0.018554|
|         844|   -9.876460|   -9.314607|    0.326223|    0.018554|
|         845|   -9.903284|   -9.341439|    0.326223|    0.018554|
|         846|   -9.929061|   -9.367262|    0.326223|    0.018554|
|         847|   -9.953545|   -9.391838|    0.326223|    0.018554|
|         848|   -9.976483|   -9.414922|    0.326223|    0.018554|
|         849|   -9.997626|   -9.436271|    0.326223|    0.018554|
|         850|  -10.016751|   -9.455664|    0.326223|    0.018554|
|         851|  -10.033677|   -9.472921|    0.326223|    0.018554|
|         852|  -10.048297|   -9.487925|    0.326223|    0.018554|
|         853|  -10.060588|   -9.500641|    0.326223|    0.018554|
|         854|  -10.070627|   -9.511127|    0.326223|    0.018554|
|         855|  -10.078586|   -9.519533|    0.326223|    0.018554|
|         856|  -10.084720|   -9.526093|    0.326223|    0.018554|
|         857|  -10.089342|   -9.531102|    0.326223|    0.018554|
|         858|  -10.092800|   -9.534894|    0.326223|    0.018554|
|         859|  -10.095452|   -9.537814|    0.326223|    0.018554|
|         860|  -10.097640|   -9.540202|    0.326223|    0.018554|
|         861|  -10.099682|   -9.542375|    0.326223|    0.018554|
|         862|  -10.101859|   -9.544616|    0.326223|    0.018554|
|         863|  -10.104412|   -9.547171|    0.326223|    0.018554|
|         864|  -10.107543|   -9.550249|    0.326223|    0.018554|
|         865|  -10.111416|   -9.554022|    0.326223|    0.018554|
|         866|  -10.116165|   -9.558629|    0.326223|    0.018554|
|         867|  -10.121893|   -9.564179|    0.326223|    0.018554|
|         868|  -10.128679|   -9.570760|    0.326223|    0.018554|
|         869|  -10.136583|   -9.578435|    0.326223|    0.018554|
|         870|  -10.145647|   -9.587252|    0.326223|    0.018554|
|         871|  -10.155900|   -9.597244|    0.326223|    0.018554|
|         872|  -10.167359|   -9.608432|    0.326223|    0.018554|
|         873|  -10.180032|   -9.620827|    0.326223|    0.018554|
|         874|  -10.193917|   -9.634431|    0.326223|    0.018554|
|         875|  -10.209006|   -9.649237|    0.326223|    0.018554|
|         876|  -10.225284|   -9.665235|    0.326223|    0.018554|
|         877|  -10.242731|   -9.682405|    0.326224|    0.018554|
|         878|  -10.261320|   -9.700722|    0.326224|    0.018554|
|         879|  -10.281018|   -9.720156|    0.326224|    0.018554|
|         880|  -10.301787|   -9.740670|    0.326224|    0.018554|
|         881|  -10.323583|   -9.762221|    0.326224|    0.018554|
|         882|  -10.346353|   -9.784759|    0.326224|    0.018554|
|         883|  -10.370041|   -9.808229|    0.326224|    0.018554|
|         884|  -10.394580|   -9.832565|    0.326224|    0.018554|
|         885|  -10.419897|   -9.857697|    0.326224|    0.018554|
|         886|  -10.445911|   -9.883543|    0.326224|    0.018554|
|         887|  -10.472531|   -9.910013|    0.326224|    0.018554|
|         888|  -10.499654|   -9.937008|    0.326224|    0.018554|
|         889|  -10.527172|   -9.964417|    0.326224|    0.018554|
|         890|  -10.554961|   -9.992120|    0.326224|    0.018554|
|         891|  -10.582888|  -10.019983|    0.326224|    0.018554|
|         892|  -10.610810|  -10.047862|    0.326224|    0.018554|
|         893|  -10.638571|  -10.075603|    0.326224|    0.018554|
|         894|  -10.666003|  -10.103038|    0.326224|    0.018554|
|         895|  -10.692931|  -10.129993|    0.326224|    0.018554|
|         896|  -10.719173|  -10.156285|    0.326224|    0.018554|
|         897|  -10.744540|  -10.181730|    0.326224|    0.018554|
|         898|  -10.768848|  -10.206143|    0.326224|    0.018554|
|         899|  -10.791922|  -10.229350|    0.326224|    0.018554|
|         900|  -10.813603|  -10.251194|    0.326224|    0.018554|
|         901|  -10.833760|  -10.271545|    0.326224|    0.018554|
|         902|  -10.852298|  -10.290306|    0.326224|    0.018554|
|         903|  -10.869169|  -10.307426|    0.326224|    0.018554|
|         904|  -10.884376|  -10.322904|    0.326224|    0.018554|
|         905|  -10.897976|  -10.336790|    0.326224|    0.018554|
|         906|  -10.910074|  -10.349181|    0.326224|    0.018554|
|         907|  -10.920825|  -10.360223|    0.326224|    0.018554|
|         908|  -10.930415|  -10.370094|    0.326224|    0.018554|
|         909|  -10.939057|  -10.378998|    0.326224|    0.018554|
|         910|  -10.946974|  -10.387152|    0.326224|    0.018554|
|         911|  -10.954394|  -10.394775|    0.326224|    0.018554|
|         912|  -10.961534|  -10.402084|    0.326224|    0.018554|
|         913|  -10.968598|  -10.409279|    0.326224|    0.018554|
|         914|  -10.975773|  -10.416547|    0.326224|    0.018554|
|         915|  -10.983224|  -10.424053|    0.326224|    0.018554|
|         916|  -10.991092|  -10.431940|    0.326224|    0.018554|
|         917|  -10.999498|  -10.440332|    0.326224|    0.018554|
|         918|  -11.008541|  -10.449330|    0.326224|    0.018554|
|         919|  -11.018301|  -10.459018|    0.326224|    0.018554|
|         920|  -11.028842|  -10.469462|    0.326224|    0.018554|
|         921|  -11.040208|  -10.480711|    0.326224|    0.018554|
|         922|  -11.052432|  -10.492801|    0.326224|    0.018554|
|         923|  -11.065533|  -10.505753|    0.326224|    0.018554|
|         924|  -11.079517|  -10.519579|    0.326224|    0.018554|
|         925|  -11.094383|  -10.534278|    0.326224|    0.018554|
|         926|  -11.110116|  -10.549839|    0.326224|    0.018554|
|         927|  -11.126696|  -10.566246|    0.326224|    0.018554|
|         928|  -11.144093|  -10.583468|    0.326224|    0.018554|
|         929|  -11.162268|  -10.601473|    0.326224|    0.018554|
|         930|  -11.181177|  -10.620216|    0.326224|    0.018554|
|         931|  -11.200766|  -10.639646|    0.326224|    0.018554|
|         932|  -11.220977|  -10.659707|    0.326224|    0.018554|
|         933|  -11.241742|  -10.680332|    0.326224|    0.018554|
|         934|  -11.262988|  -10.701450|    0.326224|    0.018554|
|         935|  -11.284633|  -10.722982|    0.326224|    0.018554|
|         936|  -11.306592|  -10.744841|    0.326224|    0.018554|
|         937|  -11.328769|  -10.766934|    0.326224|    0.018554|
|         938|  -11.351066|  -10.789164|    0.326224|    0.018554|
|         939|  -11.373376|  -10.811424|    0.326224|    0.018554|
|         940|  -11.395589|  -10.833604|    0.326224|    0.018554|
|         941|  -11.417589|  -10.855591|    0.326224|    0.018554|
|         942|  -11.439258|  -10.877266|    0.326224|    0.018554|
|         943|  -11.460480|  -10.898513|    0.326224|    0.018554|
|         944|  -11.481136|  -10.919213|    0.326224|    0.018554|
|         945|  -11.501113|  -10.939255|    0.326224|    0.018554|
|         946|  -11.520309|  -10.958535|    0.326224|    0.018548|
+-----------------------------------------------------------------------+
|Fixed CL Mode (Finite Difference)       |Value                         |
+-----------------------------------------------------------------------+
|Delta CL / Delta AoA                    |0.223649                      |
|Delta CD / Delta CL                     |0.0378635                     |
|Delta CMz / Delta CL                    |-0.0183368                    |
+-----------------------------------------------------------------------+
Writing Flow Meta-Data file: flow.meta

--------------------------- Finalizing Solver ---------------------------
Deleted CNumerics container.
Deleted CIntegration container.
Deleted CSolver container.
Deleted CIteration container.
Deleted CInterface container.
Deleted CGeometry container.
Deleted CFreeFormDefBox class.
Deleted CSurfaceMovement class.
Deleted CVolumetricMovement class.
Deleted CConfig container.
Deleted nInst container.
Deleted COutput class.
-------------------------------------------------------------------------

------------------------- Exit Success (SU2_CFD) ------------------------

