
-------------------------------------------------------------------------
|    ___ _   _ ___                                                      |
|   / __| | | |_  )   Release 8.3.0 "Harrier"                           |
|   \__ \ |_| |/ /                                                      |
|   |___/\___//___|   Suite (Computational Fluid Dynamics Code)         |
|                                                                       |
-------------------------------------------------------------------------
| SU2 Project Website: https://su2code.github.io                        |
|                                                                       |
| The SU2 Project is maintained by the SU2 Foundation                   |
| (http://su2foundation.org)                                            |
-------------------------------------------------------------------------
| Copyright 2012-2025, SU2 Contributors                                 |
|                                                                       |
| SU2 is free software; you can redistribute it and/or                  |
| modify it under the terms of the GNU Lesser General Public            |
| License as published by the Free Software Foundation; either          |
| version 2.1 of the License, or (at your option) any later version.    |
|                                                                       |
| SU2 is distributed in the hope that it will be useful,                |
| but WITHOUT ANY WARRANTY; without even the implied warranty of        |
| MERCHANTABILITY or FITNESS FOR A PARTICULAR PURPOSE. See the GNU      |
| Lesser General Public License for more details.                       |
|                                                                       |
| You should have received a copy of the GNU Lesser General Public      |
| License along with SU2. If not, see <http://www.gnu.org/licenses/>.   |
-------------------------------------------------------------------------

Parsing config file for zone 0

----------------- Physical Case Definition ( Zone 0 ) -------------------
Compressible Euler equations.
Mach number: 0.8.
Angle of attack (AoA): 1.25 deg, and angle of sideslip (AoS): 0 deg.
Fixed CL mode, target value: 0.326.
Reading and writing binary SU2 native restart files.
Read flow solution from: solution_flow.
Non-Dimensional simulation (P=1.0, Rho=1.0, T=1.0 at the farfield).
The reference area is 1 m^2.
The semi-span will be computed using the max y(3D) value.
The reference length is 1 m.
Reference origin for moment evaluation is (0.25, 0, 0).
Surface(s) where the force coefficients are evaluated: airfoil.

Surface(s) plotted in the output file: airfoil.
Surface(s) affected by the design variables: airfoil.
Input mesh file name: mesh_NACA0012_inv_deform.su2

--------------- Space Numerical Integration ( Zone 0 ) ------------------
Jameson-Schmidt-Turkel scheme (2nd order in space) for the flow inviscid terms.
JST viscous coefficients (2nd & 4th): 0.5, 0.02.
The method includes a grid stretching correction (p = 0.3).
Gradient for viscous and source terms: Green-Gauss.

--------------- Time Numerical Integration  ( Zone 0 ) ------------------
Local time stepping (steady state simulation).
Euler implicit method for the flow equations.
FGMRES is used for solving the linear system.
Using a LU-SGS preconditioning.
Convergence criteria of the linear solver: 0.0001.
Max number of linear iterations: 2.
V Multigrid Cycle, with 2 multigrid levels.
Damping factor for the residual restriction: 1.
Damping factor for the correction prolongation: 1.
No CFL adaptation.
+-------------------------------------------+
|  MG Level| Presmooth|PostSmooth|CorrectSmo|
+-------------------------------------------+
|         0|         1|         0|         0|
|         1|         2|         0|         0|
|         2|         3|         0|         0|
+-------------------------------------------+
Courant-Friedrichs-Lewy number:       10

------------------ Convergence Criteria  ( Zone 0 ) ---------------------
Maximum number of solver subiterations: 1250.
Begin convergence monitoring at iteration 10.
Residual minimum value: 1e-13.
Cauchy series min. value: 1e-06.
Number of Cauchy elements: 100.
Begin windowed time average at iteration 0.

-------------------- Output Information ( Zone 0 ) ----------------------
File writing frequency: 
+------------------------------------+
|                     File| Frequency|
+------------------------------------+
|                  RESTART|       250|
|                 PARAVIEW|       250|
|         SURFACE_PARAVIEW|       250|
|              SURFACE_CSV|       250|
+------------------------------------+
Writing the convergence history file every 1 inner iterations.
Writing the screen convergence history every 1 inner iterations.
The tabular file format is CSV (.csv).
Convergence history file name: history_direct.
Forces breakdown file name: forces_breakdown.dat.
Surface file name: surface_flow.
Volume file name: flow.
Restart file name: restart_flow.

------------- Config File Boundary Information ( Zone 0 ) ---------------
+-----------------------------------------------------------------------+
|                        Marker Type|                        Marker Name|
+-----------------------------------------------------------------------+
|                         Euler wall|                            airfoil|
+-----------------------------------------------------------------------+
|                          Far-field|                           farfield|
+-----------------------------------------------------------------------+

-------------------- Output Preprocessing ( Zone 0 ) --------------------

WARNING: SURFACE_PRESSURE_DROP can only be computed for at least 2 surfaces (outlet, inlet, ...)

Screen output fields: INNER_ITER, RMS_DENSITY, RMS_ENERGY, LIFT, DRAG
History output group(s): ITER, RMS_RES, AERO_COEFF
Convergence field(s): RMS_DENSITY
Warning: No (valid) fields chosen for time convergence monitoring. Time convergence monitoring inactive.
Volume output fields: COORDINATES, SOLUTION, PRIMITIVE

------------------- Geometry Preprocessing ( Zone 0 ) -------------------
Two dimensional problem.
5233 grid points.
10216 volume elements.
2 surface markers.
200 boundary elements in index 0 (Marker = airfoil).
50 boundary elements in index 1 (Marker = farfield).
10216 triangles.
Setting point connectivity.
Renumbering points (Reverse Cuthill McKee Ordering).
Recomputing point connectivity.
Setting element connectivity.
Checking the numerical grid orientation.
All volume elements are correctly oriented.
All surface elements are correctly oriented.
Identifying edges and vertices.
Setting the control volume structure.
Area of the computational grid: 1253.25.
Searching for the closest normal neighbors to the surfaces.
Storing a mapping from global to local point index.
Compute the surface curvature.
Max K: 7835.1. Mean K: 34.936. Standard deviation K: 494.426.
Checking for periodicity.
Computing mesh quality statistics for the dual control volumes.
+--------------------------------------------------------------+
|           Mesh Quality Metric|        Minimum|        Maximum|
+--------------------------------------------------------------+
|    Orthogonality Angle (deg.)|        62.9666|        89.7192|
|     CV Face Area Aspect Ratio|        1.00274|        7.18193|
|           CV Sub-Volume Ratio|        1.00227|        6.47597|
+--------------------------------------------------------------+
Setting the multigrid structure.
+-------------------------------------------+
|  MG Level|       CVs|Aggl. Rate|       CFL|
+-------------------------------------------+
|         0|      5233|    1/1.00|        10|
|         1|      1690|     1/3.1|   8.52431|
|         2|       649|     1/2.6|   7.92373|
+-------------------------------------------+
Finding max control volume width.
Wetted area = 2.03918 m.
Area projection in the x-plane = 0.114673 m, y-plane = 0.999845 m.
Max. coordinate in the x-direction = 1 m, y-direction = 0.0585348 m.
Min. coordinate in the x-direction = 0 m, y-direction = -0.0561596 m.
Computing wall distances.

-------------------- Solver Preprocessing ( Zone 0 ) --------------------
WARNING: AoA in the solution file (0.702878 deg.) +
         AoA offset in mesh file (0 deg.) = 0.702878 deg.
WARNING: SU2 will use the dCD/dCL provided in the direct solution file: 0.0249701.
WARNING: SU2 will use the dCMz/dCL provided in the direct solution file: -0.0248709.
Inviscid flow: Computing density based on free-stream
temperature and pressure using the ideal gas law.
Force coefficients computed using free-stream values.

-- Models:
+------------------------------------------------------------------------------+
|          Viscosity Model|        Conductivity Model|              Fluid Model|
+------------------------------------------------------------------------------+
|                        -|                         -|             STANDARD_AIR|
+------------------------------------------------------------------------------+
-- Fluid properties:
+------------------------------------------------------------------------------+
|                  Name|    Dim. value|    Ref. value|      Unit|Non-dim. value|
+------------------------------------------------------------------------------+
|          Gas Constant|       287.058|       287.058|  N.m/kg.K|             1|
|      Spec. Heat Ratio|             -|             -|         -|           1.4|
+------------------------------------------------------------------------------+
-- Initial and free-stream conditions:
+------------------------------------------------------------------------------+
|                  Name|    Dim. value|    Ref. value|      Unit|Non-dim. value|
+------------------------------------------------------------------------------+
|       Static Pressure|        101325|        101325|        Pa|             1|
|               Density|       1.22498|       1.22498|    kg/m^3|             1|
|           Temperature|        288.15|        288.15|         K|             1|
|          Total Energy|        243846|       82715.8|   m^2/s^2|         2.948|
|            Velocity-X|       272.217|       287.603|       m/s|      0.946502|
|            Velocity-Y|        3.3396|       287.603|       m/s|     0.0116118|
|    Velocity Magnitude|       272.238|       287.603|       m/s|      0.946573|
+------------------------------------------------------------------------------+
|           Mach Number|             -|             -|         -|           0.8|
+------------------------------------------------------------------------------+
Initialize Jacobian structure (Euler). MG level: 0.
Initialize Jacobian structure (Euler). MG level: 1.
Initialize Jacobian structure (Euler). MG level: 2.

------------------- Numerics Preprocessing ( Zone 0 ) -------------------

----------------- Integration Preprocessing ( Zone 0 ) ------------------

------------------- Iteration Preprocessing ( Zone 0 ) ------------------
Euler/Navier-Stokes/RANS fluid iteration.

------------------------------ Begin Solver -----------------------------

Simulation Run using the Single-zone Driver
WARNING: SU2 was not compiled for an AVX-capable architecture. Performance could be better,
         see https://su2code.github.io/docs_v7/Build-SU2-Linux-MacOS/#compiler-optimizations
WARNING: SU2 was not compiled for an AVX-capable architecture. Performance could be better,
         see https://su2code.github.io/docs_v7/Build-SU2-Linux-MacOS/#compiler-optimizations
WARNING: SU2 was not compiled for an AVX-capable architecture. Performance could be better,
         see https://su2code.github.io/docs_v7/Build-SU2-Linux-MacOS/#compiler-optimizations
+----------------------------------------------------------------+
|  Inner_Iter|    rms[Rho]|   rms[RhoE]|          CL|          CD|
+----------------------------------------------------------------+
|           0|   -5.060609|   -4.464227|    0.326843|    0.017799|
|           1|   -5.342924|   -4.742244|    0.325556|    0.016468|
|           2|   -5.258689|   -4.675121|    0.325761|    0.015967|
|           3|   -5.223917|   -4.640590|    0.325384|    0.016032|
|           4|   -5.170949|   -4.596838|    0.324930|    0.015736|
|           5|   -5.127416|   -4.560796|    0.325194|    0.015500|
|           6|   -5.085335|   -4.520430|    0.325088|    0.015309|
|           7|   -5.051566|   -4.487521|    0.324930|    0.015131|
|           8|   -5.020520|   -4.458520|    0.325011|    0.014954|
|           9|   -4.997246|   -4.436602|    0.325136|    0.014763|
|          10|   -4.979228|   -4.418370|    0.325285|    0.014582|
|          11|   -4.965994|   -4.405125|    0.325518|    0.014413|
|          12|   -4.957061|   -4.397134|    0.325837|    0.014245|
|          13|   -4.951807|   -4.392952|    0.326206|    0.014074|
|          14|   -4.949947|   -4.391444|    0.326613|    0.013906|
|          15|   -4.951010|   -4.392299|    0.327065|    0.013748|
|          16|   -4.954890|   -4.396033|    0.327541|    0.013603|
|          17|   -4.959314|   -4.400508|    0.328060|    0.013473|
|          18|   -4.964171|   -4.405943|    0.328570|    0.013350|
|          19|   -4.969879|   -4.412426|    0.329062|    0.013235|
|          20|   -4.974870|   -4.417852|    0.329550|    0.013130|
|          21|   -4.979737|   -4.422889|    0.330018|    0.013036|
|          22|   -4.984403|   -4.427519|    0.330451|    0.012950|
|          23|   -4.989134|   -4.432005|    0.330838|    0.012874|
|          24|   -4.994128|   -4.436566|    0.331187|    0.012809|
|          25|   -4.999307|   -4.441216|    0.331498|    0.012755|
|          26|   -5.005139|   -4.446507|    0.331769|    0.012711|
|          27|   -5.011978|   -4.452776|    0.332006|    0.012676|
|          28|   -5.020529|   -4.460761|    0.332218|    0.012652|
|          29|   -5.031126|   -4.470828|    0.332407|    0.012637|
|          30|   -5.044330|   -4.483672|    0.332562|    0.012629|
|          31|   -5.059818|   -4.499050|    0.332675|    0.012629|
|          32|   -5.076583|   -4.515892|    0.332753|    0.012634|
|          33|   -5.094729|   -4.534159|    0.332800|    0.012643|
|          34|   -5.113616|   -4.553088|    0.332822|    0.012655|
|          35|   -5.134419|   -4.574145|    0.332822|    0.012669|
|          36|   -5.153820|   -4.593971|    0.332805|    0.012684|
|          37|   -5.171372|   -4.611879|    0.332786|    0.012698|
|          38|   -5.186987|   -4.627806|    0.332761|    0.012711|
|          39|   -5.200885|   -4.642011|    0.332728|    0.012722|
|          40|   -5.213739|   -4.655153|    0.332692|    0.012731|
|          41|   -5.225798|   -4.667639|    0.332651|    0.012736|
|          42|   -5.237674|   -4.680079|    0.332604|    0.012739|
|          43|   -5.250448|   -4.693340|    0.332554|    0.012739|
|          44|   -5.264399|   -4.707644|    0.332504|    0.012736|
|          45|   -5.279855|   -4.723327|    0.332453|    0.012732|
|          46|   -5.296937|   -4.740534|    0.332399|    0.012726|
|          47|   -5.315601|   -4.759284|    0.332342|    0.012719|
|          48|   -5.335919|   -4.779652|    0.332282|    0.012711|
|          49|   -5.358779|   -4.802497|    0.332220|    0.012703|
|          50|   -5.383591|   -4.827151|    0.332158|    0.012696|
|          51|   -5.409946|   -4.853257|    0.332102|    0.012511|
+-----------------------------------------------------------------------+
|Fixed CL Mode                           |Value                         |
+-----------------------------------------------------------------------+
|Current CL                              |0.332102                      |
|Target CL                               |0.326                         |
|Previous AOA                            |0.702878                      |
|Changed AoA by                          |-0.0307881                    |
+-----------------------------------------------------------------------+
+----------------------------------------------------------------+
|  Inner_Iter|    rms[Rho]|   rms[RhoE]|          CL|          CD|
+----------------------------------------------------------------+
|          52|   -4.322494|   -3.716028|    0.332028|    0.012506|
|          53|   -4.616410|   -4.006882|    0.331739|    0.012501|
|          54|   -4.852566|   -4.260782|    0.330788|    0.012489|
|          55|   -5.038026|   -4.432460|    0.329401|    0.012473|
|          56|   -5.182779|   -4.590100|    0.328164|    0.012470|
|          57|   -5.268040|   -4.677735|    0.327452|    0.012472|
|          58|   -5.379292|   -4.789616|    0.327269|    0.012477|
|          59|   -5.413192|   -4.821779|    0.327249|    0.012480|
|          60|   -5.463481|   -4.870973|    0.327089|    0.012477|
|          61|   -5.557641|   -4.971590|    0.326826|    0.012475|
|          62|   -5.623269|   -5.043679|    0.326582|    0.012478|
|          63|   -5.656804|   -5.076016|    0.326391|    0.012483|
|          64|   -5.708140|   -5.128432|    0.326240|    0.012491|
|          65|   -5.766522|   -5.192563|    0.326126|    0.012502|
|          66|   -5.800979|   -5.231366|    0.326047|    0.012515|
|          67|   -5.818299|   -5.250457|    0.325992|    0.012530|
|          68|   -5.827895|   -5.262236|    0.325944|    0.012545|
|          69|   -5.829118|   -5.266754|    0.325902|    0.012561|
|          70|   -5.822658|   -5.263858|    0.325871|    0.012578|
|          71|   -5.810664|   -5.254897|    0.325850|    0.012596|
|          72|   -5.794829|   -5.241172|    0.325834|    0.012613|
|          73|   -5.776930|   -5.224529|    0.325820|    0.012631|
|          74|   -5.758802|   -5.207135|    0.325807|    0.012648|
|          75|   -5.741753|   -5.190532|    0.325795|    0.012664|
|          76|   -5.726482|   -5.175509|    0.325783|    0.012680|
|          77|   -5.713373|   -5.162459|    0.325769|    0.012694|
|          78|   -5.702504|   -5.151492|    0.325752|    0.012707|
|          79|   -5.693888|   -5.142706|    0.325732|    0.012719|
|          80|   -5.687523|   -5.136145|    0.325711|    0.012729|
|          81|   -5.683356|   -5.131769|    0.325687|    0.012738|
|          82|   -5.681271|   -5.129470|    0.325662|    0.012746|
|          83|   -5.681154|   -5.129146|    0.325635|    0.012752|
|          84|   -5.682876|   -5.130654|    0.325606|    0.012756|
|          85|   -5.686350|   -5.133906|    0.325577|    0.012760|
|          86|   -5.691532|   -5.138871|    0.325547|    0.012761|
|          87|   -5.698380|   -5.145514|    0.325518|    0.012762|
|          88|   -5.706771|   -5.153708|    0.325491|    0.012762|
|          89|   -5.716574|   -5.163321|    0.325465|    0.012760|
|          90|   -5.727700|   -5.174263|    0.325441|    0.012758|
|          91|   -5.740068|   -5.186450|    0.325420|    0.012755|
|          92|   -5.753608|   -5.199812|    0.325401|    0.012752|
|          93|   -5.768300|   -5.214327|    0.325385|    0.012747|
|          94|   -5.784161|   -5.230001|    0.325371|    0.012743|
|          95|   -5.800946|   -5.246574|    0.325361|    0.012739|
|          96|   -5.818583|   -5.264044|    0.325354|    0.012734|
|          97|   -5.837080|   -5.282381|    0.325349|    0.012729|
|          98|   -5.856490|   -5.301604|    0.325348|    0.012725|
|          99|   -5.877302|   -5.322227|    0.325348|    0.012721|
|         100|   -5.899145|   -5.343812|    0.325351|    0.012716|
|         101|   -5.921822|   -5.366251|    0.325355|    0.012731|
+-----------------------------------------------------------------------+
|Fixed CL Mode                           |Value                         |
+-----------------------------------------------------------------------+
|Current CL                              |0.325355                      |
|Target CL                               |0.326                         |
|Previous AOA                            |0.67209                       |
|Changed AoA by                          |0.0032447                     |
+-----------------------------------------------------------------------+
+----------------------------------------------------------------+
|  Inner_Iter|    rms[Rho]|   rms[RhoE]|          CL|          CD|
+----------------------------------------------------------------+
|         102|   -5.289932|   -4.685504|    0.325364|    0.012727|
|         103|   -5.562152|   -4.959080|    0.325397|    0.012724|
|         104|   -5.754285|   -5.172284|    0.325502|    0.012722|
|         105|   -5.881053|   -5.297031|    0.325655|    0.012721|
|         106|   -5.965200|   -5.393478|    0.325794|    0.012720|
|         107|   -6.015287|   -5.446156|    0.325880|    0.012718|
|         108|   -6.071101|   -5.504492|    0.325910|    0.012716|
|         109|   -6.104906|   -5.537691|    0.325924|    0.012715|
|         110|   -6.143980|   -5.576629|    0.325954|    0.012715|
|         111|   -6.194277|   -5.629746|    0.325995|    0.012715|
|         112|   -6.238475|   -5.675684|    0.326035|    0.012715|
|         113|   -6.277421|   -5.714162|    0.326068|    0.012715|
|         114|   -6.320672|   -5.757725|    0.326097|    0.012715|
|         115|   -6.364813|   -5.803331|    0.326121|    0.012714|
|         116|   -6.402934|   -5.842691|    0.326141|    0.012713|
|         117|   -6.434675|   -5.875400|    0.326158|    0.012712|
|         118|   -6.460391|   -5.902265|    0.326173|    0.012711|
|         119|   -6.479153|   -5.922451|    0.326187|    0.012710|
|         120|   -6.490537|   -5.935462|    0.326198|    0.012709|
|         121|   -6.494937|   -5.941497|    0.326207|    0.012707|
|         122|   -6.493330|   -5.941266|    0.326214|    0.012706|
|         123|   -6.487244|   -5.936155|    0.326219|    0.012705|
|         124|   -6.478442|   -5.927957|    0.326223|    0.012703|
|         125|   -6.468466|   -5.918313|    0.326225|    0.012702|
|         126|   -6.458447|   -5.908429|    0.326226|    0.012701|
|         127|   -6.449132|   -5.899107|    0.326226|    0.012699|
|         128|   -6.440991|   -5.890860|    0.326225|    0.012699|
|         129|   -6.434317|   -5.884014|    0.326223|    0.012698|
|         130|   -6.429288|   -5.878776|    0.326220|    0.012697|
|         131|   -6.425996|   -5.875250|    0.326217|    0.012697|
|         132|   -6.424479|   -5.873484|    0.326213|    0.012696|
|         133|   -6.424739|   -5.873482|    0.326209|    0.012696|
|         134|   -6.426751|   -5.875220|    0.326204|    0.012696|
|         135|   -6.430487|   -5.878674|    0.326200|    0.012696|
|         136|   -6.435931|   -5.883827|    0.326195|    0.012697|
|         137|   -6.443055|   -5.890651|    0.326190|    0.012697|
|         138|   -6.451819|   -5.899109|    0.326186|    0.012698|
|         139|   -6.462168|   -5.909150|    0.326181|    0.012699|
|         140|   -6.474053|   -5.920726|    0.326176|    0.012700|
|         141|   -6.487438|   -5.933799|    0.326172|    0.012701|
|         142|   -6.502289|   -5.948339|    0.326168|    0.012702|
|         143|   -6.518575|   -5.964315|    0.326163|    0.012703|
|         144|   -6.536268|   -5.981700|    0.326159|    0.012704|
|         145|   -6.555335|   -6.000461|    0.326155|    0.012706|
|         146|   -6.575753|   -6.020573|    0.326151|    0.012707|
|         147|   -6.597499|   -6.042013|    0.326148|    0.012708|
|         148|   -6.620558|   -6.064763|    0.326144|    0.012709|
|         149|   -6.644916|   -6.088809|    0.326140|    0.012711|
|         150|   -6.670564|   -6.114140|    0.326137|    0.012712|
|         151|   -6.697494|   -6.140745|    0.326134|    0.012709|
+-----------------------------------------------------------------------+
|Fixed CL Mode                           |Value                         |
+-----------------------------------------------------------------------+
|Current CL                              |0.326134                      |
|Target CL                               |0.326                         |
|Previous AOA                            |0.675335                      |
|Changed AoA by                          |-0.000684555                  |
+-----------------------------------------------------------------------+
+----------------------------------------------------------------+
|  Inner_Iter|    rms[Rho]|   rms[RhoE]|          CL|          CD|
+----------------------------------------------------------------+
|         152|   -5.969932|   -5.364531|    0.326130|    0.012710|
|         153|   -6.251158|   -5.645474|    0.326122|    0.012711|
|         154|   -6.461751|   -5.875982|    0.326099|    0.012712|
|         155|   -6.610573|   -6.018840|    0.326066|    0.012713|
|         156|   -6.715375|   -6.136785|    0.326036|    0.012713|
|         157|   -6.777085|   -6.201419|    0.326018|    0.012714|
|         158|   -6.847899|   -6.275121|    0.326012|    0.012715|
|         159|   -6.882354|   -6.308843|    0.326009|    0.012716|
|         160|   -6.922017|   -6.348808|    0.326002|    0.012716|
|         161|   -6.974258|   -6.406099|    0.325994|    0.012716|
|         162|   -7.009862|   -6.445514|    0.325986|    0.012717|
|         163|   -7.031048|   -6.467487|    0.325979|    0.012717|
|         164|   -7.051597|   -6.490138|    0.325973|    0.012717|
|         165|   -7.065176|   -6.506968|    0.325969|    0.012718|
|         166|   -7.066415|   -6.510513|    0.325964|    0.012718|
|         167|   -7.059886|   -6.505503|    0.325961|    0.012718|
|         168|   -7.049346|   -6.496186|    0.325958|    0.012719|
|         169|   -7.036385|   -6.484196|    0.325955|    0.012719|
|         170|   -7.022235|   -6.470777|    0.325953|    0.012719|
|         171|   -7.007922|   -6.456972|    0.325951|    0.012719|
|         172|   -6.994169|   -6.443503|    0.325949|    0.012720|
|         173|   -6.981495|   -6.430926|    0.325948|    0.012720|
|         174|   -6.970282|   -6.419689|    0.325947|    0.012720|
|         175|   -6.960777|   -6.410091|    0.325946|    0.012720|
|         176|   -6.953103|   -6.402279|    0.325945|    0.012720|
|         177|   -6.947302|   -6.396279|    0.325945|    0.012720|
|         178|   -6.943073|   -6.391832|    0.325945|    0.012720|
|         179|   -6.940357|   -6.388924|    0.325945|    0.012720|
|         180|   -6.939182|   -6.387540|    0.325945|    0.012720|
|         181|   -6.939675|   -6.387808|    0.325945|    0.012720|
|         182|   -6.941938|   -6.389845|    0.325946|    0.012720|
|         183|   -6.945973|   -6.393645|    0.325946|    0.012720|
|         184|   -6.951708|   -6.399130|    0.325947|    0.012720|
|         185|   -6.959054|   -6.406218|    0.325948|    0.012720|
|         186|   -6.967945|   -6.414844|    0.325949|    0.012719|
|         187|   -6.978337|   -6.424968|    0.325949|    0.012719|
|         188|   -6.990200|   -6.436557|    0.325950|    0.012719|
|         189|   -7.003513|   -6.449590|    0.325951|    0.012718|
|         190|   -7.018262|   -6.464050|    0.325952|    0.012718|
|         191|   -7.034434|   -6.479923|    0.325953|    0.012718|
|         192|   -7.052024|   -6.497205|    0.325954|    0.012717|
|         193|   -7.071029|   -6.515892|    0.325955|    0.012717|
|         194|   -7.091451|   -6.535987|    0.325956|    0.012717|
|         195|   -7.113298|   -6.557498|    0.325957|    0.012716|
|         196|   -7.136578|   -6.580431|    0.325958|    0.012716|
|         197|   -7.161303|   -6.604799|    0.325959|    0.012716|
|         198|   -7.187483|   -6.630611|    0.325960|    0.012715|
|         199|   -7.215128|   -6.657878|    0.325961|    0.012715|
|         200|   -7.244351|   -6.686730|    0.325962|    0.012715|
|         201|   -7.275042|   -6.717046|    0.325963|    0.012715|
+-----------------------------------------------------------------------+
|Fixed CL Mode                           |Value                         |
+-----------------------------------------------------------------------+
|Current CL                              |0.325963                      |
|Target CL                               |0.326                         |
|Previous AOA                            |0.67465                       |
|Changed AoA by                          |0.000191366                   |
+-----------------------------------------------------------------------+
+----------------------------------------------------------------+
|  Inner_Iter|    rms[Rho]|   rms[RhoE]|          CL|          CD|
+----------------------------------------------------------------+
|         202|   -6.524252|   -5.918678|    0.325963|    0.012715|
|         203|   -6.807661|   -6.201269|    0.325966|    0.012715|
|         204|   -7.022766|   -6.435807|    0.325972|    0.012715|
|         205|   -7.179062|   -6.584783|    0.325981|    0.012714|
|         206|   -7.291880|   -6.710714|    0.325989|    0.012714|
|         207|   -7.357843|   -6.779523|    0.325994|    0.012714|
|         208|   -7.434366|   -6.858917|    0.325995|    0.012714|
|         209|   -7.468314|   -6.892313|    0.325996|    0.012714|
|         210|   -7.507332|   -6.932103|    0.325997|    0.012714|
|         211|   -7.559049|   -6.990125|    0.325999|    0.012714|
|         212|   -7.589258|   -7.025394|    0.326001|    0.012714|
|         213|   -7.601594|   -7.039239|    0.326003|    0.012714|
|         214|   -7.612317|   -7.052701|    0.326004|    0.012713|
|         215|   -7.615658|   -7.059598|    0.326005|    0.012713|
|         216|   -7.607988|   -7.054099|    0.326006|    0.012713|
|         217|   -7.595003|   -7.042295|    0.326006|    0.012713|
|         218|   -7.580519|   -7.028629|    0.326007|    0.012713|
|         219|   -7.565816|   -7.014500|    0.326007|    0.012713|
|         220|   -7.551645|   -7.000713|    0.326007|    0.012713|
|         221|   -7.538563|   -6.987850|    0.326007|    0.012713|
|         222|   -7.526923|   -6.976269|    0.326008|    0.012713|
|         223|   -7.516967|   -6.966242|    0.326008|    0.012713|
|         224|   -7.508867|   -6.957995|    0.326008|    0.012713|
|         225|   -7.502714|   -6.951655|    0.326008|    0.012713|
|         226|   -7.498515|   -6.947246|    0.326007|    0.012713|
|         227|   -7.496232|   -6.944734|    0.326007|    0.012713|
|         228|   -7.495807|   -6.944066|    0.326007|    0.012713|
|         229|   -7.497186|   -6.945196|    0.326007|    0.012713|
|         230|   -7.500319|   -6.948077|    0.326007|    0.012713|
|         231|   -7.505160|   -6.952665|    0.326006|    0.012713|
|         232|   -7.511661|   -6.958913|    0.326006|    0.012713|
|         233|   -7.519780|   -6.966775|    0.326006|    0.012713|
|         234|   -7.529477|   -6.976211|    0.326005|    0.012713|
|         235|   -7.540720|   -6.987189|    0.326005|    0.012713|
|         236|   -7.553483|   -6.999681|    0.326005|    0.012713|
|         237|   -7.567746|   -7.013667|    0.326004|    0.012713|
|         238|   -7.583492|   -7.029129|    0.326004|    0.012713|
|         239|   -7.600711|   -7.046056|    0.326004|    0.012713|
|         240|   -7.619396|   -7.064440|    0.326004|    0.012714|
|         241|   -7.639544|   -7.084278|    0.326003|    0.012714|
|         242|   -7.661157|   -7.105572|    0.326003|    0.012714|
|         243|   -7.684240|   -7.128326|    0.326003|    0.012714|
|         244|   -7.708800|   -7.152546|    0.326002|    0.012714|
|         245|   -7.734841|   -7.178239|    0.326002|    0.012714|
|         246|   -7.762368|   -7.205408|    0.326002|    0.012714|
|         247|   -7.791375|   -7.234050|    0.326001|    0.012714|
|         248|   -7.821845|   -7.264151|    0.326001|    0.012714|
|         249|   -7.853739|   -7.295676|    0.326001|    0.012714|
|         250|   -7.886986|   -7.328561|    0.326001|    0.012714|
+-----------------------------------------------------------------------+
|        File Writing Summary       |              Filename             |
+-----------------------------------------------------------------------+
|SU2 binary restart                 |restart_flow.dat                   |
Writing Flow Meta-Data file: flow.meta
|Paraview                           |flow.vtu                           |
Writing Flow Meta-Data file: flow.meta
|Paraview surface                   |surface_flow.vtu                   |
Writing Flow Meta-Data file: flow.meta
|CSV file                           |surface_flow.csv                   |
Writing Flow Meta-Data file: flow.meta
+-----------------------------------------------------------------------+
+----------------------------------------------------------------+
|  Inner_Iter|    rms[Rho]|   rms[RhoE]|          CL|          CD|
+----------------------------------------------------------------+
|         251|   -7.921464|   -7.362693|    0.326000|    0.012715|
+-----------------------------------------------------------------------+
|Fixed CL Mode                           |Value                         |
+-----------------------------------------------------------------------+
|Current CL                              |0.326                         |
|Target CL                               |0.326                         |
|Previous AOA                            |0.674841                      |
|Changed AoA by                          |-2.85059e-06                  |
+-----------------------------------------------------------------------+
+----------------------------------------------------------------+
|  Inner_Iter|    rms[Rho]|   rms[RhoE]|          CL|          CD|
+----------------------------------------------------------------+
|         252|   -7.925198|   -7.358798|    0.326000|    0.012715|
|         253|   -7.982399|   -7.420725|    0.326000|    0.012715|
|         254|   -8.025511|   -7.465573|    0.326000|    0.012715|
|         255|   -8.064231|   -7.504191|    0.325999|    0.012715|
|         256|   -8.100513|   -7.540806|    0.325999|    0.012715|
|         257|   -8.133527|   -7.574232|    0.325999|    0.012715|
|         258|   -8.163174|   -7.604546|    0.325999|    0.012715|
|         259|   -8.187918|   -7.630168|    0.325998|    0.012715|
|         260|   -8.207048|   -7.650425|    0.325998|    0.012715|
|         261|   -8.220017|   -7.664699|    0.325998|    0.012715|
|         262|   -8.226709|   -7.672700|    0.325998|    0.012715|
|         263|   -8.227808|   -7.674991|    0.325998|    0.012715|
|         264|   -8.224441|   -7.672628|    0.325998|    0.012715|
|         265|   -8.217875|   -7.666829|    0.325998|    0.012715|
|         266|   -8.209389|   -7.658867|    0.325998|    0.012715|
|         267|   -8.200118|   -7.649903|    0.325998|    0.012715|
|         268|   -8.190932|   -7.640850|    0.325998|    0.012715|
|         269|   -8.182451|   -7.632369|    0.325998|    0.012715|
|         270|   -8.175093|   -7.624911|    0.325998|    0.012715|
|         271|   -8.169140|   -7.618782|    0.325998|    0.012715|
|         272|   -8.164770|   -7.614184|    0.325998|    0.012715|
|         273|   -8.162094|   -7.611242|    0.325998|    0.012715|
|         274|   -8.161172|   -7.610030|    0.325998|    0.012715|
|         275|   -8.162030|   -7.610581|    0.325998|    0.012715|
|         276|   -8.164670|   -7.612906|    0.325998|    0.012715|
|         277|   -8.169085|   -7.616999|    0.325999|    0.012715|
|         278|   -8.175260|   -7.622847|    0.325999|    0.012715|
|         279|   -8.183179|   -7.630435|    0.325999|    0.012715|
|         280|   -8.192826|   -7.639748|    0.325999|    0.012715|
|         281|   -8.204188|   -7.650774|    0.325999|    0.012715|
|         282|   -8.217255|   -7.663502|    0.325999|    0.012715|
|         283|   -8.232024|   -7.677927|    0.326000|    0.012715|
|         284|   -8.248494|   -7.694047|    0.326000|    0.012715|
|         285|   -8.266669|   -7.711866|    0.326000|    0.012715|
|         286|   -8.286559|   -7.731392|    0.326000|    0.012715|
|         287|   -8.308175|   -7.752635|    0.326000|    0.012715|
|         288|   -8.331530|   -7.775608|    0.326000|    0.012715|
|         289|   -8.356635|   -7.800320|    0.326001|    0.012715|
|         290|   -8.383491|   -7.826773|    0.326001|    0.012715|
|         291|   -8.412084|   -7.854955|    0.326001|    0.012714|
|         292|   -8.442371|   -7.884827|    0.326001|    0.012714|
|         293|   -8.474267|   -7.916309|    0.326001|    0.012714|
|         294|   -8.507617|   -7.949259|    0.326001|    0.012714|
|         295|   -8.542170|   -7.983441|    0.326001|    0.012714|
|         296|   -8.577533|   -8.018487|    0.326002|    0.012714|
|         297|   -8.613127|   -8.053850|    0.326002|    0.012714|
|         298|   -8.648137|   -8.088764|    0.326002|    0.012714|
|         299|   -8.681492|   -8.122212|    0.326002|    0.012714|
|         300|   -8.711893|   -8.152951|    0.326002|    0.012714|
|         301|   -8.737935|   -8.179613|    0.326002|    0.012714|
+-----------------------------------------------------------------------+
|Fixed CL Mode                           |Value                         |
+-----------------------------------------------------------------------+
|Current CL                              |0.326002                      |
|Target CL                               |0.326                         |
|Previous AOA                            |0.674839                      |
|Changed AoA by                          |-9.80073e-06                  |
+-----------------------------------------------------------------------+
+----------------------------------------------------------------+
|  Inner_Iter|    rms[Rho]|   rms[RhoE]|          CL|          CD|
+----------------------------------------------------------------+
|         302|   -7.817741|   -7.211770|    0.326002|    0.012714|
|         303|   -8.108378|   -7.499728|    0.326002|    0.012714|
|         304|   -8.331834|   -7.742175|    0.326002|    0.012714|
|         305|   -8.493245|   -7.895848|    0.326001|    0.012714|
|         306|   -8.598546|   -8.017883|    0.326001|    0.012714|
|         307|   -8.645587|   -8.071013|    0.326001|    0.012714|
|         308|   -8.692458|   -8.124057|    0.326001|    0.012714|
|         309|   -8.696027|   -8.129289|    0.326001|    0.012714|
|         310|   -8.703084|   -8.138812|    0.326001|    0.012714|
|         311|   -8.717209|   -8.158526|    0.326001|    0.012714|
|         312|   -8.720044|   -8.164485|    0.326001|    0.012714|
|         313|   -8.717722|   -8.162596|    0.326001|    0.012714|
|         314|   -8.718905|   -8.164568|    0.326001|    0.012714|
|         315|   -8.721694|   -8.168469|    0.326001|    0.012714|
|         316|   -8.724055|   -8.171369|    0.326001|    0.012714|
|         317|   -8.727025|   -8.174445|    0.326001|    0.012714|
|         318|   -8.731237|   -8.178609|    0.326001|    0.012714|
|         319|   -8.736694|   -8.183951|    0.326001|    0.012714|
|         320|   -8.743472|   -8.190583|    0.326001|    0.012714|
|         321|   -8.751670|   -8.198615|    0.326000|    0.012714|
|         322|   -8.761270|   -8.208015|    0.326000|    0.012714|
|         323|   -8.772210|   -8.218711|    0.326000|    0.012714|
|         324|   -8.784464|   -8.230685|    0.326000|    0.012714|
|         325|   -8.798043|   -8.243959|    0.326000|    0.012714|
|         326|   -8.812969|   -8.258559|    0.326000|    0.012714|
|         327|   -8.829260|   -8.274501|    0.326000|    0.012714|
|         328|   -8.846928|   -8.291803|    0.326000|    0.012714|
|         329|   -8.865985|   -8.310477|    0.326000|    0.012714|
|         330|   -8.886437|   -8.330534|    0.326000|    0.012714|
|         331|   -8.908288|   -8.351979|    0.326000|    0.012714|
|         332|   -8.931526|   -8.374803|    0.326000|    0.012714|
|         333|   -8.956125|   -8.398978|    0.326000|    0.012714|
|         334|   -8.982028|   -8.424455|    0.326000|    0.012714|
|         335|   -9.009139|   -8.451143|    0.326000|    0.012714|
|         336|   -9.037298|   -8.478896|    0.326000|    0.012714|
|         337|   -9.066268|   -8.507491|    0.326000|    0.012714|
|         338|   -9.095701|   -8.536602|    0.326000|    0.012714|
|         339|   -9.125110|   -8.565775|    0.326000|    0.012714|
|         340|   -9.153855|   -8.594405|    0.326000|    0.012714|
|         341|   -9.181131|   -8.621729|    0.326000|    0.012714|
|         342|   -9.206004|   -8.646854|    0.326000|    0.012714|
|         343|   -9.227488|   -8.668820|    0.325999|    0.012714|
|         344|   -9.244673|   -8.686717|    0.325999|    0.012714|
|         345|   -9.256891|   -8.699843|    0.325999|    0.012714|
|         346|   -9.263880|   -8.707860|    0.325999|    0.012714|
|         347|   -9.265857|   -8.710893|    0.325999|    0.012714|
|         348|   -9.263482|   -8.709508|    0.325999|    0.012714|
|         349|   -9.257700|   -8.704582|    0.325999|    0.012714|
|         350|   -9.249556|   -8.697126|    0.325999|    0.012714|
|         351|   -9.240041|   -8.688124|    0.325999|    0.012714|
+-----------------------------------------------------------------------+
|Fixed CL Mode                           |Value                         |
+-----------------------------------------------------------------------+
|Current CL                              |0.325999                      |
|Target CL                               |0.326                         |
|Previous AOA                            |0.674829                      |
|Changed AoA by                          |3.42583e-06                   |
+-----------------------------------------------------------------------+
+----------------------------------------------------------------+
|  Inner_Iter|    rms[Rho]|   rms[RhoE]|          CL|          CD|
+----------------------------------------------------------------+
|         352|   -8.274488|   -7.668493|    0.325999|    0.012714|
|         353|   -8.564202|   -7.955934|    0.325999|    0.012714|
|         354|   -8.784822|   -8.196256|    0.325999|    0.012714|
|         355|   -8.939728|   -8.344851|    0.326000|    0.012714|
|         356|   -9.037877|   -8.459912|    0.326000|    0.012714|
|         357|   -9.081733|   -8.509367|    0.326000|    0.012714|
|         358|   -9.127929|   -8.560899|    0.326000|    0.012714|
|         359|   -9.137198|   -8.570942|    0.326000|    0.012714|
|         360|   -9.151468|   -8.586658|    0.326000|    0.012714|
|         361|   -9.175451|   -8.615281|    0.326000|    0.012714|
|         362|   -9.190598|   -8.633083|    0.326000|    0.012714|
|         363|   -9.201031|   -8.643544|    0.326000|    0.012714|
|         364|   -9.215745|   -8.658716|    0.326000|    0.012714|
|         365|   -9.232878|   -8.676863|    0.326000|    0.012714|
|         366|   -9.249435|   -8.693905|    0.326000|    0.012714|
|         367|   -9.266373|   -8.710835|    0.326000|    0.012714|
|         368|   -9.284566|   -8.728857|    0.326000|    0.012714|
|         369|   -9.304026|   -8.748110|    0.326000|    0.012714|
|         370|   -9.324788|   -8.768673|    0.326000|    0.012714|
|         371|   -9.346915|   -8.790614|    0.326000|    0.012714|
|         372|   -9.370286|   -8.813776|    0.326000|    0.012714|
|         373|   -9.394685|   -8.837917|    0.326000|    0.012714|
|         374|   -9.419946|   -8.862881|    0.326000|    0.012714|
|         375|   -9.445935|   -8.888565|    0.326000|    0.012714|
|         376|   -9.472491|   -8.914819|    0.326000|    0.012714|
|         377|   -9.499375|   -8.941418|    0.326000|    0.012714|
|         378|   -9.526274|   -8.968062|    0.326000|    0.012714|
|         379|   -9.552804|   -8.994388|    0.326000|    0.012714|
|         380|   -9.578531|   -9.019986|    0.326000|    0.012714|
|         381|   -9.602981|   -9.044402|    0.326000|    0.012714|
|         382|   -9.625649|   -9.067146|    0.326000|    0.012714|
|         383|   -9.646039|   -9.087730|    0.326000|    0.012714|
|         384|   -9.663705|   -9.105711|    0.326000|    0.012714|
|         385|   -9.678303|   -9.120740|    0.326000|    0.012714|
|         386|   -9.689629|   -9.132599|    0.326000|    0.012714|
|         387|   -9.697637|   -9.141221|    0.326000|    0.012714|
|         388|   -9.702451|   -9.146697|    0.326000|    0.012714|
|         389|   -9.704347|   -9.149271|    0.326000|    0.012714|
|         390|   -9.703729|   -9.149311|    0.326000|    0.012714|
|         391|   -9.701081|   -9.147272|    0.326000|    0.012714|
|         392|   -9.696921|   -9.143648|    0.326000|    0.012714|
|         393|   -9.691753|   -9.138933|    0.326000|    0.012714|
|         394|   -9.686036|   -9.133583|    0.326000|    0.012714|
|         395|   -9.680172|   -9.128000|    0.326000|    0.012714|
|         396|   -9.674499|   -9.122525|    0.326000|    0.012714|
|         397|   -9.669290|   -9.117441|    0.326000|    0.012714|
|         398|   -9.664768|   -9.112975|    0.326000|    0.012714|
|         399|   -9.661108|   -9.109311|    0.326000|    0.012714|
|         400|   -9.658448|   -9.106595|    0.326000|    0.012714|
|         401|   -9.656895|   -9.104943|    0.326000|    0.012714|
|         402|   -9.656533|   -9.104444|    0.326000|    0.012714|
|         403|   -9.657425|   -9.105170|    0.326000|    0.012714|
|         404|   -9.659620|   -9.107174|    0.326000|    0.012714|
|         405|   -9.663152|   -9.110497|    0.326000|    0.012714|
|         406|   -9.668049|   -9.115170|    0.326000|    0.012714|
|         407|   -9.674329|   -9.121214|    0.326000|    0.012714|
|         408|   -9.682005|   -9.128646|    0.326000|    0.012714|
|         409|   -9.691087|   -9.137476|    0.326000|    0.012714|
|         410|   -9.701580|   -9.147712|    0.326000|    0.012714|
|         411|   -9.713489|   -9.159359|    0.326000|    0.012714|
|         412|   -9.726820|   -9.172422|    0.326000|    0.012714|
|         413|   -9.741575|   -9.186905|    0.326000|    0.012714|
|         414|   -9.757762|   -9.202813|    0.326000|    0.012714|
|         415|   -9.775387|   -9.220153|    0.326000|    0.012714|
|         416|   -9.794460|   -9.238933|    0.326000|    0.012714|
|         417|   -9.814992|   -9.259164|    0.326000|    0.012714|
|         418|   -9.836999|   -9.280860|    0.326000|    0.012714|
|         419|   -9.860497|   -9.304036|    0.326000|    0.012714|
|         420|   -9.885504|   -9.328711|    0.326000|    0.012714|
|         421|   -9.912040|   -9.354902|    0.326000|    0.012714|
|         422|   -9.940118|   -9.382624|    0.326000|    0.012714|
|         423|   -9.969748|   -9.411886|    0.326000|    0.012714|
|         424|  -10.000923|   -9.442685|    0.326000|    0.012714|
|         425|  -10.033614|   -9.474995|    0.326000|    0.012714|
|         426|  -10.067757|   -9.508760|    0.326000|    0.012714|
|         427|  -10.103234|   -9.543870|    0.326000|    0.012714|
|         428|  -10.139847|   -9.580143|    0.326000|    0.012714|
|         429|  -10.177288|   -9.617293|    0.326000|    0.012714|
|         430|  -10.215099|   -9.654893|    0.326000|    0.012714|
|         431|  -10.252631|   -9.692334|    0.326000|    0.012714|
|         432|  -10.289021|   -9.728801|    0.326000|    0.012714|
|         433|  -10.323192|   -9.763268|    0.326000|    0.012714|
|         434|  -10.353919|   -9.794555|    0.326000|    0.012714|
|         435|  -10.379978|   -9.821449|    0.326000|    0.012714|
|         436|  -10.400359|   -9.842910|    0.326000|    0.012714|
|         437|  -10.414498|   -9.858294|    0.326000|    0.012714|
|         438|  -10.422441|   -9.867528|    0.326000|    0.012714|
|         439|  -10.424838|   -9.871144|    0.326000|    0.012714|
|         440|  -10.422783|   -9.870139|    0.326000|    0.012714|
|         441|  -10.417556|   -9.865745|    0.326000|    0.012714|
|         442|  -10.410398|   -9.859195|    0.326000|    0.012714|
|         443|  -10.402371|   -9.851570|    0.326000|    0.012714|
|         444|  -10.394304|   -9.843734|    0.326000|    0.012714|
|         445|  -10.386807|   -9.836330|    0.326000|    0.012714|
|         446|  -10.380305|   -9.829815|    0.326000|    0.012714|
|         447|  -10.375083|   -9.824499|    0.326000|    0.012714|
|         448|  -10.371322|   -9.820584|    0.326000|    0.012714|
|         449|  -10.369133|   -9.818196|    0.326000|    0.012714|
|         450|  -10.368579|   -9.817409|    0.326000|    0.012714|
|         451|  -10.369691|   -9.818263|    0.326000|    0.012714|
|         452|  -10.372482|   -9.820777|    0.326000|    0.012714|
|         453|  -10.376952|   -9.824956|    0.326000|    0.012714|
|         454|  -10.383098|   -9.830798|    0.326000|    0.012714|
|         455|  -10.390912|   -9.838298|    0.326000|    0.012714|
|         456|  -10.400388|   -9.847452|    0.326000|    0.012714|
|         457|  -10.411522|   -9.858256|    0.326000|    0.012714|
|         458|  -10.424315|   -9.870711|    0.326000|    0.012714|
|         459|  -10.438771|   -9.884819|    0.326000|    0.012714|
|         460|  -10.454897|   -9.900589|    0.326000|    0.012714|
|         461|  -10.472706|   -9.918034|    0.326000|    0.012714|
|         462|  -10.492216|   -9.937168|    0.326000|    0.012714|
|         463|  -10.513446|   -9.958011|    0.326000|    0.012714|
|         464|  -10.536414|   -9.980581|    0.326000|    0.012714|
|         465|  -10.561136|  -10.004893|    0.326000|    0.012714|
|         466|  -10.587619|  -10.030955|    0.326000|    0.012714|
|         467|  -10.615849|  -10.058756|    0.326000|    0.012714|
|         468|  -10.645784|  -10.088256|    0.326000|    0.012714|
|         469|  -10.677333|  -10.119374|    0.326000|    0.012714|
|         470|  -10.710333|  -10.151958|    0.326000|    0.012714|
|         471|  -10.744513|  -10.185754|    0.326000|    0.012714|
|         472|  -10.779453|  -10.220368|    0.326000|    0.012714|
|         473|  -10.814531|  -10.255217|    0.326000|    0.012714|
|         474|  -10.848881|  -10.289482|    0.326000|    0.012714|
|         475|  -10.881373|  -10.322093|    0.326000|    0.012714|
|         476|  -10.910657|  -10.351755|    0.326000|    0.012714|
|         477|  -10.935302|  -10.377073|    0.326000|    0.012714|
|         478|  -10.954042|  -10.396769|    0.326000|    0.012714|
|         479|  -10.966073|  -10.409969|    0.326000|    0.012714|
|         480|  -10.971291|  -10.416447|    0.326000|    0.012714|
|         481|  -10.970336|  -10.416707|    0.326000|    0.012714|
|         482|  -10.964409|  -10.411838|    0.326000|    0.012714|
|         483|  -10.954957|  -10.403228|    0.326000|    0.012714|
|         484|  -10.943393|  -10.392274|    0.326000|    0.012714|
|         485|  -10.930907|  -10.380189|    0.326000|    0.012714|
|         486|  -10.918417|  -10.367924|    0.326000|    0.012714|
|         487|  -10.906579|  -10.356174|    0.326000|    0.012714|
|         488|  -10.895835|  -10.345413|    0.326000|    0.012714|
|         489|  -10.886468|  -10.335951|    0.326000|    0.012714|
|         490|  -10.878646|  -10.327979|    0.326000|    0.012714|
|         491|  -10.872461|  -10.321606|    0.326000|    0.012714|
|         492|  -10.867956|  -10.316883|    0.326000|    0.012714|
|         493|  -10.865139|  -10.313828|    0.326000|    0.012714|
|         494|  -10.864000|  -10.312437|    0.326000|    0.012714|
|         495|  -10.864516|  -10.312692|    0.326000|    0.012714|
|         496|  -10.866661|  -10.314568|    0.326000|    0.012714|
|         497|  -10.870406|  -10.318040|    0.326000|    0.012714|
|         498|  -10.875724|  -10.323080|    0.326000|    0.012714|
|         499|  -10.882588|  -10.329663|    0.326000|    0.012714|
|         500|  -10.890977|  -10.337767|    0.326000|    0.012714|
+-----------------------------------------------------------------------+
|        File Writing Summary       |              Filename             |
+-----------------------------------------------------------------------+
|SU2 binary restart                 |restart_flow.dat                   |
Writing Flow Meta-Data file: flow.meta
|Paraview                           |flow.vtu                           |
Writing Flow Meta-Data file: flow.meta
|Paraview surface                   |surface_flow.vtu                   |
Writing Flow Meta-Data file: flow.meta
|CSV file                           |surface_flow.csv                   |
Writing Flow Meta-Data file: flow.meta
+-----------------------------------------------------------------------+
+----------------------------------------------------------------+
|  Inner_Iter|    rms[Rho]|   rms[RhoE]|          CL|          CD|
+----------------------------------------------------------------+
|         501|  -10.900874|  -10.347375|    0.326000|    0.012714|
|         502|  -10.912264|  -10.358473|    0.326000|    0.012714|
|         503|  -10.925139|  -10.371051|    0.326000|    0.012714|
|         504|  -10.939494|  -10.385104|    0.326000|    0.012714|
|         505|  -10.955331|  -10.400633|    0.326000|    0.012714|
|         506|  -10.972654|  -10.417640|    0.326000|    0.012714|
|         507|  -10.991473|  -10.436136|    0.326000|    0.012714|
|         508|  -11.011801|  -10.456133|    0.326000|    0.012714|
|         509|  -11.033657|  -10.477647|    0.326000|    0.012714|
|         510|  -11.057058|  -10.500697|    0.326000|    0.012714|
|         511|  -11.082025|  -10.525300|    0.326000|    0.012714|
|         512|  -11.108572|  -10.551474|    0.326000|    0.012714|
|         513|  -11.136707|  -10.579226|    0.326000|    0.012714|
|         514|  -11.166424|  -10.608551|    0.326000|    0.012714|
|         515|  -11.197690|  -10.639422|    0.326000|    0.012714|
|         516|  -11.230433|  -10.671773|    0.326000|    0.012714|
|         517|  -11.264525|  -10.705487|    0.326000|    0.012714|
|         518|  -11.299750|  -10.740363|    0.326000|    0.012714|
|         519|  -11.335774|  -10.776090|    0.326000|    0.012714|
|         520|  -11.372102|  -10.812205|    0.326000|    0.012714|
|         521|  -11.408040|  -10.848055|    0.326000|    0.012714|
|         522|  -11.442668|  -10.882772|    0.326000|    0.012714|
|         523|  -11.474859|  -10.915281|    0.326000|    0.012714|
|         524|  -11.503355|  -10.944363|    0.326000|    0.012714|
|         525|  -11.526930|  -10.968801|    0.326000|    0.012714|
|         526|  -11.544626|  -10.987596|    0.326000|    0.012714|
|         527|  -11.555988|  -11.000203|    0.326000|    0.012714|
|         528|  -11.561210|  -11.006690|    0.326000|    0.012714|
|         529|  -11.561084|  -11.007731|    0.326000|    0.012714|
|         530|  -11.556800|  -11.004430|    0.326000|    0.012714|
|         531|  -11.549676|  -10.998066|    0.326000|    0.012714|
|         532|  -11.540938|  -10.989865|    0.326000|    0.012714|
|         533|  -11.531605|  -10.980872|    0.326000|    0.012714|
|         534|  -11.522453|  -10.971898|    0.326000|    0.012714|
|         535|  -11.514041|  -10.963537|    0.326000|    0.012714|
|         536|  -11.506752|  -10.956202|    0.326000|    0.012714|
|         537|  -11.500835|  -10.950166|    0.326000|    0.012714|
|         538|  -11.496445|  -10.945603|    0.326000|    0.012714|
|         539|  -11.493670|  -10.942617|    0.326000|    0.012714|
|         540|  -11.492557|  -10.941264|    0.326000|    0.012714|
|         541|  -11.493124|  -10.941570|    0.326000|    0.012714|
|         542|  -11.495372|  -10.943543|    0.326000|    0.012714|
|         543|  -11.499294|  -10.947178|    0.326000|    0.012714|
|         544|  -11.504875|  -10.952463|    0.326000|    0.012714|
|         545|  -11.512101|  -10.959387|    0.326000|    0.012714|
|         546|  -11.520960|  -10.967937|    0.326000|    0.012714|
|         547|  -11.531440|  -10.978102|    0.326000|    0.012714|
|         548|  -11.543534|  -10.989875|    0.326000|    0.012714|
|         549|  -11.557240|  -11.003254|    0.326000|    0.012714|
|         550|  -11.572559|  -11.018240|    0.326000|    0.012714|
|         551|  -11.589498|  -11.034837|    0.326000|    0.012714|
|         552|  -11.608067|  -11.053056|    0.326000|    0.012714|
|         553|  -11.628282|  -11.072910|    0.326000|    0.012714|
|         554|  -11.650158|  -11.094416|    0.326000|    0.012714|
|         555|  -11.673714|  -11.117590|    0.326000|    0.012714|
|         556|  -11.698962|  -11.142445|    0.326000|    0.012714|
|         557|  -11.725908|  -11.168988|    0.326000|    0.012714|
|         558|  -11.754540|  -11.197206|    0.326000|    0.012714|
|         559|  -11.784816|  -11.227066|    0.326000|    0.012714|
|         560|  -11.816653|  -11.258488|    0.326000|    0.012714|
|         561|  -11.849900|  -11.291334|    0.326000|    0.012714|
|         562|  -11.884310|  -11.325372|    0.326000|    0.012714|
|         563|  -11.919497|  -11.360241|    0.326000|    0.012714|
|         564|  -11.954894|  -11.395407|    0.326000|    0.012714|
|         565|  -11.989709|  -11.430127|    0.326000|    0.012714|
|         566|  -12.022902|  -11.463412|    0.326000|    0.012714|
|         567|  -12.053219|  -11.494065|    0.326000|    0.012714|
|         568|  -12.079300|  -11.520762|    0.326000|    0.012714|
|         569|  -12.099892|  -11.542249|    0.326000|    0.012714|
|         570|  -12.114114|  -11.557591|    0.326000|    0.012714|
|         571|  -12.121706|  -11.566422|    0.326000|    0.012714|
|         572|  -12.123112|  -11.569052|    0.326000|    0.012714|
|         573|  -12.119360|  -11.566399|    0.326000|    0.012714|
|         574|  -12.111795|  -11.559732|    0.326000|    0.012714|
|         575|  -12.101793|  -11.550405|    0.326000|    0.012714|
|         576|  -12.090568|  -11.539641|    0.326000|    0.012714|
|         577|  -12.079081|  -11.528435|    0.326000|    0.012714|
|         578|  -12.068043|  -11.517529|    0.326000|    0.012714|
|         579|  -12.057940|  -11.507447|    0.326000|    0.012714|
|         580|  -12.049099|  -11.498540|    0.326000|    0.012714|
|         581|  -12.041718|  -11.491032|    0.326000|    0.012714|
|         582|  -12.035917|  -11.485058|    0.326000|    0.012714|
|         583|  -12.031756|  -11.480690|    0.326000|    0.012714|
|         584|  -12.029257|  -11.477962|    0.326000|    0.012714|
|         585|  -12.028422|  -11.476880|    0.326000|    0.012714|
|         586|  -12.029239|  -11.477437|    0.326000|    0.012714|
|         587|  -12.031685|  -11.479615|    0.326000|    0.012714|
|         588|  -12.035740|  -11.483395|    0.326000|    0.012714|
|         589|  -12.041379|  -11.488753|    0.326000|    0.012714|
|         590|  -12.048582|  -11.495670|    0.326000|    0.012714|
|         591|  -12.057330|  -11.504128|    0.326000|    0.012714|
|         592|  -12.067609|  -11.514112|    0.326000|    0.012714|
|         593|  -12.079408|  -11.525612|    0.326000|    0.012714|
|         594|  -12.092722|  -11.538621|    0.326000|    0.012714|
|         595|  -12.107549|  -11.553137|    0.326000|    0.012714|
|         596|  -12.123892|  -11.569163|    0.326000|    0.012714|
|         597|  -12.141762|  -11.586707|    0.326000|    0.012714|
|         598|  -12.161169|  -11.605781|    0.326000|    0.012714|
|         599|  -12.182130|  -11.626399|    0.326000|    0.012714|
|         600|  -12.204664|  -11.648580|    0.326000|    0.012714|
|         601|  -12.228791|  -11.672342|    0.326000|    0.012714|
|         602|  -12.254529|  -11.697704|    0.326000|    0.012714|
|         603|  -12.281891|  -11.724679|    0.326000|    0.012714|
|         604|  -12.310874|  -11.753266|    0.326000|    0.012714|
|         605|  -12.341454|  -11.783444|    0.326000|    0.012714|
|         606|  -12.373575|  -11.815164|    0.326000|    0.012714|
|         607|  -12.407125|  -11.848322|    0.326000|    0.012714|
|         608|  -12.441917|  -11.882743|    0.326000|    0.012714|
|         609|  -12.477647|  -11.918146|    0.326000|    0.012714|
|         610|  -12.513856|  -11.954104|    0.326000|    0.012714|
|         611|  -12.549900|  -11.990006|    0.326000|    0.012714|
|         612|  -12.584892|  -12.025022|    0.326000|    0.012714|
|         613|  -12.617722|  -12.058092|    0.326000|    0.012714|
|         614|  -12.647128|  -12.088003|    0.326000|    0.012714|
|         615|  -12.671802|  -12.113465|    0.326000|    0.012714|
|         616|  -12.690675|  -12.133384|    0.326000|    0.012714|
|         617|  -12.703126|  -12.147056|    0.326000|    0.012714|
|         618|  -12.709203|  -12.154407|    0.326000|    0.012714|
|         619|  -12.709604|  -12.156009|    0.326000|    0.012714|
|         620|  -12.705483|  -12.152924|    0.326000|    0.012714|
|         621|  -12.698182|  -12.146434|    0.326000|    0.012714|
|         622|  -12.689003|  -12.137844|    0.326000|    0.012714|
|         623|  -12.679024|  -12.128247|    0.326000|    0.012714|
|         624|  -12.669096|  -12.118530|    0.326000|    0.012714|
|         625|  -12.659824|  -12.109336|    0.326000|    0.012714|
|         626|  -12.651622|  -12.101107|    0.326000|    0.012714|
|         627|  -12.644761|  -12.094143|    0.326000|    0.012714|
|         628|  -12.639414|  -12.088637|    0.326000|    0.012714|
|         629|  -12.635677|  -12.084700|    0.326000|    0.012714|
|         630|  -12.633599|  -12.082393|    0.326000|    0.012714|
|         631|  -12.633199|  -12.081742|    0.326000|    0.012714|
|         632|  -12.634477|  -12.082753|    0.326000|    0.012714|
|         633|  -12.637422|  -12.085420|    0.326000|    0.012714|
|         634|  -12.642020|  -12.089730|    0.326000|    0.012714|
|         635|  -12.648253|  -12.095668|    0.326000|    0.012714|
|         636|  -12.656101|  -12.103216|    0.326000|    0.012714|
|         637|  -12.665553|  -12.112361|    0.326000|    0.012714|
|         638|  -12.676597|  -12.123095|    0.326000|    0.012714|
|         639|  -12.689226|  -12.135407|    0.326000|    0.012714|
|         640|  -12.703438|  -12.149294|    0.326000|    0.012714|
|         641|  -12.719235|  -12.164762|    0.326000|    0.012714|
|         642|  -12.736626|  -12.181814|    0.326000|    0.012714|
|         643|  -12.755620|  -12.200462|    0.326000|    0.012714|
|         644|  -12.776234|  -12.220720|    0.326000|    0.012714|
|         645|  -12.798485|  -12.242605|    0.326000|    0.012714|
|         646|  -12.822391|  -12.266131|    0.326000|    0.012714|
|         647|  -12.847965|  -12.291316|    0.326000|    0.012714|
|         648|  -12.875221|  -12.318173|    0.326000|    0.012714|
|         649|  -12.904135|  -12.346678|    0.326000|    0.012714|
|         650|  -12.934682|  -12.376810|    0.326000|    0.012714|
|         651|  -12.966774|  -12.408491|    0.326000|    0.012714|
|         652|  -13.000266|  -12.441587|    0.326000|    0.012714|
+-----------------------------------------------------------------------+
|      Convergence Field     |     Value    |   Criterion  |  Converged |
+-----------------------------------------------------------------------+
|                    rms[Rho]|      -13.0003|         < -13|         Yes|
+-----------------------------------------------------------------------+
+-----------------------------------------------------------------------+
|        File Writing Summary       |              Filename             |
+-----------------------------------------------------------------------+
|SU2 binary restart                 |restart_flow.dat                   |
Writing Flow Meta-Data file: flow.meta
|Paraview                           |flow.vtu                           |
Writing Flow Meta-Data file: flow.meta
|Paraview surface                   |surface_flow.vtu                   |
Writing Flow Meta-Data file: flow.meta
|CSV file                           |surface_flow.csv                   |
Writing Flow Meta-Data file: flow.meta
+-----------------------------------------------------------------------+
+----------------------------------------------------------------+
|  Inner_Iter|    rms[Rho]|   rms[RhoE]|          CL|          CD|
+----------------------------------------------------------------+
|         653|  -13.034909|  -12.475863|    0.326000|    0.012720|
+-----------------------------------------------------------------------+
|Fixed CL Mode                           |Value                         |
+-----------------------------------------------------------------------+
|Current CL                              |0.326                         |
|Target CL                               |0.326                         |
|Previous AOA                            |0.674832                      |
|Changed AoA by (Finite Difference step) |0.001                         |
+-----------------------------------------------------------------------+
+----------------------------------------------------------------+
|  Inner_Iter|    rms[Rho]|   rms[RhoE]|          CL|          CD|
+----------------------------------------------------------------+
|         654|   -5.812064|   -5.205350|    0.326000|    0.012720|
|         655|   -6.109414|   -5.498874|    0.326008|    0.012720|
|         656|   -6.352492|   -5.758894|    0.326037|    0.012720|
|         657|   -6.551870|   -5.941159|    0.326080|    0.012721|
|         658|   -6.715325|   -6.115968|    0.326119|    0.012721|
|         659|   -6.812015|   -6.213624|    0.326141|    0.012721|
|         660|   -6.948904|   -6.347204|    0.326146|    0.012721|
|         661|   -6.980157|   -6.376895|    0.326146|    0.012721|
|         662|   -7.033594|   -6.428738|    0.326150|    0.012721|
|         663|   -7.152583|   -6.553631|    0.326159|    0.012722|
|         664|   -7.229270|   -6.639649|    0.326167|    0.012722|
|         665|   -7.252786|   -6.662682|    0.326173|    0.012722|
|         666|   -7.304605|   -6.716125|    0.326179|    0.012722|
|         667|   -7.367735|   -6.787840|    0.326183|    0.012722|
|         668|   -7.394963|   -6.822344|    0.326187|    0.012722|
|         669|   -7.401967|   -6.832009|    0.326190|    0.012722|
|         670|   -7.404969|   -6.837178|    0.326193|    0.012722|
|         671|   -7.402390|   -6.837561|    0.326196|    0.012721|
|         672|   -7.395249|   -6.833591|    0.326199|    0.012721|
|         673|   -7.386152|   -6.827302|    0.326201|    0.012721|
|         674|   -7.375557|   -6.818801|    0.326204|    0.012720|
|         675|   -7.363604|   -6.808202|    0.326206|    0.012720|
|         676|   -7.351247|   -6.796740|    0.326208|    0.012719|
|         677|   -7.339513|   -6.785669|    0.326210|    0.012719|
|         678|   -7.328981|   -6.775612|    0.326212|    0.012718|
|         679|   -7.319878|   -6.766795|    0.326214|    0.012718|
|         680|   -7.312290|   -6.759341|    0.326216|    0.012718|
|         681|   -7.306277|   -6.753369|    0.326218|    0.012717|
|         682|   -7.301888|   -6.748974|    0.326220|    0.012717|
|         683|   -7.299126|   -6.746181|    0.326222|    0.012717|
|         684|   -7.297949|   -6.744943|    0.326224|    0.012717|
|         685|   -7.298297|   -6.745196|    0.326226|    0.012716|
|         686|   -7.300111|   -6.746885|    0.326227|    0.012716|
|         687|   -7.303336|   -6.749963|    0.326229|    0.012716|
|         688|   -7.307913|   -6.754379|    0.326231|    0.012716|
|         689|   -7.313777|   -6.760074|    0.326233|    0.012716|
|         690|   -7.320856|   -6.766985|    0.326234|    0.012716|
|         691|   -7.329077|   -6.775042|    0.326236|    0.012716|
|         692|   -7.338360|   -6.784168|    0.326237|    0.012716|
|         693|   -7.348623|   -6.794283|    0.326239|    0.012716|
|         694|   -7.359788|   -6.805309|    0.326240|    0.012716|
|         695|   -7.371776|   -6.817166|    0.326241|    0.012716|
|         696|   -7.384515|   -6.829782|    0.326243|    0.012716|
|         697|   -7.397944|   -6.843091|    0.326244|    0.012716|
|         698|   -7.412010|   -6.857041|    0.326245|    0.012716|
|         699|   -7.426680|   -6.871590|    0.326246|    0.012717|
|         700|   -7.441933|   -6.886719|    0.326247|    0.012717|
|         701|   -7.457770|   -6.902421|    0.326248|    0.012717|
|         702|   -7.474207|   -6.918711|    0.326248|    0.012717|
|         703|   -7.491274|   -6.935618|    0.326249|    0.012717|
|         704|   -7.509016|   -6.953185|    0.326250|    0.012717|
|         705|   -7.527490|   -6.971469|    0.326250|    0.012717|
|         706|   -7.546757|   -6.990532|    0.326251|    0.012717|
|         707|   -7.566884|   -7.010442|    0.326251|    0.012717|
|         708|   -7.587937|   -7.031268|    0.326252|    0.012717|
|         709|   -7.609983|   -7.053076|    0.326252|    0.012717|
|         710|   -7.633078|   -7.075927|    0.326252|    0.012717|
|         711|   -7.657277|   -7.099877|    0.326253|    0.012717|
|         712|   -7.682623|   -7.124973|    0.326253|    0.012717|
|         713|   -7.709148|   -7.151246|    0.326253|    0.012717|
|         714|   -7.736873|   -7.178720|    0.326253|    0.012717|
|         715|   -7.765810|   -7.207408|    0.326254|    0.012717|
|         716|   -7.795961|   -7.237309|    0.326254|    0.012717|
|         717|   -7.827316|   -7.268415|    0.326254|    0.012717|
|         718|   -7.859857|   -7.300706|    0.326254|    0.012717|
|         719|   -7.893557|   -7.334152|    0.326254|    0.012717|
|         720|   -7.928379|   -7.368719|    0.326255|    0.012717|
|         721|   -7.964280|   -7.404360|    0.326255|    0.012717|
|         722|   -8.001144|   -7.440966|    0.326255|    0.012717|
|         723|   -8.038918|   -7.478499|    0.326255|    0.012717|
|         724|   -8.077758|   -7.517091|    0.326256|    0.012718|
|         725|   -8.117674|   -7.556742|    0.326256|    0.012718|
|         726|   -8.158417|   -7.597241|    0.326256|    0.012718|
|         727|   -8.199588|   -7.638216|    0.326257|    0.012718|
|         728|   -8.240844|   -7.679354|    0.326257|    0.012718|
|         729|   -8.281942|   -7.720441|    0.326258|    0.012718|
|         730|   -8.322652|   -7.761259|    0.326258|    0.012718|
|         731|   -8.362679|   -7.801527|    0.326258|    0.012718|
|         732|   -8.401658|   -7.840883|    0.326259|    0.012718|
|         733|   -8.439170|   -7.878912|    0.326259|    0.012718|
|         734|   -8.474797|   -7.915185|    0.326260|    0.012718|
|         735|   -8.508188|   -7.949324|    0.326260|    0.012718|
|         736|   -8.539123|   -7.981066|    0.326261|    0.012718|
|         737|   -8.567573|   -8.010336|    0.326261|    0.012718|
|         738|   -8.593679|   -8.037219|    0.326262|    0.012718|
|         739|   -8.617753|   -8.061987|    0.326262|    0.012718|
|         740|   -8.640241|   -8.085056|    0.326262|    0.012718|
|         741|   -8.661648|   -8.106918|    0.326263|    0.012718|
|         742|   -8.682472|   -8.128070|    0.326263|    0.012718|
|         743|   -8.703157|   -8.148962|    0.326264|    0.012718|
|         744|   -8.724044|   -8.169950|    0.326264|    0.012718|
|         745|   -8.745339|   -8.191255|    0.326264|    0.012718|
|         746|   -8.767092|   -8.212943|    0.326265|    0.012718|
|         747|   -8.789180|   -8.234913|    0.326265|    0.012718|
|         748|   -8.811290|   -8.256869|    0.326265|    0.012718|
|         749|   -8.832900|   -8.278311|    0.326265|    0.012718|
|         750|   -8.853276|   -8.298536|    0.326266|    0.012718|
|         751|   -8.871514|   -8.316671|    0.326266|    0.012718|
|         752|   -8.886619|   -8.331757|    0.326266|    0.012718|
|         753|   -8.897647|   -8.342879|    0.326266|    0.012717|
|         754|   -8.903888|   -8.349340|    0.326267|    0.012717|
|         755|   -8.905018|   -8.350806|    0.326267|    0.012717|
|         756|   -8.901184|   -8.347391|    0.326267|    0.012717|
|         757|   -8.892951|   -8.339616|    0.326267|    0.012717|
|         758|   -8.881170|   -8.328285|    0.326267|    0.012717|
|         759|   -8.866805|   -8.314327|    0.326268|    0.012717|
|         760|   -8.850787|   -8.298652|    0.326268|    0.012717|
|         761|   -8.833925|   -8.282061|    0.326268|    0.012717|
|         762|   -8.816871|   -8.265209|    0.326268|    0.012717|
|         763|   -8.800123|   -8.248599|    0.326268|    0.012717|
|         764|   -8.784040|   -8.232599|    0.326268|    0.012717|
|         765|   -8.768871|   -8.217469|    0.326269|    0.012717|
|         766|   -8.754782|   -8.203384|    0.326269|    0.012717|
|         767|   -8.741877|   -8.190454|    0.326269|    0.012717|
|         768|   -8.730218|   -8.178745|    0.326269|    0.012717|
|         769|   -8.719832|   -8.168291|    0.326269|    0.012717|
|         770|   -8.710730|   -8.159106|    0.326269|    0.012717|
|         771|   -8.702908|   -8.151188|    0.326269|    0.012717|
|         772|   -8.696354|   -8.144526|    0.326269|    0.012717|
|         773|   -8.691050|   -8.139105|    0.326269|    0.012717|
|         774|   -8.686977|   -8.134906|    0.326270|    0.012717|
|         775|   -8.684116|   -8.131911|    0.326270|    0.012717|
|         776|   -8.682448|   -8.130101|    0.326270|    0.012717|
|         777|   -8.681950|   -8.129453|    0.326270|    0.012717|
|         778|   -8.682608|   -8.129955|    0.326270|    0.012717|
|         779|   -8.684407|   -8.131592|    0.326270|    0.012717|
|         780|   -8.687335|   -8.134352|    0.326270|    0.012717|
|         781|   -8.691381|   -8.138225|    0.326270|    0.012717|
|         782|   -8.696534|   -8.143200|    0.326270|    0.012717|
|         783|   -8.702788|   -8.149270|    0.326270|    0.012717|
|         784|   -8.710136|   -8.156430|    0.326270|    0.012717|
|         785|   -8.718574|   -8.164675|    0.326270|    0.012717|
|         786|   -8.728099|   -8.174002|    0.326270|    0.012717|
|         787|   -8.738708|   -8.184410|    0.326270|    0.012717|
|         788|   -8.750403|   -8.195898|    0.326270|    0.012717|
|         789|   -8.763184|   -8.208468|    0.326270|    0.012717|
|         790|   -8.777054|   -8.222122|    0.326270|    0.012717|
|         791|   -8.792017|   -8.236864|    0.326270|    0.012717|
|         792|   -8.808079|   -8.252700|    0.326270|    0.012717|
|         793|   -8.825247|   -8.269636|    0.326270|    0.012717|
|         794|   -8.843529|   -8.287681|    0.326270|    0.012717|
|         795|   -8.862936|   -8.306843|    0.326270|    0.012717|
|         796|   -8.883480|   -8.327135|    0.326270|    0.012717|
|         797|   -8.905173|   -8.348569|    0.326270|    0.012717|
|         798|   -8.928030|   -8.371158|    0.326270|    0.012717|
|         799|   -8.952069|   -8.394919|    0.326270|    0.012717|
|         800|   -8.977305|   -8.419869|    0.326270|    0.012717|
|         801|   -9.003758|   -8.446026|    0.326270|    0.012717|
|         802|   -9.031447|   -8.473407|    0.326270|    0.012717|
|         803|   -9.060388|   -8.502031|    0.326270|    0.012717|
|         804|   -9.090597|   -8.531912|    0.326271|    0.012718|
|         805|   -9.122084|   -8.563061|    0.326271|    0.012718|
|         806|   -9.154849|   -8.595482|    0.326271|    0.012718|
|         807|   -9.188879|   -8.629164|    0.326271|    0.012718|
|         808|   -9.224141|   -8.664079|    0.326271|    0.012718|
|         809|   -9.260573|   -8.700170|    0.326271|    0.012718|
|         810|   -9.298067|   -8.737343|    0.326271|    0.012718|
|         811|   -9.336458|   -8.775445|    0.326271|    0.012718|
|         812|   -9.375500|   -8.814252|    0.326271|    0.012718|
|         813|   -9.414846|   -8.853443|    0.326271|    0.012718|
|         814|   -9.454025|   -8.892582|    0.326271|    0.012718|
|         815|   -9.492432|   -8.931101|    0.326271|    0.012718|
|         816|   -9.529327|   -8.968303|    0.326271|    0.012718|
|         817|   -9.563870|   -9.003380|    0.326271|    0.012718|
|         818|   -9.595184|   -9.035473|    0.326271|    0.012718|
|         819|   -9.622468|   -9.063768|    0.326271|    0.012718|
|         820|   -9.645133|   -9.087628|    0.326271|    0.012718|
|         821|   -9.662933|   -9.106721|    0.326271|    0.012718|
|         822|   -9.676037|   -9.121112|    0.326271|    0.012718|
|         823|   -9.685002|   -9.131262|    0.326271|    0.012718|
|         824|   -9.690660|   -9.137927|    0.326271|    0.012718|
|         825|   -9.693959|   -9.142021|    0.326271|    0.012718|
|         826|   -9.695829|   -9.144464|    0.326271|    0.012718|
|         827|   -9.697089|   -9.146095|    0.326271|    0.012718|
|         828|   -9.698410|   -9.147611|    0.326271|    0.012718|
|         829|   -9.700317|   -9.149566|    0.326271|    0.012718|
|         830|   -9.703202|   -9.152383|    0.326271|    0.012718|
|         831|   -9.707354|   -9.156373|    0.326271|    0.012718|
|         832|   -9.712979|   -9.161763|    0.326271|    0.012718|
|         833|   -9.720226|   -9.168717|    0.326271|    0.012718|
|         834|   -9.729198|   -9.177352|    0.326271|    0.012718|
|         835|   -9.739973|   -9.187751|    0.326271|    0.012718|
|         836|   -9.752602|   -9.199975|    0.326271|    0.012718|
|         837|   -9.767125|   -9.214066|    0.326271|    0.012718|
|         838|   -9.783564|   -9.230050|    0.326271|    0.012718|
|         839|   -9.801928|   -9.247940|    0.326271|    0.012718|
|         840|   -9.822207|   -9.267726|    0.326271|    0.012718|
|         841|   -9.844365|   -9.289375|    0.326271|    0.012718|
|         842|   -9.868328|   -9.312818|    0.326271|    0.012718|
|         843|   -9.893967|   -9.337933|    0.326271|    0.012718|
|         844|   -9.921076|   -9.364522|    0.326271|    0.012718|
|         845|   -9.949334|   -9.392280|    0.326271|    0.012718|
|         846|   -9.978269|   -9.420762|    0.326271|    0.012718|
|         847|  -10.007217|   -9.449334|    0.326271|    0.012718|
|         848|  -10.035288|   -9.477155|    0.326271|    0.012718|
|         849|  -10.061371|   -9.503168|    0.326271|    0.012718|
|         850|  -10.084204|   -9.526164|    0.326271|    0.012718|
|         851|  -10.102522|   -9.544917|    0.326271|    0.012718|
|         852|  -10.115290|   -9.558385|    0.326271|    0.012718|
|         853|  -10.121939|   -9.565943|    0.326271|    0.012718|
|         854|  -10.122512|   -9.567540|    0.326271|    0.012718|
|         855|  -10.117666|   -9.563717|    0.326271|    0.012718|
|         856|  -10.108488|   -9.555469|    0.326271|    0.012718|
|         857|  -10.096251|   -9.544007|    0.326271|    0.012718|
|         858|  -10.082182|   -9.530539|    0.326271|    0.012718|
|         859|  -10.067325|   -9.516112|    0.326271|    0.012718|
|         860|  -10.052489|   -9.501558|    0.326271|    0.012718|
|         861|  -10.038263|   -9.487490|    0.326271|    0.012718|
|         862|  -10.025048|   -9.474337|    0.326271|    0.012718|
|         863|  -10.013105|   -9.462382|    0.326271|    0.012718|
|         864|  -10.002593|   -9.451801|    0.326271|    0.012718|
|         865|   -9.993599|   -9.442696|    0.326271|    0.012718|
|         866|   -9.986165|   -9.435117|    0.326271|    0.012718|
|         867|   -9.980297|   -9.429083|    0.326271|    0.012718|
|         868|   -9.975986|   -9.424587|    0.326271|    0.012718|
|         869|   -9.973210|   -9.421613|    0.326271|    0.012718|
|         870|   -9.971938|   -9.420134|    0.326271|    0.012718|
|         871|   -9.972141|   -9.420121|    0.326271|    0.012718|
|         872|   -9.973786|   -9.421544|    0.326271|    0.012718|
|         873|   -9.976843|   -9.424374|    0.326271|    0.012718|
|         874|   -9.981283|   -9.428584|    0.326271|    0.012718|
|         875|   -9.987081|   -9.434148|    0.326271|    0.012718|
|         876|   -9.994215|   -9.441045|    0.326271|    0.012718|
|         877|  -10.002667|   -9.449255|    0.326271|    0.012718|
|         878|  -10.012422|   -9.458765|    0.326271|    0.012718|
|         879|  -10.023469|   -9.469562|    0.326271|    0.012718|
|         880|  -10.035800|   -9.481639|    0.326271|    0.012718|
|         881|  -10.049411|   -9.494990|    0.326271|    0.012718|
|         882|  -10.064302|   -9.509616|    0.326271|    0.012718|
|         883|  -10.080477|   -9.525520|    0.326271|    0.012718|
|         884|  -10.097942|   -9.542706|    0.326271|    0.012718|
|         885|  -10.116708|   -9.561186|    0.326271|    0.012718|
|         886|  -10.136788|   -9.580971|    0.326271|    0.012718|
|         887|  -10.158199|   -9.602077|    0.326271|    0.012718|
|         888|  -10.180961|   -9.624524|    0.326271|    0.012718|
|         889|  -10.205095|   -9.648333|    0.326271|    0.012718|
|         890|  -10.230624|   -9.673524|    0.326271|    0.012718|
|         891|  -10.257569|   -9.700119|    0.326271|    0.012718|
|         892|  -10.285947|   -9.728136|    0.326271|    0.012718|
|         893|  -10.315768|   -9.757586|    0.326271|    0.012718|
|         894|  -10.347028|   -9.788467|    0.326271|    0.012718|
|         895|  -10.379700|   -9.820756|    0.326271|    0.012718|
|         896|  -10.413724|   -9.854400|    0.326271|    0.012718|
|         897|  -10.448990|   -9.889297|    0.326271|    0.012718|
|         898|  -10.485314|   -9.925281|    0.326271|    0.012718|
|         899|  -10.522412|   -9.962089|    0.326271|    0.012718|
|         900|  -10.559867|   -9.999331|    0.326271|    0.012718|
|         901|  -10.597091|  -10.036463|    0.326271|    0.012718|
|         902|  -10.633313|  -10.072759|    0.326271|    0.012718|
|         903|  -10.667572|  -10.107308|    0.326271|    0.012718|
|         904|  -10.698777|  -10.139062|    0.326271|    0.012718|
|         905|  -10.725816|  -10.166926|    0.326271|    0.012712|
+-----------------------------------------------------------------------+
|Fixed CL Mode (Finite Difference)       |Value                         |
+-----------------------------------------------------------------------+
|Delta CL / Delta AoA                    |0.270841                      |
|Delta CD / Delta CL                     |0.0114845                     |
|Delta CMz / Delta CL                    |-0.0291629                    |
+-----------------------------------------------------------------------+
Writing Flow Meta-Data file: flow.meta

--------------------------- Finalizing Solver ---------------------------
Deleted CNumerics container.
Deleted CIntegration container.
Deleted CSolver container.
Deleted CIteration container.
Deleted CInterface container.
Deleted CGeometry container.
Deleted CFreeFormDefBox class.
Deleted CSurfaceMovement class.
Deleted CVolumetricMovement class.
Deleted CConfig container.
Deleted nInst container.
Deleted COutput class.
-------------------------------------------------------------------------

------------------------- Exit Success (SU2_CFD) ------------------------

