
-------------------------------------------------------------------------
|    ___ _   _ ___                                                      |
|   / __| | | |_  )   Release 8.3.0 "Harrier"                           |
|   \__ \ |_| |/ /                                                      |
|   |___/\___//___|   Suite (Computational Fluid Dynamics Code)         |
|                                                                       |
-------------------------------------------------------------------------
| SU2 Project Website: https://su2code.github.io                        |
|                                                                       |
| The SU2 Project is maintained by the SU2 Foundation                   |
| (http://su2foundation.org)                                            |
-------------------------------------------------------------------------
| Copyright 2012-2025, SU2 Contributors                                 |
|                                                                       |
| SU2 is free software; you can redistribute it and/or                  |
| modify it under the terms of the GNU Lesser General Public            |
| License as published by the Free Software Foundation; either          |
| version 2.1 of the License, or (at your option) any later version.    |
|                                                                       |
| SU2 is distributed in the hope that it will be useful,                |
| but WITHOUT ANY WARRANTY; without even the implied warranty of        |
| MERCHANTABILITY or FITNESS FOR A PARTICULAR PURPOSE. See the GNU      |
| Lesser General Public License for more details.                       |
|                                                                       |
| You should have received a copy of the GNU Lesser General Public      |
| License along with SU2. If not, see <http://www.gnu.org/licenses/>.   |
-------------------------------------------------------------------------

Parsing config file for zone 0

----------------- Physical Case Definition ( Zone 0 ) -------------------
Compressible Euler equations.
Mach number: 0.8.
Angle of attack (AoA): 1.25 deg, and angle of sideslip (AoS): 0 deg.
Fixed CL mode, target value: 0.326.
Reading and writing binary SU2 native restart files.
Read flow solution from: solution_flow.
Non-Dimensional simulation (P=1.0, Rho=1.0, T=1.0 at the farfield).
The reference area is 1 m^2.
The semi-span will be computed using the max y(3D) value.
The reference length is 1 m.
Reference origin for moment evaluation is (0.25, 0, 0).
Surface(s) where the force coefficients are evaluated: airfoil.

Surface(s) plotted in the output file: airfoil.
Surface(s) affected by the design variables: airfoil.
Input mesh file name: mesh_NACA0012_inv_deform.su2

--------------- Space Numerical Integration ( Zone 0 ) ------------------
Jameson-Schmidt-Turkel scheme (2nd order in space) for the flow inviscid terms.
JST viscous coefficients (2nd & 4th): 0.5, 0.02.
The method includes a grid stretching correction (p = 0.3).
Gradient for viscous and source terms: Green-Gauss.

--------------- Time Numerical Integration  ( Zone 0 ) ------------------
Local time stepping (steady state simulation).
Euler implicit method for the flow equations.
FGMRES is used for solving the linear system.
Using a LU-SGS preconditioning.
Convergence criteria of the linear solver: 0.0001.
Max number of linear iterations: 2.
V Multigrid Cycle, with 2 multigrid levels.
Damping factor for the residual restriction: 1.
Damping factor for the correction prolongation: 1.
No CFL adaptation.
+-------------------------------------------+
|  MG Level| Presmooth|PostSmooth|CorrectSmo|
+-------------------------------------------+
|         0|         1|         0|         0|
|         1|         2|         0|         0|
|         2|         3|         0|         0|
+-------------------------------------------+
Courant-Friedrichs-Lewy number:       10

------------------ Convergence Criteria  ( Zone 0 ) ---------------------
Maximum number of solver subiterations: 1250.
Begin convergence monitoring at iteration 10.
Residual minimum value: 1e-13.
Cauchy series min. value: 1e-06.
Number of Cauchy elements: 100.
Begin windowed time average at iteration 0.

-------------------- Output Information ( Zone 0 ) ----------------------
File writing frequency: 
+------------------------------------+
|                     File| Frequency|
+------------------------------------+
|                  RESTART|       250|
|                 PARAVIEW|       250|
|         SURFACE_PARAVIEW|       250|
|              SURFACE_CSV|       250|
+------------------------------------+
Writing the convergence history file every 1 inner iterations.
Writing the screen convergence history every 1 inner iterations.
The tabular file format is CSV (.csv).
Convergence history file name: history_direct.
Forces breakdown file name: forces_breakdown.dat.
Surface file name: surface_flow.
Volume file name: flow.
Restart file name: restart_flow.

------------- Config File Boundary Information ( Zone 0 ) ---------------
+-----------------------------------------------------------------------+
|                        Marker Type|                        Marker Name|
+-----------------------------------------------------------------------+
|                         Euler wall|                            airfoil|
+-----------------------------------------------------------------------+
|                          Far-field|                           farfield|
+-----------------------------------------------------------------------+

-------------------- Output Preprocessing ( Zone 0 ) --------------------

WARNING: SURFACE_PRESSURE_DROP can only be computed for at least 2 surfaces (outlet, inlet, ...)

Screen output fields: INNER_ITER, RMS_DENSITY, RMS_ENERGY, LIFT, DRAG
History output group(s): ITER, RMS_RES, AERO_COEFF
Convergence field(s): RMS_DENSITY
Warning: No (valid) fields chosen for time convergence monitoring. Time convergence monitoring inactive.
Volume output fields: COORDINATES, SOLUTION, PRIMITIVE

------------------- Geometry Preprocessing ( Zone 0 ) -------------------
Two dimensional problem.
5233 grid points.
10216 volume elements.
2 surface markers.
200 boundary elements in index 0 (Marker = airfoil).
50 boundary elements in index 1 (Marker = farfield).
10216 triangles.
Setting point connectivity.
Renumbering points (Reverse Cuthill McKee Ordering).
Recomputing point connectivity.
Setting element connectivity.
Checking the numerical grid orientation.
All volume elements are correctly oriented.
All surface elements are correctly oriented.
Identifying edges and vertices.
Setting the control volume structure.
Area of the computational grid: 1253.25.
Searching for the closest normal neighbors to the surfaces.
Storing a mapping from global to local point index.
Compute the surface curvature.
Max K: 7835.1. Mean K: 34.8553. Standard deviation K: 494.428.
Checking for periodicity.
Computing mesh quality statistics for the dual control volumes.
+--------------------------------------------------------------+
|           Mesh Quality Metric|        Minimum|        Maximum|
+--------------------------------------------------------------+
|    Orthogonality Angle (deg.)|        62.8909|         89.711|
|     CV Face Area Aspect Ratio|        1.00129|        7.18317|
|           CV Sub-Volume Ratio|        1.00222|        6.47655|
+--------------------------------------------------------------+
Setting the multigrid structure.
+-------------------------------------------+
|  MG Level|       CVs|Aggl. Rate|       CFL|
+-------------------------------------------+
|         0|      5233|    1/1.00|        10|
|         1|      1690|     1/3.1|   8.52431|
|         2|       649|     1/2.6|   7.92373|
+-------------------------------------------+
Finding max control volume width.
Wetted area = 2.03945 m.
Area projection in the x-plane = 0.113049 m, y-plane = 0.999845 m.
Max. coordinate in the x-direction = 1 m, y-direction = 0.0561068 m.
Min. coordinate in the x-direction = 0 m, y-direction = -0.0569676 m.
Computing wall distances.

-------------------- Solver Preprocessing ( Zone 0 ) --------------------
WARNING: AoA in the solution file (0.49998 deg.) +
         AoA offset in mesh file (0 deg.) = 0.49998 deg.
WARNING: SU2 will use the dCD/dCL provided in the direct solution file: 0.0117089.
WARNING: SU2 will use the dCMz/dCL provided in the direct solution file: 0.0956974.
Inviscid flow: Computing density based on free-stream
temperature and pressure using the ideal gas law.
Force coefficients computed using free-stream values.

-- Models:
+------------------------------------------------------------------------------+
|          Viscosity Model|        Conductivity Model|              Fluid Model|
+------------------------------------------------------------------------------+
|                        -|                         -|             STANDARD_AIR|
+------------------------------------------------------------------------------+
-- Fluid properties:
+------------------------------------------------------------------------------+
|                  Name|    Dim. value|    Ref. value|      Unit|Non-dim. value|
+------------------------------------------------------------------------------+
|          Gas Constant|       287.058|       287.058|  N.m/kg.K|             1|
|      Spec. Heat Ratio|             -|             -|         -|           1.4|
+------------------------------------------------------------------------------+
-- Initial and free-stream conditions:
+------------------------------------------------------------------------------+
|                  Name|    Dim. value|    Ref. value|      Unit|Non-dim. value|
+------------------------------------------------------------------------------+
|       Static Pressure|        101325|        101325|        Pa|             1|
|               Density|       1.22498|       1.22498|    kg/m^3|             1|
|           Temperature|        288.15|        288.15|         K|             1|
|          Total Energy|        243846|       82715.8|   m^2/s^2|         2.948|
|            Velocity-X|       272.227|       287.603|       m/s|      0.946537|
|            Velocity-Y|        2.3756|       287.603|       m/s|    0.00825997|
|    Velocity Magnitude|       272.238|       287.603|       m/s|      0.946573|
+------------------------------------------------------------------------------+
|           Mach Number|             -|             -|         -|           0.8|
+------------------------------------------------------------------------------+
Initialize Jacobian structure (Euler). MG level: 0.
Initialize Jacobian structure (Euler). MG level: 1.
Initialize Jacobian structure (Euler). MG level: 2.

------------------- Numerics Preprocessing ( Zone 0 ) -------------------

----------------- Integration Preprocessing ( Zone 0 ) ------------------

------------------- Iteration Preprocessing ( Zone 0 ) ------------------
Euler/Navier-Stokes/RANS fluid iteration.

------------------------------ Begin Solver -----------------------------

Simulation Run using the Single-zone Driver
WARNING: SU2 was not compiled for an AVX-capable architecture. Performance could be better,
         see https://su2code.github.io/docs_v7/Build-SU2-Linux-MacOS/#compiler-optimizations
WARNING: SU2 was not compiled for an AVX-capable architecture. Performance could be better,
         see https://su2code.github.io/docs_v7/Build-SU2-Linux-MacOS/#compiler-optimizations
WARNING: SU2 was not compiled for an AVX-capable architecture. Performance could be better,
         see https://su2code.github.io/docs_v7/Build-SU2-Linux-MacOS/#compiler-optimizations
+----------------------------------------------------------------+
|  Inner_Iter|    rms[Rho]|   rms[RhoE]|          CL|          CD|
+----------------------------------------------------------------+
|           0|   -8.483099|   -7.886719|    0.326000|    0.001602|
|           1|   -8.750200|   -8.153468|    0.326001|    0.001601|
|           2|   -8.658468|   -8.072557|    0.326002|    0.001601|
|           3|   -8.645288|   -8.056934|    0.326002|    0.001601|
|           4|   -8.587708|   -8.002732|    0.326002|    0.001600|
|           5|   -8.555983|   -7.975597|    0.326003|    0.001600|
|           6|   -8.556482|   -7.979908|    0.326004|    0.001600|
|           7|   -8.541146|   -7.964507|    0.326004|    0.001600|
|           8|   -8.530152|   -7.955556|    0.326005|    0.001600|
|           9|   -8.536021|   -7.965921|    0.326006|    0.001600|
|          10|   -8.543610|   -7.977167|    0.326006|    0.001600|
|          11|   -8.551066|   -7.986299|    0.326007|    0.001600|
|          12|   -8.556701|   -7.991697|    0.326008|    0.001600|
|          13|   -8.563121|   -7.997206|    0.326008|    0.001600|
|          14|   -8.572251|   -8.006132|    0.326009|    0.001600|
|          15|   -8.583182|   -8.017733|    0.326009|    0.001600|
|          16|   -8.595982|   -8.031463|    0.326010|    0.001600|
|          17|   -8.610523|   -8.046634|    0.326010|    0.001600|
|          18|   -8.625994|   -8.062293|    0.326011|    0.001600|
|          19|   -8.641805|   -8.078064|    0.326011|    0.001600|
|          20|   -8.657686|   -8.094082|    0.326011|    0.001600|
|          21|   -8.673056|   -8.110092|    0.326012|    0.001600|
|          22|   -8.687104|   -8.125205|    0.326012|    0.001600|
|          23|   -8.699558|   -8.138684|    0.326012|    0.001600|
|          24|   -8.710842|   -8.150523|    0.326012|    0.001600|
|          25|   -8.721530|   -8.161273|    0.326013|    0.001600|
|          26|   -8.731948|   -8.171597|    0.326013|    0.001600|
|          27|   -8.742161|   -8.181963|    0.326013|    0.001600|
|          28|   -8.752132|   -8.192546|    0.326013|    0.001600|
|          29|   -8.761839|   -8.203294|    0.326014|    0.001600|
|          30|   -8.771314|   -8.214050|    0.326014|    0.001600|
|          31|   -8.780615|   -8.224636|    0.326014|    0.001600|
|          32|   -8.789783|   -8.234902|    0.326014|    0.001600|
|          33|   -8.798825|   -8.244746|    0.326014|    0.001600|
|          34|   -8.807731|   -8.254147|    0.326014|    0.001600|
|          35|   -8.816498|   -8.263162|    0.326015|    0.001600|
|          36|   -8.825141|   -8.271912|    0.326015|    0.001600|
|          37|   -8.833692|   -8.280532|    0.326015|    0.001600|
|          38|   -8.842198|   -8.289142|    0.326015|    0.001600|
|          39|   -8.850708|   -8.297823|    0.326015|    0.001600|
|          40|   -8.859272|   -8.306616|    0.326015|    0.001600|
|          41|   -8.867932|   -8.315531|    0.326015|    0.001600|
|          42|   -8.876720|   -8.324562|    0.326016|    0.001600|
|          43|   -8.885655|   -8.333696|    0.326016|    0.001600|
|          44|   -8.894743|   -8.342916|    0.326016|    0.001600|
|          45|   -8.903975|   -8.352210|    0.326016|    0.001600|
|          46|   -8.913333|   -8.361570|    0.326016|    0.001600|
|          47|   -8.922796|   -8.370992|    0.326016|    0.001600|
|          48|   -8.932343|   -8.380478|    0.326016|    0.001600|
|          49|   -8.941961|   -8.390034|    0.326016|    0.001600|
|          50|   -8.951642|   -8.399666|    0.326017|    0.001600|
|          51|   -8.961384|   -8.409382|    0.326017|    0.001599|
+-----------------------------------------------------------------------+
|Fixed CL Mode                           |Value                         |
+-----------------------------------------------------------------------+
|Current CL                              |0.326017                      |
|Target CL                               |0.326                         |
|Previous AOA                            |0.49998                       |
|Changed AoA by                          |-8.2724e-05                   |
+-----------------------------------------------------------------------+
+----------------------------------------------------------------+
|  Inner_Iter|    rms[Rho]|   rms[RhoE]|          CL|          CD|
+----------------------------------------------------------------+
|          52|   -6.894387|   -6.287698|    0.326017|    0.001599|
|          53|   -7.191873|   -6.581305|    0.326016|    0.001599|
|          54|   -7.434854|   -6.841227|    0.326014|    0.001599|
|          55|   -7.634003|   -7.023348|    0.326010|    0.001599|
|          56|   -7.796779|   -7.197596|    0.326007|    0.001599|
|          57|   -7.894163|   -7.295951|    0.326005|    0.001599|
|          58|   -8.030521|   -7.429123|    0.326005|    0.001599|
|          59|   -8.059959|   -7.456855|    0.326005|    0.001599|
|          60|   -8.113560|   -7.508669|    0.326004|    0.001599|
|          61|   -8.235549|   -7.636322|    0.326004|    0.001599|
|          62|   -8.315083|   -7.724886|    0.326003|    0.001599|
|          63|   -8.339911|   -7.748353|    0.326002|    0.001599|
|          64|   -8.398204|   -7.807020|    0.326002|    0.001599|
|          65|   -8.477206|   -7.893727|    0.326001|    0.001599|
|          66|   -8.523592|   -7.947450|    0.326001|    0.001599|
|          67|   -8.549325|   -7.975025|    0.326000|    0.001599|
|          68|   -8.573381|   -7.999762|    0.326000|    0.001599|
|          69|   -8.592458|   -8.020854|    0.325999|    0.001599|
|          70|   -8.606434|   -8.037976|    0.325999|    0.001599|
|          71|   -8.618416|   -8.053356|    0.325998|    0.001599|
|          72|   -8.628021|   -8.065804|    0.325998|    0.001599|
|          73|   -8.634312|   -8.074021|    0.325997|    0.001599|
|          74|   -8.638330|   -8.079393|    0.325997|    0.001599|
|          75|   -8.641628|   -8.083866|    0.325997|    0.001599|
|          76|   -8.645059|   -8.088328|    0.325996|    0.001599|
|          77|   -8.648868|   -8.092949|    0.325996|    0.001599|
|          78|   -8.653011|   -8.097704|    0.325996|    0.001599|
|          79|   -8.657419|   -8.102618|    0.325995|    0.001599|
|          80|   -8.662086|   -8.107782|    0.325995|    0.001599|
|          81|   -8.666976|   -8.113197|    0.325994|    0.001599|
|          82|   -8.671985|   -8.118728|    0.325994|    0.001599|
|          83|   -8.677004|   -8.124218|    0.325994|    0.001599|
|          84|   -8.681970|   -8.129581|    0.325994|    0.001599|
|          85|   -8.686865|   -8.134796|    0.325993|    0.001599|
|          86|   -8.691701|   -8.139883|    0.325993|    0.001599|
|          87|   -8.696512|   -8.144888|    0.325993|    0.001599|
|          88|   -8.701342|   -8.149868|    0.325992|    0.001599|
|          89|   -8.706244|   -8.154888|    0.325992|    0.001599|
|          90|   -8.711267|   -8.160003|    0.325992|    0.001599|
|          91|   -8.716454|   -8.165260|    0.325992|    0.001599|
|          92|   -8.721842|   -8.170698|    0.325992|    0.001599|
|          93|   -8.727461|   -8.176349|    0.325991|    0.001599|
|          94|   -8.733336|   -8.182237|    0.325991|    0.001599|
|          95|   -8.739485|   -8.188384|    0.325991|    0.001599|
|          96|   -8.745929|   -8.194809|    0.325991|    0.001599|
|          97|   -8.752680|   -8.201527|    0.325991|    0.001599|
|          98|   -8.759751|   -8.208550|    0.325990|    0.001599|
|          99|   -8.767148|   -8.215884|    0.325990|    0.001599|
|         100|   -8.774874|   -8.223532|    0.325990|    0.001599|
|         101|   -8.782930|   -8.231495|    0.325990|    0.001600|
+-----------------------------------------------------------------------+
|Fixed CL Mode                           |Value                         |
+-----------------------------------------------------------------------+
|Current CL                              |0.32599                       |
|Target CL                               |0.326                         |
|Previous AOA                            |0.499897                      |
|Changed AoA by                          |4.92585e-05                   |
+-----------------------------------------------------------------------+
+----------------------------------------------------------------+
|  Inner_Iter|    rms[Rho]|   rms[RhoE]|          CL|          CD|
+----------------------------------------------------------------+
|         102|   -7.119399|   -6.512765|    0.325990|    0.001600|
|         103|   -7.416863|   -6.806292|    0.325990|    0.001600|
|         104|   -7.659010|   -7.065442|    0.325991|    0.001600|
|         105|   -7.857323|   -7.247081|    0.325993|    0.001600|
|         106|   -8.018067|   -7.419671|    0.325995|    0.001600|
|         107|   -8.113288|   -7.516182|    0.325996|    0.001600|
|         108|   -8.245686|   -7.646163|    0.325997|    0.001600|
|         109|   -8.274847|   -7.673683|    0.325997|    0.001600|
|         110|   -8.326419|   -7.723844|    0.325997|    0.001600|
|         111|   -8.441297|   -7.845244|    0.325997|    0.001600|
|         112|   -8.515672|   -7.928719|    0.325997|    0.001600|
|         113|   -8.540587|   -7.952340|    0.325998|    0.001600|
|         114|   -8.594475|   -8.006864|    0.325998|    0.001600|
|         115|   -8.666101|   -8.085981|    0.325998|    0.001600|
|         116|   -8.710792|   -8.137503|    0.325999|    0.001600|
|         117|   -8.738196|   -8.166703|    0.325999|    0.001600|
|         118|   -8.763853|   -8.192769|    0.325999|    0.001600|
|         119|   -8.785920|   -8.216139|    0.325999|    0.001600|
|         120|   -8.804331|   -8.236858|    0.326000|    0.001600|
|         121|   -8.821250|   -8.256449|    0.326000|    0.001600|
|         122|   -8.836061|   -8.273558|    0.326000|    0.001600|
|         123|   -8.847688|   -8.286716|    0.326000|    0.001600|
|         124|   -8.856905|   -8.296949|    0.326000|    0.001600|
|         125|   -8.865136|   -8.306055|    0.326001|    0.001600|
|         126|   -8.873223|   -8.314941|    0.326001|    0.001600|
|         127|   -8.881431|   -8.323812|    0.326001|    0.001600|
|         128|   -8.889733|   -8.332646|    0.326001|    0.001600|
|         129|   -8.898054|   -8.341442|    0.326001|    0.001600|
|         130|   -8.906377|   -8.350271|    0.326002|    0.001600|
|         131|   -8.914670|   -8.359131|    0.326002|    0.001600|
|         132|   -8.922826|   -8.367882|    0.326002|    0.001600|
|         133|   -8.930719|   -8.376344|    0.326002|    0.001600|
|         134|   -8.938270|   -8.384403|    0.326002|    0.001600|
|         135|   -8.945449|   -8.392017|    0.326002|    0.001600|
|         136|   -8.952263|   -8.399193|    0.326003|    0.001600|
|         137|   -8.958751|   -8.405979|    0.326003|    0.001600|
|         138|   -8.964976|   -8.412452|    0.326003|    0.001600|
|         139|   -8.971017|   -8.418702|    0.326003|    0.001600|
|         140|   -8.976953|   -8.424819|    0.326003|    0.001600|
|         141|   -8.982862|   -8.430886|    0.326003|    0.001600|
|         142|   -8.988813|   -8.436976|    0.326003|    0.001600|
|         143|   -8.994866|   -8.443150|    0.326004|    0.001600|
|         144|   -9.001069|   -8.449456|    0.326004|    0.001600|
|         145|   -9.007461|   -8.455933|    0.326004|    0.001600|
|         146|   -9.014075|   -8.462612|    0.326004|    0.001600|
|         147|   -9.020933|   -8.469514|    0.326004|    0.001600|
|         148|   -9.028054|   -8.476654|    0.326004|    0.001600|
|         149|   -9.035448|   -8.484039|    0.326004|    0.001600|
|         150|   -9.043117|   -8.491674|    0.326004|    0.001600|
|         151|   -9.051063|   -8.499559|    0.326004|    0.001600|
+-----------------------------------------------------------------------+
|Fixed CL Mode                           |Value                         |
+-----------------------------------------------------------------------+
|Current CL                              |0.326004                      |
|Target CL                               |0.326                         |
|Previous AOA                            |0.499946                      |
|Changed AoA by                          |-2.18388e-05                  |
+-----------------------------------------------------------------------+
+----------------------------------------------------------------+
|  Inner_Iter|    rms[Rho]|   rms[RhoE]|          CL|          CD|
+----------------------------------------------------------------+
|         152|   -7.472565|   -6.865962|    0.326005|    0.001600|
|         153|   -7.770064|   -7.159485|    0.326004|    0.001600|
|         154|   -8.011823|   -7.418291|    0.326004|    0.001600|
|         155|   -8.209557|   -7.599541|    0.326003|    0.001600|
|         156|   -8.368987|   -7.771022|    0.326002|    0.001600|
|         157|   -8.463124|   -7.866630|    0.326002|    0.001600|
|         158|   -8.593484|   -7.995004|    0.326002|    0.001600|
|         159|   -8.622617|   -8.022542|    0.326002|    0.001600|
|         160|   -8.673359|   -8.072044|    0.326002|    0.001600|
|         161|   -8.785108|   -8.190673|    0.326002|    0.001600|
|         162|   -8.857320|   -8.271969|    0.326001|    0.001600|
|         163|   -8.882238|   -8.295608|    0.326001|    0.001600|
|         164|   -8.934046|   -8.348145|    0.326001|    0.001600|
|         165|   -9.002562|   -8.424052|    0.326001|    0.001600|
|         166|   -9.046744|   -8.474895|    0.326001|    0.001600|
|         167|   -9.075008|   -8.504952|    0.326001|    0.001600|
|         168|   -9.101513|   -8.531747|    0.326001|    0.001600|
|         169|   -9.125128|   -8.556385|    0.326001|    0.001600|
|         170|   -9.145818|   -8.579066|    0.326001|    0.001600|
|         171|   -9.165315|   -8.600945|    0.326001|    0.001600|
|         172|   -9.182940|   -8.620626|    0.326001|    0.001600|
|         173|   -9.197610|   -8.636626|    0.326000|    0.001600|
|         174|   -9.209973|   -8.649813|    0.326000|    0.001600|
|         175|   -9.221367|   -8.661893|    0.326000|    0.001600|
|         176|   -9.232601|   -8.673751|    0.326000|    0.001600|
|         177|   -9.243927|   -8.685584|    0.326000|    0.001600|
|         178|   -9.255319|   -8.697366|    0.326000|    0.001600|
|         179|   -9.266697|   -8.709096|    0.326000|    0.001600|
|         180|   -9.278043|   -8.720844|    0.326000|    0.001600|
|         181|   -9.289319|   -8.732610|    0.326000|    0.001600|
|         182|   -9.300404|   -8.744242|    0.326000|    0.001600|
|         183|   -9.311149|   -8.755533|    0.326000|    0.001600|
|         184|   -9.321439|   -8.766331|    0.326000|    0.001600|
|         185|   -9.331212|   -8.776554|    0.326000|    0.001600|
|         186|   -9.340446|   -8.786177|    0.326000|    0.001600|
|         187|   -9.349160|   -8.795222|    0.325999|    0.001600|
|         188|   -9.357405|   -8.803753|    0.325999|    0.001600|
|         189|   -9.365258|   -8.811860|    0.325999|    0.001600|
|         190|   -9.372810|   -8.819644|    0.325999|    0.001600|
|         191|   -9.380151|   -8.827202|    0.325999|    0.001600|
|         192|   -9.387369|   -8.834626|    0.325999|    0.001600|
|         193|   -9.394541|   -8.841992|    0.325999|    0.001600|
|         194|   -9.401730|   -8.849365|    0.325999|    0.001600|
|         195|   -9.408992|   -8.856796|    0.325999|    0.001600|
|         196|   -9.416370|   -8.864324|    0.325999|    0.001600|
|         197|   -9.423900|   -8.871979|    0.325999|    0.001600|
|         198|   -9.431604|   -8.879780|    0.325999|    0.001600|
|         199|   -9.439499|   -8.887739|    0.325999|    0.001600|
|         200|   -9.447593|   -8.895860|    0.325999|    0.001600|
|         201|   -9.455887|   -8.904145|    0.325999|    0.001600|
+-----------------------------------------------------------------------+
|Fixed CL Mode                           |Value                         |
+-----------------------------------------------------------------------+
|Current CL                              |0.325999                      |
|Target CL                               |0.326                         |
|Previous AOA                            |0.499925                      |
|Changed AoA by                          |5.66423e-06                   |
+-----------------------------------------------------------------------+
+----------------------------------------------------------------+
|  Inner_Iter|    rms[Rho]|   rms[RhoE]|          CL|          CD|
+----------------------------------------------------------------+
|         202|   -8.058389|   -7.451870|    0.325999|    0.001600|
|         203|   -8.355673|   -7.745163|    0.325999|    0.001600|
|         204|   -8.595963|   -8.002667|    0.325999|    0.001600|
|         205|   -8.791189|   -8.182161|    0.325999|    0.001600|
|         206|   -8.945837|   -8.349538|    0.325999|    0.001600|
|         207|   -9.035729|   -8.441541|    0.325999|    0.001600|
|         208|   -9.157486|   -8.562889|    0.325999|    0.001600|
|         209|   -9.185485|   -8.589623|    0.325999|    0.001600|
|         210|   -9.232237|   -8.635884|    0.325999|    0.001600|
|         211|   -9.330274|   -8.742040|    0.325999|    0.001600|
|         212|   -9.391917|   -8.812578|    0.325999|    0.001600|
|         213|   -9.414928|   -8.834701|    0.325999|    0.001600|
|         214|   -9.457936|   -8.878986|    0.326000|    0.001600|
|         215|   -9.512269|   -8.940106|    0.326000|    0.001600|
|         216|   -9.549046|   -8.982442|    0.326000|    0.001600|
|         217|   -9.574561|   -9.009605|    0.326000|    0.001600|
|         218|   -9.598395|   -9.033749|    0.326000|    0.001600|
|         219|   -9.620831|   -9.056805|    0.326000|    0.001600|
|         220|   -9.642106|   -9.079302|    0.326000|    0.001600|
|         221|   -9.662929|   -9.101611|    0.326000|    0.001600|
|         222|   -9.682712|   -9.122642|    0.326000|    0.001600|
|         223|   -9.700792|   -9.141446|    0.326000|    0.001600|
|         224|   -9.717575|   -9.158565|    0.326000|    0.001600|
|         225|   -9.733931|   -9.175124|    0.326000|    0.001600|
|         226|   -9.750400|   -9.191741|    0.326000|    0.001600|
|         227|   -9.767146|   -9.208554|    0.326000|    0.001600|
|         228|   -9.784144|   -9.225545|    0.326000|    0.001600|
|         229|   -9.801332|   -9.242711|    0.326000|    0.001600|
|         230|   -9.818689|   -9.260096|    0.326000|    0.001600|
|         231|   -9.836176|   -9.277697|    0.326000|    0.001600|
|         232|   -9.853684|   -9.295390|    0.326000|    0.001600|
|         233|   -9.871061|   -9.312985|    0.326000|    0.001600|
|         234|   -9.888161|   -9.330309|    0.326000|    0.001600|
|         235|   -9.904864|   -9.347223|    0.326000|    0.001600|
|         236|   -9.921067|   -9.363619|    0.326000|    0.001600|
|         237|   -9.936697|   -9.379424|    0.326000|    0.001600|
|         238|   -9.951721|   -9.394613|    0.326000|    0.001600|
|         239|   -9.966138|   -9.409199|    0.326000|    0.001600|
|         240|   -9.979981|   -9.423227|    0.326000|    0.001600|
|         241|   -9.993303|   -9.436760|    0.326000|    0.001600|
|         242|  -10.006168|   -9.449868|    0.326000|    0.001600|
|         243|  -10.018646|   -9.462622|    0.326000|    0.001600|
|         244|  -10.030802|   -9.475083|    0.326000|    0.001600|
|         245|  -10.042697|   -9.487305|    0.326000|    0.001600|
|         246|  -10.054382|   -9.499327|    0.326000|    0.001600|
|         247|  -10.065898|   -9.511177|    0.326000|    0.001600|
|         248|  -10.077278|   -9.522873|    0.326000|    0.001600|
|         249|  -10.088539|   -9.534419|    0.326000|    0.001600|
|         250|  -10.099692|   -9.545814|    0.326000|    0.001600|
+-----------------------------------------------------------------------+
|        File Writing Summary       |              Filename             |
+-----------------------------------------------------------------------+
|SU2 binary restart                 |restart_flow.dat                   |
Writing Flow Meta-Data file: flow.meta
|Paraview                           |flow.vtu                           |
Writing Flow Meta-Data file: flow.meta
|Paraview surface                   |surface_flow.vtu                   |
Writing Flow Meta-Data file: flow.meta
|CSV file                           |surface_flow.csv                   |
Writing Flow Meta-Data file: flow.meta
+-----------------------------------------------------------------------+
+----------------------------------------------------------------+
|  Inner_Iter|    rms[Rho]|   rms[RhoE]|          CL|          CD|
+----------------------------------------------------------------+
|         251|  -10.110739|   -9.557053|    0.326000|    0.001600|
|         252|  -10.121683|   -9.568133|    0.326000|    0.001600|
|         253|  -10.132527|   -9.579058|    0.326000|    0.001600|
|         254|  -10.143283|   -9.589845|    0.326000|    0.001600|
|         255|  -10.153970|   -9.600519|    0.326000|    0.001600|
|         256|  -10.164614|   -9.611117|    0.326000|    0.001600|
|         257|  -10.175247|   -9.621685|    0.326000|    0.001600|
|         258|  -10.185903|   -9.632269|    0.326000|    0.001600|
|         259|  -10.196614|   -9.642912|    0.326000|    0.001600|
|         260|  -10.207410|   -9.653649|    0.326000|    0.001600|
|         261|  -10.218310|   -9.664504|    0.326000|    0.001600|
|         262|  -10.229324|   -9.675489|    0.326000|    0.001600|
|         263|  -10.240455|   -9.686602|    0.326000|    0.001600|
|         264|  -10.251697|   -9.697831|    0.326000|    0.001600|
|         265|  -10.263039|   -9.709158|    0.326000|    0.001600|
|         266|  -10.274467|   -9.720563|    0.326000|    0.001600|
|         267|  -10.285969|   -9.732030|    0.326000|    0.001600|
|         268|  -10.297538|   -9.743547|    0.326000|    0.001600|
|         269|  -10.309174|   -9.755113|    0.326000|    0.001600|
|         270|  -10.320881|   -9.766735|    0.326000|    0.001600|
|         271|  -10.332672|   -9.778431|    0.326000|    0.001600|
|         272|  -10.344566|   -9.790224|    0.326000|    0.001600|
|         273|  -10.356584|   -9.802141|    0.326000|    0.001600|
|         274|  -10.368749|   -9.814209|    0.326000|    0.001600|
|         275|  -10.381081|   -9.826453|    0.326000|    0.001600|
|         276|  -10.393595|   -9.838890|    0.326000|    0.001600|
|         277|  -10.406299|   -9.851529|    0.326000|    0.001600|
|         278|  -10.419197|   -9.864371|    0.326000|    0.001600|
|         279|  -10.432283|   -9.877407|    0.326000|    0.001600|
|         280|  -10.445546|   -9.890625|    0.326000|    0.001600|
|         281|  -10.458973|   -9.904005|    0.326000|    0.001600|
|         282|  -10.472545|   -9.917528|    0.326000|    0.001600|
|         283|  -10.486244|   -9.931174|    0.326000|    0.001600|
|         284|  -10.500055|   -9.944925|    0.326000|    0.001600|
|         285|  -10.513963|   -9.958769|    0.326000|    0.001600|
|         286|  -10.527957|   -9.972697|    0.326000|    0.001600|
|         287|  -10.542029|   -9.986703|    0.326000|    0.001600|
|         288|  -10.556176|  -10.000786|    0.326000|    0.001600|
|         289|  -10.570395|  -10.014948|    0.326000|    0.001600|
|         290|  -10.584686|  -10.029189|    0.326000|    0.001600|
|         291|  -10.599047|  -10.043513|    0.326000|    0.001600|
|         292|  -10.613480|  -10.057919|    0.326000|    0.001600|
|         293|  -10.627983|  -10.072408|    0.326000|    0.001600|
|         294|  -10.642555|  -10.086977|    0.326000|    0.001600|
|         295|  -10.657192|  -10.101621|    0.326000|    0.001600|
|         296|  -10.671891|  -10.116338|    0.326000|    0.001600|
|         297|  -10.686648|  -10.131119|    0.326000|    0.001600|
|         298|  -10.701459|  -10.145962|    0.326000|    0.001600|
|         299|  -10.716322|  -10.160861|    0.326000|    0.001600|
|         300|  -10.731234|  -10.175812|    0.326000|    0.001600|
|         301|  -10.746193|  -10.190814|    0.326000|    0.001600|
|         302|  -10.761198|  -10.205865|    0.326000|    0.001600|
|         303|  -10.776252|  -10.220966|    0.326000|    0.001600|
|         304|  -10.791354|  -10.236117|    0.326000|    0.001600|
|         305|  -10.806507|  -10.251318|    0.326000|    0.001600|
|         306|  -10.821714|  -10.266573|    0.326000|    0.001600|
|         307|  -10.836977|  -10.281882|    0.326000|    0.001600|
|         308|  -10.852300|  -10.297249|    0.326000|    0.001600|
|         309|  -10.867687|  -10.312674|    0.326000|    0.001600|
|         310|  -10.883144|  -10.328162|    0.326000|    0.001600|
|         311|  -10.898676|  -10.343717|    0.326000|    0.001600|
|         312|  -10.914290|  -10.359344|    0.326000|    0.001600|
|         313|  -10.929996|  -10.375051|    0.326000|    0.001600|
|         314|  -10.945804|  -10.390847|    0.326000|    0.001600|
|         315|  -10.961727|  -10.406743|    0.326000|    0.001600|
|         316|  -10.977777|  -10.422753|    0.326000|    0.001600|
|         317|  -10.993972|  -10.438892|    0.326000|    0.001600|
|         318|  -11.010327|  -10.455176|    0.326000|    0.001600|
|         319|  -11.026861|  -10.471624|    0.326000|    0.001600|
|         320|  -11.043592|  -10.488255|    0.326000|    0.001600|
|         321|  -11.060539|  -10.505087|    0.326000|    0.001600|
|         322|  -11.077719|  -10.522140|    0.326000|    0.001600|
|         323|  -11.095152|  -10.539433|    0.326000|    0.001600|
|         324|  -11.112854|  -10.556982|    0.326000|    0.001600|
|         325|  -11.130841|  -10.574804|    0.326000|    0.001600|
|         326|  -11.149126|  -10.592914|    0.326000|    0.001600|
|         327|  -11.167721|  -10.611324|    0.326000|    0.001600|
|         328|  -11.186637|  -10.630046|    0.326000|    0.001600|
|         329|  -11.205881|  -10.649087|    0.326000|    0.001600|
|         330|  -11.225460|  -10.668454|    0.326000|    0.001600|
|         331|  -11.245375|  -10.688150|    0.326000|    0.001600|
|         332|  -11.265628|  -10.708177|    0.326000|    0.001600|
|         333|  -11.286216|  -10.728533|    0.326000|    0.001600|
|         334|  -11.307135|  -10.749214|    0.326000|    0.001600|
|         335|  -11.328377|  -10.770212|    0.326000|    0.001600|
|         336|  -11.349933|  -10.791519|    0.326000|    0.001600|
|         337|  -11.371787|  -10.813121|    0.326000|    0.001600|
|         338|  -11.393924|  -10.835003|    0.326000|    0.001600|
|         339|  -11.416322|  -10.857144|    0.326000|    0.001600|
|         340|  -11.438959|  -10.879522|    0.326000|    0.001600|
|         341|  -11.461804|  -10.902112|    0.326000|    0.001600|
|         342|  -11.484826|  -10.924881|    0.326000|    0.001600|
|         343|  -11.507986|  -10.947795|    0.326000|    0.001600|
|         344|  -11.531241|  -10.970814|    0.326000|    0.001600|
|         345|  -11.554543|  -10.993894|    0.326000|    0.001600|
|         346|  -11.577838|  -11.016985|    0.326000|    0.001600|
|         347|  -11.601065|  -11.040032|    0.326000|    0.001600|
|         348|  -11.624158|  -11.062975|    0.326000|    0.001600|
|         349|  -11.647046|  -11.085748|    0.326000|    0.001600|
|         350|  -11.669651|  -11.108280|    0.326000|    0.001600|
|         351|  -11.691893|  -11.130498|    0.326000|    0.001600|
|         352|  -11.713685|  -11.152320|    0.326000|    0.001600|
|         353|  -11.734944|  -11.173668|    0.326000|    0.001600|
|         354|  -11.755581|  -11.194458|    0.326000|    0.001600|
|         355|  -11.775516|  -11.214613|    0.326000|    0.001600|
|         356|  -11.794672|  -11.234055|    0.326000|    0.001600|
|         357|  -11.812981|  -11.252712|    0.326000|    0.001600|
|         358|  -11.830389|  -11.270525|    0.326000|    0.001600|
|         359|  -11.846854|  -11.287447|    0.326000|    0.001600|
|         360|  -11.862349|  -11.303438|    0.326000|    0.001600|
|         361|  -11.876874|  -11.318488|    0.326000|    0.001600|
|         362|  -11.890436|  -11.332588|    0.326000|    0.001600|
|         363|  -11.903069|  -11.345760|    0.326000|    0.001600|
|         364|  -11.914819|  -11.358037|    0.326000|    0.001600|
|         365|  -11.925747|  -11.369467|    0.326000|    0.001600|
|         366|  -11.935926|  -11.380113|    0.326000|    0.001600|
|         367|  -11.945435|  -11.390045|    0.326000|    0.001600|
|         368|  -11.954360|  -11.399345|    0.326000|    0.001600|
|         369|  -11.962779|  -11.408088|    0.326000|    0.001600|
|         370|  -11.970781|  -11.416361|    0.326000|    0.001600|
|         371|  -11.978440|  -11.424242|    0.326000|    0.001600|
|         372|  -11.985834|  -11.431808|    0.326000|    0.001600|
|         373|  -11.993021|  -11.439125|    0.326000|    0.001600|
|         374|  -12.000060|  -11.446257|    0.326000|    0.001600|
|         375|  -12.007008|  -11.453267|    0.326000|    0.001600|
|         376|  -12.013898|  -11.460191|    0.326000|    0.001600|
|         377|  -12.020764|  -11.467074|    0.326000|    0.001600|
|         378|  -12.027638|  -11.473947|    0.326000|    0.001600|
|         379|  -12.034538|  -11.480839|    0.326000|    0.001600|
|         380|  -12.041478|  -11.487766|    0.326000|    0.001600|
|         381|  -12.048467|  -11.494741|    0.326000|    0.001600|
|         382|  -12.055513|  -11.501776|    0.326000|    0.001600|
|         383|  -12.062620|  -11.508878|    0.326000|    0.001600|
|         384|  -12.069786|  -11.516044|    0.326000|    0.001600|
|         385|  -12.077010|  -11.523278|    0.326000|    0.001600|
|         386|  -12.084290|  -11.530578|    0.326000|    0.001600|
|         387|  -12.091625|  -11.537940|    0.326000|    0.001600|
|         388|  -12.099011|  -11.545363|    0.326000|    0.001600|
|         389|  -12.106449|  -11.552845|    0.326000|    0.001600|
|         390|  -12.113933|  -11.560381|    0.326000|    0.001600|
|         391|  -12.121471|  -11.567975|    0.326000|    0.001600|
|         392|  -12.129058|  -11.575623|    0.326000|    0.001600|
|         393|  -12.136704|  -11.583331|    0.326000|    0.001600|
|         394|  -12.144412|  -11.591103|    0.326000|    0.001600|
|         395|  -12.152189|  -11.598942|    0.326000|    0.001600|
|         396|  -12.160043|  -11.606856|    0.326000|    0.001600|
|         397|  -12.167987|  -11.614857|    0.326000|    0.001600|
|         398|  -12.176029|  -11.622950|    0.326000|    0.001600|
|         399|  -12.184185|  -11.631153|    0.326000|    0.001600|
|         400|  -12.192466|  -11.639472|    0.326000|    0.001600|
|         401|  -12.200886|  -11.647925|    0.326000|    0.001600|
|         402|  -12.209461|  -11.656525|    0.326000|    0.001600|
|         403|  -12.218202|  -11.665283|    0.326000|    0.001600|
|         404|  -12.227125|  -11.674215|    0.326000|    0.001600|
|         405|  -12.236248|  -11.683339|    0.326000|    0.001600|
|         406|  -12.245579|  -11.692662|    0.326000|    0.001600|
|         407|  -12.255133|  -11.702201|    0.326000|    0.001600|
|         408|  -12.264921|  -11.711967|    0.326000|    0.001600|
|         409|  -12.274959|  -11.721972|    0.326000|    0.001600|
|         410|  -12.285256|  -11.732231|    0.326000|    0.001600|
|         411|  -12.295818|  -11.742746|    0.326000|    0.001600|
|         412|  -12.306663|  -11.753537|    0.326000|    0.001600|
|         413|  -12.317790|  -11.764602|    0.326000|    0.001600|
|         414|  -12.329215|  -11.775958|    0.326000|    0.001600|
|         415|  -12.340939|  -11.787606|    0.326000|    0.001600|
|         416|  -12.352970|  -11.799552|    0.326000|    0.001600|
|         417|  -12.365313|  -11.811804|    0.326000|    0.001600|
|         418|  -12.377973|  -11.824366|    0.326000|    0.001600|
|         419|  -12.390953|  -11.837238|    0.326000|    0.001600|
|         420|  -12.404257|  -11.850426|    0.326000|    0.001600|
|         421|  -12.417885|  -11.863933|    0.326000|    0.001600|
|         422|  -12.431841|  -11.877759|    0.326000|    0.001600|
|         423|  -12.446128|  -11.891909|    0.326000|    0.001600|
|         424|  -12.460742|  -11.906378|    0.326000|    0.001600|
|         425|  -12.475686|  -11.921168|    0.326000|    0.001600|
|         426|  -12.490961|  -11.936282|    0.326000|    0.001600|
|         427|  -12.506566|  -11.951719|    0.326000|    0.001600|
|         428|  -12.522495|  -11.967475|    0.326000|    0.001600|
|         429|  -12.538753|  -11.983552|    0.326000|    0.001600|
|         430|  -12.555335|  -11.999946|    0.326000|    0.001600|
|         431|  -12.572237|  -12.016654|    0.326000|    0.001600|
|         432|  -12.589458|  -12.033677|    0.326000|    0.001600|
|         433|  -12.606996|  -12.051012|    0.326000|    0.001600|
|         434|  -12.624846|  -12.068652|    0.326000|    0.001600|
|         435|  -12.643005|  -12.086600|    0.326000|    0.001600|
|         436|  -12.661466|  -12.104845|    0.326000|    0.001600|
|         437|  -12.680222|  -12.123383|    0.326000|    0.001600|
|         438|  -12.699275|  -12.142217|    0.326000|    0.001600|
|         439|  -12.718614|  -12.161335|    0.326000|    0.001600|
|         440|  -12.738233|  -12.180731|    0.326000|    0.001600|
|         441|  -12.758123|  -12.200401|    0.326000|    0.001600|
|         442|  -12.778279|  -12.220336|    0.326000|    0.001600|
|         443|  -12.798693|  -12.240532|    0.326000|    0.001600|
|         444|  -12.819349|  -12.260971|    0.326000|    0.001600|
|         445|  -12.840246|  -12.281653|    0.326000|    0.001600|
|         446|  -12.861369|  -12.302567|    0.326000|    0.001600|
|         447|  -12.882708|  -12.323698|    0.326000|    0.001600|
|         448|  -12.904251|  -12.345040|    0.326000|    0.001600|
|         449|  -12.925985|  -12.366579|    0.326000|    0.001600|
|         450|  -12.947899|  -12.388300|    0.326000|    0.001600|
|         451|  -12.969983|  -12.410195|    0.326000|    0.001600|
|         452|  -12.992219|  -12.432251|    0.326000|    0.001600|
|         453|  -13.014600|  -12.454463|    0.326000|    0.001600|
+-----------------------------------------------------------------------+
|      Convergence Field     |     Value    |   Criterion  |  Converged |
+-----------------------------------------------------------------------+
|                    rms[Rho]|      -13.0146|         < -13|         Yes|
+-----------------------------------------------------------------------+
+-----------------------------------------------------------------------+
|        File Writing Summary       |              Filename             |
+-----------------------------------------------------------------------+
|SU2 binary restart                 |restart_flow.dat                   |
Writing Flow Meta-Data file: flow.meta
|Paraview                           |flow.vtu                           |
Writing Flow Meta-Data file: flow.meta
|Paraview surface                   |surface_flow.vtu                   |
Writing Flow Meta-Data file: flow.meta
|CSV file                           |surface_flow.csv                   |
Writing Flow Meta-Data file: flow.meta
+-----------------------------------------------------------------------+
+----------------------------------------------------------------+
|  Inner_Iter|    rms[Rho]|   rms[RhoE]|          CL|          CD|
+----------------------------------------------------------------+
|         454|  -13.037107|  -12.476804|    0.326000|    0.001605|
+-----------------------------------------------------------------------+
|Fixed CL Mode                           |Value                         |
+-----------------------------------------------------------------------+
|Current CL                              |0.326                         |
|Target CL                               |0.326                         |
|Previous AOA                            |0.49993                       |
|Changed AoA by (Finite Difference step) |0.001                         |
+-----------------------------------------------------------------------+
+----------------------------------------------------------------+
|  Inner_Iter|    rms[Rho]|   rms[RhoE]|          CL|          CD|
+----------------------------------------------------------------+
|         455|   -5.812069|   -5.205355|    0.326000|    0.001605|
|         456|   -6.109452|   -5.498922|    0.326008|    0.001605|
|         457|   -6.352482|   -5.758880|    0.326037|    0.001606|
|         458|   -6.551844|   -5.941147|    0.326081|    0.001606|
|         459|   -6.715208|   -6.115891|    0.326121|    0.001607|
|         460|   -6.812789|   -6.214399|    0.326144|    0.001607|
|         461|   -6.949580|   -6.347906|    0.326151|    0.001607|
|         462|   -6.978721|   -6.375371|    0.326152|    0.001607|
|         463|   -7.031919|   -6.426816|    0.326158|    0.001607|
|         464|   -7.153434|   -6.554080|    0.326168|    0.001607|
|         465|   -7.232370|   -6.642239|    0.326178|    0.001608|
|         466|   -7.256875|   -6.665575|    0.326187|    0.001608|
|         467|   -7.314762|   -6.724004|    0.326195|    0.001608|
|         468|   -7.391867|   -6.808849|    0.326202|    0.001608|
|         469|   -7.435341|   -6.859447|    0.326208|    0.001608|
|         470|   -7.458691|   -6.884671|    0.326214|    0.001608|
|         471|   -7.480479|   -6.907442|    0.326221|    0.001608|
|         472|   -7.497188|   -6.926412|    0.326227|    0.001607|
|         473|   -7.508892|   -6.941297|    0.326232|    0.001607|
|         474|   -7.518687|   -6.954382|    0.326238|    0.001607|
|         475|   -7.526227|   -6.964621|    0.326244|    0.001607|
|         476|   -7.530723|   -6.970941|    0.326249|    0.001607|
|         477|   -7.533242|   -6.974761|    0.326254|    0.001606|
|         478|   -7.535260|   -6.977917|    0.326260|    0.001606|
|         479|   -7.537569|   -6.981234|    0.326265|    0.001606|
|         480|   -7.540386|   -6.984864|    0.326270|    0.001606|
|         481|   -7.543655|   -6.988765|    0.326274|    0.001605|
|         482|   -7.547299|   -6.992939|    0.326279|    0.001605|
|         483|   -7.551302|   -6.997452|    0.326284|    0.001605|
|         484|   -7.555621|   -7.002292|    0.326288|    0.001605|
|         485|   -7.560155|   -7.007327|    0.326292|    0.001605|
|         486|   -7.564796|   -7.012409|    0.326296|    0.001605|
|         487|   -7.569487|   -7.017459|    0.326300|    0.001605|
|         488|   -7.574211|   -7.022461|    0.326304|    0.001605|
|         489|   -7.578980|   -7.027435|    0.326307|    0.001605|
|         490|   -7.583825|   -7.032425|    0.326311|    0.001604|
|         491|   -7.588785|   -7.037485|    0.326314|    0.001604|
|         492|   -7.593901|   -7.042671|    0.326317|    0.001604|
|         493|   -7.599213|   -7.048026|    0.326320|    0.001604|
|         494|   -7.604759|   -7.053595|    0.326322|    0.001604|
|         495|   -7.610568|   -7.059410|    0.326325|    0.001604|
|         496|   -7.616665|   -7.065497|    0.326327|    0.001604|
|         497|   -7.623066|   -7.071875|    0.326330|    0.001604|
|         498|   -7.629783|   -7.078558|    0.326332|    0.001604|
|         499|   -7.636827|   -7.085556|    0.326334|    0.001604|
|         500|   -7.644208|   -7.092878|    0.326336|    0.001604|
|         501|   -7.651929|   -7.100528|    0.326338|    0.001604|
|         502|   -7.659992|   -7.108508|    0.326340|    0.001604|
|         503|   -7.668396|   -7.116816|    0.326342|    0.001604|
|         504|   -7.677137|   -7.125448|    0.326344|    0.001604|
|         505|   -7.686210|   -7.134400|    0.326346|    0.001604|
|         506|   -7.695612|   -7.143669|    0.326347|    0.001604|
|         507|   -7.705343|   -7.153259|    0.326349|    0.001604|
|         508|   -7.715399|   -7.163166|    0.326350|    0.001604|
|         509|   -7.725778|   -7.173391|    0.326352|    0.001604|
|         510|   -7.736485|   -7.183940|    0.326353|    0.001604|
|         511|   -7.747522|   -7.194818|    0.326354|    0.001604|
|         512|   -7.758894|   -7.206033|    0.326355|    0.001604|
|         513|   -7.770603|   -7.217587|    0.326357|    0.001604|
|         514|   -7.782645|   -7.229475|    0.326358|    0.001604|
|         515|   -7.795015|   -7.241694|    0.326359|    0.001604|
|         516|   -7.807718|   -7.254244|    0.326360|    0.001604|
|         517|   -7.820748|   -7.267119|    0.326361|    0.001604|
|         518|   -7.834099|   -7.280310|    0.326361|    0.001604|
|         519|   -7.847767|   -7.293810|    0.326362|    0.001604|
|         520|   -7.861750|   -7.307617|    0.326363|    0.001604|
|         521|   -7.876049|   -7.321731|    0.326364|    0.001604|
|         522|   -7.890668|   -7.336155|    0.326364|    0.001604|
|         523|   -7.905612|   -7.350897|    0.326365|    0.001604|
|         524|   -7.920891|   -7.365968|    0.326365|    0.001604|
|         525|   -7.936515|   -7.381379|    0.326366|    0.001604|
|         526|   -7.952499|   -7.397148|    0.326366|    0.001604|
|         527|   -7.968854|   -7.413288|    0.326367|    0.001604|
|         528|   -7.985594|   -7.429814|    0.326367|    0.001604|
|         529|   -8.002729|   -7.446737|    0.326368|    0.001604|
|         530|   -8.020268|   -7.464064|    0.326368|    0.001604|
|         531|   -8.038214|   -7.481801|    0.326368|    0.001604|
|         532|   -8.056571|   -7.499947|    0.326369|    0.001604|
|         533|   -8.075335|   -7.518499|    0.326369|    0.001604|
|         534|   -8.094504|   -7.537451|    0.326369|    0.001604|
|         535|   -8.114069|   -7.556792|    0.326369|    0.001604|
|         536|   -8.134023|   -7.576514|    0.326370|    0.001604|
|         537|   -8.154355|   -7.596606|    0.326370|    0.001604|
|         538|   -8.175054|   -7.617056|    0.326370|    0.001604|
|         539|   -8.196110|   -7.637854|    0.326370|    0.001604|
|         540|   -8.217513|   -7.658990|    0.326370|    0.001604|
|         541|   -8.239252|   -7.680456|    0.326370|    0.001604|
|         542|   -8.261316|   -7.702242|    0.326370|    0.001604|
|         543|   -8.283696|   -7.724340|    0.326370|    0.001604|
|         544|   -8.306379|   -7.746740|    0.326370|    0.001604|
|         545|   -8.329350|   -7.769428|    0.326370|    0.001604|
|         546|   -8.352595|   -7.792391|    0.326370|    0.001604|
|         547|   -8.376095|   -7.815611|    0.326370|    0.001604|
|         548|   -8.399827|   -7.839068|    0.326370|    0.001604|
|         549|   -8.423764|   -7.862735|    0.326370|    0.001604|
|         550|   -8.447878|   -7.886587|    0.326370|    0.001604|
|         551|   -8.472135|   -7.910592|    0.326370|    0.001604|
|         552|   -8.496496|   -7.934715|    0.326370|    0.001604|
|         553|   -8.520920|   -7.958920|    0.326370|    0.001604|
|         554|   -8.545361|   -7.983165|    0.326370|    0.001604|
|         555|   -8.569768|   -8.007407|    0.326369|    0.001604|
|         556|   -8.594085|   -8.031595|    0.326369|    0.001604|
|         557|   -8.618252|   -8.055677|    0.326369|    0.001604|
|         558|   -8.642203|   -8.079593|    0.326369|    0.001604|
|         559|   -8.665868|   -8.103278|    0.326369|    0.001604|
|         560|   -8.689174|   -8.126662|    0.326369|    0.001604|
|         561|   -8.712044|   -8.149671|    0.326368|    0.001604|
|         562|   -8.734401|   -8.172227|    0.326368|    0.001604|
|         563|   -8.756170|   -8.194254|    0.326368|    0.001604|
|         564|   -8.777283|   -8.215676|    0.326368|    0.001604|
|         565|   -8.797679|   -8.236426|    0.326368|    0.001604|
|         566|   -8.817310|   -8.256445|    0.326367|    0.001604|
|         567|   -8.836145|   -8.275690|    0.326367|    0.001604|
|         568|   -8.854167|   -8.294134|    0.326367|    0.001604|
|         569|   -8.871379|   -8.311767|    0.326367|    0.001604|
|         570|   -8.887799|   -8.328597|    0.326367|    0.001604|
|         571|   -8.903461|   -8.344649|    0.326366|    0.001604|
|         572|   -8.918414|   -8.359963|    0.326366|    0.001604|
|         573|   -8.932711|   -8.374590|    0.326366|    0.001604|
|         574|   -8.946412|   -8.388587|    0.326366|    0.001604|
|         575|   -8.959579|   -8.402016|    0.326366|    0.001604|
|         576|   -8.972271|   -8.414938|    0.326365|    0.001604|
|         577|   -8.984541|   -8.427413|    0.326365|    0.001604|
|         578|   -8.996438|   -8.439491|    0.326365|    0.001604|
|         579|   -9.008002|   -8.451221|    0.326365|    0.001604|
|         580|   -9.019262|   -8.462637|    0.326365|    0.001604|
|         581|   -9.030242|   -8.473771|    0.326365|    0.001604|
|         582|   -9.040956|   -8.484641|    0.326364|    0.001604|
|         583|   -9.051411|   -8.495260|    0.326364|    0.001604|
|         584|   -9.061610|   -8.505635|    0.326364|    0.001604|
|         585|   -9.071551|   -8.515766|    0.326364|    0.001604|
|         586|   -9.081227|   -8.525649|    0.326364|    0.001604|
|         587|   -9.090634|   -8.535279|    0.326364|    0.001604|
|         588|   -9.099765|   -8.544648|    0.326363|    0.001604|
|         589|   -9.108618|   -8.553752|    0.326363|    0.001604|
|         590|   -9.117191|   -8.562586|    0.326363|    0.001604|
|         591|   -9.125489|   -8.571149|    0.326363|    0.001604|
|         592|   -9.133519|   -8.579446|    0.326363|    0.001604|
|         593|   -9.141294|   -8.587486|    0.326363|    0.001604|
|         594|   -9.148833|   -8.595280|    0.326363|    0.001604|
|         595|   -9.156158|   -8.602847|    0.326363|    0.001604|
|         596|   -9.163294|   -8.610210|    0.326363|    0.001604|
|         597|   -9.170271|   -8.617395|    0.326362|    0.001604|
|         598|   -9.177121|   -8.624432|    0.326362|    0.001604|
|         599|   -9.183877|   -8.631354|    0.326362|    0.001604|
|         600|   -9.190574|   -8.638195|    0.326362|    0.001604|
|         601|   -9.197246|   -8.644989|    0.326362|    0.001604|
|         602|   -9.203927|   -8.651772|    0.326362|    0.001604|
|         603|   -9.210651|   -8.658578|    0.326362|    0.001604|
|         604|   -9.217449|   -8.665439|    0.326362|    0.001604|
|         605|   -9.224350|   -8.672388|    0.326362|    0.001604|
|         606|   -9.231383|   -8.679453|    0.326362|    0.001604|
|         607|   -9.238572|   -8.686662|    0.326362|    0.001604|
|         608|   -9.245941|   -8.694037|    0.326362|    0.001604|
|         609|   -9.253511|   -8.701602|    0.326361|    0.001604|
|         610|   -9.261299|   -8.709375|    0.326361|    0.001604|
|         611|   -9.269321|   -8.717372|    0.326361|    0.001604|
|         612|   -9.277593|   -8.725608|    0.326361|    0.001604|
|         613|   -9.286125|   -8.734095|    0.326361|    0.001604|
|         614|   -9.294928|   -8.742844|    0.326361|    0.001604|
|         615|   -9.304011|   -8.751863|    0.326361|    0.001604|
|         616|   -9.313382|   -8.761159|    0.326361|    0.001604|
|         617|   -9.323046|   -8.770738|    0.326361|    0.001604|
|         618|   -9.333007|   -8.780605|    0.326361|    0.001604|
|         619|   -9.343270|   -8.790762|    0.326361|    0.001604|
|         620|   -9.353836|   -8.801212|    0.326361|    0.001604|
|         621|   -9.364707|   -8.811956|    0.326361|    0.001604|
|         622|   -9.375882|   -8.822994|    0.326361|    0.001604|
|         623|   -9.387362|   -8.834327|    0.326361|    0.001604|
|         624|   -9.399143|   -8.845953|    0.326361|    0.001604|
|         625|   -9.411222|   -8.857868|    0.326361|    0.001604|
|         626|   -9.423597|   -8.870071|    0.326361|    0.001604|
|         627|   -9.436260|   -8.882557|    0.326361|    0.001604|
|         628|   -9.449207|   -8.895321|    0.326361|    0.001604|
|         629|   -9.462430|   -8.908358|    0.326360|    0.001604|
|         630|   -9.475921|   -8.921659|    0.326360|    0.001604|
|         631|   -9.489671|   -8.935219|    0.326360|    0.001604|
|         632|   -9.503668|   -8.949027|    0.326360|    0.001604|
|         633|   -9.517903|   -8.963076|    0.326360|    0.001604|
|         634|   -9.532363|   -8.977352|    0.326360|    0.001604|
|         635|   -9.547036|   -8.991847|    0.326360|    0.001604|
|         636|   -9.561907|   -9.006547|    0.326360|    0.001604|
|         637|   -9.576963|   -9.021439|    0.326360|    0.001604|
|         638|   -9.592189|   -9.036511|    0.326360|    0.001604|
|         639|   -9.607570|   -9.051747|    0.326360|    0.001604|
|         640|   -9.623091|   -9.067134|    0.326360|    0.001604|
|         641|   -9.638736|   -9.082656|    0.326360|    0.001604|
|         642|   -9.654489|   -9.098300|    0.326360|    0.001604|
|         643|   -9.670337|   -9.114049|    0.326360|    0.001604|
|         644|   -9.686264|   -9.129890|    0.326360|    0.001604|
|         645|   -9.702256|   -9.145809|    0.326360|    0.001604|
|         646|   -9.718303|   -9.161794|    0.326360|    0.001604|
|         647|   -9.734391|   -9.177832|    0.326360|    0.001604|
|         648|   -9.750511|   -9.193913|    0.326360|    0.001604|
|         649|   -9.766655|   -9.210028|    0.326360|    0.001604|
|         650|   -9.782816|   -9.226170|    0.326360|    0.001604|
|         651|   -9.798990|   -9.242332|    0.326360|    0.001604|
|         652|   -9.815175|   -9.258513|    0.326360|    0.001604|
|         653|   -9.831371|   -9.274710|    0.326360|    0.001604|
|         654|   -9.847579|   -9.290924|    0.326360|    0.001604|
|         655|   -9.863803|   -9.307158|    0.326360|    0.001604|
|         656|   -9.880051|   -9.323418|    0.326360|    0.001604|
|         657|   -9.896331|   -9.339710|    0.326360|    0.001604|
|         658|   -9.912652|   -9.356043|    0.326360|    0.001604|
|         659|   -9.929027|   -9.372428|    0.326360|    0.001604|
|         660|   -9.945470|   -9.388877|    0.326360|    0.001604|
|         661|   -9.961993|   -9.405404|    0.326360|    0.001604|
|         662|   -9.978614|   -9.422023|    0.326360|    0.001604|
|         663|   -9.995348|   -9.438749|    0.326360|    0.001604|
|         664|  -10.012212|   -9.455598|    0.326360|    0.001604|
|         665|  -10.029222|   -9.472585|    0.326360|    0.001604|
|         666|  -10.046395|   -9.489726|    0.326360|    0.001604|
|         667|  -10.063747|   -9.507036|    0.326360|    0.001604|
|         668|  -10.081293|   -9.524531|    0.326360|    0.001604|
|         669|  -10.099048|   -9.542224|    0.326360|    0.001604|
|         670|  -10.117026|   -9.560128|    0.326360|    0.001604|
|         671|  -10.135240|   -9.578257|    0.326360|    0.001604|
|         672|  -10.153702|   -9.596622|    0.326360|    0.001604|
|         673|  -10.172424|   -9.615235|    0.326360|    0.001604|
|         674|  -10.191415|   -9.634105|    0.326360|    0.001604|
|         675|  -10.210685|   -9.653242|    0.326360|    0.001604|
|         676|  -10.230239|   -9.672652|    0.326360|    0.001604|
|         677|  -10.250083|   -9.692339|    0.326360|    0.001604|
|         678|  -10.270218|   -9.712305|    0.326360|    0.001604|
|         679|  -10.290644|   -9.732551|    0.326360|    0.001604|
|         680|  -10.311356|   -9.753072|    0.326360|    0.001604|
|         681|  -10.332351|   -9.773864|    0.326360|    0.001604|
|         682|  -10.353618|   -9.794919|    0.326360|    0.001604|
|         683|  -10.375147|   -9.816226|    0.326360|    0.001604|
|         684|  -10.396922|   -9.837772|    0.326360|    0.001604|
|         685|  -10.418926|   -9.859540|    0.326360|    0.001604|
|         686|  -10.441137|   -9.881510|    0.326360|    0.001604|
|         687|  -10.463529|   -9.903658|    0.326360|    0.001604|
|         688|  -10.486073|   -9.925958|    0.326360|    0.001604|
|         689|  -10.508733|   -9.948377|    0.326360|    0.001604|
|         690|  -10.531470|   -9.970878|    0.326360|    0.001604|
|         691|  -10.554237|   -9.993420|    0.326360|    0.001604|
|         692|  -10.576982|  -10.015955|    0.326360|    0.001604|
|         693|  -10.599647|  -10.038430|    0.326360|    0.001604|
|         694|  -10.622167|  -10.060786|    0.326360|    0.001604|
|         695|  -10.644470|  -10.082959|    0.326360|    0.001604|
|         696|  -10.666481|  -10.104878|    0.326360|    0.001604|
|         697|  -10.688118|  -10.126470|    0.326360|    0.001604|
|         698|  -10.709296|  -10.147655|    0.326360|    0.001604|
|         699|  -10.729929|  -10.168354|    0.326360|    0.001604|
|         700|  -10.749933|  -10.188487|    0.326360|    0.001604|
|         701|  -10.769225|  -10.207974|    0.326360|    0.001604|
|         702|  -10.787731|  -10.226742|    0.326360|    0.001604|
|         703|  -10.805383|  -10.244723|    0.326360|    0.001604|
|         704|  -10.822129|  -10.261859|    0.326360|    0.001604|
|         705|  -10.837926|  -10.278104|    0.326360|    0.001604|
|         706|  -10.852753|  -10.293426|    0.326360|    0.001598|
+-----------------------------------------------------------------------+
|Fixed CL Mode (Finite Difference)       |Value                         |
+-----------------------------------------------------------------------+
|Delta CL / Delta AoA                    |0.359954                      |
|Delta CD / Delta CL                     |0.0117033                     |
|Delta CMz / Delta CL                    |0.0956946                     |
+-----------------------------------------------------------------------+
Writing Flow Meta-Data file: flow.meta

--------------------------- Finalizing Solver ---------------------------
Deleted CNumerics container.
Deleted CIntegration container.
Deleted CSolver container.
Deleted CIteration container.
Deleted CInterface container.
Deleted CGeometry container.
Deleted CFreeFormDefBox class.
Deleted CSurfaceMovement class.
Deleted CVolumetricMovement class.
Deleted CConfig container.
Deleted nInst container.
Deleted COutput class.
-------------------------------------------------------------------------

------------------------- Exit Success (SU2_CFD) ------------------------

