
-------------------------------------------------------------------------
|    ___ _   _ ___                                                      |
|   / __| | | |_  )   Release 8.3.0 "Harrier"                           |
|   \__ \ |_| |/ /                                                      |
|   |___/\___//___|   Suite (Computational Fluid Dynamics Code)         |
|                                                                       |
-------------------------------------------------------------------------
| SU2 Project Website: https://su2code.github.io                        |
|                                                                       |
| The SU2 Project is maintained by the SU2 Foundation                   |
| (http://su2foundation.org)                                            |
-------------------------------------------------------------------------
| Copyright 2012-2025, SU2 Contributors                                 |
|                                                                       |
| SU2 is free software; you can redistribute it and/or                  |
| modify it under the terms of the GNU Lesser General Public            |
| License as published by the Free Software Foundation; either          |
| version 2.1 of the License, or (at your option) any later version.    |
|                                                                       |
| SU2 is distributed in the hope that it will be useful,                |
| but WITHOUT ANY WARRANTY; without even the implied warranty of        |
| MERCHANTABILITY or FITNESS FOR A PARTICULAR PURPOSE. See the GNU      |
| Lesser General Public License for more details.                       |
|                                                                       |
| You should have received a copy of the GNU Lesser General Public      |
| License along with SU2. If not, see <http://www.gnu.org/licenses/>.   |
-------------------------------------------------------------------------

Parsing config file for zone 0

----------------- Physical Case Definition ( Zone 0 ) -------------------
Compressible Euler equations.
Mach number: 0.8.
Angle of attack (AoA): 1.25 deg, and angle of sideslip (AoS): 0 deg.
Fixed CL mode, target value: 0.326.
Reading and writing binary SU2 native restart files.
Read flow solution from: solution_flow.
Non-Dimensional simulation (P=1.0, Rho=1.0, T=1.0 at the farfield).
The reference area is 1 m^2.
The semi-span will be computed using the max y(3D) value.
The reference length is 1 m.
Reference origin for moment evaluation is (0.25, 0, 0).
Surface(s) where the force coefficients are evaluated: airfoil.

Surface(s) plotted in the output file: airfoil.
Surface(s) affected by the design variables: airfoil.
Input mesh file name: mesh_NACA0012_inv_deform.su2

--------------- Space Numerical Integration ( Zone 0 ) ------------------
Jameson-Schmidt-Turkel scheme (2nd order in space) for the flow inviscid terms.
JST viscous coefficients (2nd & 4th): 0.5, 0.02.
The method includes a grid stretching correction (p = 0.3).
Gradient for viscous and source terms: Green-Gauss.

--------------- Time Numerical Integration  ( Zone 0 ) ------------------
Local time stepping (steady state simulation).
Euler implicit method for the flow equations.
FGMRES is used for solving the linear system.
Using a LU-SGS preconditioning.
Convergence criteria of the linear solver: 0.0001.
Max number of linear iterations: 2.
V Multigrid Cycle, with 2 multigrid levels.
Damping factor for the residual restriction: 1.
Damping factor for the correction prolongation: 1.
No CFL adaptation.
+-------------------------------------------+
|  MG Level| Presmooth|PostSmooth|CorrectSmo|
+-------------------------------------------+
|         0|         1|         0|         0|
|         1|         2|         0|         0|
|         2|         3|         0|         0|
+-------------------------------------------+
Courant-Friedrichs-Lewy number:       10

------------------ Convergence Criteria  ( Zone 0 ) ---------------------
Maximum number of solver subiterations: 1250.
Begin convergence monitoring at iteration 10.
Residual minimum value: 1e-13.
Cauchy series min. value: 1e-06.
Number of Cauchy elements: 100.
Begin windowed time average at iteration 0.

-------------------- Output Information ( Zone 0 ) ----------------------
File writing frequency: 
+------------------------------------+
|                     File| Frequency|
+------------------------------------+
|                  RESTART|       250|
|                 PARAVIEW|       250|
|         SURFACE_PARAVIEW|       250|
|              SURFACE_CSV|       250|
+------------------------------------+
Writing the convergence history file every 1 inner iterations.
Writing the screen convergence history every 1 inner iterations.
The tabular file format is CSV (.csv).
Convergence history file name: history_direct.
Forces breakdown file name: forces_breakdown.dat.
Surface file name: surface_flow.
Volume file name: flow.
Restart file name: restart_flow.

------------- Config File Boundary Information ( Zone 0 ) ---------------
+-----------------------------------------------------------------------+
|                        Marker Type|                        Marker Name|
+-----------------------------------------------------------------------+
|                         Euler wall|                            airfoil|
+-----------------------------------------------------------------------+
|                          Far-field|                           farfield|
+-----------------------------------------------------------------------+

-------------------- Output Preprocessing ( Zone 0 ) --------------------

WARNING: SURFACE_PRESSURE_DROP can only be computed for at least 2 surfaces (outlet, inlet, ...)

Screen output fields: INNER_ITER, RMS_DENSITY, RMS_ENERGY, LIFT, DRAG
History output group(s): ITER, RMS_RES, AERO_COEFF
Convergence field(s): RMS_DENSITY
Warning: No (valid) fields chosen for time convergence monitoring. Time convergence monitoring inactive.
Volume output fields: COORDINATES, SOLUTION, PRIMITIVE

------------------- Geometry Preprocessing ( Zone 0 ) -------------------
Two dimensional problem.
5233 grid points.
10216 volume elements.
2 surface markers.
200 boundary elements in index 0 (Marker = airfoil).
50 boundary elements in index 1 (Marker = farfield).
10216 triangles.
Setting point connectivity.
Renumbering points (Reverse Cuthill McKee Ordering).
Recomputing point connectivity.
Setting element connectivity.
Checking the numerical grid orientation.
All volume elements are correctly oriented.
All surface elements are correctly oriented.
Identifying edges and vertices.
Setting the control volume structure.
Area of the computational grid: 1253.25.
Searching for the closest normal neighbors to the surfaces.
Storing a mapping from global to local point index.
Compute the surface curvature.
Max K: 7835.1. Mean K: 35.0825. Standard deviation K: 494.429.
Checking for periodicity.
Computing mesh quality statistics for the dual control volumes.
+--------------------------------------------------------------+
|           Mesh Quality Metric|        Minimum|        Maximum|
+--------------------------------------------------------------+
|    Orthogonality Angle (deg.)|        63.0372|        89.7407|
|     CV Face Area Aspect Ratio|        1.00344|        7.17725|
|           CV Sub-Volume Ratio|        1.00234|        6.47665|
+--------------------------------------------------------------+
Setting the multigrid structure.
+-------------------------------------------+
|  MG Level|       CVs|Aggl. Rate|       CFL|
+-------------------------------------------+
|         0|      5233|    1/1.00|        10|
|         1|      1690|     1/3.1|   8.52431|
|         2|       649|     1/2.6|   7.92373|
+-------------------------------------------+
Finding max control volume width.
Wetted area = 2.03715 m.
Area projection in the x-plane = 0.112459 m, y-plane = 0.999845 m.
Max. coordinate in the x-direction = 1 m, y-direction = 0.0579668 m.
Min. coordinate in the x-direction = 0 m, y-direction = -0.0545207 m.
Computing wall distances.

-------------------- Solver Preprocessing ( Zone 0 ) --------------------
WARNING: AoA in the solution file (0.757664 deg.) +
         AoA offset in mesh file (0 deg.) = 0.757664 deg.
WARNING: SU2 will use the dCD/dCL provided in the direct solution file: 0.0378635.
WARNING: SU2 will use the dCMz/dCL provided in the direct solution file: -0.0183368.
Inviscid flow: Computing density based on free-stream
temperature and pressure using the ideal gas law.
Force coefficients computed using free-stream values.

-- Models:
+------------------------------------------------------------------------------+
|          Viscosity Model|        Conductivity Model|              Fluid Model|
+------------------------------------------------------------------------------+
|                        -|                         -|             STANDARD_AIR|
+------------------------------------------------------------------------------+
-- Fluid properties:
+------------------------------------------------------------------------------+
|                  Name|    Dim. value|    Ref. value|      Unit|Non-dim. value|
+------------------------------------------------------------------------------+
|          Gas Constant|       287.058|       287.058|  N.m/kg.K|             1|
|      Spec. Heat Ratio|             -|             -|         -|           1.4|
+------------------------------------------------------------------------------+
-- Initial and free-stream conditions:
+------------------------------------------------------------------------------+
|                  Name|    Dim. value|    Ref. value|      Unit|Non-dim. value|
+------------------------------------------------------------------------------+
|       Static Pressure|        101325|        101325|        Pa|             1|
|               Density|       1.22498|       1.22498|    kg/m^3|             1|
|           Temperature|        288.15|        288.15|         K|             1|
|          Total Energy|        243846|       82715.8|   m^2/s^2|         2.948|
|            Velocity-X|       272.214|       287.603|       m/s|       0.94649|
|            Velocity-Y|       3.59989|       287.603|       m/s|     0.0125169|
|    Velocity Magnitude|       272.238|       287.603|       m/s|      0.946573|
+------------------------------------------------------------------------------+
|           Mach Number|             -|             -|         -|           0.8|
+------------------------------------------------------------------------------+
Initialize Jacobian structure (Euler). MG level: 0.
Initialize Jacobian structure (Euler). MG level: 1.
Initialize Jacobian structure (Euler). MG level: 2.

------------------- Numerics Preprocessing ( Zone 0 ) -------------------

----------------- Integration Preprocessing ( Zone 0 ) ------------------

------------------- Iteration Preprocessing ( Zone 0 ) ------------------
Euler/Navier-Stokes/RANS fluid iteration.

------------------------------ Begin Solver -----------------------------

Simulation Run using the Single-zone Driver
WARNING: SU2 was not compiled for an AVX-capable architecture. Performance could be better,
         see https://su2code.github.io/docs_v7/Build-SU2-Linux-MacOS/#compiler-optimizations
WARNING: SU2 was not compiled for an AVX-capable architecture. Performance could be better,
         see https://su2code.github.io/docs_v7/Build-SU2-Linux-MacOS/#compiler-optimizations
WARNING: SU2 was not compiled for an AVX-capable architecture. Performance could be better,
         see https://su2code.github.io/docs_v7/Build-SU2-Linux-MacOS/#compiler-optimizations
+----------------------------------------------------------------+
|  Inner_Iter|    rms[Rho]|   rms[RhoE]|          CL|          CD|
+----------------------------------------------------------------+
|           0|   -4.840581|   -4.244199|    0.325495|    0.022053|
|           1|   -5.125172|   -4.524007|    0.324487|    0.019824|
|           2|   -5.050196|   -4.464578|    0.325243|    0.019405|
|           3|   -5.013573|   -4.430995|    0.324303|    0.019735|
|           4|   -4.973168|   -4.401445|    0.323794|    0.019397|
|           5|   -4.959402|   -4.395613|    0.324155|    0.019121|
|           6|   -4.937174|   -4.373426|    0.323928|    0.018906|
|           7|   -4.925231|   -4.362267|    0.323836|    0.018740|
|           8|   -4.918698|   -4.358407|    0.324117|    0.018567|
|           9|   -4.916019|   -4.357030|    0.324465|    0.018358|
|          10|   -4.915652|   -4.355446|    0.324880|    0.018162|
|          11|   -4.918816|   -4.357318|    0.325426|    0.017989|
|          12|   -4.927585|   -4.366705|    0.326076|    0.017819|
|          13|   -4.939493|   -4.380004|    0.326788|    0.017647|
|          14|   -4.952453|   -4.393559|    0.327534|    0.017480|
|          15|   -4.965572|   -4.406226|    0.328261|    0.017317|
|          16|   -4.977163|   -4.416783|    0.328947|    0.017157|
|          17|   -4.988693|   -4.427615|    0.329602|    0.017008|
|          18|   -5.001356|   -4.440089|    0.330216|    0.016868|
|          19|   -5.013857|   -4.452548|    0.330783|    0.016737|
|          20|   -5.026463|   -4.465284|    0.331298|    0.016617|
|          21|   -5.038868|   -4.477846|    0.331760|    0.016509|
|          22|   -5.051106|   -4.490250|    0.332177|    0.016414|
|          23|   -5.064263|   -4.503673|    0.332541|    0.016332|
|          24|   -5.075551|   -4.514899|    0.332864|    0.016263|
|          25|   -5.085622|   -4.524868|    0.333147|    0.016208|
|          26|   -5.095058|   -4.534149|    0.333386|    0.016165|
|          27|   -5.104558|   -4.543367|    0.333582|    0.016135|
|          28|   -5.115204|   -4.553704|    0.333727|    0.016115|
|          29|   -5.127347|   -4.565548|    0.333825|    0.016105|
|          30|   -5.141149|   -4.579048|    0.333891|    0.016105|
|          31|   -5.155856|   -4.593441|    0.333932|    0.016114|
|          32|   -5.171576|   -4.608975|    0.333947|    0.016131|
|          33|   -5.187303|   -4.624439|    0.333942|    0.016154|
|          34|   -5.202936|   -4.639761|    0.333923|    0.016180|
|          35|   -5.218799|   -4.655305|    0.333900|    0.016209|
|          36|   -5.235460|   -4.671702|    0.333871|    0.016238|
|          37|   -5.252545|   -4.688567|    0.333841|    0.016266|
|          38|   -5.269513|   -4.705282|    0.333813|    0.016294|
|          39|   -5.286752|   -4.722289|    0.333791|    0.016319|
|          40|   -5.304481|   -4.739846|    0.333772|    0.016341|
|          41|   -5.324473|   -4.759881|    0.333755|    0.016359|
|          42|   -5.347932|   -4.783686|    0.333733|    0.016373|
|          43|   -5.372599|   -4.808729|    0.333709|    0.016384|
|          44|   -5.398515|   -4.834976|    0.333683|    0.016391|
|          45|   -5.425594|   -4.862422|    0.333654|    0.016395|
|          46|   -5.454073|   -4.891288|    0.333623|    0.016396|
|          47|   -5.483943|   -4.921522|    0.333589|    0.016394|
|          48|   -5.515044|   -4.952960|    0.333552|    0.016390|
|          49|   -5.547596|   -4.985759|    0.333512|    0.016385|
|          50|   -5.581809|   -5.020106|    0.333466|    0.016379|
|          51|   -5.617908|   -5.056257|    0.333426|    0.016155|
+-----------------------------------------------------------------------+
|Fixed CL Mode                           |Value                         |
+-----------------------------------------------------------------------+
|Current CL                              |0.333426                      |
|Target CL                               |0.326                         |
|Previous AOA                            |0.757664                      |
|Changed AoA by                          |-0.0373294                    |
+-----------------------------------------------------------------------+
+----------------------------------------------------------------+
|  Inner_Iter|    rms[Rho]|   rms[RhoE]|          CL|          CD|
+----------------------------------------------------------------+
|          52|   -4.239778|   -3.633113|    0.333363|    0.016149|
|          53|   -4.536082|   -3.925791|    0.333031|    0.016142|
|          54|   -4.777876|   -4.184693|    0.331889|    0.016126|
|          55|   -4.973720|   -4.364188|    0.330215|    0.016106|
|          56|   -5.132513|   -4.534702|    0.328725|    0.016100|
|          57|   -5.226652|   -4.630387|    0.327879|    0.016099|
|          58|   -5.356567|   -4.758521|    0.327672|    0.016100|
|          59|   -5.387054|   -4.787874|    0.327658|    0.016097|
|          60|   -5.437157|   -4.837386|    0.327470|    0.016085|
|          61|   -5.541304|   -4.949323|    0.327158|    0.016073|
|          62|   -5.603309|   -5.020847|    0.326871|    0.016067|
|          63|   -5.620877|   -5.038802|    0.326648|    0.016063|
|          64|   -5.658664|   -5.079824|    0.326474|    0.016062|
|          65|   -5.700254|   -5.129593|    0.326344|    0.016064|
|          66|   -5.715651|   -5.150110|    0.326256|    0.016069|
|          67|   -5.718734|   -5.154573|    0.326195|    0.016075|
|          68|   -5.720662|   -5.157551|    0.326143|    0.016082|
|          69|   -5.721344|   -5.159833|    0.326098|    0.016091|
|          70|   -5.720917|   -5.161212|    0.326065|    0.016100|
|          71|   -5.719807|   -5.161695|    0.326046|    0.016110|
|          72|   -5.718191|   -5.161195|    0.326034|    0.016120|
|          73|   -5.716538|   -5.160118|    0.326024|    0.016131|
|          74|   -5.715755|   -5.159591|    0.326016|    0.016141|
|          75|   -5.716245|   -5.160193|    0.326009|    0.016151|
|          76|   -5.718398|   -5.162356|    0.326001|    0.016160|
|          77|   -5.722491|   -5.166301|    0.325991|    0.016169|
|          78|   -5.728644|   -5.172143|    0.325977|    0.016176|
|          79|   -5.736909|   -5.179998|    0.325959|    0.016183|
|          80|   -5.747315|   -5.189960|    0.325938|    0.016188|
|          81|   -5.760645|   -5.202874|    0.325914|    0.016192|
|          82|   -5.775991|   -5.217778|    0.325888|    0.016195|
|          83|   -5.793056|   -5.234428|    0.325858|    0.016197|
|          84|   -5.811677|   -5.252632|    0.325826|    0.016197|
|          85|   -5.831827|   -5.272364|    0.325791|    0.016197|
|          86|   -5.853494|   -5.293621|    0.325756|    0.016195|
|          87|   -5.876631|   -5.316369|    0.325719|    0.016192|
|          88|   -5.901173|   -5.340560|    0.325682|    0.016189|
|          89|   -5.927053|   -5.366141|    0.325645|    0.016185|
|          90|   -5.954103|   -5.392946|    0.325608|    0.016180|
|          91|   -5.982140|   -5.420804|    0.325573|    0.016175|
|          92|   -6.011190|   -5.449774|    0.325538|    0.016170|
|          93|   -6.041077|   -5.479693|    0.325505|    0.016164|
|          94|   -6.071616|   -5.510377|    0.325473|    0.016159|
|          95|   -6.102598|   -5.541619|    0.325444|    0.016154|
|          96|   -6.133797|   -5.573188|    0.325416|    0.016149|
|          97|   -6.164987|   -5.604855|    0.325391|    0.016144|
|          98|   -6.195968|   -5.636410|    0.325368|    0.016140|
|          99|   -6.226562|   -5.667658|    0.325347|    0.016137|
|         100|   -6.256633|   -5.698445|    0.325328|    0.016134|
|         101|   -6.286092|   -5.728662|    0.325310|    0.016151|
+-----------------------------------------------------------------------+
|Fixed CL Mode                           |Value                         |
+-----------------------------------------------------------------------+
|Current CL                              |0.32531                       |
|Target CL                               |0.326                         |
|Previous AOA                            |0.720334                      |
|Changed AoA by                          |0.00336099                    |
+-----------------------------------------------------------------------+
+----------------------------------------------------------------+
|  Inner_Iter|    rms[Rho]|   rms[RhoE]|          CL|          CD|
+----------------------------------------------------------------+
|         102|   -5.283508|   -4.677283|    0.325296|    0.016149|
|         103|   -5.576799|   -4.967449|    0.325308|    0.016148|
|         104|   -5.808541|   -5.217291|    0.325395|    0.016148|
|         105|   -5.990870|   -5.387523|    0.325532|    0.016150|
|         106|   -6.128373|   -5.539368|    0.325653|    0.016150|
|         107|   -6.203413|   -5.617912|    0.325718|    0.016151|
|         108|   -6.297829|   -5.715511|    0.325727|    0.016152|
|         109|   -6.325649|   -5.743224|    0.325720|    0.016154|
|         110|   -6.363551|   -5.782370|    0.325730|    0.016157|
|         111|   -6.427866|   -5.855442|    0.325753|    0.016160|
|         112|   -6.467297|   -5.901707|    0.325775|    0.016162|
|         113|   -6.486843|   -5.921678|    0.325792|    0.016164|
|         114|   -6.514751|   -5.951774|    0.325806|    0.016166|
|         115|   -6.543578|   -5.984948|    0.325817|    0.016168|
|         116|   -6.562451|   -6.006369|    0.325824|    0.016169|
|         117|   -6.576696|   -6.021293|    0.325829|    0.016170|
|         118|   -6.590884|   -6.035534|    0.325833|    0.016170|
|         119|   -6.605703|   -6.050314|    0.325837|    0.016170|
|         120|   -6.621368|   -6.066065|    0.325839|    0.016170|
|         121|   -6.637918|   -6.082803|    0.325840|    0.016169|
|         122|   -6.654984|   -6.099976|    0.325840|    0.016168|
|         123|   -6.672196|   -6.117121|    0.325839|    0.016167|
|         124|   -6.689485|   -6.134264|    0.325837|    0.016166|
|         125|   -6.706908|   -6.151605|    0.325834|    0.016164|
|         126|   -6.724411|   -6.169151|    0.325831|    0.016162|
|         127|   -6.741795|   -6.186703|    0.325827|    0.016161|
|         128|   -6.758809|   -6.203993|    0.325823|    0.016159|
|         129|   -6.775248|   -6.220806|    0.325820|    0.016157|
|         130|   -6.791041|   -6.237046|    0.325816|    0.016155|
|         131|   -6.806180|   -6.252659|    0.325812|    0.016153|
|         132|   -6.820706|   -6.267625|    0.325808|    0.016152|
|         133|   -6.834772|   -6.282041|    0.325805|    0.016150|
|         134|   -6.848607|   -6.296095|    0.325802|    0.016149|
|         135|   -6.862486|   -6.310050|    0.325799|    0.016147|
|         136|   -6.876713|   -6.324224|    0.325797|    0.016146|
|         137|   -6.891594|   -6.338943|    0.325795|    0.016145|
|         138|   -6.907410|   -6.354517|    0.325794|    0.016144|
|         139|   -6.924384|   -6.371196|    0.325793|    0.016143|
|         140|   -6.942685|   -6.389182|    0.325793|    0.016142|
|         141|   -6.962427|   -6.408612|    0.325792|    0.016142|
|         142|   -6.983664|   -6.429563|    0.325793|    0.016141|
|         143|   -7.006370|   -6.452033|    0.325793|    0.016141|
|         144|   -7.030435|   -6.475930|    0.325794|    0.016141|
|         145|   -7.055672|   -6.501076|    0.325795|    0.016140|
|         146|   -7.081800|   -6.527192|    0.325796|    0.016140|
|         147|   -7.108459|   -6.553918|    0.325797|    0.016140|
|         148|   -7.135180|   -6.580779|    0.325798|    0.016140|
|         149|   -7.161431|   -6.607229|    0.325799|    0.016140|
|         150|   -7.186663|   -6.632700|    0.325801|    0.016140|
|         151|   -7.210343|   -6.656629|    0.325801|    0.016146|
+-----------------------------------------------------------------------+
|Fixed CL Mode                           |Value                         |
+-----------------------------------------------------------------------+
|Current CL                              |0.325801                      |
|Target CL                               |0.326                         |
|Previous AOA                            |0.723695                      |
|Changed AoA by                          |0.000996835                   |
+-----------------------------------------------------------------------+
+----------------------------------------------------------------+
|  Inner_Iter|    rms[Rho]|   rms[RhoE]|          CL|          CD|
+----------------------------------------------------------------+
|         152|   -5.813145|   -5.206491|    0.325803|    0.016146|
|         153|   -6.109479|   -5.499224|    0.325811|    0.016147|
|         154|   -6.350488|   -5.757456|    0.325840|    0.016147|
|         155|   -6.546208|   -5.937161|    0.325884|    0.016148|
|         156|   -6.703194|   -6.106484|    0.325923|    0.016148|
|         157|   -6.791789|   -6.197285|    0.325944|    0.016148|
|         158|   -6.910401|   -6.315853|    0.325947|    0.016149|
|         159|   -6.936113|   -6.341262|    0.325946|    0.016149|
|         160|   -6.978856|   -6.384561|    0.325949|    0.016150|
|         161|   -7.064365|   -6.479300|    0.325956|    0.016150|
|         162|   -7.111628|   -6.535912|    0.325961|    0.016151|
|         163|   -7.124528|   -6.549569|    0.325966|    0.016151|
|         164|   -7.150760|   -6.578517|    0.325969|    0.016152|
|         165|   -7.178212|   -6.611466|    0.325971|    0.016152|
|         166|   -7.189441|   -6.625533|    0.325972|    0.016152|
|         167|   -7.194535|   -6.631209|    0.325972|    0.016152|
|         168|   -7.200180|   -6.637256|    0.325973|    0.016152|
|         169|   -7.205957|   -6.643669|    0.325973|    0.016152|
|         170|   -7.211796|   -6.650238|    0.325973|    0.016152|
|         171|   -7.218268|   -6.657362|    0.325973|    0.016152|
|         172|   -7.225483|   -6.665001|    0.325973|    0.016152|
|         173|   -7.233425|   -6.673117|    0.325973|    0.016152|
|         174|   -7.242344|   -6.682076|    0.325973|    0.016152|
|         175|   -7.252593|   -6.692324|    0.325973|    0.016152|
|         176|   -7.264418|   -6.704095|    0.325973|    0.016152|
|         177|   -7.277960|   -6.717495|    0.325974|    0.016152|
|         178|   -7.293316|   -6.732631|    0.325974|    0.016152|
|         179|   -7.310558|   -6.749616|    0.325975|    0.016152|
|         180|   -7.329741|   -6.768551|    0.325975|    0.016152|
|         181|   -7.350868|   -6.789455|    0.325976|    0.016152|
|         182|   -7.373886|   -6.812267|    0.325977|    0.016152|
|         183|   -7.398718|   -6.836895|    0.325978|    0.016152|
|         184|   -7.425291|   -6.863263|    0.325979|    0.016152|
|         185|   -7.453526|   -6.891302|    0.325980|    0.016152|
|         186|   -7.483333|   -6.920935|    0.325982|    0.016152|
|         187|   -7.514580|   -6.952054|    0.325983|    0.016152|
|         188|   -7.547093|   -6.984511|    0.325984|    0.016152|
|         189|   -7.580639|   -7.018109|    0.325986|    0.016153|
|         190|   -7.614910|   -7.052577|    0.325987|    0.016153|
|         191|   -7.649510|   -7.087559|    0.325988|    0.016153|
|         192|   -7.683953|   -7.122599|    0.325990|    0.016153|
|         193|   -7.717673|   -7.157153|    0.325991|    0.016153|
|         194|   -7.750062|   -7.190608|    0.325993|    0.016153|
|         195|   -7.780534|   -7.222336|    0.325994|    0.016153|
|         196|   -7.808614|   -7.251785|    0.325995|    0.016153|
|         197|   -7.834021|   -7.278572|    0.325996|    0.016154|
|         198|   -7.856732|   -7.302566|    0.325998|    0.016154|
|         199|   -7.876984|   -7.323914|    0.325999|    0.016154|
|         200|   -7.895226|   -7.343006|    0.326000|    0.016154|
|         201|   -7.912026|   -7.360395|    0.326001|    0.016154|
|         202|   -7.927982|   -7.376697|    0.326002|    0.016154|
|         203|   -7.943653|   -7.392508|    0.326003|    0.016154|
|         204|   -7.959505|   -7.408347|    0.326004|    0.016154|
|         205|   -7.975902|   -7.424630|    0.326004|    0.016154|
|         206|   -7.993078|   -7.441639|    0.326005|    0.016153|
|         207|   -8.011149|   -7.459530|    0.326006|    0.016153|
|         208|   -8.030120|   -7.478340|    0.326007|    0.016153|
|         209|   -8.049890|   -7.497993|    0.326007|    0.016153|
|         210|   -8.070277|   -7.518320|    0.326008|    0.016153|
|         211|   -8.091010|   -7.539052|    0.326008|    0.016153|
|         212|   -8.111748|   -7.559845|    0.326009|    0.016153|
|         213|   -8.132102|   -7.580293|    0.326009|    0.016153|
|         214|   -8.151652|   -7.599954|    0.326010|    0.016153|
|         215|   -8.169975|   -7.618380|    0.326010|    0.016153|
|         216|   -8.186651|   -7.635125|    0.326011|    0.016153|
|         217|   -8.201313|   -7.649807|    0.326011|    0.016153|
|         218|   -8.213676|   -7.662138|    0.326011|    0.016153|
|         219|   -8.223562|   -7.671945|    0.326012|    0.016153|
|         220|   -8.230913|   -7.679185|    0.326012|    0.016153|
|         221|   -8.235795|   -7.683942|    0.326012|    0.016153|
|         222|   -8.238400|   -7.686423|    0.326013|    0.016153|
|         223|   -8.239020|   -7.686926|    0.326013|    0.016153|
|         224|   -8.238044|   -7.685841|    0.326013|    0.016153|
|         225|   -8.235903|   -7.683590|    0.326014|    0.016153|
|         226|   -8.233045|   -7.680608|    0.326014|    0.016153|
|         227|   -8.229916|   -7.677329|    0.326014|    0.016153|
|         228|   -8.226937|   -7.674165|    0.326015|    0.016153|
|         229|   -8.224490|   -7.671492|    0.326015|    0.016153|
|         230|   -8.222912|   -7.669642|    0.326015|    0.016153|
|         231|   -8.222489|   -7.668906|    0.326016|    0.016153|
|         232|   -8.223464|   -7.669531|    0.326016|    0.016153|
|         233|   -8.226035|   -7.671721|    0.326016|    0.016153|
|         234|   -8.230360|   -7.675640|    0.326016|    0.016153|
|         235|   -8.236563|   -7.681422|    0.326017|    0.016153|
|         236|   -8.244740|   -7.689168|    0.326017|    0.016153|
|         237|   -8.254960|   -7.698955|    0.326017|    0.016153|
|         238|   -8.267271|   -7.710835|    0.326017|    0.016153|
|         239|   -8.281702|   -7.724844|    0.326017|    0.016154|
|         240|   -8.298266|   -7.740998|    0.326017|    0.016154|
|         241|   -8.316956|   -7.759295|    0.326017|    0.016154|
|         242|   -8.337750|   -7.779718|    0.326017|    0.016154|
|         243|   -8.360605|   -7.802230|    0.326017|    0.016154|
|         244|   -8.385457|   -7.826772|    0.326018|    0.016154|
|         245|   -8.412210|   -7.853258|    0.326018|    0.016154|
|         246|   -8.440736|   -7.881569|    0.326018|    0.016154|
|         247|   -8.470859|   -7.911541|    0.326018|    0.016154|
|         248|   -8.502344|   -7.942958|    0.326018|    0.016154|
|         249|   -8.534883|   -7.975528|    0.326018|    0.016154|
|         250|   -8.568077|   -8.008874|    0.326018|    0.016154|
+-----------------------------------------------------------------------+
|        File Writing Summary       |              Filename             |
+-----------------------------------------------------------------------+
|SU2 binary restart                 |restart_flow.dat                   |
Writing Flow Meta-Data file: flow.meta
|Paraview                           |flow.vtu                           |
Writing Flow Meta-Data file: flow.meta
|Paraview surface                   |surface_flow.vtu                   |
Writing Flow Meta-Data file: flow.meta
|CSV file                           |surface_flow.csv                   |
Writing Flow Meta-Data file: flow.meta
+-----------------------------------------------------------------------+
+----------------------------------------------------------------+
|  Inner_Iter|    rms[Rho]|   rms[RhoE]|          CL|          CD|
+----------------------------------------------------------------+
|         251|   -8.601423|   -8.042514|    0.326018|    0.016153|
+-----------------------------------------------------------------------+
|Fixed CL Mode                           |Value                         |
+-----------------------------------------------------------------------+
|Current CL                              |0.326018                      |
|Target CL                               |0.326                         |
|Previous AOA                            |0.724692                      |
|Changed AoA by                          |-8.94168e-05                  |
+-----------------------------------------------------------------------+
+----------------------------------------------------------------+
|  Inner_Iter|    rms[Rho]|   rms[RhoE]|          CL|          CD|
+----------------------------------------------------------------+
|         252|   -6.860562|   -6.253871|    0.326018|    0.016153|
|         253|   -7.157778|   -6.547259|    0.326017|    0.016153|
|         254|   -7.400438|   -6.806924|    0.326015|    0.016153|
|         255|   -7.599699|   -6.989197|    0.326011|    0.016153|
|         256|   -7.762327|   -7.163344|    0.326008|    0.016153|
|         257|   -7.857230|   -7.259493|    0.326006|    0.016153|
|         258|   -7.990927|   -7.390493|    0.326006|    0.016153|
|         259|   -8.021669|   -7.419968|    0.326006|    0.016153|
|         260|   -8.073085|   -7.470361|    0.326006|    0.016153|
|         261|   -8.183999|   -7.588329|    0.326005|    0.016153|
|         262|   -8.252075|   -7.666284|    0.326004|    0.016153|
|         263|   -8.271525|   -7.685969|    0.326004|    0.016153|
|         264|   -8.313376|   -7.730309|    0.326004|    0.016153|
|         265|   -8.360740|   -7.785587|    0.326003|    0.016153|
|         266|   -8.379061|   -7.809286|    0.326003|    0.016153|
|         267|   -8.383911|   -7.815619|    0.326003|    0.016153|
|         268|   -8.388022|   -7.820710|    0.326003|    0.016153|
|         269|   -8.390608|   -7.824714|    0.326003|    0.016153|
|         270|   -8.391909|   -7.827638|    0.326003|    0.016153|
|         271|   -8.393360|   -7.830553|    0.326003|    0.016153|
|         272|   -8.395150|   -7.833355|    0.326003|    0.016153|
|         273|   -8.397143|   -7.835867|    0.326003|    0.016153|
|         274|   -8.399789|   -7.838757|    0.326003|    0.016153|
|         275|   -8.403757|   -7.842872|    0.326003|    0.016153|
|         276|   -8.409480|   -7.848660|    0.326003|    0.016153|
|         277|   -8.417148|   -7.856272|    0.326003|    0.016153|
|         278|   -8.426839|   -7.865794|    0.326003|    0.016153|
|         279|   -8.438607|   -7.877339|    0.326003|    0.016153|
|         280|   -8.452504|   -7.891007|    0.326003|    0.016153|
|         281|   -8.468534|   -7.906824|    0.326003|    0.016153|
|         282|   -8.486648|   -7.924726|    0.326003|    0.016153|
|         283|   -8.506774|   -7.944622|    0.326003|    0.016153|
|         284|   -8.528855|   -7.966445|    0.326003|    0.016153|
|         285|   -8.552847|   -7.990155|    0.326003|    0.016153|
|         286|   -8.578707|   -8.015718|    0.326003|    0.016153|
|         287|   -8.606386|   -8.043099|    0.326002|    0.016153|
|         288|   -8.635820|   -8.072250|    0.326002|    0.016153|
|         289|   -8.666927|   -8.103109|    0.326002|    0.016153|
|         290|   -8.699587|   -8.135580|    0.326002|    0.016153|
|         291|   -8.733638|   -8.169528|    0.326002|    0.016153|
|         292|   -8.768856|   -8.204761|    0.326002|    0.016153|
|         293|   -8.804949|   -8.241021|    0.326002|    0.016153|
|         294|   -8.841546|   -8.277973|    0.326002|    0.016153|
|         295|   -8.878207|   -8.315197|    0.326002|    0.016153|
|         296|   -8.914439|   -8.352210|    0.326002|    0.016153|
|         297|   -8.949750|   -8.388498|    0.326002|    0.016153|
|         298|   -8.983700|   -8.423574|    0.326002|    0.016153|
|         299|   -9.015965|   -8.457044|    0.326002|    0.016153|
|         300|   -9.046394|   -8.488665|    0.326002|    0.016153|
|         301|   -9.075020|   -8.518391|    0.326002|    0.016153|
+-----------------------------------------------------------------------+
|Fixed CL Mode                           |Value                         |
+-----------------------------------------------------------------------+
|Current CL                              |0.326002                      |
|Target CL                               |0.326                         |
|Previous AOA                            |0.724603                      |
|Changed AoA by                          |-8.03021e-06                  |
+-----------------------------------------------------------------------+
+----------------------------------------------------------------+
|  Inner_Iter|    rms[Rho]|   rms[RhoE]|          CL|          CD|
+----------------------------------------------------------------+
|         302|   -7.906637|   -7.300013|    0.326002|    0.016153|
|         303|   -8.201094|   -7.591446|    0.326001|    0.016153|
|         304|   -8.439786|   -7.847737|    0.326001|    0.016153|
|         305|   -8.627986|   -8.021443|    0.326001|    0.016153|
|         306|   -8.776223|   -8.182602|    0.326000|    0.016153|
|         307|   -8.861909|   -8.271019|    0.326000|    0.016153|
|         308|   -8.972664|   -8.383162|    0.326000|    0.016153|
|         309|   -9.001964|   -8.411662|    0.326000|    0.016153|
|         310|   -9.048253|   -8.458001|    0.326000|    0.016153|
|         311|   -9.133889|   -8.552209|    0.326000|    0.016153|
|         312|   -9.186904|   -8.613424|    0.326000|    0.016153|
|         313|   -9.209653|   -8.636321|    0.326000|    0.016153|
|         314|   -9.246178|   -8.675200|    0.326000|    0.016153|
|         315|   -9.283729|   -8.718159|    0.326000|    0.016153|
|         316|   -9.302121|   -8.739423|    0.326000|    0.016153|
|         317|   -9.310304|   -8.748443|    0.326000|    0.016153|
|         318|   -9.314540|   -8.753688|    0.326000|    0.016153|
|         319|   -9.314316|   -8.754762|    0.326000|    0.016153|
|         320|   -9.310561|   -8.752180|    0.326000|    0.016153|
|         321|   -9.305066|   -8.747576|    0.326000|    0.016153|
|         322|   -9.298840|   -8.741924|    0.326000|    0.016153|
|         323|   -9.292462|   -8.735857|    0.326000|    0.016153|
|         324|   -9.286526|   -8.730089|    0.326000|    0.016153|
|         325|   -9.281565|   -8.725213|    0.325999|    0.016153|
|         326|   -9.277925|   -8.721566|    0.325999|    0.016153|
|         327|   -9.275781|   -8.719317|    0.325999|    0.016153|
|         328|   -9.275208|   -8.718566|    0.325999|    0.016153|
|         329|   -9.276227|   -8.719377|    0.325999|    0.016153|
|         330|   -9.278836|   -8.721779|    0.325999|    0.016153|
|         331|   -9.283007|   -8.725752|    0.325999|    0.016153|
|         332|   -9.288703|   -8.731251|    0.325999|    0.016153|
|         333|   -9.295895|   -8.738240|    0.325999|    0.016153|
|         334|   -9.304570|   -8.746707|    0.325999|    0.016153|
|         335|   -9.314729|   -8.756652|    0.325999|    0.016153|
|         336|   -9.326375|   -8.768083|    0.325999|    0.016153|
|         337|   -9.339513|   -8.781010|    0.325999|    0.016153|
|         338|   -9.354149|   -8.795441|    0.325999|    0.016153|
|         339|   -9.370285|   -8.811382|    0.325999|    0.016153|
|         340|   -9.387920|   -8.828831|    0.325999|    0.016153|
|         341|   -9.407043|   -8.847784|    0.325999|    0.016153|
|         342|   -9.427640|   -8.868223|    0.325999|    0.016153|
|         343|   -9.449685|   -8.890126|    0.325999|    0.016153|
|         344|   -9.473145|   -8.913462|    0.325999|    0.016153|
|         345|   -9.497979|   -8.938190|    0.325999|    0.016153|
|         346|   -9.524136|   -8.964266|    0.325999|    0.016153|
|         347|   -9.551557|   -8.991636|    0.325999|    0.016153|
|         348|   -9.580172|   -9.020238|    0.325999|    0.016153|
|         349|   -9.609897|   -9.049999|    0.325999|    0.016153|
|         350|   -9.640624|   -9.080823|    0.325999|    0.016153|
|         351|   -9.672219|   -9.112590|    0.325999|    0.016153|
+-----------------------------------------------------------------------+
|Fixed CL Mode                           |Value                         |
+-----------------------------------------------------------------------+
|Current CL                              |0.325999                      |
|Target CL                               |0.326                         |
|Previous AOA                            |0.724595                      |
|Changed AoA by                          |5.18807e-06                   |
+-----------------------------------------------------------------------+
+----------------------------------------------------------------+
|  Inner_Iter|    rms[Rho]|   rms[RhoE]|          CL|          CD|
+----------------------------------------------------------------+
|         352|   -8.096861|   -7.490209|    0.325999|    0.016153|
|         353|   -8.394048|   -7.783522|    0.325999|    0.016153|
|         354|   -8.636168|   -8.042672|    0.325999|    0.016153|
|         355|   -8.835126|   -8.224839|    0.325999|    0.016153|
|         356|   -8.996938|   -8.398324|    0.326000|    0.016153|
|         357|   -9.091072|   -8.493734|    0.326000|    0.016153|
|         358|   -9.223790|   -8.623857|    0.326000|    0.016153|
|         359|   -9.255395|   -8.654074|    0.326000|    0.016153|
|         360|   -9.307330|   -8.704938|    0.326000|    0.016153|
|         361|   -9.418576|   -8.823138|    0.326000|    0.016153|
|         362|   -9.488107|   -8.902266|    0.326000|    0.016153|
|         363|   -9.509453|   -8.923602|    0.326000|    0.016153|
|         364|   -9.553474|   -8.969947|    0.326000|    0.016153|
|         365|   -9.603810|   -9.028342|    0.326000|    0.016153|
|         366|   -9.624565|   -9.054823|    0.326000|    0.016153|
|         367|   -9.630942|   -9.062804|    0.326000|    0.016153|
|         368|   -9.636314|   -9.069101|    0.326000|    0.016153|
|         369|   -9.640121|   -9.074261|    0.326000|    0.016153|
|         370|   -9.642648|   -9.078416|    0.326000|    0.016153|
|         371|   -9.645295|   -9.082588|    0.326000|    0.016153|
|         372|   -9.648138|   -9.086502|    0.326000|    0.016153|
|         373|   -9.650968|   -9.089875|    0.326000|    0.016153|
|         374|   -9.654265|   -9.093413|    0.326000|    0.016153|
|         375|   -9.658769|   -9.098062|    0.326000|    0.016153|
|         376|   -9.664961|   -9.104327|    0.326000|    0.016153|
|         377|   -9.673050|   -9.112376|    0.326000|    0.016153|
|         378|   -9.683124|   -9.122306|    0.326000|    0.016153|
|         379|   -9.695255|   -9.134240|    0.326000|    0.016153|
|         380|   -9.709515|   -9.148304|    0.326000|    0.016153|
|         381|   -9.725935|   -9.164543|    0.326000|    0.016153|
|         382|   -9.744484|   -9.182908|    0.326000|    0.016153|
|         383|   -9.765108|   -9.203322|    0.326000|    0.016153|
|         384|   -9.787766|   -9.225733|    0.326000|    0.016153|
|         385|   -9.812435|   -9.250119|    0.326000|    0.016153|
|         386|   -9.839093|   -9.276469|    0.326000|    0.016153|
|         387|   -9.867713|   -9.304771|    0.326000|    0.016153|
|         388|   -9.898255|   -9.335003|    0.326000|    0.016153|
|         389|   -9.930659|   -9.367128|    0.326000|    0.016153|
|         390|   -9.964828|   -9.401077|    0.326000|    0.016153|
|         391|  -10.000613|   -9.436734|    0.326000|    0.016153|
|         392|  -10.037793|   -9.473921|    0.326000|    0.016153|
|         393|  -10.076054|   -9.512370|    0.326000|    0.016153|
|         394|  -10.114966|   -9.551701|    0.326000|    0.016153|
|         395|  -10.153975|   -9.591400|    0.326000|    0.016153|
|         396|  -10.192416|   -9.630822|    0.326000|    0.016153|
|         397|  -10.229567|   -9.669227|    0.326000|    0.016153|
|         398|  -10.264732|   -9.705855|    0.326000|    0.016153|
|         399|  -10.297357|   -9.740039|    0.326000|    0.016153|
|         400|  -10.327131|   -9.771331|    0.326000|    0.016153|
|         401|  -10.354057|   -9.799594|    0.326000|    0.016153|
|         402|  -10.378436|   -9.825031|    0.326000|    0.016153|
|         403|  -10.400795|   -9.848125|    0.326000|    0.016153|
|         404|  -10.421773|   -9.869528|    0.326000|    0.016153|
|         405|  -10.442008|   -9.889938|    0.326000|    0.016153|
|         406|  -10.462049|   -9.909987|    0.326000|    0.016153|
|         407|  -10.482309|   -9.930173|    0.326000|    0.016153|
|         408|  -10.503035|   -9.950824|    0.326000|    0.016153|
|         409|  -10.524312|   -9.972088|    0.326000|    0.016153|
|         410|  -10.546069|   -9.993938|    0.326000|    0.016153|
|         411|  -10.568104|  -10.016188|    0.326000|    0.016153|
|         412|  -10.590110|  -10.038528|    0.326000|    0.016153|
|         413|  -10.611718|  -10.060559|    0.326000|    0.016153|
|         414|  -10.632548|  -10.081850|    0.326000|    0.016153|
|         415|  -10.652260|  -10.101998|    0.326000|    0.016153|
|         416|  -10.670602|  -10.120689|    0.326000|    0.016153|
|         417|  -10.687441|  -10.137745|    0.326000|    0.016153|
|         418|  -10.702763|  -10.153134|    0.326000|    0.016153|
|         419|  -10.716653|  -10.166952|    0.326000|    0.016153|
|         420|  -10.729253|  -10.179378|    0.326000|    0.016153|
|         421|  -10.740716|  -10.190619|    0.326000|    0.016153|
|         422|  -10.751173|  -10.200858|    0.326000|    0.016153|
|         423|  -10.760704|  -10.210221|    0.326000|    0.016153|
|         424|  -10.769347|  -10.218771|    0.326000|    0.016153|
|         425|  -10.777105|  -10.226517|    0.326000|    0.016153|
|         426|  -10.783979|  -10.233447|    0.326000|    0.016153|
|         427|  -10.789997|  -10.239554|    0.326000|    0.016153|
|         428|  -10.795240|  -10.244880|    0.326000|    0.016153|
|         429|  -10.799860|  -10.249539|    0.326000|    0.016153|
|         430|  -10.804082|  -10.253721|    0.326000|    0.016153|
|         431|  -10.808189|  -10.257693|    0.326000|    0.016153|
|         432|  -10.812503|  -10.261774|    0.326000|    0.016153|
|         433|  -10.817360|  -10.266306|    0.326000|    0.016153|
|         434|  -10.823086|  -10.271631|    0.326000|    0.016153|
|         435|  -10.829977|  -10.278066|    0.326000|    0.016153|
|         436|  -10.838289|  -10.285886|    0.326000|    0.016153|
|         437|  -10.848229|  -10.295319|    0.326000|    0.016153|
|         438|  -10.859953|  -10.306538|    0.326000|    0.016153|
|         439|  -10.873567|  -10.319663|    0.326000|    0.016153|
|         440|  -10.889127|  -10.334763|    0.326000|    0.016153|
|         441|  -10.906640|  -10.351853|    0.326000|    0.016153|
|         442|  -10.926065|  -10.370901|    0.326000|    0.016153|
|         443|  -10.947309|  -10.391823|    0.326000|    0.016153|
|         444|  -10.970227|  -10.414478|    0.326000|    0.016153|
|         445|  -10.994615|  -10.438672|    0.326000|    0.016153|
|         446|  -11.020203|  -10.464145|    0.326000|    0.016153|
|         447|  -11.046651|  -10.490565|    0.326000|    0.016153|
|         448|  -11.073546|  -10.517529|    0.326000|    0.016153|
|         449|  -11.100401|  -10.544562|    0.326000|    0.016153|
|         450|  -11.126680|  -10.571129|    0.326000|    0.016153|
|         451|  -11.151818|  -10.596665|    0.326000|    0.016153|
|         452|  -11.175283|  -10.620623|    0.326000|    0.016153|
|         453|  -11.196633|  -10.642534|    0.326000|    0.016153|
|         454|  -11.215583|  -10.662071|    0.326000|    0.016153|
|         455|  -11.232055|  -10.679108|    0.326000|    0.016153|
|         456|  -11.246189|  -10.693739|    0.326000|    0.016153|
|         457|  -11.258326|  -10.706263|    0.326000|    0.016153|
|         458|  -11.268950|  -10.717139|    0.326000|    0.016153|
|         459|  -11.278625|  -10.726918|    0.326000|    0.016153|
|         460|  -11.287928|  -10.736183|    0.326000|    0.016153|
|         461|  -11.297403|  -10.745494|    0.326000|    0.016153|
|         462|  -11.307533|  -10.755354|    0.326000|    0.016153|
|         463|  -11.318721|  -10.766189|    0.326000|    0.016153|
|         464|  -11.331293|  -10.778349|    0.326000|    0.016153|
|         465|  -11.345499|  -10.792103|    0.326000|    0.016153|
|         466|  -11.361515|  -10.807647|    0.326000|    0.016153|
|         467|  -11.379451|  -10.825104|    0.326000|    0.016153|
|         468|  -11.399345|  -10.844530|    0.326000|    0.016153|
|         469|  -11.421162|  -10.865903|    0.326000|    0.016153|
|         470|  -11.444777|  -10.889112|    0.326000|    0.016153|
|         471|  -11.469952|  -10.913936|    0.326000|    0.016153|
|         472|  -11.496310|  -10.940018|    0.326000|    0.016153|
|         473|  -11.523300|  -10.966826|    0.326000|    0.016153|
|         474|  -11.550169|  -10.993628|    0.326000|    0.016153|
|         475|  -11.575958|  -11.019485|    0.326000|    0.016153|
|         476|  -11.599549|  -11.043284|    0.326000|    0.016153|
|         477|  -11.619780|  -11.063853|    0.326000|    0.016153|
|         478|  -11.635645|  -11.080151|    0.326000|    0.016153|
|         479|  -11.646513|  -11.091492|    0.326000|    0.016153|
|         480|  -11.652302|  -11.097720|    0.326000|    0.016153|
|         481|  -11.653493|  -11.099258|    0.326000|    0.016153|
|         482|  -11.651003|  -11.096982|    0.326000|    0.016153|
|         483|  -11.645961|  -11.092011|    0.326000|    0.016153|
|         484|  -11.639506|  -11.085494|    0.326000|    0.016153|
|         485|  -11.632639|  -11.078455|    0.326000|    0.016153|
|         486|  -11.626172|  -11.071732|    0.326000|    0.016153|
|         487|  -11.620716|  -11.065959|    0.326000|    0.016153|
|         488|  -11.616710|  -11.061596|    0.326000|    0.016153|
|         489|  -11.614457|  -11.058960|    0.326000|    0.016153|
|         490|  -11.614158|  -11.058263|    0.326000|    0.016153|
|         491|  -11.615939|  -11.059638|    0.326000|    0.016153|
|         492|  -11.619878|  -11.063166|    0.326000|    0.016153|
|         493|  -11.626017|  -11.068893|    0.326000|    0.016153|
|         494|  -11.634376|  -11.076842|    0.326000|    0.016153|
|         495|  -11.644963|  -11.087020|    0.326000|    0.016153|
|         496|  -11.657773|  -11.099425|    0.326000|    0.016153|
|         497|  -11.672801|  -11.114050|    0.326000|    0.016153|
|         498|  -11.690032|  -11.130885|    0.326000|    0.016153|
|         499|  -11.709452|  -11.149913|    0.326000|    0.016153|
|         500|  -11.731040|  -11.171117|    0.326000|    0.016153|
+-----------------------------------------------------------------------+
|        File Writing Summary       |              Filename             |
+-----------------------------------------------------------------------+
|SU2 binary restart                 |restart_flow.dat                   |
Writing Flow Meta-Data file: flow.meta
|Paraview                           |flow.vtu                           |
Writing Flow Meta-Data file: flow.meta
|Paraview surface                   |surface_flow.vtu                   |
Writing Flow Meta-Data file: flow.meta
|CSV file                           |surface_flow.csv                   |
Writing Flow Meta-Data file: flow.meta
+-----------------------------------------------------------------------+
+----------------------------------------------------------------+
|  Inner_Iter|    rms[Rho]|   rms[RhoE]|          CL|          CD|
+----------------------------------------------------------------+
|         501|  -11.754764|  -11.194470|    0.326000|    0.016153|
|         502|  -11.780582|  -11.219934|    0.326000|    0.016153|
|         503|  -11.808430|  -11.247451|    0.326000|    0.016153|
|         504|  -11.838212|  -11.276938|    0.326000|    0.016153|
|         505|  -11.869789|  -11.308267|    0.326000|    0.016153|
|         506|  -11.902951|  -11.341249|    0.326000|    0.016153|
|         507|  -11.937398|  -11.375608|    0.326000|    0.016153|
|         508|  -11.972706|  -11.410950|    0.326000|    0.016153|
|         509|  -12.008300|  -11.446731|    0.326000|    0.016153|
|         510|  -12.043430|  -11.482233|    0.326000|    0.016153|
|         511|  -12.077170|  -11.516555|    0.326000|    0.016153|
|         512|  -12.108473|  -11.548654|    0.326000|    0.016153|
|         513|  -12.136289|  -11.577453|    0.326000|    0.016153|
|         514|  -12.159743|  -11.602009|    0.326000|    0.016153|
|         515|  -12.178342|  -11.621733|    0.326000|    0.016153|
|         516|  -12.192112|  -11.636542|    0.326000|    0.016153|
|         517|  -12.201597|  -11.646882|    0.326000|    0.016153|
|         518|  -12.207729|  -11.653632|    0.326000|    0.016153|
|         519|  -12.211611|  -11.657885|    0.326000|    0.016153|
|         520|  -12.214349|  -11.660763|    0.326000|    0.016153|
|         521|  -12.216916|  -11.663281|    0.326000|    0.016153|
|         522|  -12.220106|  -11.666273|    0.326000|    0.016153|
|         523|  -12.224527|  -11.670387|    0.326000|    0.016153|
|         524|  -12.230633|  -11.676111|    0.326000|    0.016153|
|         525|  -12.238743|  -11.683788|    0.326000|    0.016153|
|         526|  -12.249081|  -11.693663|    0.326000|    0.016153|
|         527|  -12.261800|  -11.705902|    0.326000|    0.016153|
|         528|  -12.276995|  -11.720611|    0.326000|    0.016153|
|         529|  -12.294718|  -11.737852|    0.326000|    0.016153|
|         530|  -12.314976|  -11.757643|    0.326000|    0.016153|
|         531|  -12.337736|  -11.779958|    0.326000|    0.016153|
|         532|  -12.362906|  -11.804720|    0.326000|    0.016153|
|         533|  -12.390302|  -11.831764|    0.326000|    0.016153|
|         534|  -12.419634|  -11.860823|    0.326000|    0.016153|
|         535|  -12.450446|  -11.891471|    0.326000|    0.016153|
|         536|  -12.482049|  -11.923059|    0.326000|    0.016153|
|         537|  -12.513492|  -11.954677|    0.326000|    0.016153|
|         538|  -12.543508|  -11.985098|    0.326000|    0.016153|
|         539|  -12.570579|  -12.012817|    0.326000|    0.016153|
|         540|  -12.593113|  -12.036218|    0.326000|    0.016153|
|         541|  -12.609768|  -12.053875|    0.326000|    0.016153|
|         542|  -12.619834|  -12.064956|    0.326000|    0.016153|
|         543|  -12.623468|  -12.069482|    0.326000|    0.016153|
|         544|  -12.621640|  -12.068320|    0.326000|    0.016153|
|         545|  -12.615835|  -12.062912|    0.326000|    0.016153|
|         546|  -12.607630|  -12.054849|    0.326000|    0.016153|
|         547|  -12.598477|  -12.045622|    0.326000|    0.016153|
|         548|  -12.589509|  -12.036423|    0.326000|    0.016153|
|         549|  -12.581575|  -12.028146|    0.326000|    0.016153|
|         550|  -12.575252|  -12.021414|    0.326000|    0.016153|
|         551|  -12.570926|  -12.016635|    0.326000|    0.016153|
|         552|  -12.568832|  -12.014068|    0.326000|    0.016153|
|         553|  -12.569114|  -12.013868|    0.326000|    0.016153|
|         554|  -12.571843|  -12.016114|    0.326000|    0.016153|
|         555|  -12.577058|  -12.020852|    0.326000|    0.016153|
|         556|  -12.584758|  -12.028081|    0.326000|    0.016153|
|         557|  -12.594940|  -12.037804|    0.326000|    0.016153|
|         558|  -12.607584|  -12.049999|    0.326000|    0.016153|
|         559|  -12.622664|  -12.064645|    0.326000|    0.016153|
|         560|  -12.640153|  -12.081712|    0.326000|    0.016153|
|         561|  -12.660018|  -12.101172|    0.326000|    0.016153|
|         562|  -12.682215|  -12.122984|    0.326000|    0.016153|
|         563|  -12.706683|  -12.147093|    0.326000|    0.016153|
|         564|  -12.733347|  -12.173434|    0.326000|    0.016153|
|         565|  -12.762085|  -12.201896|    0.326000|    0.016153|
|         566|  -12.792741|  -12.232336|    0.326000|    0.016153|
|         567|  -12.825076|  -12.264540|    0.326000|    0.016153|
|         568|  -12.858742|  -12.298179|    0.326000|    0.016153|
|         569|  -12.893264|  -12.332820|    0.326000|    0.016153|
|         570|  -12.927989|  -12.367830|    0.326000|    0.016153|
|         571|  -12.962069|  -12.402396|    0.326000|    0.016153|
|         572|  -12.994489|  -12.435528|    0.326000|    0.016153|
|         573|  -13.024101|  -12.466056|    0.326000|    0.016153|
+-----------------------------------------------------------------------+
|      Convergence Field     |     Value    |   Criterion  |  Converged |
+-----------------------------------------------------------------------+
|                    rms[Rho]|      -13.0241|         < -13|         Yes|
+-----------------------------------------------------------------------+
+-----------------------------------------------------------------------+
|        File Writing Summary       |              Filename             |
+-----------------------------------------------------------------------+
|SU2 binary restart                 |restart_flow.dat                   |
Writing Flow Meta-Data file: flow.meta
|Paraview                           |flow.vtu                           |
Writing Flow Meta-Data file: flow.meta
|Paraview surface                   |surface_flow.vtu                   |
Writing Flow Meta-Data file: flow.meta
|CSV file                           |surface_flow.csv                   |
Writing Flow Meta-Data file: flow.meta
+-----------------------------------------------------------------------+
+----------------------------------------------------------------+
|  Inner_Iter|    rms[Rho]|   rms[RhoE]|          CL|          CD|
+----------------------------------------------------------------+
|         574|  -13.049805|  -12.492844|    0.326000|    0.016159|
+-----------------------------------------------------------------------+
|Fixed CL Mode                           |Value                         |
+-----------------------------------------------------------------------+
|Current CL                              |0.326                         |
|Target CL                               |0.326                         |
|Previous AOA                            |0.7246                        |
|Changed AoA by (Finite Difference step) |0.001                         |
+-----------------------------------------------------------------------+
+----------------------------------------------------------------+
|  Inner_Iter|    rms[Rho]|   rms[RhoE]|          CL|          CD|
+----------------------------------------------------------------+
|         575|   -5.812063|   -5.205348|    0.326000|    0.016159|
|         576|   -6.109373|   -5.498830|    0.326007|    0.016159|
|         577|   -6.352462|   -5.758880|    0.326036|    0.016159|
|         578|   -6.552053|   -5.941345|    0.326080|    0.016160|
|         579|   -6.715488|   -6.116139|    0.326118|    0.016160|
|         580|   -6.811893|   -6.213531|    0.326140|    0.016160|
|         581|   -6.948824|   -6.347109|    0.326144|    0.016160|
|         582|   -6.980875|   -6.377568|    0.326143|    0.016160|
|         583|   -7.035066|   -6.430129|    0.326147|    0.016160|
|         584|   -7.154413|   -6.555247|    0.326155|    0.016160|
|         585|   -7.231731|   -6.641631|    0.326162|    0.016161|
|         586|   -7.256560|   -6.665790|    0.326168|    0.016161|
|         587|   -7.309978|   -6.720461|    0.326172|    0.016161|
|         588|   -7.374744|   -6.793060|    0.326176|    0.016161|
|         589|   -7.403539|   -6.828299|    0.326178|    0.016161|
|         590|   -7.412740|   -6.839457|    0.326180|    0.016161|
|         591|   -7.418912|   -6.847054|    0.326182|    0.016161|
|         592|   -7.420206|   -6.850621|    0.326184|    0.016161|
|         593|   -7.417412|   -6.850489|    0.326186|    0.016160|
|         594|   -7.413373|   -6.848867|    0.326188|    0.016160|
|         595|   -7.408696|   -6.845934|    0.326189|    0.016160|
|         596|   -7.403376|   -6.841634|    0.326190|    0.016159|
|         597|   -7.398216|   -6.837069|    0.326191|    0.016159|
|         598|   -7.394248|   -6.833510|    0.326193|    0.016159|
|         599|   -7.392109|   -6.831624|    0.326194|    0.016159|
|         600|   -7.392051|   -6.831638|    0.326195|    0.016158|
|         601|   -7.394145|   -6.833653|    0.326196|    0.016158|
|         602|   -7.398412|   -6.837765|    0.326197|    0.016158|
|         603|   -7.404880|   -6.844064|    0.326198|    0.016158|
|         604|   -7.413477|   -6.852499|    0.326200|    0.016158|
|         605|   -7.424105|   -6.862958|    0.326201|    0.016158|
|         606|   -7.436649|   -6.875310|    0.326202|    0.016158|
|         607|   -7.451013|   -6.889454|    0.326203|    0.016158|
|         608|   -7.467118|   -6.905318|    0.326204|    0.016158|
|         609|   -7.484888|   -6.922835|    0.326205|    0.016158|
|         610|   -7.504241|   -6.941934|    0.326206|    0.016158|
|         611|   -7.525090|   -6.962541|    0.326207|    0.016158|
|         612|   -7.547341|   -6.984573|    0.326209|    0.016158|
|         613|   -7.570886|   -7.007931|    0.326210|    0.016158|
|         614|   -7.595604|   -7.032505|    0.326211|    0.016158|
|         615|   -7.621357|   -7.058169|    0.326212|    0.016159|
|         616|   -7.648001|   -7.084786|    0.326213|    0.016159|
|         617|   -7.675378|   -7.112205|    0.326213|    0.016159|
|         618|   -7.703333|   -7.140274|    0.326214|    0.016159|
|         619|   -7.731725|   -7.168846|    0.326215|    0.016159|
|         620|   -7.760440|   -7.197798|    0.326216|    0.016159|
|         621|   -7.789404|   -7.227043|    0.326217|    0.016159|
|         622|   -7.818595|   -7.256540|    0.326217|    0.016160|
|         623|   -7.848042|   -7.286299|    0.326218|    0.016160|
|         624|   -7.877822|   -7.316384|    0.326218|    0.016160|
|         625|   -7.908056|   -7.346899|    0.326219|    0.016160|
|         626|   -7.938885|   -7.377981|    0.326219|    0.016160|
|         627|   -7.970460|   -7.409781|    0.326220|    0.016160|
|         628|   -8.002918|   -7.442444|    0.326220|    0.016160|
|         629|   -8.036363|   -7.476091|    0.326221|    0.016160|
|         630|   -8.070847|   -7.510796|    0.326221|    0.016160|
|         631|   -8.106346|   -7.546566|    0.326221|    0.016160|
|         632|   -8.142745|   -7.583321|    0.326222|    0.016160|
|         633|   -8.179816|   -7.620867|    0.326222|    0.016160|
|         634|   -8.217207|   -7.658881|    0.326222|    0.016160|
|         635|   -8.254445|   -7.696904|    0.326223|    0.016160|
|         636|   -8.290964|   -7.734362|    0.326223|    0.016160|
|         637|   -8.326156|   -7.770609|    0.326223|    0.016160|
|         638|   -8.359449|   -7.805003|    0.326223|    0.016160|
|         639|   -8.390406|   -7.837010|    0.326224|    0.016160|
|         640|   -8.418801|   -7.866304|    0.326224|    0.016160|
|         641|   -8.444660|   -7.892833|    0.326224|    0.016160|
|         642|   -8.468239|   -7.916814|    0.326224|    0.016160|
|         643|   -8.489943|   -7.938666|    0.326225|    0.016160|
|         644|   -8.510220|   -7.958888|    0.326225|    0.016160|
|         645|   -8.529440|   -7.977933|    0.326225|    0.016160|
|         646|   -8.547809|   -7.996098|    0.326226|    0.016160|
|         647|   -8.565308|   -8.013448|    0.326226|    0.016160|
|         648|   -8.581670|   -8.029782|    0.326227|    0.016160|
|         649|   -8.596423|   -8.044665|    0.326227|    0.016160|
|         650|   -8.608976|   -8.057502|    0.326227|    0.016160|
|         651|   -8.618758|   -8.067678|    0.326228|    0.016160|
|         652|   -8.625383|   -8.074726|    0.326228|    0.016160|
|         653|   -8.628776|   -8.078476|    0.326228|    0.016160|
|         654|   -8.629221|   -8.079133|    0.326229|    0.016160|
|         655|   -8.627307|   -8.077240|    0.326229|    0.016160|
|         656|   -8.623807|   -8.073566|    0.326229|    0.016160|
|         657|   -8.619543|   -8.068959|    0.326230|    0.016160|
|         658|   -8.615272|   -8.064217|    0.326230|    0.016160|
|         659|   -8.611634|   -8.060024|    0.326230|    0.016160|
|         660|   -8.609122|   -8.056913|    0.326231|    0.016160|
|         661|   -8.608091|   -8.055267|    0.326231|    0.016160|
|         662|   -8.608780|   -8.055348|    0.326231|    0.016160|
|         663|   -8.611336|   -8.057313|    0.326231|    0.016160|
|         664|   -8.615835|   -8.061248|    0.326231|    0.016160|
|         665|   -8.622303|   -8.067179|    0.326232|    0.016160|
|         666|   -8.630733|   -8.075101|    0.326232|    0.016160|
|         667|   -8.641095|   -8.084981|    0.326232|    0.016160|
|         668|   -8.653345|   -8.096773|    0.326232|    0.016160|
|         669|   -8.667432|   -8.110424|    0.326232|    0.016160|
|         670|   -8.683300|   -8.125878|    0.326232|    0.016160|
|         671|   -8.700893|   -8.143080|    0.326232|    0.016160|
|         672|   -8.720157|   -8.161976|    0.326232|    0.016160|
|         673|   -8.741036|   -8.182513|    0.326232|    0.016160|
|         674|   -8.763472|   -8.204638|    0.326232|    0.016160|
|         675|   -8.787407|   -8.228296|    0.326233|    0.016160|
|         676|   -8.812774|   -8.253428|    0.326233|    0.016160|
|         677|   -8.839500|   -8.279966|    0.326233|    0.016160|
|         678|   -8.867499|   -8.307830|    0.326233|    0.016160|
|         679|   -8.896667|   -8.336924|    0.326233|    0.016160|
|         680|   -8.926882|   -8.367131|    0.326233|    0.016160|
|         681|   -8.957995|   -8.398307|    0.326233|    0.016160|
|         682|   -8.989829|   -8.430282|    0.326233|    0.016160|
|         683|   -9.022177|   -8.462851|    0.326233|    0.016160|
|         684|   -9.054800|   -8.495779|    0.326233|    0.016160|
|         685|   -9.087436|   -8.528803|    0.326233|    0.016160|
|         686|   -9.119807|   -8.561640|    0.326233|    0.016160|
|         687|   -9.151635|   -8.594008|    0.326233|    0.016160|
|         688|   -9.182663|   -8.625634|    0.326233|    0.016160|
|         689|   -9.212675|   -8.656286|    0.326234|    0.016160|
|         690|   -9.241518|   -8.685786|    0.326234|    0.016160|
|         691|   -9.269119|   -8.714034|    0.326234|    0.016160|
|         692|   -9.295491|   -8.741014|    0.326234|    0.016160|
|         693|   -9.320726|   -8.766791|    0.326234|    0.016160|
|         694|   -9.344973|   -8.791491|    0.326234|    0.016160|
|         695|   -9.368413|   -8.815282|    0.326234|    0.016160|
|         696|   -9.391225|   -8.838330|    0.326234|    0.016160|
|         697|   -9.413542|   -8.860768|    0.326234|    0.016160|
|         698|   -9.435421|   -8.882656|    0.326234|    0.016160|
|         699|   -9.456806|   -8.903949|    0.326234|    0.016160|
|         700|   -9.477509|   -8.924469|    0.326234|    0.016160|
|         701|   -9.497188|   -8.943894|    0.326234|    0.016160|
|         702|   -9.515360|   -8.961761|    0.326234|    0.016160|
|         703|   -9.531430|   -8.977499|    0.326235|    0.016160|
|         704|   -9.544756|   -8.990495|    0.326235|    0.016160|
|         705|   -9.554753|   -9.000188|    0.326235|    0.016160|
|         706|   -9.561008|   -9.006183|    0.326235|    0.016160|
|         707|   -9.563378|   -9.008343|    0.326235|    0.016160|
|         708|   -9.562037|   -9.006840|    0.326235|    0.016160|
|         709|   -9.557450|   -9.002128|    0.326235|    0.016160|
|         710|   -9.550291|   -8.994863|    0.326235|    0.016160|
|         711|   -9.541330|   -8.985799|    0.326235|    0.016160|
|         712|   -9.531334|   -8.975691|    0.326235|    0.016160|
|         713|   -9.520997|   -8.965224|    0.326235|    0.016160|
|         714|   -9.510904|   -8.954979|    0.326235|    0.016160|
|         715|   -9.501523|   -8.945424|    0.326235|    0.016160|
|         716|   -9.493215|   -8.936919|    0.326235|    0.016160|
|         717|   -9.486244|   -8.929733|    0.326235|    0.016160|
|         718|   -9.480803|   -8.924060|    0.326235|    0.016160|
|         719|   -9.477025|   -8.920038|    0.326235|    0.016160|
|         720|   -9.475000|   -8.917758|    0.326235|    0.016160|
|         721|   -9.474787|   -8.917282|    0.326235|    0.016160|
|         722|   -9.476420|   -8.918645|    0.326235|    0.016160|
|         723|   -9.479921|   -8.921871|    0.326235|    0.016160|
|         724|   -9.485296|   -8.926967|    0.326235|    0.016160|
|         725|   -9.492548|   -8.933938|    0.326235|    0.016160|
|         726|   -9.501673|   -8.942781|    0.326235|    0.016160|
|         727|   -9.512666|   -8.953490|    0.326235|    0.016160|
|         728|   -9.525520|   -8.966060|    0.326235|    0.016160|
|         729|   -9.540224|   -8.980482|    0.326235|    0.016160|
|         730|   -9.556771|   -8.996747|    0.326235|    0.016160|
|         731|   -9.575146|   -9.014844|    0.326235|    0.016160|
|         732|   -9.595336|   -9.034759|    0.326235|    0.016160|
|         733|   -9.617320|   -9.056476|    0.326235|    0.016160|
|         734|   -9.641072|   -9.079971|    0.326235|    0.016160|
|         735|   -9.666555|   -9.105210|    0.326235|    0.016160|
|         736|   -9.693716|   -9.132148|    0.326235|    0.016160|
|         737|   -9.722482|   -9.160718|    0.326235|    0.016160|
|         738|   -9.752753|   -9.190829|    0.326235|    0.016160|
|         739|   -9.784391|   -9.222355|    0.326235|    0.016160|
|         740|   -9.817210|   -9.255125|    0.326235|    0.016160|
|         741|   -9.850965|   -9.288910|    0.326235|    0.016160|
|         742|   -9.885343|   -9.323413|    0.326235|    0.016160|
|         743|   -9.919949|   -9.358257|    0.326235|    0.016160|
|         744|   -9.954303|   -9.392976|    0.326235|    0.016160|
|         745|   -9.987853|   -9.427025|    0.326235|    0.016160|
|         746|  -10.019997|   -9.459801|    0.326235|    0.016160|
|         747|  -10.050138|   -9.490690|    0.326235|    0.016160|
|         748|  -10.077762|   -9.519146|    0.326235|    0.016160|
|         749|  -10.102527|   -9.544777|    0.326235|    0.016160|
|         750|  -10.124335|   -9.567423|    0.326235|    0.016160|
|         751|  -10.143361|   -9.587200|    0.326235|    0.016160|
|         752|  -10.160029|   -9.604484|    0.326235|    0.016160|
|         753|  -10.174940|   -9.619848|    0.326235|    0.016160|
|         754|  -10.188784|   -9.633977|    0.326235|    0.016160|
|         755|  -10.202262|   -9.647577|    0.326235|    0.016160|
|         756|  -10.216020|   -9.661316|    0.326235|    0.016160|
|         757|  -10.230619|   -9.675777|    0.326235|    0.016160|
|         758|  -10.246514|   -9.691441|    0.326235|    0.016160|
|         759|  -10.264057|   -9.708681|    0.326235|    0.016160|
|         760|  -10.283489|   -9.727763|    0.326235|    0.016160|
|         761|  -10.304938|   -9.748835|    0.326235|    0.016160|
|         762|  -10.328408|   -9.771921|    0.326235|    0.016160|
|         763|  -10.353745|   -9.796893|    0.326235|    0.016160|
|         764|  -10.380600|   -9.823431|    0.326235|    0.016160|
|         765|  -10.408367|   -9.850964|    0.326235|    0.016160|
|         766|  -10.436129|   -9.878616|    0.326235|    0.016160|
|         767|  -10.462616|   -9.905162|    0.326235|    0.016160|
|         768|  -10.486249|   -9.929054|    0.326235|    0.016160|
|         769|  -10.505319|   -9.948587|    0.326235|    0.016160|
|         770|  -10.518335|   -9.962225|    0.326235|    0.016160|
|         771|  -10.524449|   -9.969029|    0.326235|    0.016160|
|         772|  -10.523746|   -9.968974|    0.326235|    0.016160|
|         773|  -10.517211|   -9.962951|    0.326235|    0.016160|
|         774|  -10.506395|   -9.952458|    0.326235|    0.016160|
|         775|  -10.492991|   -9.939184|    0.326235|    0.016160|
|         776|  -10.478519|   -9.924673|    0.326235|    0.016160|
|         777|  -10.464185|   -9.910168|    0.326235|    0.016160|
|         778|  -10.450860|   -9.896580|    0.326235|    0.016160|
|         779|  -10.439138|   -9.884532|    0.326235|    0.016160|
|         780|  -10.429398|   -9.874427|    0.326235|    0.016160|
|         781|  -10.421867|   -9.866508|    0.326235|    0.016160|
|         782|  -10.416670|   -9.860912|    0.326235|    0.016160|
|         783|  -10.413864|   -9.857702|    0.326235|    0.016160|
|         784|  -10.413465|   -9.856899|    0.326235|    0.016160|
|         785|  -10.415464|   -9.858496|    0.326235|    0.016160|
|         786|  -10.419838|   -9.862472|    0.326235|    0.016160|
|         787|  -10.426556|   -9.868797|    0.326235|    0.016160|
|         788|  -10.435587|   -9.877439|    0.326235|    0.016160|
|         789|  -10.446899|   -9.888368|    0.326235|    0.016160|
|         790|  -10.460463|   -9.901553|    0.326235|    0.016160|
|         791|  -10.476251|   -9.916968|    0.326235|    0.016160|
|         792|  -10.494236|   -9.934586|    0.326235|    0.016160|
|         793|  -10.514392|   -9.954384|    0.326235|    0.016160|
|         794|  -10.536691|   -9.976333|    0.326235|    0.016160|
|         795|  -10.561097|  -10.000405|    0.326235|    0.016160|
|         796|  -10.587568|  -10.026560|    0.326235|    0.016160|
|         797|  -10.616043|  -10.054745|    0.326235|    0.016160|
|         798|  -10.646439|  -10.084887|    0.326235|    0.016160|
|         799|  -10.678636|  -10.116879|    0.326235|    0.016160|
|         800|  -10.712465|  -10.150570|    0.326235|    0.016160|
|         801|  -10.747688|  -10.185743|    0.326235|    0.016160|
|         802|  -10.783976|  -10.222094|    0.326235|    0.016160|
|         803|  -10.820885|  -10.259208|    0.326235|    0.016160|
|         804|  -10.857833|  -10.296534|    0.326235|    0.016160|
|         805|  -10.894094|  -10.333368|    0.326235|    0.016160|
|         806|  -10.928814|  -10.368868|    0.326235|    0.016160|
|         807|  -10.961076|  -10.402107|    0.326235|    0.016160|
|         808|  -10.990024|  -10.432185|    0.326235|    0.016160|
|         809|  -11.015025|  -10.458390|    0.326235|    0.016160|
|         810|  -11.035816|  -10.480357|    0.326235|    0.016160|
|         811|  -11.052582|  -10.498167|    0.326235|    0.016160|
|         812|  -11.065916|  -10.512334|    0.326235|    0.016160|
|         813|  -11.076690|  -10.523687|    0.326235|    0.016160|
|         814|  -11.085888|  -10.533211|    0.326235|    0.016160|
|         815|  -11.094469|  -10.541890|    0.326235|    0.016160|
|         816|  -11.103277|  -10.550609|    0.326235|    0.016160|
|         817|  -11.113001|  -10.560099|    0.326235|    0.016160|
|         818|  -11.124173|  -10.570932|    0.326235|    0.016160|
|         819|  -11.137181|  -10.583530|    0.326235|    0.016160|
|         820|  -11.152291|  -10.598186|    0.326235|    0.016160|
|         821|  -11.169656|  -10.615077|    0.326235|    0.016160|
|         822|  -11.189323|  -10.634269|    0.326235|    0.016160|
|         823|  -11.211227|  -10.655718|    0.326235|    0.016160|
|         824|  -11.235168|  -10.679247|    0.326235|    0.016160|
|         825|  -11.260778|  -10.704510|    0.326235|    0.016160|
|         826|  -11.287471|  -10.730954|    0.326236|    0.016155|
+-----------------------------------------------------------------------+
|Fixed CL Mode (Finite Difference)       |Value                         |
+-----------------------------------------------------------------------+
|Delta CL / Delta AoA                    |0.235641                      |
|Delta CD / Delta CL                     |0.0313799                     |
|Delta CMz / Delta CL                    |-0.0142407                    |
+-----------------------------------------------------------------------+
Writing Flow Meta-Data file: flow.meta

--------------------------- Finalizing Solver ---------------------------
Deleted CNumerics container.
Deleted CIntegration container.
Deleted CSolver container.
Deleted CIteration container.
Deleted CInterface container.
Deleted CGeometry container.
Deleted CFreeFormDefBox class.
Deleted CSurfaceMovement class.
Deleted CVolumetricMovement class.
Deleted CConfig container.
Deleted nInst container.
Deleted COutput class.
-------------------------------------------------------------------------

------------------------- Exit Success (SU2_CFD) ------------------------

