
-------------------------------------------------------------------------
|    ___ _   _ ___                                                      |
|   / __| | | |_  )   Release 8.3.0 "Harrier"                           |
|   \__ \ |_| |/ /                                                      |
|   |___/\___//___|   Suite (Computational Fluid Dynamics Code)         |
|                                                                       |
-------------------------------------------------------------------------
| SU2 Project Website: https://su2code.github.io                        |
|                                                                       |
| The SU2 Project is maintained by the SU2 Foundation                   |
| (http://su2foundation.org)                                            |
-------------------------------------------------------------------------
| Copyright 2012-2025, SU2 Contributors                                 |
|                                                                       |
| SU2 is free software; you can redistribute it and/or                  |
| modify it under the terms of the GNU Lesser General Public            |
| License as published by the Free Software Foundation; either          |
| version 2.1 of the License, or (at your option) any later version.    |
|                                                                       |
| SU2 is distributed in the hope that it will be useful,                |
| but WITHOUT ANY WARRANTY; without even the implied warranty of        |
| MERCHANTABILITY or FITNESS FOR A PARTICULAR PURPOSE. See the GNU      |
| Lesser General Public License for more details.                       |
|                                                                       |
| You should have received a copy of the GNU Lesser General Public      |
| License along with SU2. If not, see <http://www.gnu.org/licenses/>.   |
-------------------------------------------------------------------------

Parsing config file for zone 0

----------------- Physical Case Definition ( Zone 0 ) -------------------
Compressible Euler equations.
Mach number: 0.8.
Angle of attack (AoA): 1.25 deg, and angle of sideslip (AoS): 0 deg.
Fixed CL mode, target value: 0.326.
Reading and writing binary SU2 native restart files.
Read flow solution from: solution_flow.
Non-Dimensional simulation (P=1.0, Rho=1.0, T=1.0 at the farfield).
The reference area is 1 m^2.
The semi-span will be computed using the max y(3D) value.
The reference length is 1 m.
Reference origin for moment evaluation is (0.25, 0, 0).
Surface(s) where the force coefficients are evaluated: airfoil.

Surface(s) plotted in the output file: airfoil.
Surface(s) affected by the design variables: airfoil.
Input mesh file name: mesh_NACA0012_inv_deform.su2

--------------- Space Numerical Integration ( Zone 0 ) ------------------
Jameson-Schmidt-Turkel scheme (2nd order in space) for the flow inviscid terms.
JST viscous coefficients (2nd & 4th): 0.5, 0.02.
The method includes a grid stretching correction (p = 0.3).
Gradient for viscous and source terms: Green-Gauss.

--------------- Time Numerical Integration  ( Zone 0 ) ------------------
Local time stepping (steady state simulation).
Euler implicit method for the flow equations.
FGMRES is used for solving the linear system.
Using a LU-SGS preconditioning.
Convergence criteria of the linear solver: 0.0001.
Max number of linear iterations: 2.
V Multigrid Cycle, with 2 multigrid levels.
Damping factor for the residual restriction: 1.
Damping factor for the correction prolongation: 1.
No CFL adaptation.
+-------------------------------------------+
|  MG Level| Presmooth|PostSmooth|CorrectSmo|
+-------------------------------------------+
|         0|         1|         0|         0|
|         1|         2|         0|         0|
|         2|         3|         0|         0|
+-------------------------------------------+
Courant-Friedrichs-Lewy number:       10

------------------ Convergence Criteria  ( Zone 0 ) ---------------------
Maximum number of solver subiterations: 1250.
Begin convergence monitoring at iteration 10.
Residual minimum value: 1e-13.
Cauchy series min. value: 1e-06.
Number of Cauchy elements: 100.
Begin windowed time average at iteration 0.

-------------------- Output Information ( Zone 0 ) ----------------------
File writing frequency: 
+------------------------------------+
|                     File| Frequency|
+------------------------------------+
|                  RESTART|       250|
|                 PARAVIEW|       250|
|         SURFACE_PARAVIEW|       250|
|              SURFACE_CSV|       250|
+------------------------------------+
Writing the convergence history file every 1 inner iterations.
Writing the screen convergence history every 1 inner iterations.
The tabular file format is CSV (.csv).
Convergence history file name: history_direct.
Forces breakdown file name: forces_breakdown.dat.
Surface file name: surface_flow.
Volume file name: flow.
Restart file name: restart_flow.

------------- Config File Boundary Information ( Zone 0 ) ---------------
+-----------------------------------------------------------------------+
|                        Marker Type|                        Marker Name|
+-----------------------------------------------------------------------+
|                         Euler wall|                            airfoil|
+-----------------------------------------------------------------------+
|                          Far-field|                           farfield|
+-----------------------------------------------------------------------+

-------------------- Output Preprocessing ( Zone 0 ) --------------------

WARNING: SURFACE_PRESSURE_DROP can only be computed for at least 2 surfaces (outlet, inlet, ...)

Screen output fields: INNER_ITER, RMS_DENSITY, RMS_ENERGY, LIFT, DRAG
History output group(s): ITER, RMS_RES, AERO_COEFF
Convergence field(s): RMS_DENSITY
Warning: No (valid) fields chosen for time convergence monitoring. Time convergence monitoring inactive.
Volume output fields: COORDINATES, SOLUTION, PRIMITIVE

------------------- Geometry Preprocessing ( Zone 0 ) -------------------
Two dimensional problem.
5233 grid points.
10216 volume elements.
2 surface markers.
200 boundary elements in index 0 (Marker = airfoil).
50 boundary elements in index 1 (Marker = farfield).
10216 triangles.
Setting point connectivity.
Renumbering points (Reverse Cuthill McKee Ordering).
Recomputing point connectivity.
Setting element connectivity.
Checking the numerical grid orientation.
All volume elements are correctly oriented.
All surface elements are correctly oriented.
Identifying edges and vertices.
Setting the control volume structure.
Area of the computational grid: 1253.25.
Searching for the closest normal neighbors to the surfaces.
Storing a mapping from global to local point index.
Compute the surface curvature.
Max K: 7835.1. Mean K: 34.8764. Standard deviation K: 494.424.
Checking for periodicity.
Computing mesh quality statistics for the dual control volumes.
+--------------------------------------------------------------+
|           Mesh Quality Metric|        Minimum|        Maximum|
+--------------------------------------------------------------+
|    Orthogonality Angle (deg.)|        62.9402|        89.7105|
|     CV Face Area Aspect Ratio|        1.00219|        7.18371|
|           CV Sub-Volume Ratio|        1.00217|        6.47576|
+--------------------------------------------------------------+
Setting the multigrid structure.
+-------------------------------------------+
|  MG Level|       CVs|Aggl. Rate|       CFL|
+-------------------------------------------+
|         0|      5233|    1/1.00|        10|
|         1|      1690|     1/3.1|   8.52431|
|         2|       649|     1/2.6|   7.92373|
+-------------------------------------------+
Finding max control volume width.
Wetted area = 2.04004 m.
Area projection in the x-plane = 0.115025 m, y-plane = 0.999845 m.
Max. coordinate in the x-direction = 1 m, y-direction = 0.0583385 m.
Min. coordinate in the x-direction = 0 m, y-direction = -0.0566931 m.
Computing wall distances.

-------------------- Solver Preprocessing ( Zone 0 ) --------------------
WARNING: AoA in the solution file (0.674832 deg.) +
         AoA offset in mesh file (0 deg.) = 0.674832 deg.
WARNING: SU2 will use the dCD/dCL provided in the direct solution file: 0.0114845.
WARNING: SU2 will use the dCMz/dCL provided in the direct solution file: -0.0291629.
Inviscid flow: Computing density based on free-stream
temperature and pressure using the ideal gas law.
Force coefficients computed using free-stream values.

-- Models:
+------------------------------------------------------------------------------+
|          Viscosity Model|        Conductivity Model|              Fluid Model|
+------------------------------------------------------------------------------+
|                        -|                         -|             STANDARD_AIR|
+------------------------------------------------------------------------------+
-- Fluid properties:
+------------------------------------------------------------------------------+
|                  Name|    Dim. value|    Ref. value|      Unit|Non-dim. value|
+------------------------------------------------------------------------------+
|          Gas Constant|       287.058|       287.058|  N.m/kg.K|             1|
|      Spec. Heat Ratio|             -|             -|         -|           1.4|
+------------------------------------------------------------------------------+
-- Initial and free-stream conditions:
+------------------------------------------------------------------------------+
|                  Name|    Dim. value|    Ref. value|      Unit|Non-dim. value|
+------------------------------------------------------------------------------+
|       Static Pressure|        101325|        101325|        Pa|             1|
|               Density|       1.22498|       1.22498|    kg/m^3|             1|
|           Temperature|        288.15|        288.15|         K|             1|
|          Total Energy|        243846|       82715.8|   m^2/s^2|         2.948|
|            Velocity-X|       272.219|       287.603|       m/s|      0.946507|
|            Velocity-Y|       3.20635|       287.603|       m/s|     0.0111485|
|    Velocity Magnitude|       272.238|       287.603|       m/s|      0.946573|
+------------------------------------------------------------------------------+
|           Mach Number|             -|             -|         -|           0.8|
+------------------------------------------------------------------------------+
Initialize Jacobian structure (Euler). MG level: 0.
Initialize Jacobian structure (Euler). MG level: 1.
Initialize Jacobian structure (Euler). MG level: 2.

------------------- Numerics Preprocessing ( Zone 0 ) -------------------

----------------- Integration Preprocessing ( Zone 0 ) ------------------

------------------- Iteration Preprocessing ( Zone 0 ) ------------------
Euler/Navier-Stokes/RANS fluid iteration.

------------------------------ Begin Solver -----------------------------

Simulation Run using the Single-zone Driver
WARNING: SU2 was not compiled for an AVX-capable architecture. Performance could be better,
         see https://su2code.github.io/docs_v7/Build-SU2-Linux-MacOS/#compiler-optimizations
WARNING: SU2 was not compiled for an AVX-capable architecture. Performance could be better,
         see https://su2code.github.io/docs_v7/Build-SU2-Linux-MacOS/#compiler-optimizations
WARNING: SU2 was not compiled for an AVX-capable architecture. Performance could be better,
         see https://su2code.github.io/docs_v7/Build-SU2-Linux-MacOS/#compiler-optimizations
+----------------------------------------------------------------+
|  Inner_Iter|    rms[Rho]|   rms[RhoE]|          CL|          CD|
+----------------------------------------------------------------+
|           0|   -5.159832|   -4.563450|    0.326941|    0.015115|
|           1|   -5.436326|   -4.836944|    0.326126|    0.013976|
|           2|   -5.350076|   -4.768461|    0.326486|    0.013518|
|           3|   -5.315526|   -4.732504|    0.326210|    0.013538|
|           4|   -5.255632|   -4.682194|    0.325928|    0.013282|
|           5|   -5.208862|   -4.645238|    0.326347|    0.013084|
|           6|   -5.163153|   -4.602718|    0.326421|    0.012925|
|           7|   -5.122367|   -4.563320|    0.326410|    0.012775|
|           8|   -5.083308|   -4.526554|    0.326587|    0.012627|
|           9|   -5.053612|   -4.498658|    0.326784|    0.012471|
|          10|   -5.030900|   -4.476417|    0.326982|    0.012322|
|          11|   -5.012442|   -4.458446|    0.327226|    0.012180|
|          12|   -4.998056|   -4.444977|    0.327530|    0.012040|
|          13|   -4.987804|   -4.435182|    0.327886|    0.011899|
|          14|   -4.981286|   -4.428304|    0.328272|    0.011761|
|          15|   -4.977574|   -4.423776|    0.328675|    0.011627|
|          16|   -4.976546|   -4.421953|    0.329085|    0.011500|
|          17|   -4.977579|   -4.422332|    0.329508|    0.011378|
|          18|   -4.981076|   -4.425402|    0.329931|    0.011261|
|          19|   -4.986937|   -4.431001|    0.330332|    0.011148|
|          20|   -4.994096|   -4.437854|    0.330723|    0.011039|
|          21|   -5.001836|   -4.445208|    0.331095|    0.010936|
|          22|   -5.010163|   -4.453288|    0.331443|    0.010840|
|          23|   -5.018538|   -4.461413|    0.331768|    0.010752|
|          24|   -5.025544|   -4.468283|    0.332083|    0.010675|
|          25|   -5.030755|   -4.473553|    0.332389|    0.010607|
|          26|   -5.033553|   -4.476472|    0.332717|    0.010551|
|          27|   -5.034194|   -4.477292|    0.333036|    0.010502|
|          28|   -5.034105|   -4.477428|    0.333345|    0.010462|
|          29|   -5.033809|   -4.477342|    0.333646|    0.010430|
|          30|   -5.033672|   -4.477468|    0.333942|    0.010406|
|          31|   -5.034219|   -4.478341|    0.334231|    0.010388|
|          32|   -5.036329|   -4.480799|    0.334506|    0.010374|
|          33|   -5.039838|   -4.484471|    0.334771|    0.010365|
|          34|   -5.044886|   -4.489470|    0.335033|    0.010358|
|          35|   -5.051389|   -4.495730|    0.335296|    0.010355|
|          36|   -5.059494|   -4.503381|    0.335562|    0.010352|
|          37|   -5.069686|   -4.512954|    0.335833|    0.010350|
|          38|   -5.082453|   -4.525113|    0.336107|    0.010349|
|          39|   -5.099166|   -4.541588|    0.336372|    0.010347|
|          40|   -5.117194|   -4.559718|    0.336630|    0.010343|
|          41|   -5.135845|   -4.578580|    0.336885|    0.010339|
|          42|   -5.154845|   -4.597934|    0.337127|    0.010332|
|          43|   -5.173796|   -4.617511|    0.337363|    0.010324|
|          44|   -5.191129|   -4.635486|    0.337594|    0.010314|
|          45|   -5.206517|   -4.651335|    0.337818|    0.010303|
|          46|   -5.219497|   -4.664506|    0.338035|    0.010291|
|          47|   -5.230575|   -4.675539|    0.338250|    0.010278|
|          48|   -5.240318|   -4.685087|    0.338463|    0.010265|
|          49|   -5.249034|   -4.693483|    0.338673|    0.010252|
|          50|   -5.257732|   -4.701806|    0.338874|    0.010239|
|          51|   -5.266599|   -4.710256|    0.339074|    0.009846|
+-----------------------------------------------------------------------+
|Fixed CL Mode                           |Value                         |
+-----------------------------------------------------------------------+
|Current CL                              |0.339074                      |
|Target CL                               |0.326                         |
|Previous AOA                            |0.674832                      |
|Changed AoA by                          |-0.0643679                    |
+-----------------------------------------------------------------------+
+----------------------------------------------------------------+
|  Inner_Iter|    rms[Rho]|   rms[RhoE]|          CL|          CD|
+----------------------------------------------------------------+
|          52|   -4.002716|   -3.396178|    0.339240|    0.009834|
|          53|   -4.298679|   -3.688534|    0.338943|    0.009821|
|          54|   -4.537397|   -3.944655|    0.337230|    0.009791|
|          55|   -4.727810|   -4.120200|    0.334565|    0.009751|
|          56|   -4.877097|   -4.282333|    0.332186|    0.009734|
|          57|   -4.963739|   -4.371317|    0.330891|    0.009725|
|          58|   -5.078903|   -4.486804|    0.330654|    0.009719|
|          59|   -5.109494|   -4.516110|    0.330738|    0.009711|
|          60|   -5.157578|   -4.563549|    0.330510|    0.009689|
|          61|   -5.251767|   -4.665031|    0.330035|    0.009668|
|          62|   -5.314765|   -4.735287|    0.329564|    0.009655|
|          63|   -5.345569|   -4.764653|    0.329169|    0.009648|
|          64|   -5.397138|   -4.816715|    0.328830|    0.009646|
|          65|   -5.461962|   -4.886836|    0.328543|    0.009650|
|          66|   -5.510643|   -4.939535|    0.328307|    0.009659|
|          67|   -5.548957|   -4.978189|    0.328100|    0.009673|
|          68|   -5.586857|   -5.015353|    0.327894|    0.009690|
|          69|   -5.622279|   -5.050843|    0.327685|    0.009711|
|          70|   -5.653600|   -5.083542|    0.327488|    0.009735|
|          71|   -5.681029|   -5.113325|    0.327304|    0.009763|
|          72|   -5.702458|   -5.137434|    0.327126|    0.009793|
|          73|   -5.715362|   -5.152856|    0.326949|    0.009825|
|          74|   -5.719703|   -5.159561|    0.326774|    0.009858|
|          75|   -5.717223|   -5.159387|    0.326605|    0.009892|
|          76|   -5.709743|   -5.153988|    0.326440|    0.009926|
|          77|   -5.698821|   -5.144735|    0.326277|    0.009960|
|          78|   -5.685797|   -5.132948|    0.326114|    0.009993|
|          79|   -5.671813|   -5.119863|    0.325952|    0.010026|
|          80|   -5.657753|   -5.106466|    0.325794|    0.010057|
|          81|   -5.644218|   -5.093420|    0.325638|    0.010087|
|          82|   -5.631540|   -5.081077|    0.325482|    0.010114|
|          83|   -5.619874|   -5.069622|    0.325326|    0.010140|
|          84|   -5.609366|   -5.059206|    0.325172|    0.010164|
|          85|   -5.600089|   -5.049922|    0.325019|    0.010185|
|          86|   -5.591953|   -5.041732|    0.324869|    0.010205|
|          87|   -5.584892|   -5.034613|    0.324722|    0.010223|
|          88|   -5.578872|   -5.028526|    0.324577|    0.010239|
|          89|   -5.573807|   -5.023377|    0.324436|    0.010253|
|          90|   -5.569606|   -5.019083|    0.324297|    0.010265|
|          91|   -5.566508|   -5.015922|    0.324162|    0.010276|
|          92|   -5.564202|   -5.013544|    0.324030|    0.010285|
|          93|   -5.562458|   -5.011760|    0.323902|    0.010293|
|          94|   -5.561226|   -5.010514|    0.323777|    0.010300|
|          95|   -5.560442|   -5.009711|    0.323656|    0.010306|
|          96|   -5.560183|   -5.009439|    0.323538|    0.010312|
|          97|   -5.560287|   -5.009516|    0.323425|    0.010316|
|          98|   -5.560862|   -5.010077|    0.323316|    0.010321|
|          99|   -5.561676|   -5.010862|    0.323211|    0.010325|
|         100|   -5.562777|   -5.011925|    0.323110|    0.010328|
|         101|   -5.564067|   -5.013132|    0.323012|    0.010413|
+-----------------------------------------------------------------------+
|Fixed CL Mode                           |Value                         |
+-----------------------------------------------------------------------+
|Current CL                              |0.323012                      |
|Target CL                               |0.326                         |
|Previous AOA                            |0.610464                      |
|Changed AoA by                          |0.0144492                     |
+-----------------------------------------------------------------------+
+----------------------------------------------------------------+
|  Inner_Iter|    rms[Rho]|   rms[RhoE]|          CL|          CD|
+----------------------------------------------------------------+
|         102|   -4.648829|   -4.042955|    0.322925|    0.010415|
|         103|   -4.937894|   -4.329937|    0.322944|    0.010418|
|         104|   -5.157772|   -4.569521|    0.323285|    0.010425|
|         105|   -5.313799|   -4.718884|    0.323844|    0.010434|
|         106|   -5.415611|   -4.836908|    0.324339|    0.010437|
|         107|   -5.465558|   -4.891965|    0.324589|    0.010439|
|         108|   -5.520929|   -4.952428|    0.324607|    0.010440|
|         109|   -5.536954|   -4.968884|    0.324554|    0.010441|
|         110|   -5.558165|   -4.991192|    0.324570|    0.010446|
|         111|   -5.590321|   -5.028263|    0.324643|    0.010450|
|         112|   -5.611694|   -5.052677|    0.324720|    0.010453|
|         113|   -5.627071|   -5.068080|    0.324784|    0.010454|
|         114|   -5.647185|   -5.088699|    0.324836|    0.010454|
|         115|   -5.669622|   -5.112400|    0.324878|    0.010453|
|         116|   -5.690442|   -5.133900|    0.324910|    0.010450|
|         117|   -5.710801|   -5.154325|    0.324935|    0.010446|
|         118|   -5.733109|   -5.176587|    0.324962|    0.010441|
|         119|   -5.756309|   -5.199675|    0.324989|    0.010436|
|         120|   -5.780394|   -5.223720|    0.325015|    0.010429|
|         121|   -5.805401|   -5.248730|    0.325039|    0.010422|
|         122|   -5.831299|   -5.274607|    0.325061|    0.010413|
|         123|   -5.858542|   -5.301810|    0.325084|    0.010405|
|         124|   -5.886185|   -5.329345|    0.325108|    0.010396|
|         125|   -5.914259|   -5.357333|    0.325132|    0.010387|
|         126|   -5.942799|   -5.385798|    0.325155|    0.010377|
|         127|   -5.971755|   -5.414698|    0.325179|    0.010368|
|         128|   -6.000889|   -5.443788|    0.325203|    0.010359|
|         129|   -6.030033|   -5.472957|    0.325227|    0.010350|
|         130|   -6.058854|   -5.501873|    0.325252|    0.010342|
|         131|   -6.087078|   -5.530269|    0.325276|    0.010334|
|         132|   -6.114413|   -5.557848|    0.325300|    0.010326|
|         133|   -6.140512|   -5.584258|    0.325323|    0.010319|
|         134|   -6.164978|   -5.609106|    0.325347|    0.010312|
|         135|   -6.187422|   -5.632001|    0.325371|    0.010306|
|         136|   -6.207490|   -5.652586|    0.325394|    0.010301|
|         137|   -6.224896|   -5.670570|    0.325417|    0.010295|
|         138|   -6.239441|   -5.685745|    0.325440|    0.010291|
|         139|   -6.251031|   -5.698001|    0.325463|    0.010286|
|         140|   -6.259697|   -5.707346|    0.325486|    0.010282|
|         141|   -6.265600|   -5.713913|    0.325508|    0.010279|
|         142|   -6.269012|   -5.717950|    0.325531|    0.010276|
|         143|   -6.270289|   -5.719791|    0.325553|    0.010273|
|         144|   -6.269833|   -5.719819|    0.325575|    0.010271|
|         145|   -6.268052|   -5.718432|    0.325597|    0.010268|
|         146|   -6.265335|   -5.716015|    0.325619|    0.010266|
|         147|   -6.262034|   -5.712920|    0.325640|    0.010265|
|         148|   -6.258470|   -5.709470|    0.325661|    0.010263|
|         149|   -6.254908|   -5.705937|    0.325682|    0.010261|
|         150|   -6.251552|   -5.702534|    0.325703|    0.010260|
|         151|   -6.248595|   -5.699466|    0.325722|    0.010267|
+-----------------------------------------------------------------------+
|Fixed CL Mode                           |Value                         |
+-----------------------------------------------------------------------+
|Current CL                              |0.325722                      |
|Target CL                               |0.326                         |
|Previous AOA                            |0.624914                      |
|Changed AoA by                          |0.00148652                    |
+-----------------------------------------------------------------------+
+----------------------------------------------------------------+
|  Inner_Iter|    rms[Rho]|   rms[RhoE]|          CL|          CD|
+----------------------------------------------------------------+
|         152|   -5.627278|   -5.023301|    0.325743|    0.010266|
|         153|   -5.888790|   -5.289176|    0.325772|    0.010265|
|         154|   -6.058934|   -5.482750|    0.325833|    0.010265|
|         155|   -6.150600|   -5.576719|    0.325915|    0.010265|
|         156|   -6.196182|   -5.634209|    0.325990|    0.010264|
|         157|   -6.211519|   -5.652733|    0.326039|    0.010263|
|         158|   -6.225742|   -5.669577|    0.326063|    0.010263|
|         159|   -6.228167|   -5.672410|    0.326078|    0.010263|
|         160|   -6.233017|   -5.677758|    0.326098|    0.010263|
|         161|   -6.241093|   -5.687281|    0.326123|    0.010263|
|         162|   -6.246791|   -5.693790|    0.326147|    0.010263|
|         163|   -6.251350|   -5.698303|    0.326168|    0.010263|
|         164|   -6.257227|   -5.704088|    0.326187|    0.010263|
|         165|   -6.263837|   -5.710707|    0.326203|    0.010263|
|         166|   -6.270486|   -5.717259|    0.326218|    0.010263|
|         167|   -6.277466|   -5.724057|    0.326232|    0.010263|
|         168|   -6.285050|   -5.731439|    0.326244|    0.010263|
|         169|   -6.293273|   -5.739463|    0.326256|    0.010262|
|         170|   -6.302085|   -5.748087|    0.326267|    0.010262|
|         171|   -6.311424|   -5.757247|    0.326277|    0.010262|
|         172|   -6.320867|   -5.766507|    0.326287|    0.010262|
|         173|   -6.330809|   -5.776269|    0.326296|    0.010261|
|         174|   -6.341376|   -5.786613|    0.326304|    0.010261|
|         175|   -6.352531|   -5.797537|    0.326312|    0.010261|
|         176|   -6.364234|   -5.809035|    0.326320|    0.010260|
|         177|   -6.376450|   -5.821071|    0.326327|    0.010260|
|         178|   -6.389153|   -5.833610|    0.326334|    0.010260|
|         179|   -6.402329|   -5.846635|    0.326341|    0.010259|
|         180|   -6.415975|   -5.860141|    0.326347|    0.010259|
|         181|   -6.430075|   -5.874112|    0.326353|    0.010259|
|         182|   -6.444618|   -5.888534|    0.326359|    0.010259|
|         183|   -6.459598|   -5.903400|    0.326364|    0.010259|
|         184|   -6.475013|   -5.918707|    0.326369|    0.010259|
|         185|   -6.490863|   -5.934454|    0.326374|    0.010259|
|         186|   -6.507152|   -5.950643|    0.326378|    0.010259|
|         187|   -6.523884|   -5.967279|    0.326383|    0.010259|
|         188|   -6.541068|   -5.984367|    0.326386|    0.010260|
|         189|   -6.558713|   -6.001918|    0.326390|    0.010260|
|         190|   -6.576830|   -6.019940|    0.326394|    0.010260|
|         191|   -6.595430|   -6.038444|    0.326397|    0.010261|
|         192|   -6.614524|   -6.057440|    0.326400|    0.010261|
|         193|   -6.633504|   -6.076278|    0.326403|    0.010261|
|         194|   -6.652777|   -6.095402|    0.326405|    0.010262|
|         195|   -6.672719|   -6.115178|    0.326408|    0.010262|
|         196|   -6.693318|   -6.135600|    0.326410|    0.010263|
|         197|   -6.714567|   -6.156677|    0.326413|    0.010263|
|         198|   -6.736481|   -6.178425|    0.326415|    0.010264|
|         199|   -6.759071|   -6.200851|    0.326417|    0.010264|
|         200|   -6.782347|   -6.223967|    0.326419|    0.010264|
|         201|   -6.806325|   -6.247789|    0.326421|    0.010253|
+-----------------------------------------------------------------------+
|Fixed CL Mode                           |Value                         |
+-----------------------------------------------------------------------+
|Current CL                              |0.326421                      |
|Target CL                               |0.326                         |
|Previous AOA                            |0.6264                        |
|Changed AoA by                          |-0.00209258                   |
+-----------------------------------------------------------------------+
+----------------------------------------------------------------+
|  Inner_Iter|    rms[Rho]|   rms[RhoE]|          CL|          CD|
+----------------------------------------------------------------+
|         202|   -5.490895|   -4.884291|    0.326422|    0.010253|
|         203|   -5.787236|   -5.176992|    0.326408|    0.010254|
|         204|   -6.027561|   -5.434535|    0.326348|    0.010253|
|         205|   -6.221995|   -5.613168|    0.326258|    0.010253|
|         206|   -6.377951|   -5.781253|    0.326177|    0.010253|
|         207|   -6.469569|   -5.874450|    0.326132|    0.010253|
|         208|   -6.595292|   -5.998746|    0.326121|    0.010253|
|         209|   -6.628099|   -6.029791|    0.326121|    0.010253|
|         210|   -6.680395|   -6.080694|    0.326111|    0.010253|
|         211|   -6.788634|   -6.195436|    0.326093|    0.010253|
|         212|   -6.861231|   -6.276128|    0.326075|    0.010253|
|         213|   -6.891269|   -6.304949|    0.326060|    0.010253|
|         214|   -6.946082|   -6.360782|    0.326047|    0.010253|
|         215|   -7.012146|   -6.434190|    0.326036|    0.010253|
|         216|   -7.047536|   -6.476043|    0.326027|    0.010254|
|         217|   -7.062671|   -6.493930|    0.326018|    0.010254|
|         218|   -7.070723|   -6.504532|    0.326010|    0.010255|
|         219|   -7.070232|   -6.507492|    0.326002|    0.010256|
|         220|   -7.062588|   -6.503532|    0.325994|    0.010257|
|         221|   -7.050562|   -6.494755|    0.325987|    0.010258|
|         222|   -7.035129|   -6.481710|    0.325980|    0.010259|
|         223|   -7.017268|   -6.465337|    0.325974|    0.010260|
|         224|   -6.998526|   -6.447484|    0.325967|    0.010261|
|         225|   -6.980182|   -6.429687|    0.325961|    0.010262|
|         226|   -6.962927|   -6.412734|    0.325955|    0.010264|
|         227|   -6.947045|   -6.396962|    0.325950|    0.010265|
|         228|   -6.932632|   -6.382522|    0.325944|    0.010266|
|         229|   -6.919721|   -6.369501|    0.325938|    0.010267|
|         230|   -6.908318|   -6.357943|    0.325933|    0.010268|
|         231|   -6.898392|   -6.347839|    0.325927|    0.010269|
|         232|   -6.889885|   -6.339135|    0.325922|    0.010269|
|         233|   -6.882728|   -6.331763|    0.325917|    0.010270|
|         234|   -6.876853|   -6.325660|    0.325912|    0.010271|
|         235|   -6.872195|   -6.320770|    0.325907|    0.010271|
|         236|   -6.868695|   -6.317036|    0.325903|    0.010272|
|         237|   -6.866291|   -6.314405|    0.325898|    0.010272|
|         238|   -6.864928|   -6.312823|    0.325893|    0.010273|
|         239|   -6.864548|   -6.312234|    0.325889|    0.010273|
|         240|   -6.865097|   -6.312587|    0.325885|    0.010273|
|         241|   -6.866524|   -6.313828|    0.325880|    0.010273|
|         242|   -6.868781|   -6.315909|    0.325876|    0.010274|
|         243|   -6.871824|   -6.318786|    0.325872|    0.010274|
|         244|   -6.875614|   -6.322419|    0.325868|    0.010274|
|         245|   -6.880119|   -6.326771|    0.325864|    0.010274|
|         246|   -6.885307|   -6.331814|    0.325860|    0.010274|
|         247|   -6.891158|   -6.337520|    0.325857|    0.010274|
|         248|   -6.897652|   -6.343872|    0.325853|    0.010274|
|         249|   -6.904775|   -6.350853|    0.325850|    0.010274|
|         250|   -6.912521|   -6.358454|    0.325847|    0.010274|
+-----------------------------------------------------------------------+
|        File Writing Summary       |              Filename             |
+-----------------------------------------------------------------------+
|SU2 binary restart                 |restart_flow.dat                   |
Writing Flow Meta-Data file: flow.meta
|Paraview                           |flow.vtu                           |
Writing Flow Meta-Data file: flow.meta
|Paraview surface                   |surface_flow.vtu                   |
Writing Flow Meta-Data file: flow.meta
|CSV file                           |surface_flow.csv                   |
Writing Flow Meta-Data file: flow.meta
+-----------------------------------------------------------------------+
+----------------------------------------------------------------+
|  Inner_Iter|    rms[Rho]|   rms[RhoE]|          CL|          CD|
+----------------------------------------------------------------+
|         251|   -6.920882|   -6.366669|    0.325843|    0.010278|
+-----------------------------------------------------------------------+
|Fixed CL Mode                           |Value                         |
+-----------------------------------------------------------------------+
|Current CL                              |0.325843                      |
|Target CL                               |0.326                         |
|Previous AOA                            |0.624307                      |
|Changed AoA by                          |0.000767161                   |
+-----------------------------------------------------------------------+
+----------------------------------------------------------------+
|  Inner_Iter|    rms[Rho]|   rms[RhoE]|          CL|          CD|
+----------------------------------------------------------------+
|         252|   -5.924938|   -5.318751|    0.325840|    0.010278|
|         253|   -6.217045|   -5.608103|    0.325843|    0.010278|
|         254|   -6.445660|   -5.855303|    0.325863|    0.010278|
|         255|   -6.617784|   -6.017068|    0.325894|    0.010278|
|         256|   -6.741152|   -6.155362|    0.325921|    0.010278|
|         257|   -6.807791|   -6.226124|    0.325936|    0.010278|
|         258|   -6.887800|   -6.310063|    0.325938|    0.010278|
|         259|   -6.912967|   -6.334940|    0.325936|    0.010278|
|         260|   -6.947062|   -6.369663|    0.325938|    0.010278|
|         261|   -7.002300|   -6.431429|    0.325943|    0.010279|
|         262|   -7.040054|   -6.473791|    0.325948|    0.010279|
|         263|   -7.065093|   -6.498401|    0.325952|    0.010279|
|         264|   -7.098790|   -6.532708|    0.325956|    0.010279|
|         265|   -7.137034|   -6.573379|    0.325958|    0.010278|
|         266|   -7.170383|   -6.608158|    0.325961|    0.010278|
|         267|   -7.201252|   -6.639155|    0.325963|    0.010278|
|         268|   -7.232636|   -6.670335|    0.325965|    0.010278|
|         269|   -7.264449|   -6.702075|    0.325967|    0.010277|
|         270|   -7.296475|   -6.734295|    0.325969|    0.010277|
|         271|   -7.328649|   -6.766907|    0.325971|    0.010276|
|         272|   -7.360238|   -6.799044|    0.325972|    0.010276|
|         273|   -7.390187|   -6.829547|    0.325974|    0.010276|
|         274|   -7.417765|   -6.857740|    0.325976|    0.010275|
|         275|   -7.442524|   -6.883292|    0.325978|    0.010275|
|         276|   -7.463995|   -6.905759|    0.325979|    0.010274|
|         277|   -7.481682|   -6.924580|    0.325981|    0.010274|
|         278|   -7.495215|   -6.939310|    0.325983|    0.010273|
|         279|   -7.504503|   -6.949793|    0.325984|    0.010273|
|         280|   -7.509768|   -6.956196|    0.325986|    0.010272|
|         281|   -7.511468|   -6.958919|    0.325988|    0.010272|
|         282|   -7.510189|   -6.958496|    0.325989|    0.010272|
|         283|   -7.506578|   -6.955541|    0.325991|    0.010271|
|         284|   -7.501278|   -6.950701|    0.325993|    0.010271|
|         285|   -7.494877|   -6.944589|    0.325994|    0.010271|
|         286|   -7.487872|   -6.937736|    0.325996|    0.010270|
|         287|   -7.480661|   -6.930576|    0.325998|    0.010270|
|         288|   -7.473546|   -6.923441|    0.325999|    0.010270|
|         289|   -7.466745|   -6.916574|    0.326001|    0.010270|
|         290|   -7.460409|   -6.910142|    0.326002|    0.010270|
|         291|   -7.454641|   -6.904260|    0.326004|    0.010269|
|         292|   -7.449505|   -6.899000|    0.326006|    0.010269|
|         293|   -7.445043|   -6.894406|    0.326007|    0.010269|
|         294|   -7.441278|   -6.890504|    0.326009|    0.010269|
|         295|   -7.438223|   -6.887307|    0.326010|    0.010269|
|         296|   -7.435886|   -6.884822|    0.326012|    0.010269|
|         297|   -7.434271|   -6.883052|    0.326013|    0.010269|
|         298|   -7.433381|   -6.882001|    0.326014|    0.010269|
|         299|   -7.433222|   -6.881671|    0.326016|    0.010269|
|         300|   -7.433796|   -6.882067|    0.326017|    0.010269|
|         301|   -7.435108|   -6.883193|    0.326018|    0.010268|
+-----------------------------------------------------------------------+
|Fixed CL Mode                           |Value                         |
+-----------------------------------------------------------------------+
|Current CL                              |0.326018                      |
|Target CL                               |0.326                         |
|Previous AOA                            |0.625075                      |
|Changed AoA by                          |-8.57398e-05                  |
+-----------------------------------------------------------------------+
+----------------------------------------------------------------+
|  Inner_Iter|    rms[Rho]|   rms[RhoE]|          CL|          CD|
+----------------------------------------------------------------+
|         302|   -6.862523|   -6.259490|    0.326020|    0.010268|
|         303|   -7.120760|   -6.521727|    0.326020|    0.010268|
|         304|   -7.281086|   -6.705053|    0.326019|    0.010268|
|         305|   -7.366314|   -6.792773|    0.326016|    0.010268|
|         306|   -7.410090|   -6.847034|    0.326014|    0.010268|
|         307|   -7.431047|   -6.870689|    0.326013|    0.010268|
|         308|   -7.452923|   -6.894795|    0.326013|    0.010268|
|         309|   -7.464024|   -6.906111|    0.326014|    0.010268|
|         310|   -7.476497|   -6.918786|    0.326014|    0.010268|
|         311|   -7.492017|   -6.935471|    0.326014|    0.010268|
|         312|   -7.505465|   -6.949596|    0.326014|    0.010268|
|         313|   -7.518160|   -6.962211|    0.326014|    0.010268|
|         314|   -7.532529|   -6.976537|    0.326014|    0.010268|
|         315|   -7.548059|   -6.992197|    0.326014|    0.010268|
|         316|   -7.563853|   -7.008022|    0.326014|    0.010268|
|         317|   -7.580059|   -7.024125|    0.326014|    0.010268|
|         318|   -7.596929|   -7.040827|    0.326015|    0.010268|
|         319|   -7.614539|   -7.058245|    0.326015|    0.010268|
|         320|   -7.632919|   -7.076438|    0.326015|    0.010268|
|         321|   -7.652080|   -7.095423|    0.326015|    0.010268|
|         322|   -7.672003|   -7.115173|    0.326015|    0.010269|
|         323|   -7.692675|   -7.135660|    0.326015|    0.010269|
|         324|   -7.714100|   -7.156885|    0.326014|    0.010269|
|         325|   -7.736303|   -7.178877|    0.326014|    0.010269|
|         326|   -7.759310|   -7.201669|    0.326014|    0.010269|
|         327|   -7.783140|   -7.225280|    0.326014|    0.010269|
|         328|   -7.807806|   -7.249724|    0.326014|    0.010269|
|         329|   -7.833322|   -7.275019|    0.326014|    0.010269|
|         330|   -7.859707|   -7.301182|    0.326014|    0.010269|
|         331|   -7.886977|   -7.328232|    0.326014|    0.010269|
|         332|   -7.915149|   -7.356185|    0.326014|    0.010269|
|         333|   -7.944229|   -7.385049|    0.326014|    0.010269|
|         334|   -7.974223|   -7.414832|    0.326013|    0.010269|
|         335|   -8.005123|   -7.445532|    0.326013|    0.010269|
|         336|   -8.036907|   -7.477132|    0.326013|    0.010269|
|         337|   -8.069527|   -7.509594|    0.326013|    0.010269|
|         338|   -8.102903|   -7.542852|    0.326013|    0.010270|
|         339|   -8.136909|   -7.576796|    0.326013|    0.010270|
|         340|   -8.171358|   -7.611258|    0.326012|    0.010270|
|         341|   -8.205979|   -7.645995|    0.326012|    0.010270|
|         342|   -8.240402|   -7.680664|    0.326012|    0.010270|
|         343|   -8.274137|   -7.714803|    0.326012|    0.010270|
|         344|   -8.306559|   -7.747814|    0.326012|    0.010270|
|         345|   -8.336921|   -7.778964|    0.326011|    0.010270|
|         346|   -8.364382|   -7.807412|    0.326011|    0.010270|
|         347|   -8.388093|   -7.832285|    0.326011|    0.010270|
|         348|   -8.407316|   -7.852791|    0.326011|    0.010270|
|         349|   -8.421577|   -7.868371|    0.326010|    0.010270|
|         350|   -8.430774|   -7.878828|    0.326010|    0.010270|
|         351|   -8.435213|   -7.884377|    0.326010|    0.010270|
+-----------------------------------------------------------------------+
|Fixed CL Mode                           |Value                         |
+-----------------------------------------------------------------------+
|Current CL                              |0.32601                       |
|Target CL                               |0.326                         |
|Previous AOA                            |0.624989                      |
|Changed AoA by                          |-5.14398e-05                  |
+-----------------------------------------------------------------------+
+----------------------------------------------------------------+
|  Inner_Iter|    rms[Rho]|   rms[RhoE]|          CL|          CD|
+----------------------------------------------------------------+
|         352|   -7.100387|   -6.493727|    0.326010|    0.010270|
|         353|   -7.395912|   -6.785950|    0.326009|    0.010270|
|         354|   -7.635307|   -7.042850|    0.326008|    0.010270|
|         355|   -7.826218|   -7.218960|    0.326005|    0.010270|
|         356|   -7.974399|   -7.380784|    0.326003|    0.010270|
|         357|   -8.052217|   -7.462541|    0.326002|    0.010270|
|         358|   -8.146770|   -7.560991|    0.326001|    0.010270|
|         359|   -8.159045|   -7.574864|    0.326001|    0.010270|
|         360|   -8.183107|   -7.601924|    0.326001|    0.010270|
|         361|   -8.230512|   -7.660004|    0.326000|    0.010270|
|         362|   -8.247744|   -7.685110|    0.326000|    0.010270|
|         363|   -8.245577|   -7.684195|    0.325999|    0.010270|
|         364|   -8.249988|   -7.691013|    0.325999|    0.010270|
|         365|   -8.253856|   -7.698209|    0.325998|    0.010270|
|         366|   -8.250866|   -7.696832|    0.325998|    0.010270|
|         367|   -8.245646|   -7.692197|    0.325998|    0.010270|
|         368|   -8.240926|   -7.687860|    0.325998|    0.010270|
|         369|   -8.236914|   -7.684126|    0.325997|    0.010270|
|         370|   -8.233515|   -7.680942|    0.325997|    0.010270|
|         371|   -8.230662|   -7.678261|    0.325997|    0.010270|
|         372|   -8.228318|   -7.676002|    0.325997|    0.010270|
|         373|   -8.226526|   -7.674204|    0.325996|    0.010270|
|         374|   -8.225383|   -7.673003|    0.325996|    0.010270|
|         375|   -8.224963|   -7.672505|    0.325996|    0.010270|
|         376|   -8.225286|   -7.672735|    0.325996|    0.010270|
|         377|   -8.226349|   -7.673689|    0.325996|    0.010270|
|         378|   -8.228142|   -7.675359|    0.325996|    0.010270|
|         379|   -8.230661|   -7.677745|    0.325995|    0.010270|
|         380|   -8.233900|   -7.680848|    0.325995|    0.010270|
|         381|   -8.237850|   -7.684664|    0.325995|    0.010270|
|         382|   -8.242499|   -7.689177|    0.325995|    0.010270|
|         383|   -8.247832|   -7.694372|    0.325995|    0.010270|
|         384|   -8.253834|   -7.700234|    0.325995|    0.010270|
|         385|   -8.260494|   -7.706750|    0.325994|    0.010270|
|         386|   -8.267800|   -7.713910|    0.325994|    0.010270|
|         387|   -8.275741|   -7.721706|    0.325994|    0.010270|
|         388|   -8.284305|   -7.730125|    0.325994|    0.010270|
|         389|   -8.293482|   -7.739160|    0.325994|    0.010270|
|         390|   -8.303259|   -7.748796|    0.325994|    0.010270|
|         391|   -8.313623|   -7.759024|    0.325994|    0.010270|
|         392|   -8.324563|   -7.769829|    0.325994|    0.010270|
|         393|   -8.336067|   -7.781201|    0.325994|    0.010270|
|         394|   -8.348124|   -7.793128|    0.325993|    0.010270|
|         395|   -8.360724|   -7.805601|    0.325993|    0.010270|
|         396|   -8.373859|   -7.818610|    0.325993|    0.010270|
|         397|   -8.387523|   -7.832149|    0.325993|    0.010270|
|         398|   -8.401714|   -7.846215|    0.325993|    0.010270|
|         399|   -8.416432|   -7.860807|    0.325993|    0.010270|
|         400|   -8.431679|   -7.875925|    0.325993|    0.010270|
|         401|   -8.447460|   -7.891575|    0.325993|    0.010270|
+-----------------------------------------------------------------------+
|Fixed CL Mode                           |Value                         |
+-----------------------------------------------------------------------+
|Current CL                              |0.325993                      |
|Target CL                               |0.326                         |
|Previous AOA                            |0.624937                      |
|Changed AoA by                          |3.55207e-05                   |
+-----------------------------------------------------------------------+
+----------------------------------------------------------------+
|  Inner_Iter|    rms[Rho]|   rms[RhoE]|          CL|          CD|
+----------------------------------------------------------------+
|         402|   -7.260661|   -6.654166|    0.325993|    0.010270|
|         403|   -7.556053|   -6.946104|    0.325993|    0.010270|
|         404|   -7.793469|   -7.201088|    0.325994|    0.010270|
|         405|   -7.982107|   -7.375413|    0.325995|    0.010270|
|         406|   -8.128872|   -7.535317|    0.325997|    0.010270|
|         407|   -8.213317|   -7.622283|    0.325997|    0.010270|
|         408|   -8.324738|   -7.734530|    0.325998|    0.010270|
|         409|   -8.356232|   -7.764659|    0.325998|    0.010270|
|         410|   -8.403527|   -7.811321|    0.325998|    0.010270|
|         411|   -8.493541|   -7.908617|    0.325998|    0.010270|
|         412|   -8.554782|   -7.976822|    0.325998|    0.010270|
|         413|   -8.587089|   -8.007748|    0.325998|    0.010270|
|         414|   -8.638719|   -8.059781|    0.325999|    0.010270|
|         415|   -8.701746|   -8.127581|    0.325999|    0.010270|
|         416|   -8.748609|   -8.177979|    0.325999|    0.010270|
|         417|   -8.784738|   -8.214698|    0.325999|    0.010270|
|         418|   -8.818501|   -8.248668|    0.325999|    0.010270|
|         419|   -8.846942|   -8.278440|    0.325999|    0.010270|
|         420|   -8.868288|   -8.302375|    0.325999|    0.010270|
|         421|   -8.882913|   -8.320335|    0.326000|    0.010270|
|         422|   -8.889760|   -8.330510|    0.326000|    0.010270|
|         423|   -8.888261|   -8.331782|    0.326000|    0.010270|
|         424|   -8.879999|   -8.325700|    0.326000|    0.010270|
|         425|   -8.867384|   -8.314799|    0.326000|    0.010270|
|         426|   -8.852400|   -8.301081|    0.326000|    0.010270|
|         427|   -8.836398|   -8.285916|    0.326000|    0.010270|
|         428|   -8.820261|   -8.270273|    0.326000|    0.010270|
|         429|   -8.804601|   -8.254866|    0.326000|    0.010270|
|         430|   -8.789845|   -8.240207|    0.326000|    0.010270|
|         431|   -8.776248|   -8.226604|    0.326000|    0.010270|
|         432|   -8.763932|   -8.214201|    0.326001|    0.010270|
|         433|   -8.752942|   -8.203059|    0.326001|    0.010270|
|         434|   -8.743280|   -8.193201|    0.326001|    0.010270|
|         435|   -8.734925|   -8.184621|    0.326001|    0.010270|
|         436|   -8.727834|   -8.177294|    0.326001|    0.010270|
|         437|   -8.721957|   -8.171179|    0.326001|    0.010270|
|         438|   -8.717235|   -8.166226|    0.326001|    0.010270|
|         439|   -8.713604|   -8.162376|    0.326001|    0.010270|
|         440|   -8.710999|   -8.159564|    0.326001|    0.010270|
|         441|   -8.709358|   -8.157730|    0.326001|    0.010270|
|         442|   -8.708620|   -8.156811|    0.326001|    0.010270|
|         443|   -8.708732|   -8.156754|    0.326001|    0.010270|
|         444|   -8.709646|   -8.157507|    0.326001|    0.010270|
|         445|   -8.711320|   -8.159027|    0.326002|    0.010270|
|         446|   -8.713719|   -8.161278|    0.326002|    0.010270|
|         447|   -8.716815|   -8.164227|    0.326002|    0.010270|
|         448|   -8.720588|   -8.167854|    0.326002|    0.010270|
|         449|   -8.725023|   -8.172140|    0.326002|    0.010270|
|         450|   -8.730109|   -8.177075|    0.326002|    0.010270|
|         451|   -8.735842|   -8.182652|    0.326002|    0.010270|
+-----------------------------------------------------------------------+
|Fixed CL Mode                           |Value                         |
+-----------------------------------------------------------------------+
|Current CL                              |0.326002                      |
|Target CL                               |0.326                         |
|Previous AOA                            |0.624973                      |
|Changed AoA by                          |-9.34909e-06                  |
+-----------------------------------------------------------------------+
+----------------------------------------------------------------+
|  Inner_Iter|    rms[Rho]|   rms[RhoE]|          CL|          CD|
+----------------------------------------------------------------+
|         452|   -7.837728|   -7.231855|    0.326002|    0.010270|
|         453|   -8.126511|   -7.518589|    0.326002|    0.010270|
|         454|   -8.346481|   -7.758076|    0.326002|    0.010270|
|         455|   -8.503772|   -7.908165|    0.326001|    0.010270|
|         456|   -8.608832|   -8.028675|    0.326001|    0.010270|
|         457|   -8.662885|   -8.087284|    0.326001|    0.010270|
|         458|   -8.724264|   -8.153140|    0.326001|    0.010270|
|         459|   -8.744968|   -8.173951|    0.326001|    0.010270|
|         460|   -8.771430|   -8.201206|    0.326001|    0.010270|
|         461|   -8.810986|   -8.245737|    0.326001|    0.010270|
|         462|   -8.838816|   -8.276770|    0.326001|    0.010270|
|         463|   -8.859222|   -8.297019|    0.326001|    0.010270|
|         464|   -8.884920|   -8.323134|    0.326001|    0.010270|
|         465|   -8.913388|   -8.353048|    0.326001|    0.010270|
|         466|   -8.939556|   -8.380052|    0.326001|    0.010270|
|         467|   -8.964705|   -8.405300|    0.326001|    0.010270|
|         468|   -8.990436|   -8.430894|    0.326001|    0.010270|
|         469|   -9.016958|   -8.457276|    0.326001|    0.010270|
|         470|   -9.044313|   -8.484577|    0.326001|    0.010270|
|         471|   -9.072519|   -8.512817|    0.326001|    0.010270|
|         472|   -9.101356|   -8.541706|    0.326001|    0.010270|
|         473|   -9.130523|   -8.570879|    0.326001|    0.010270|
|         474|   -9.159860|   -8.600187|    0.326001|    0.010270|
|         475|   -9.189297|   -8.629625|    0.326001|    0.010270|
|         476|   -9.218697|   -8.659093|    0.326001|    0.010270|
|         477|   -9.247787|   -8.688336|    0.326000|    0.010270|
|         478|   -9.276200|   -8.717003|    0.326000|    0.010270|
|         479|   -9.303526|   -8.744704|    0.326000|    0.010270|
|         480|   -9.329339|   -8.771032|    0.326000|    0.010270|
|         481|   -9.353198|   -8.795544|    0.326000|    0.010270|
|         482|   -9.374657|   -8.817775|    0.326000|    0.010270|
|         483|   -9.393316|   -8.837283|    0.326000|    0.010270|
|         484|   -9.408866|   -8.853717|    0.326000|    0.010270|
|         485|   -9.421136|   -8.866862|    0.326000|    0.010270|
|         486|   -9.430109|   -8.876662|    0.326000|    0.010270|
|         487|   -9.435928|   -8.883233|    0.326000|    0.010270|
|         488|   -9.438874|   -8.886839|    0.326000|    0.010270|
|         489|   -9.439331|   -8.887854|    0.326000|    0.010270|
|         490|   -9.437734|   -8.886713|    0.326000|    0.010270|
|         491|   -9.434532|   -8.883870|    0.326000|    0.010270|
|         492|   -9.430156|   -8.879763|    0.326000|    0.010270|
|         493|   -9.424996|   -8.874792|    0.326000|    0.010270|
|         494|   -9.419391|   -8.869305|    0.326000|    0.010270|
|         495|   -9.413628|   -8.863597|    0.326000|    0.010270|
|         496|   -9.407942|   -8.857912|    0.326000|    0.010270|
|         497|   -9.402523|   -8.852447|    0.326000|    0.010270|
|         498|   -9.397525|   -8.847360|    0.326000|    0.010270|
|         499|   -9.393068|   -8.842778|    0.326000|    0.010270|
|         500|   -9.389247|   -8.838802|    0.326000|    0.010270|
+-----------------------------------------------------------------------+
|        File Writing Summary       |              Filename             |
+-----------------------------------------------------------------------+
|SU2 binary restart                 |restart_flow.dat                   |
Writing Flow Meta-Data file: flow.meta
|Paraview                           |flow.vtu                           |
Writing Flow Meta-Data file: flow.meta
|Paraview surface                   |surface_flow.vtu                   |
Writing Flow Meta-Data file: flow.meta
|CSV file                           |surface_flow.csv                   |
Writing Flow Meta-Data file: flow.meta
+-----------------------------------------------------------------------+
+----------------------------------------------------------------+
|  Inner_Iter|    rms[Rho]|   rms[RhoE]|          CL|          CD|
+----------------------------------------------------------------+
|         501|   -9.386134|   -8.835508|    0.326000|    0.010270|
|         502|   -9.383785|   -8.832959|    0.326000|    0.010270|
|         503|   -9.382241|   -8.831199|    0.326000|    0.010270|
|         504|   -9.381529|   -8.830261|    0.326000|    0.010270|
|         505|   -9.381667|   -8.830166|    0.326000|    0.010270|
|         506|   -9.382665|   -8.830927|    0.326000|    0.010270|
|         507|   -9.384523|   -8.832549|    0.326000|    0.010270|
|         508|   -9.387238|   -8.835029|    0.326000|    0.010270|
|         509|   -9.390801|   -8.838360|    0.326000|    0.010270|
|         510|   -9.395199|   -8.842529|    0.326000|    0.010270|
|         511|   -9.400415|   -8.847523|    0.326000|    0.010270|
|         512|   -9.406434|   -8.853323|    0.326000|    0.010270|
|         513|   -9.413235|   -8.859911|    0.326000|    0.010270|
|         514|   -9.420801|   -8.867267|    0.326000|    0.010270|
|         515|   -9.429113|   -8.875373|    0.326000|    0.010270|
|         516|   -9.438152|   -8.884211|    0.326000|    0.010270|
|         517|   -9.447904|   -8.893765|    0.326000|    0.010270|
|         518|   -9.458352|   -8.904018|    0.326000|    0.010270|
|         519|   -9.469485|   -8.914960|    0.326000|    0.010270|
|         520|   -9.481292|   -8.926577|    0.326000|    0.010270|
|         521|   -9.493763|   -8.938862|    0.326000|    0.010270|
|         522|   -9.506892|   -8.951806|    0.326000|    0.010270|
|         523|   -9.520673|   -8.965406|    0.326000|    0.010270|
|         524|   -9.535103|   -8.979656|    0.326000|    0.010270|
|         525|   -9.550180|   -8.994556|    0.326000|    0.010270|
|         526|   -9.565904|   -9.010104|    0.326000|    0.010270|
|         527|   -9.582276|   -9.026301|    0.326000|    0.010270|
|         528|   -9.599299|   -9.043149|    0.326000|    0.010270|
|         529|   -9.616977|   -9.060653|    0.326000|    0.010270|
|         530|   -9.635317|   -9.078817|    0.326000|    0.010270|
|         531|   -9.654324|   -9.097648|    0.326000|    0.010270|
|         532|   -9.674009|   -9.117154|    0.326000|    0.010270|
|         533|   -9.694381|   -9.137345|    0.326000|    0.010270|
|         534|   -9.715454|   -9.158234|    0.326000|    0.010270|
|         535|   -9.737240|   -9.179834|    0.326000|    0.010270|
|         536|   -9.759755|   -9.202159|    0.326000|    0.010270|
|         537|   -9.783018|   -9.225228|    0.326000|    0.010270|
|         538|   -9.807045|   -9.249059|    0.326000|    0.010270|
|         539|   -9.831859|   -9.273672|    0.326000|    0.010270|
|         540|   -9.857480|   -9.299090|    0.326000|    0.010270|
|         541|   -9.883930|   -9.325334|    0.326000|    0.010270|
|         542|   -9.911234|   -9.352429|    0.326000|    0.010270|
|         543|   -9.939415|   -9.380399|    0.326000|    0.010270|
|         544|   -9.968495|   -9.409267|    0.326000|    0.010270|
|         545|   -9.998495|   -9.439056|    0.326000|    0.010270|
|         546|  -10.029434|   -9.469787|    0.326000|    0.010270|
|         547|  -10.061324|   -9.501476|    0.326000|    0.010270|
|         548|  -10.094171|   -9.534131|    0.326000|    0.010270|
|         549|  -10.127967|   -9.567753|    0.326000|    0.010270|
|         550|  -10.162689|   -9.602325|    0.326000|    0.010270|
|         551|  -10.198286|   -9.637808|    0.326000|    0.010270|
|         552|  -10.234674|   -9.674133|    0.326000|    0.010270|
|         553|  -10.271716|   -9.711183|    0.326000|    0.010270|
|         554|  -10.309212|   -9.748779|    0.326000|    0.010270|
|         555|  -10.346872|   -9.786663|    0.326000|    0.010270|
|         556|  -10.384299|   -9.824466|    0.326000|    0.010270|
|         557|  -10.420967|   -9.861694|    0.326000|    0.010270|
|         558|  -10.456209|   -9.897703|    0.326000|    0.010270|
|         559|  -10.489228|   -9.931709|    0.326000|    0.010270|
|         560|  -10.519135|   -9.962812|    0.326000|    0.010270|
|         561|  -10.545047|   -9.990089|    0.326000|    0.010270|
|         562|  -10.566219|  -10.012722|    0.326000|    0.010270|
|         563|  -10.582200|  -10.030161|    0.326000|    0.010270|
|         564|  -10.592945|  -10.042251|    0.326000|    0.010270|
|         565|  -10.598828|  -10.049274|    0.326000|    0.010270|
|         566|  -10.600561|  -10.051884|    0.326000|    0.010270|
|         567|  -10.599042|  -10.050965|    0.326000|    0.010270|
|         568|  -10.595208|  -10.047471|    0.326000|    0.010270|
|         569|  -10.589916|  -10.042301|    0.326000|    0.010270|
|         570|  -10.583889|  -10.036224|    0.326000|    0.010270|
|         571|  -10.577697|  -10.029854|    0.326000|    0.010270|
|         572|  -10.571766|  -10.023657|    0.326000|    0.010270|
|         573|  -10.566403|  -10.017968|    0.326000|    0.010270|
|         574|  -10.561819|  -10.013024|    0.326000|    0.010270|
|         575|  -10.558156|  -10.008981|    0.326000|    0.010270|
|         576|  -10.555503|  -10.005941|    0.326000|    0.010270|
|         577|  -10.553911|  -10.003962|    0.326000|    0.010270|
|         578|  -10.553407|  -10.003075|    0.326000|    0.010270|
|         579|  -10.553998|  -10.003293|    0.326000|    0.010270|
|         580|  -10.555681|  -10.004612|    0.326000|    0.010270|
|         581|  -10.558446|  -10.007025|    0.326000|    0.010270|
|         582|  -10.562277|  -10.010514|    0.326000|    0.010270|
|         583|  -10.567158|  -10.015064|    0.326000|    0.010270|
|         584|  -10.573071|  -10.020656|    0.326000|    0.010270|
|         585|  -10.579998|  -10.027272|    0.326000|    0.010270|
|         586|  -10.587924|  -10.034894|    0.326000|    0.010270|
|         587|  -10.596832|  -10.043508|    0.326000|    0.010270|
|         588|  -10.606711|  -10.053098|    0.326000|    0.010270|
|         589|  -10.617551|  -10.063654|    0.326000|    0.010270|
|         590|  -10.629342|  -10.075167|    0.326000|    0.010270|
|         591|  -10.642078|  -10.087629|    0.326000|    0.010270|
|         592|  -10.655757|  -10.101036|    0.326000|    0.010270|
|         593|  -10.670377|  -10.115386|    0.326000|    0.010270|
|         594|  -10.685939|  -10.130680|    0.326000|    0.010270|
|         595|  -10.702449|  -10.146921|    0.326000|    0.010270|
|         596|  -10.719911|  -10.164114|    0.326000|    0.010270|
|         597|  -10.738335|  -10.182269|    0.326000|    0.010270|
|         598|  -10.757731|  -10.201394|    0.326000|    0.010270|
|         599|  -10.778113|  -10.221502|    0.326000|    0.010270|
|         600|  -10.799495|  -10.242607|    0.326000|    0.010270|
|         601|  -10.821891|  -10.264724|    0.326000|    0.010270|
|         602|  -10.845318|  -10.287869|    0.326000|    0.010270|
|         603|  -10.869788|  -10.312056|    0.326000|    0.010270|
|         604|  -10.895315|  -10.337298|    0.326000|    0.010270|
|         605|  -10.921905|  -10.363603|    0.326000|    0.010270|
|         606|  -10.949555|  -10.390972|    0.326000|    0.010270|
|         607|  -10.978251|  -10.419395|    0.326000|    0.010270|
|         608|  -11.007960|  -10.448845|    0.326000|    0.010270|
|         609|  -11.038620|  -10.479268|    0.326000|    0.010270|
|         610|  -11.070133|  -10.510578|    0.326000|    0.010270|
|         611|  -11.102344|  -10.542637|    0.326000|    0.010270|
|         612|  -11.135029|  -10.575240|    0.326000|    0.010270|
|         613|  -11.167869|  -10.608095|    0.326000|    0.010270|
|         614|  -11.200433|  -10.640801|    0.326000|    0.010270|
|         615|  -11.232156|  -10.672824|    0.326000|    0.010270|
|         616|  -11.262341|  -10.703495|    0.326000|    0.010270|
|         617|  -11.290167|  -10.732012|    0.326000|    0.010270|
|         618|  -11.314750|  -10.757490|    0.326000|    0.010270|
|         619|  -11.335234|  -10.779051|    0.326000|    0.010270|
|         620|  -11.350935|  -10.795954|    0.326000|    0.010270|
|         621|  -11.361476|  -10.807741|    0.326000|    0.010270|
|         622|  -11.366881|  -10.814346|    0.326000|    0.010270|
|         623|  -11.367578|  -10.816113|    0.326000|    0.010270|
|         624|  -11.364301|  -10.813719|    0.326000|    0.010270|
|         625|  -11.357943|  -10.808034|    0.326000|    0.010270|
|         626|  -11.349417|  -10.799974|    0.326000|    0.010270|
|         627|  -11.339548|  -10.790388|    0.326000|    0.010270|
|         628|  -11.329024|  -10.779997|    0.326000|    0.010270|
|         629|  -11.318385|  -10.769371|    0.326000|    0.010270|
|         630|  -11.308031|  -10.758941|    0.326000|    0.010270|
|         631|  -11.298246|  -10.749016|    0.326000|    0.010270|
|         632|  -11.289224|  -10.739809|    0.326000|    0.010270|
|         633|  -11.281093|  -10.731463|    0.326000|    0.010270|
|         634|  -11.273928|  -10.724063|    0.326000|    0.010270|
|         635|  -11.267771|  -10.717660|    0.326000|    0.010270|
|         636|  -11.262639|  -10.712275|    0.326000|    0.010270|
|         637|  -11.258531|  -10.707913|    0.326000|    0.010270|
|         638|  -11.255437|  -10.704566|    0.326000|    0.010270|
|         639|  -11.253336|  -10.702215|    0.326000|    0.010270|
|         640|  -11.252207|  -10.700841|    0.326000|    0.010270|
|         641|  -11.252024|  -10.700418|    0.326000|    0.010270|
|         642|  -11.252762|  -10.700921|    0.326000|    0.010270|
|         643|  -11.254394|  -10.702324|    0.326000|    0.010270|
|         644|  -11.256896|  -10.704602|    0.326000|    0.010270|
|         645|  -11.260243|  -10.707730|    0.326000|    0.010270|
|         646|  -11.264413|  -10.711686|    0.326000|    0.010270|
|         647|  -11.269383|  -10.716449|    0.326000|    0.010270|
|         648|  -11.275136|  -10.721997|    0.326000|    0.010270|
|         649|  -11.281653|  -10.728314|    0.326000|    0.010270|
|         650|  -11.288917|  -10.735382|    0.326000|    0.010270|
|         651|  -11.296915|  -10.743187|    0.326000|    0.010270|
|         652|  -11.305632|  -10.751714|    0.326000|    0.010270|
|         653|  -11.315058|  -10.760953|    0.326000|    0.010270|
|         654|  -11.325183|  -10.770893|    0.326000|    0.010270|
|         655|  -11.335998|  -10.781525|    0.326000|    0.010270|
|         656|  -11.347497|  -10.792842|    0.326000|    0.010270|
|         657|  -11.359673|  -10.804839|    0.326000|    0.010270|
|         658|  -11.372524|  -10.817510|    0.326000|    0.010270|
|         659|  -11.386045|  -10.830852|    0.326000|    0.010270|
|         660|  -11.400236|  -10.844865|    0.326000|    0.010270|
|         661|  -11.415096|  -10.859547|    0.326000|    0.010270|
|         662|  -11.430628|  -10.874899|    0.326000|    0.010270|
|         663|  -11.446833|  -10.890925|    0.326000|    0.010270|
|         664|  -11.463716|  -10.907628|    0.326000|    0.010270|
|         665|  -11.481282|  -10.925012|    0.326000|    0.010270|
|         666|  -11.499538|  -10.943085|    0.326000|    0.010270|
|         667|  -11.518493|  -10.961855|    0.326000|    0.010270|
|         668|  -11.538156|  -10.981331|    0.326000|    0.010270|
|         669|  -11.558539|  -11.001525|    0.326000|    0.010270|
|         670|  -11.579655|  -11.022448|    0.326000|    0.010270|
|         671|  -11.601517|  -11.044115|    0.326000|    0.010270|
|         672|  -11.624143|  -11.066542|    0.326000|    0.010270|
|         673|  -11.647549|  -11.089747|    0.326000|    0.010270|
|         674|  -11.671755|  -11.113748|    0.326000|    0.010270|
|         675|  -11.696782|  -11.138566|    0.326000|    0.010270|
|         676|  -11.722652|  -11.164224|    0.326000|    0.010270|
|         677|  -11.749387|  -11.190744|    0.326000|    0.010270|
|         678|  -11.777011|  -11.218151|    0.326000|    0.010270|
|         679|  -11.805550|  -11.246470|    0.326000|    0.010270|
|         680|  -11.835025|  -11.275725|    0.326000|    0.010270|
|         681|  -11.865458|  -11.305940|    0.326000|    0.010270|
|         682|  -11.896867|  -11.337134|    0.326000|    0.010270|
|         683|  -11.929261|  -11.369322|    0.326000|    0.010270|
|         684|  -11.962642|  -11.402510|    0.326000|    0.010270|
|         685|  -11.996995|  -11.436691|    0.326000|    0.010270|
|         686|  -12.032282|  -11.471836|    0.326000|    0.010270|
|         687|  -12.068433|  -11.507890|    0.326000|    0.010270|
|         688|  -12.105334|  -11.544756|    0.326000|    0.010270|
|         689|  -12.142807|  -11.582277|    0.326000|    0.010270|
|         690|  -12.180590|  -11.620221|    0.326000|    0.010270|
|         691|  -12.218319|  -11.658254|    0.326000|    0.010270|
|         692|  -12.255499|  -11.695914|    0.326000|    0.010270|
|         693|  -12.291494|  -11.732595|    0.326000|    0.010270|
|         694|  -12.325522|  -11.767530|    0.326000|    0.010270|
|         695|  -12.356687|  -11.799825|    0.326000|    0.010270|
|         696|  -12.384062|  -11.828522|    0.326000|    0.010270|
|         697|  -12.406814|  -11.852727|    0.326000|    0.010270|
|         698|  -12.424364|  -11.871764|    0.326000|    0.010270|
|         699|  -12.436534|  -11.885343|    0.326000|    0.010270|
|         700|  -12.443592|  -11.893629|    0.326000|    0.010270|
|         701|  -12.446184|  -11.897197|    0.326000|    0.010270|
|         702|  -12.445206|  -11.896915|    0.326000|    0.010270|
|         703|  -12.441625|  -11.893757|    0.326000|    0.010270|
|         704|  -12.436351|  -11.888674|    0.326000|    0.010270|
|         705|  -12.430167|  -11.882490|    0.326000|    0.010270|
|         706|  -12.423698|  -11.875881|    0.326000|    0.010270|
|         707|  -12.417408|  -11.869353|    0.326000|    0.010270|
|         708|  -12.411639|  -11.863275|    0.326000|    0.010270|
|         709|  -12.406625|  -11.857914|    0.326000|    0.010270|
|         710|  -12.402523|  -11.853441|    0.326000|    0.010270|
|         711|  -12.399430|  -11.849967|    0.326000|    0.010270|
|         712|  -12.397406|  -11.847558|    0.326000|    0.010270|
|         713|  -12.396479|  -11.846252|    0.326000|    0.010270|
|         714|  -12.396660|  -11.846059|    0.326000|    0.010270|
|         715|  -12.397945|  -11.846981|    0.326000|    0.010270|
|         716|  -12.400323|  -11.849007|    0.326000|    0.010270|
|         717|  -12.403778|  -11.852119|    0.326000|    0.010270|
|         718|  -12.408293|  -11.856302|    0.326000|    0.010270|
|         719|  -12.413849|  -11.861535|    0.326000|    0.010270|
|         720|  -12.420426|  -11.867799|    0.326000|    0.010270|
|         721|  -12.428006|  -11.875074|    0.326000|    0.010270|
|         722|  -12.436574|  -11.883345|    0.326000|    0.010270|
|         723|  -12.446114|  -11.892595|    0.326000|    0.010270|
|         724|  -12.456616|  -11.902812|    0.326000|    0.010270|
|         725|  -12.468069|  -11.913985|    0.326000|    0.010270|
|         726|  -12.480466|  -11.926106|    0.326000|    0.010270|
|         727|  -12.493802|  -11.939169|    0.326000|    0.010270|
|         728|  -12.508074|  -11.953170|    0.326000|    0.010270|
|         729|  -12.523283|  -11.968109|    0.326000|    0.010270|
|         730|  -12.539432|  -11.983990|    0.326000|    0.010270|
|         731|  -12.556526|  -12.000814|    0.326000|    0.010270|
|         732|  -12.574572|  -12.018589|    0.326000|    0.010270|
|         733|  -12.593579|  -12.037325|    0.326000|    0.010270|
|         734|  -12.613561|  -12.057034|    0.326000|    0.010270|
|         735|  -12.634530|  -12.077728|    0.326000|    0.010270|
|         736|  -12.656502|  -12.099420|    0.326000|    0.010270|
|         737|  -12.679493|  -12.122128|    0.326000|    0.010270|
|         738|  -12.703520|  -12.145872|    0.326000|    0.010270|
|         739|  -12.728592|  -12.170658|    0.326000|    0.010270|
|         740|  -12.754723|  -12.196503|    0.326000|    0.010270|
|         741|  -12.781917|  -12.223415|    0.326000|    0.010270|
|         742|  -12.810171|  -12.251389|    0.326000|    0.010270|
|         743|  -12.839459|  -12.280409|    0.326000|    0.010270|
|         744|  -12.869743|  -12.310445|    0.326000|    0.010270|
|         745|  -12.900945|  -12.341423|    0.326000|    0.010270|
|         746|  -12.932949|  -12.373245|    0.326000|    0.010270|
|         747|  -12.965571|  -12.405746|    0.326000|    0.010270|
|         748|  -12.998541|  -12.438680|    0.326000|    0.010270|
|         749|  -13.031513|  -12.471724|    0.326000|    0.010270|
+-----------------------------------------------------------------------+
|      Convergence Field     |     Value    |   Criterion  |  Converged |
+-----------------------------------------------------------------------+
|                    rms[Rho]|      -13.0315|         < -13|         Yes|
+-----------------------------------------------------------------------+
+-----------------------------------------------------------------------+
|        File Writing Summary       |              Filename             |
+-----------------------------------------------------------------------+
|SU2 binary restart                 |restart_flow.dat                   |
Writing Flow Meta-Data file: flow.meta
|Paraview                           |flow.vtu                           |
Writing Flow Meta-Data file: flow.meta
|Paraview surface                   |surface_flow.vtu                   |
Writing Flow Meta-Data file: flow.meta
|CSV file                           |surface_flow.csv                   |
Writing Flow Meta-Data file: flow.meta
+-----------------------------------------------------------------------+
+----------------------------------------------------------------+
|  Inner_Iter|    rms[Rho]|   rms[RhoE]|          CL|          CD|
+----------------------------------------------------------------+
|         750|  -13.064001|  -12.504422|    0.326000|    0.010276|
+-----------------------------------------------------------------------+
|Fixed CL Mode                           |Value                         |
+-----------------------------------------------------------------------+
|Current CL                              |0.326                         |
|Target CL                               |0.326                         |
|Previous AOA                            |0.624964                      |
|Changed AoA by (Finite Difference step) |0.001                         |
+-----------------------------------------------------------------------+
+----------------------------------------------------------------+
|  Inner_Iter|    rms[Rho]|   rms[RhoE]|          CL|          CD|
+----------------------------------------------------------------+
|         751|   -5.812065|   -5.205351|    0.326000|    0.010276|
|         752|   -6.109435|   -5.498896|    0.326007|    0.010276|
|         753|   -6.352500|   -5.758896|    0.326036|    0.010276|
|         754|   -6.551817|   -5.941106|    0.326080|    0.010276|
|         755|   -6.715273|   -6.115918|    0.326119|    0.010277|
|         756|   -6.812182|   -6.213780|    0.326141|    0.010277|
|         757|   -6.948948|   -6.347264|    0.326147|    0.010277|
|         758|   -6.979503|   -6.376254|    0.326147|    0.010277|
|         759|   -7.032657|   -6.427799|    0.326152|    0.010277|
|         760|   -7.152144|   -6.553188|    0.326161|    0.010277|
|         761|   -7.229435|   -6.639860|    0.326169|    0.010277|
|         762|   -7.252992|   -6.662833|    0.326177|    0.010278|
|         763|   -7.305698|   -6.717011|    0.326183|    0.010278|
|         764|   -7.371255|   -6.791128|    0.326188|    0.010277|
|         765|   -7.401379|   -6.828654|    0.326192|    0.010277|
|         766|   -7.410932|   -6.840898|    0.326196|    0.010277|
|         767|   -7.416094|   -6.848264|    0.326200|    0.010277|
|         768|   -7.415146|   -6.850420|    0.326204|    0.010276|
|         769|   -7.409071|   -6.847731|    0.326208|    0.010276|
|         770|   -7.400262|   -6.841946|    0.326211|    0.010276|
|         771|   -7.389042|   -6.832991|    0.326214|    0.010275|
|         772|   -7.375732|   -6.821157|    0.326217|    0.010275|
|         773|   -7.361498|   -6.807910|    0.326220|    0.010274|
|         774|   -7.347454|   -6.794595|    0.326223|    0.010274|
|         775|   -7.334212|   -6.781869|    0.326226|    0.010273|
|         776|   -7.322025|   -6.769996|    0.326229|    0.010273|
|         777|   -7.310986|   -6.759116|    0.326231|    0.010272|
|         778|   -7.301152|   -6.749339|    0.326234|    0.010272|
|         779|   -7.292556|   -6.740745|    0.326237|    0.010271|
|         780|   -7.285195|   -6.733349|    0.326239|    0.010271|
|         781|   -7.279026|   -6.727112|    0.326242|    0.010270|
|         782|   -7.274000|   -6.721984|    0.326245|    0.010270|
|         783|   -7.270066|   -6.717920|    0.326247|    0.010270|
|         784|   -7.267176|   -6.714882|    0.326250|    0.010269|
|         785|   -7.265282|   -6.712831|    0.326252|    0.010269|
|         786|   -7.264333|   -6.711723|    0.326255|    0.010269|
|         787|   -7.264276|   -6.711512|    0.326257|    0.010269|
|         788|   -7.264403|   -6.711446|    0.326260|    0.010269|
|         789|   -7.265299|   -6.712172|    0.326262|    0.010268|
|         790|   -7.267029|   -6.713719|    0.326264|    0.010268|
|         791|   -7.269494|   -6.716014|    0.326267|    0.010268|
|         792|   -7.272633|   -6.719007|    0.326269|    0.010268|
|         793|   -7.276395|   -6.722639|    0.326271|    0.010268|
|         794|   -7.280727|   -6.726854|    0.326273|    0.010268|
|         795|   -7.285591|   -6.731611|    0.326276|    0.010268|
|         796|   -7.290957|   -6.736879|    0.326278|    0.010268|
|         797|   -7.296802|   -6.742630|    0.326280|    0.010268|
|         798|   -7.303111|   -6.748846|    0.326282|    0.010268|
|         799|   -7.309877|   -6.755519|    0.326284|    0.010268|
|         800|   -7.317099|   -6.762645|    0.326286|    0.010268|
|         801|   -7.324778|   -6.770226|    0.326287|    0.010268|
|         802|   -7.332920|   -6.778266|    0.326289|    0.010268|
|         803|   -7.341531|   -6.786772|    0.326291|    0.010268|
|         804|   -7.350619|   -6.795752|    0.326292|    0.010268|
|         805|   -7.360190|   -6.805214|    0.326294|    0.010268|
|         806|   -7.370252|   -6.815163|    0.326295|    0.010268|
|         807|   -7.380809|   -6.825606|    0.326297|    0.010268|
|         808|   -7.391864|   -6.836545|    0.326298|    0.010268|
|         809|   -7.403418|   -6.847983|    0.326299|    0.010268|
|         810|   -7.415470|   -6.859919|    0.326300|    0.010268|
|         811|   -7.428016|   -6.872348|    0.326301|    0.010268|
|         812|   -7.441052|   -6.885266|    0.326302|    0.010268|
|         813|   -7.454571|   -6.898668|    0.326303|    0.010268|
|         814|   -7.468567|   -6.912546|    0.326303|    0.010268|
|         815|   -7.483032|   -6.926892|    0.326304|    0.010268|
|         816|   -7.497961|   -6.941701|    0.326305|    0.010268|
|         817|   -7.513348|   -6.956967|    0.326306|    0.010268|
|         818|   -7.529188|   -6.972685|    0.326306|    0.010268|
|         819|   -7.545478|   -6.988853|    0.326307|    0.010268|
|         820|   -7.562216|   -7.005467|    0.326307|    0.010268|
|         821|   -7.579401|   -7.022529|    0.326308|    0.010268|
|         822|   -7.597033|   -7.040038|    0.326308|    0.010268|
|         823|   -7.615115|   -7.057997|    0.326309|    0.010268|
|         824|   -7.633647|   -7.076407|    0.326309|    0.010268|
|         825|   -7.652633|   -7.095271|    0.326309|    0.010268|
|         826|   -7.672075|   -7.114593|    0.326310|    0.010268|
|         827|   -7.691977|   -7.134375|    0.326310|    0.010268|
|         828|   -7.712342|   -7.154620|    0.326311|    0.010268|
|         829|   -7.733174|   -7.175332|    0.326311|    0.010268|
|         830|   -7.754476|   -7.196513|    0.326311|    0.010268|
|         831|   -7.776253|   -7.218169|    0.326312|    0.010268|
|         832|   -7.798509|   -7.240302|    0.326312|    0.010268|
|         833|   -7.821250|   -7.262918|    0.326312|    0.010268|
|         834|   -7.844482|   -7.286023|    0.326313|    0.010268|
|         835|   -7.868210|   -7.309623|    0.326313|    0.010268|
|         836|   -7.892442|   -7.333726|    0.326313|    0.010268|
|         837|   -7.917186|   -7.358340|    0.326314|    0.010268|
|         838|   -7.942451|   -7.383473|    0.326314|    0.010268|
|         839|   -7.968245|   -7.409134|    0.326314|    0.010268|
|         840|   -7.994577|   -7.435333|    0.326315|    0.010268|
|         841|   -8.021458|   -7.462080|    0.326315|    0.010268|
|         842|   -8.048894|   -7.489383|    0.326315|    0.010268|
|         843|   -8.076897|   -7.517252|    0.326315|    0.010268|
|         844|   -8.105473|   -7.545695|    0.326316|    0.010268|
|         845|   -8.134630|   -7.574720|    0.326316|    0.010268|
|         846|   -8.164377|   -7.604335|    0.326316|    0.010268|
|         847|   -8.194719|   -7.634547|    0.326316|    0.010268|
|         848|   -8.225661|   -7.665361|    0.326317|    0.010268|
|         849|   -8.257209|   -7.696784|    0.326317|    0.010268|
|         850|   -8.289365|   -7.728820|    0.326317|    0.010268|
|         851|   -8.322131|   -7.761471|    0.326317|    0.010268|
|         852|   -8.355505|   -7.794739|    0.326317|    0.010268|
|         853|   -8.389485|   -7.828623|    0.326318|    0.010268|
|         854|   -8.424063|   -7.863118|    0.326318|    0.010268|
|         855|   -8.459230|   -7.898215|    0.326318|    0.010268|
|         856|   -8.494968|   -7.933902|    0.326318|    0.010268|
|         857|   -8.531255|   -7.970159|    0.326318|    0.010268|
|         858|   -8.568062|   -8.006956|    0.326319|    0.010268|
|         859|   -8.605346|   -8.044258|    0.326319|    0.010268|
|         860|   -8.643055|   -8.082012|    0.326319|    0.010268|
|         861|   -8.681124|   -8.120156|    0.326319|    0.010268|
|         862|   -8.719470|   -8.158608|    0.326319|    0.010268|
|         863|   -8.757990|   -8.197267|    0.326319|    0.010268|
|         864|   -8.796564|   -8.236013|    0.326320|    0.010268|
|         865|   -8.835047|   -8.274700|    0.326320|    0.010268|
|         866|   -8.873270|   -8.313159|    0.326320|    0.010268|
|         867|   -8.911042|   -8.351193|    0.326320|    0.010268|
|         868|   -8.948150|   -8.388583|    0.326320|    0.010268|
|         869|   -8.984360|   -8.425088|    0.326320|    0.010268|
|         870|   -9.019428|   -8.460452|    0.326320|    0.010268|
|         871|   -9.053102|   -8.494411|    0.326321|    0.010268|
|         872|   -9.085135|   -8.526703|    0.326321|    0.010268|
|         873|   -9.115290|   -8.557079|    0.326321|    0.010268|
|         874|   -9.143352|   -8.585314|    0.326321|    0.010268|
|         875|   -9.169131|   -8.611212|    0.326321|    0.010268|
|         876|   -9.192469|   -8.634613|    0.326321|    0.010268|
|         877|   -9.213233|   -8.655394|    0.326321|    0.010268|
|         878|   -9.231324|   -8.673468|    0.326321|    0.010268|
|         879|   -9.246665|   -8.688781|    0.326322|    0.010268|
|         880|   -9.259211|   -8.701308|    0.326322|    0.010268|
|         881|   -9.268944|   -8.711055|    0.326322|    0.010268|
|         882|   -9.275883|   -8.718059|    0.326322|    0.010268|
|         883|   -9.280084|   -8.722393|    0.326322|    0.010268|
|         884|   -9.281650|   -8.724165|    0.326322|    0.010268|
|         885|   -9.280730|   -8.723523|    0.326322|    0.010268|
|         886|   -9.277517|   -8.720652|    0.326322|    0.010268|
|         887|   -9.272241|   -8.715769|    0.326323|    0.010268|
|         888|   -9.265163|   -8.709117|    0.326323|    0.010268|
|         889|   -9.256559|   -8.700957|    0.326323|    0.010268|
|         890|   -9.246712|   -8.691553|    0.326323|    0.010268|
|         891|   -9.235897|   -8.681168|    0.326323|    0.010268|
|         892|   -9.224375|   -8.670049|    0.326323|    0.010268|
|         893|   -9.212384|   -8.658427|    0.326323|    0.010268|
|         894|   -9.200136|   -8.646510|    0.326323|    0.010268|
|         895|   -9.187815|   -8.634479|    0.326323|    0.010268|
|         896|   -9.175580|   -8.622490|    0.326324|    0.010268|
|         897|   -9.163560|   -8.610677|    0.326324|    0.010268|
|         898|   -9.151865|   -8.599149|    0.326324|    0.010268|
|         899|   -9.140581|   -8.587997|    0.326324|    0.010268|
|         900|   -9.129777|   -8.577292|    0.326324|    0.010268|
|         901|   -9.119506|   -8.567092|    0.326324|    0.010268|
|         902|   -9.109811|   -8.557441|    0.326324|    0.010268|
|         903|   -9.100720|   -8.548372|    0.326324|    0.010268|
|         904|   -9.092256|   -8.539910|    0.326324|    0.010268|
|         905|   -9.084432|   -8.532072|    0.326324|    0.010268|
|         906|   -9.077258|   -8.524868|    0.326324|    0.010268|
|         907|   -9.070737|   -8.518305|    0.326324|    0.010268|
|         908|   -9.064868|   -8.512385|    0.326325|    0.010268|
|         909|   -9.059650|   -8.507105|    0.326325|    0.010268|
|         910|   -9.055077|   -8.502464|    0.326325|    0.010268|
|         911|   -9.051143|   -8.498455|    0.326325|    0.010268|
|         912|   -9.047838|   -8.495071|    0.326325|    0.010268|
|         913|   -9.045154|   -8.492303|    0.326325|    0.010268|
|         914|   -9.043082|   -8.490144|    0.326325|    0.010268|
|         915|   -9.041609|   -8.488581|    0.326325|    0.010268|
|         916|   -9.040727|   -8.487607|    0.326325|    0.010268|
|         917|   -9.040424|   -8.487210|    0.326325|    0.010268|
|         918|   -9.040689|   -8.487380|    0.326325|    0.010268|
|         919|   -9.041512|   -8.488106|    0.326325|    0.010268|
|         920|   -9.042882|   -8.489379|    0.326325|    0.010268|
|         921|   -9.044788|   -8.491187|    0.326325|    0.010268|
|         922|   -9.047221|   -8.493522|    0.326325|    0.010268|
|         923|   -9.050170|   -8.496373|    0.326325|    0.010268|
|         924|   -9.053627|   -8.499732|    0.326325|    0.010268|
|         925|   -9.057583|   -8.503588|    0.326325|    0.010268|
|         926|   -9.062028|   -8.507935|    0.326325|    0.010268|
|         927|   -9.066954|   -8.512763|    0.326325|    0.010268|
|         928|   -9.072354|   -8.518064|    0.326325|    0.010268|
|         929|   -9.078220|   -8.523833|    0.326325|    0.010268|
|         930|   -9.084546|   -8.530060|    0.326326|    0.010268|
|         931|   -9.091324|   -8.536740|    0.326326|    0.010268|
|         932|   -9.098549|   -8.543867|    0.326326|    0.010268|
|         933|   -9.106214|   -8.551435|    0.326326|    0.010268|
|         934|   -9.114314|   -8.559438|    0.326326|    0.010268|
|         935|   -9.122845|   -8.567871|    0.326326|    0.010268|
|         936|   -9.131801|   -8.576730|    0.326326|    0.010268|
|         937|   -9.141179|   -8.586011|    0.326326|    0.010268|
|         938|   -9.150974|   -8.595709|    0.326326|    0.010268|
|         939|   -9.161183|   -8.605821|    0.326326|    0.010268|
|         940|   -9.171802|   -8.616343|    0.326326|    0.010268|
|         941|   -9.182829|   -8.627273|    0.326326|    0.010268|
|         942|   -9.194261|   -8.638608|    0.326326|    0.010268|
|         943|   -9.206095|   -8.650345|    0.326326|    0.010268|
|         944|   -9.218329|   -8.662483|    0.326326|    0.010268|
|         945|   -9.230962|   -8.675019|    0.326326|    0.010268|
|         946|   -9.243992|   -8.687952|    0.326326|    0.010268|
|         947|   -9.257418|   -8.701280|    0.326326|    0.010268|
|         948|   -9.271239|   -8.715003|    0.326326|    0.010268|
|         949|   -9.285453|   -8.729119|    0.326326|    0.010268|
|         950|   -9.300061|   -8.743629|    0.326326|    0.010268|
|         951|   -9.315062|   -8.758532|    0.326326|    0.010268|
|         952|   -9.330457|   -8.773827|    0.326326|    0.010268|
|         953|   -9.346244|   -8.789515|    0.326326|    0.010268|
|         954|   -9.362425|   -8.805596|    0.326326|    0.010268|
|         955|   -9.379000|   -8.822070|    0.326326|    0.010268|
|         956|   -9.395970|   -8.838939|    0.326326|    0.010268|
|         957|   -9.413336|   -8.856204|    0.326326|    0.010268|
|         958|   -9.431100|   -8.873865|    0.326326|    0.010268|
|         959|   -9.449261|   -8.891924|    0.326326|    0.010268|
|         960|   -9.467823|   -8.910382|    0.326326|    0.010268|
|         961|   -9.486787|   -8.929242|    0.326326|    0.010268|
|         962|   -9.506154|   -8.948504|    0.326326|    0.010268|
|         963|   -9.525927|   -8.968171|    0.326326|    0.010268|
|         964|   -9.546108|   -8.988246|    0.326326|    0.010268|
|         965|   -9.566700|   -9.008730|    0.326326|    0.010268|
|         966|   -9.587703|   -9.029626|    0.326326|    0.010268|
|         967|   -9.609122|   -9.050936|    0.326326|    0.010268|
|         968|   -9.630959|   -9.072663|    0.326326|    0.010268|
|         969|   -9.653216|   -9.094810|    0.326326|    0.010268|
|         970|   -9.675896|   -9.117378|    0.326326|    0.010268|
|         971|   -9.699002|   -9.140372|    0.326326|    0.010268|
|         972|   -9.722535|   -9.163793|    0.326326|    0.010268|
|         973|   -9.746500|   -9.187644|    0.326326|    0.010268|
|         974|   -9.770897|   -9.211928|    0.326326|    0.010268|
|         975|   -9.795730|   -9.236646|    0.326326|    0.010268|
|         976|   -9.821000|   -9.261801|    0.326326|    0.010268|
|         977|   -9.846709|   -9.287395|    0.326326|    0.010268|
|         978|   -9.872858|   -9.313428|    0.326326|    0.010268|
|         979|   -9.899447|   -9.339902|    0.326326|    0.010268|
|         980|   -9.926477|   -9.366816|    0.326326|    0.010268|
|         981|   -9.953946|   -9.394170|    0.326326|    0.010268|
|         982|   -9.981854|   -9.421963|    0.326326|    0.010268|
|         983|  -10.010198|   -9.450192|    0.326326|    0.010268|
|         984|  -10.038972|   -9.478854|    0.326326|    0.010268|
|         985|  -10.068172|   -9.507942|    0.326326|    0.010268|
|         986|  -10.097790|   -9.537449|    0.326326|    0.010268|
|         987|  -10.127815|   -9.567366|    0.326326|    0.010268|
|         988|  -10.158236|   -9.597680|    0.326326|    0.010268|
|         989|  -10.189037|   -9.628378|    0.326326|    0.010268|
|         990|  -10.220198|   -9.659438|    0.326326|    0.010268|
|         991|  -10.251695|   -9.690839|    0.326326|    0.010268|
|         992|  -10.283501|   -9.722552|    0.326326|    0.010268|
|         993|  -10.315579|   -9.754544|    0.326326|    0.010268|
|         994|  -10.347889|   -9.786772|    0.326326|    0.010268|
|         995|  -10.380380|   -9.819187|    0.326326|    0.010268|
|         996|  -10.412993|   -9.851732|    0.326326|    0.010268|
|         997|  -10.445658|   -9.884335|    0.326326|    0.010268|
|         998|  -10.478290|   -9.916916|    0.326326|    0.010268|
|         999|  -10.510793|   -9.949377|    0.326326|    0.010268|
|        1000|  -10.543052|   -9.981607|    0.326326|    0.010268|
|        1001|  -10.574935|  -10.013473|    0.326326|    0.010268|
|        1002|  -10.606292|  -10.044829|    0.326326|    0.010262|
+-----------------------------------------------------------------------+
|Fixed CL Mode (Finite Difference)       |Value                         |
+-----------------------------------------------------------------------+
|Delta CL / Delta AoA                    |0.326466                      |
|Delta CD / Delta CL                     |-0.00609281                   |
|Delta CMz / Delta CL                    |-0.0308116                    |
+-----------------------------------------------------------------------+
Writing Flow Meta-Data file: flow.meta

--------------------------- Finalizing Solver ---------------------------
Deleted CNumerics container.
Deleted CIntegration container.
Deleted CSolver container.
Deleted CIteration container.
Deleted CInterface container.
Deleted CGeometry container.
Deleted CFreeFormDefBox class.
Deleted CSurfaceMovement class.
Deleted CVolumetricMovement class.
Deleted CConfig container.
Deleted nInst container.
Deleted COutput class.
-------------------------------------------------------------------------

------------------------- Exit Success (SU2_CFD) ------------------------

