
-------------------------------------------------------------------------
|    ___ _   _ ___                                                      |
|   / __| | | |_  )   Release 8.3.0 "Harrier"                           |
|   \__ \ |_| |/ /                                                      |
|   |___/\___//___|   Suite (Computational Fluid Dynamics Code)         |
|                                                                       |
-------------------------------------------------------------------------
| SU2 Project Website: https://su2code.github.io                        |
|                                                                       |
| The SU2 Project is maintained by the SU2 Foundation                   |
| (http://su2foundation.org)                                            |
-------------------------------------------------------------------------
| Copyright 2012-2025, SU2 Contributors                                 |
|                                                                       |
| SU2 is free software; you can redistribute it and/or                  |
| modify it under the terms of the GNU Lesser General Public            |
| License as published by the Free Software Foundation; either          |
| version 2.1 of the License, or (at your option) any later version.    |
|                                                                       |
| SU2 is distributed in the hope that it will be useful,                |
| but WITHOUT ANY WARRANTY; without even the implied warranty of        |
| MERCHANTABILITY or FITNESS FOR A PARTICULAR PURPOSE. See the GNU      |
| Lesser General Public License for more details.                       |
|                                                                       |
| You should have received a copy of the GNU Lesser General Public      |
| License along with SU2. If not, see <http://www.gnu.org/licenses/>.   |
-------------------------------------------------------------------------

Parsing config file for zone 0

----------------- Physical Case Definition ( Zone 0 ) -------------------
Compressible Euler equations.
Mach number: 0.8.
Angle of attack (AoA): 1.25 deg, and angle of sideslip (AoS): 0 deg.
Fixed CL mode, target value: 0.326.
Reading and writing binary SU2 native restart files.
Read flow solution from: solution_flow.
Non-Dimensional simulation (P=1.0, Rho=1.0, T=1.0 at the farfield).
The reference area is 1 m^2.
The semi-span will be computed using the max y(3D) value.
The reference length is 1 m.
Reference origin for moment evaluation is (0.25, 0, 0).
Surface(s) where the force coefficients are evaluated: airfoil.

Surface(s) plotted in the output file: airfoil.
Surface(s) affected by the design variables: airfoil.
Input mesh file name: mesh_NACA0012_inv_deform.su2

--------------- Space Numerical Integration ( Zone 0 ) ------------------
Jameson-Schmidt-Turkel scheme (2nd order in space) for the flow inviscid terms.
JST viscous coefficients (2nd & 4th): 0.5, 0.02.
The method includes a grid stretching correction (p = 0.3).
Gradient for viscous and source terms: Green-Gauss.

--------------- Time Numerical Integration  ( Zone 0 ) ------------------
Local time stepping (steady state simulation).
Euler implicit method for the flow equations.
FGMRES is used for solving the linear system.
Using a LU-SGS preconditioning.
Convergence criteria of the linear solver: 0.0001.
Max number of linear iterations: 2.
V Multigrid Cycle, with 2 multigrid levels.
Damping factor for the residual restriction: 1.
Damping factor for the correction prolongation: 1.
No CFL adaptation.
+-------------------------------------------+
|  MG Level| Presmooth|PostSmooth|CorrectSmo|
+-------------------------------------------+
|         0|         1|         0|         0|
|         1|         2|         0|         0|
|         2|         3|         0|         0|
+-------------------------------------------+
Courant-Friedrichs-Lewy number:       10

------------------ Convergence Criteria  ( Zone 0 ) ---------------------
Maximum number of solver subiterations: 1250.
Begin convergence monitoring at iteration 10.
Residual minimum value: 1e-13.
Cauchy series min. value: 1e-06.
Number of Cauchy elements: 100.
Begin windowed time average at iteration 0.

-------------------- Output Information ( Zone 0 ) ----------------------
File writing frequency: 
+------------------------------------+
|                     File| Frequency|
+------------------------------------+
|                  RESTART|       250|
|                 PARAVIEW|       250|
|         SURFACE_PARAVIEW|       250|
|              SURFACE_CSV|       250|
+------------------------------------+
Writing the convergence history file every 1 inner iterations.
Writing the screen convergence history every 1 inner iterations.
The tabular file format is CSV (.csv).
Convergence history file name: history_direct.
Forces breakdown file name: forces_breakdown.dat.
Surface file name: surface_flow.
Volume file name: flow.
Restart file name: restart_flow.

------------- Config File Boundary Information ( Zone 0 ) ---------------
+-----------------------------------------------------------------------+
|                        Marker Type|                        Marker Name|
+-----------------------------------------------------------------------+
|                         Euler wall|                            airfoil|
+-----------------------------------------------------------------------+
|                          Far-field|                           farfield|
+-----------------------------------------------------------------------+

-------------------- Output Preprocessing ( Zone 0 ) --------------------

WARNING: SURFACE_PRESSURE_DROP can only be computed for at least 2 surfaces (outlet, inlet, ...)

Screen output fields: INNER_ITER, RMS_DENSITY, RMS_ENERGY, LIFT, DRAG
History output group(s): ITER, RMS_RES, AERO_COEFF
Convergence field(s): RMS_DENSITY
Warning: No (valid) fields chosen for time convergence monitoring. Time convergence monitoring inactive.
Volume output fields: COORDINATES, SOLUTION, PRIMITIVE

------------------- Geometry Preprocessing ( Zone 0 ) -------------------
Two dimensional problem.
5233 grid points.
10216 volume elements.
2 surface markers.
200 boundary elements in index 0 (Marker = airfoil).
50 boundary elements in index 1 (Marker = farfield).
10216 triangles.
Setting point connectivity.
Renumbering points (Reverse Cuthill McKee Ordering).
Recomputing point connectivity.
Setting element connectivity.
Checking the numerical grid orientation.
All volume elements are correctly oriented.
All surface elements are correctly oriented.
Identifying edges and vertices.
Setting the control volume structure.
Area of the computational grid: 1253.25.
Searching for the closest normal neighbors to the surfaces.
Storing a mapping from global to local point index.
Compute the surface curvature.
Max K: 7835.1. Mean K: 34.8839. Standard deviation K: 494.431.
Checking for periodicity.
Computing mesh quality statistics for the dual control volumes.
+--------------------------------------------------------------+
|           Mesh Quality Metric|        Minimum|        Maximum|
+--------------------------------------------------------------+
|    Orthogonality Angle (deg.)|        62.8869|        89.7161|
|     CV Face Area Aspect Ratio|        1.00144|        7.18212|
|           CV Sub-Volume Ratio|        1.00226|        6.47681|
+--------------------------------------------------------------+
Setting the multigrid structure.
+-------------------------------------------+
|  MG Level|       CVs|Aggl. Rate|       CFL|
+-------------------------------------------+
|         0|      5233|    1/1.00|        10|
|         1|      1690|     1/3.1|   8.52431|
|         2|       649|     1/2.6|   7.92373|
+-------------------------------------------+
Finding max control volume width.
Wetted area = 2.0388 m.
Area projection in the x-plane = 0.112587 m, y-plane = 0.999845 m.
Max. coordinate in the x-direction = 1 m, y-direction = 0.0557176 m.
Min. coordinate in the x-direction = 0 m, y-direction = -0.0568964 m.
Computing wall distances.

-------------------- Solver Preprocessing ( Zone 0 ) --------------------
WARNING: AoA in the solution file (0.578206 deg.) +
         AoA offset in mesh file (0 deg.) = 0.578206 deg.
WARNING: SU2 will use the dCD/dCL provided in the direct solution file: 0.0196077.
WARNING: SU2 will use the dCMz/dCL provided in the direct solution file: 0.0948608.
Inviscid flow: Computing density based on free-stream
temperature and pressure using the ideal gas law.
Force coefficients computed using free-stream values.

-- Models:
+------------------------------------------------------------------------------+
|          Viscosity Model|        Conductivity Model|              Fluid Model|
+------------------------------------------------------------------------------+
|                        -|                         -|             STANDARD_AIR|
+------------------------------------------------------------------------------+
-- Fluid properties:
+------------------------------------------------------------------------------+
|                  Name|    Dim. value|    Ref. value|      Unit|Non-dim. value|
+------------------------------------------------------------------------------+
|          Gas Constant|       287.058|       287.058|  N.m/kg.K|             1|
|      Spec. Heat Ratio|             -|             -|         -|           1.4|
+------------------------------------------------------------------------------+
-- Initial and free-stream conditions:
+------------------------------------------------------------------------------+
|                  Name|    Dim. value|    Ref. value|      Unit|Non-dim. value|
+------------------------------------------------------------------------------+
|       Static Pressure|        101325|        101325|        Pa|             1|
|               Density|       1.22498|       1.22498|    kg/m^3|             1|
|           Temperature|        288.15|        288.15|         K|             1|
|          Total Energy|        243846|       82715.8|   m^2/s^2|         2.948|
|            Velocity-X|       272.224|       287.603|       m/s|      0.946525|
|            Velocity-Y|       2.74727|       287.603|       m/s|    0.00955227|
|    Velocity Magnitude|       272.238|       287.603|       m/s|      0.946573|
+------------------------------------------------------------------------------+
|           Mach Number|             -|             -|         -|           0.8|
+------------------------------------------------------------------------------+
Initialize Jacobian structure (Euler). MG level: 0.
Initialize Jacobian structure (Euler). MG level: 1.
Initialize Jacobian structure (Euler). MG level: 2.

------------------- Numerics Preprocessing ( Zone 0 ) -------------------

----------------- Integration Preprocessing ( Zone 0 ) ------------------

------------------- Iteration Preprocessing ( Zone 0 ) ------------------
Euler/Navier-Stokes/RANS fluid iteration.

------------------------------ Begin Solver -----------------------------

Simulation Run using the Single-zone Driver
WARNING: SU2 was not compiled for an AVX-capable architecture. Performance could be better,
         see https://su2code.github.io/docs_v7/Build-SU2-Linux-MacOS/#compiler-optimizations
WARNING: SU2 was not compiled for an AVX-capable architecture. Performance could be better,
         see https://su2code.github.io/docs_v7/Build-SU2-Linux-MacOS/#compiler-optimizations
WARNING: SU2 was not compiled for an AVX-capable architecture. Performance could be better,
         see https://su2code.github.io/docs_v7/Build-SU2-Linux-MacOS/#compiler-optimizations
+----------------------------------------------------------------+
|  Inner_Iter|    rms[Rho]|   rms[RhoE]|          CL|          CD|
+----------------------------------------------------------------+
|           0|   -5.620003|   -5.023623|    0.325905|    0.003067|
|           1|   -5.905370|   -5.307115|    0.326781|    0.002358|
|           2|   -5.820375|   -5.235130|    0.327449|    0.002173|
|           3|   -5.808416|   -5.222042|    0.327467|    0.002163|
|           4|   -5.754037|   -5.171588|    0.327864|    0.002089|
|           5|   -5.731019|   -5.153114|    0.328363|    0.002017|
|           6|   -5.726401|   -5.151025|    0.328796|    0.001983|
|           7|   -5.710839|   -5.135864|    0.329226|    0.001964|
|           8|   -5.704596|   -5.132433|    0.329675|    0.001946|
|           9|   -5.709540|   -5.141969|    0.330120|    0.001927|
|          10|   -5.713320|   -5.149274|    0.330549|    0.001912|
|          11|   -5.717114|   -5.154613|    0.330962|    0.001904|
|          12|   -5.720103|   -5.157437|    0.331360|    0.001899|
|          13|   -5.723364|   -5.160278|    0.331741|    0.001894|
|          14|   -5.728069|   -5.165454|    0.332100|    0.001889|
|          15|   -5.734211|   -5.172772|    0.332434|    0.001884|
|          16|   -5.742051|   -5.181749|    0.332742|    0.001880|
|          17|   -5.751099|   -5.191464|    0.333028|    0.001877|
|          18|   -5.760323|   -5.200938|    0.333294|    0.001872|
|          19|   -5.769259|   -5.210013|    0.333542|    0.001868|
|          20|   -5.777959|   -5.219062|    0.333773|    0.001863|
|          21|   -5.786329|   -5.228134|    0.333987|    0.001858|
|          22|   -5.794139|   -5.236839|    0.334186|    0.001854|
|          23|   -5.801487|   -5.244958|    0.334372|    0.001851|
|          24|   -5.808806|   -5.252698|    0.334545|    0.001848|
|          25|   -5.816496|   -5.260500|    0.334708|    0.001847|
|          26|   -5.824806|   -5.268836|    0.334860|    0.001846|
|          27|   -5.833700|   -5.277879|    0.335004|    0.001847|
|          28|   -5.843086|   -5.287626|    0.335140|    0.001848|
|          29|   -5.852905|   -5.298008|    0.335268|    0.001850|
|          30|   -5.863082|   -5.308841|    0.335391|    0.001852|
|          31|   -5.873615|   -5.319982|    0.335508|    0.001855|
|          32|   -5.884487|   -5.331319|    0.335621|    0.001858|
|          33|   -5.895658|   -5.342777|    0.335730|    0.001860|
|          34|   -5.907119|   -5.354356|    0.335836|    0.001862|
|          35|   -5.918834|   -5.366061|    0.335941|    0.001864|
|          36|   -5.930768|   -5.377920|    0.336043|    0.001865|
|          37|   -5.942922|   -5.389992|    0.336143|    0.001865|
|          38|   -5.955311|   -5.402332|    0.336242|    0.001864|
|          39|   -5.967980|   -5.415006|    0.336338|    0.001863|
|          40|   -5.981019|   -5.428118|    0.336433|    0.001861|
|          41|   -5.994411|   -5.441602|    0.336526|    0.001859|
|          42|   -6.008206|   -5.455464|    0.336617|    0.001856|
|          43|   -6.022340|   -5.469654|    0.336707|    0.001853|
|          44|   -6.036858|   -5.484196|    0.336794|    0.001850|
|          45|   -6.051889|   -5.499208|    0.336879|    0.001848|
|          46|   -6.067238|   -5.514482|    0.336962|    0.001845|
|          47|   -6.082822|   -5.529957|    0.337043|    0.001843|
|          48|   -6.098606|   -5.545617|    0.337120|    0.001841|
|          49|   -6.114545|   -5.561436|    0.337195|    0.001840|
|          50|   -6.130601|   -5.577391|    0.337267|    0.001839|
|          51|   -6.146755|   -5.593469|    0.337337|    0.001508|
+-----------------------------------------------------------------------+
|Fixed CL Mode                           |Value                         |
+-----------------------------------------------------------------------+
|Current CL                              |0.337337                      |
|Target CL                               |0.326                         |
|Previous AOA                            |0.578206                      |
|Changed AoA by                          |-0.0563346                    |
+-----------------------------------------------------------------------+
+----------------------------------------------------------------+
|  Inner_Iter|    rms[Rho]|   rms[RhoE]|          CL|          CD|
+----------------------------------------------------------------+
|          52|   -4.061243|   -3.454554|    0.337383|    0.001508|
|          53|   -4.358726|   -3.748161|    0.337027|    0.001506|
|          54|   -4.601720|   -4.008089|    0.335440|    0.001487|
|          55|   -4.800944|   -4.190281|    0.333010|    0.001454|
|          56|   -4.963817|   -4.364605|    0.330821|    0.001437|
|          57|   -5.061210|   -4.462959|    0.329570|    0.001425|
|          58|   -5.197816|   -4.596312|    0.329258|    0.001418|
|          59|   -5.227431|   -4.624197|    0.329231|    0.001414|
|          60|   -5.281217|   -4.676161|    0.328924|    0.001399|
|          61|   -5.403663|   -4.804198|    0.328401|    0.001386|
|          62|   -5.483728|   -4.893288|    0.327886|    0.001378|
|          63|   -5.508717|   -4.916909|    0.327435|    0.001371|
|          64|   -5.567340|   -4.975861|    0.327025|    0.001365|
|          65|   -5.646871|   -5.063113|    0.326653|    0.001362|
|          66|   -5.693327|   -5.117053|    0.326325|    0.001362|
|          67|   -5.718763|   -5.144505|    0.326020|    0.001364|
|          68|   -5.742478|   -5.169079|    0.325713|    0.001367|
|          69|   -5.761149|   -5.189956|    0.325404|    0.001372|
|          70|   -5.774689|   -5.206849|    0.325104|    0.001378|
|          71|   -5.786325|   -5.222092|    0.324816|    0.001386|
|          72|   -5.795745|   -5.234552|    0.324533|    0.001395|
|          73|   -5.802029|   -5.242924|    0.324253|    0.001406|
|          74|   -5.806228|   -5.248593|    0.323979|    0.001416|
|          75|   -5.809934|   -5.253564|    0.323714|    0.001427|
|          76|   -5.814014|   -5.258747|    0.323456|    0.001437|
|          77|   -5.818725|   -5.264317|    0.323203|    0.001447|
|          78|   -5.824033|   -5.270256|    0.322956|    0.001457|
|          79|   -5.829879|   -5.276604|    0.322717|    0.001465|
|          80|   -5.836260|   -5.283465|    0.322487|    0.001473|
|          81|   -5.843150|   -5.290849|    0.322267|    0.001479|
|          82|   -5.850426|   -5.298601|    0.322055|    0.001485|
|          83|   -5.857898|   -5.306466|    0.321853|    0.001490|
|          84|   -5.865456|   -5.314320|    0.321660|    0.001493|
|          85|   -5.873082|   -5.322158|    0.321476|    0.001496|
|          86|   -5.880787|   -5.329994|    0.321303|    0.001497|
|          87|   -5.888560|   -5.337824|    0.321139|    0.001498|
|          88|   -5.896264|   -5.345511|    0.320984|    0.001499|
|          89|   -5.904031|   -5.353246|    0.320839|    0.001498|
|          90|   -5.911921|   -5.361092|    0.320702|    0.001497|
|          91|   -5.919999|   -5.369098|    0.320574|    0.001496|
|          92|   -5.928293|   -5.377297|    0.320453|    0.001495|
|          93|   -5.936820|   -5.385711|    0.320339|    0.001494|
|          94|   -5.945609|   -5.394378|    0.320232|    0.001493|
|          95|   -5.954688|   -5.403333|    0.320131|    0.001492|
|          96|   -5.964083|   -5.412603|    0.320035|    0.001491|
|          97|   -5.973808|   -5.422207|    0.319944|    0.001491|
|          98|   -5.983864|   -5.432146|    0.319858|    0.001490|
|          99|   -5.994253|   -5.442424|    0.319777|    0.001490|
|         100|   -6.004968|   -5.453032|    0.319699|    0.001491|
|         101|   -6.015981|   -5.463941|    0.319625|    0.001667|
+-----------------------------------------------------------------------+
|Fixed CL Mode                           |Value                         |
+-----------------------------------------------------------------------+
|Current CL                              |0.319625                      |
|Target CL                               |0.326                         |
|Previous AOA                            |0.521872                      |
|Changed AoA by                          |0.0315041                     |
+-----------------------------------------------------------------------+
+----------------------------------------------------------------+
|  Inner_Iter|    rms[Rho]|   rms[RhoE]|          CL|          CD|
+----------------------------------------------------------------+
|         102|   -4.313546|   -3.706902|    0.319566|    0.001668|
|         103|   -4.610972|   -4.000400|    0.319733|    0.001671|
|         104|   -4.853261|   -4.259672|    0.320594|    0.001684|
|         105|   -5.051924|   -4.441576|    0.321928|    0.001705|
|         106|   -5.213360|   -4.614776|    0.323129|    0.001716|
|         107|   -5.308999|   -4.711619|    0.323803|    0.001724|
|         108|   -5.442473|   -4.842394|    0.323954|    0.001729|
|         109|   -5.472021|   -4.870223|    0.323947|    0.001733|
|         110|   -5.524464|   -4.921112|    0.324097|    0.001742|
|         111|   -5.641756|   -5.044599|    0.324371|    0.001751|
|         112|   -5.718521|   -5.130275|    0.324642|    0.001756|
|         113|   -5.744404|   -5.154689|    0.324879|    0.001760|
|         114|   -5.801042|   -5.211721|    0.325094|    0.001764|
|         115|   -5.877142|   -5.295247|    0.325288|    0.001765|
|         116|   -5.924510|   -5.349611|    0.325460|    0.001765|
|         117|   -5.953253|   -5.380144|    0.325619|    0.001763|
|         118|   -5.980392|   -5.407670|    0.325780|    0.001761|
|         119|   -6.003255|   -5.431978|    0.325945|    0.001758|
|         120|   -6.021577|   -5.452926|    0.326105|    0.001753|
|         121|   -6.038014|   -5.472460|    0.326260|    0.001748|
|         122|   -6.051926|   -5.489101|    0.326412|    0.001742|
|         123|   -6.062052|   -5.501113|    0.326565|    0.001735|
|         124|   -6.069257|   -5.509629|    0.326714|    0.001728|
|         125|   -6.075168|   -5.516683|    0.326861|    0.001722|
|         126|   -6.080773|   -5.523332|    0.327004|    0.001715|
|         127|   -6.086366|   -5.529802|    0.327145|    0.001709|
|         128|   -6.092009|   -5.536168|    0.327284|    0.001704|
|         129|   -6.097647|   -5.542453|    0.327419|    0.001699|
|         130|   -6.103288|   -5.548756|    0.327550|    0.001695|
|         131|   -6.108918|   -5.555087|    0.327677|    0.001691|
|         132|   -6.114447|   -5.561318|    0.327800|    0.001688|
|         133|   -6.119777|   -5.567296|    0.327918|    0.001685|
|         134|   -6.124859|   -5.572937|    0.328032|    0.001683|
|         135|   -6.129713|   -5.578253|    0.328141|    0.001682|
|         136|   -6.134392|   -5.583300|    0.328246|    0.001682|
|         137|   -6.138906|   -5.588103|    0.328345|    0.001681|
|         138|   -6.143289|   -5.592707|    0.328441|    0.001682|
|         139|   -6.147611|   -5.597196|    0.328531|    0.001682|
|         140|   -6.151951|   -5.601657|    0.328618|    0.001683|
|         141|   -6.156371|   -5.606159|    0.328700|    0.001684|
|         142|   -6.160928|   -5.610764|    0.328779|    0.001685|
|         143|   -6.165662|   -5.615517|    0.328854|    0.001687|
|         144|   -6.170605|   -5.620451|    0.328926|    0.001688|
|         145|   -6.175781|   -5.625594|    0.328995|    0.001689|
|         146|   -6.181207|   -5.630961|    0.329061|    0.001690|
|         147|   -6.186898|   -5.636566|    0.329125|    0.001691|
|         148|   -6.192890|   -5.642447|    0.329186|    0.001691|
|         149|   -6.199191|   -5.648608|    0.329244|    0.001692|
|         150|   -6.206105|   -5.655389|    0.329300|    0.001692|
|         151|   -6.213399|   -5.662504|    0.329355|    0.001598|
+-----------------------------------------------------------------------+
|Fixed CL Mode                           |Value                         |
+-----------------------------------------------------------------------+
|Current CL                              |0.329355                      |
|Target CL                               |0.326                         |
|Previous AOA                            |0.553376                      |
|Changed AoA by                          |-0.0165013                    |
+-----------------------------------------------------------------------+
+----------------------------------------------------------------+
|  Inner_Iter|    rms[Rho]|   rms[RhoE]|          CL|          CD|
+----------------------------------------------------------------+
|         152|   -4.594328|   -3.987706|    0.329400|    0.001598|
|         153|   -4.891749|   -4.281186|    0.329327|    0.001597|
|         154|   -5.133704|   -4.540167|    0.328891|    0.001591|
|         155|   -5.331751|   -4.721642|    0.328205|    0.001580|
|         156|   -5.491903|   -4.893741|    0.327591|    0.001575|
|         157|   -5.586434|   -4.989656|    0.327252|    0.001571|
|         158|   -5.717625|   -5.118612|    0.327186|    0.001568|
|         159|   -5.746912|   -5.146253|    0.327202|    0.001566|
|         160|   -5.798379|   -5.196349|    0.327137|    0.001562|
|         161|   -5.912153|   -5.316703|    0.327006|    0.001557|
|         162|   -5.986286|   -5.399725|    0.326876|    0.001555|
|         163|   -6.012091|   -5.424064|    0.326763|    0.001552|
|         164|   -6.066574|   -5.478974|    0.326661|    0.001551|
|         165|   -6.139431|   -5.558960|    0.326570|    0.001550|
|         166|   -6.186581|   -5.612660|    0.326489|    0.001550|
|         167|   -6.216929|   -5.644593|    0.326415|    0.001550|
|         168|   -6.246008|   -5.673768|    0.326339|    0.001551|
|         169|   -6.271916|   -5.700669|    0.326262|    0.001553|
|         170|   -6.294136|   -5.725044|    0.326186|    0.001555|
|         171|   -6.314909|   -5.748528|    0.326112|    0.001557|
|         172|   -6.333484|   -5.769596|    0.326038|    0.001560|
|         173|   -6.348394|   -5.786297|    0.325965|    0.001563|
|         174|   -6.360238|   -5.799441|    0.325892|    0.001567|
|         175|   -6.370529|   -5.810925|    0.325821|    0.001570|
|         176|   -6.380233|   -5.821773|    0.325751|    0.001573|
|         177|   -6.389690|   -5.832241|    0.325681|    0.001576|
|         178|   -6.398912|   -5.842333|    0.325613|    0.001578|
|         179|   -6.407861|   -5.852087|    0.325546|    0.001581|
|         180|   -6.416568|   -5.861622|    0.325480|    0.001583|
|         181|   -6.425042|   -5.870975|    0.325417|    0.001584|
|         182|   -6.433204|   -5.880014|    0.325356|    0.001586|
|         183|   -6.440961|   -5.888574|    0.325296|    0.001587|
|         184|   -6.448268|   -5.896564|    0.325239|    0.001587|
|         185|   -6.455137|   -5.903978|    0.325184|    0.001588|
|         186|   -6.461618|   -5.910864|    0.325131|    0.001588|
|         187|   -6.467785|   -5.917313|    0.325081|    0.001588|
|         188|   -6.473742|   -5.923451|    0.325033|    0.001588|
|         189|   -6.479597|   -5.929407|    0.324987|    0.001587|
|         190|   -6.485456|   -5.935304|    0.324943|    0.001587|
|         191|   -6.491412|   -5.941248|    0.324901|    0.001586|
|         192|   -6.497537|   -5.947325|    0.324861|    0.001585|
|         193|   -6.503896|   -5.953607|    0.324823|    0.001585|
|         194|   -6.510531|   -5.960144|    0.324787|    0.001584|
|         195|   -6.517476|   -5.966973|    0.324752|    0.001584|
|         196|   -6.524750|   -5.974117|    0.324719|    0.001583|
|         197|   -6.532369|   -5.981592|    0.324687|    0.001583|
|         198|   -6.540336|   -5.989403|    0.324657|    0.001583|
|         199|   -6.548646|   -5.997543|    0.324628|    0.001582|
|         200|   -6.557287|   -6.005999|    0.324600|    0.001582|
|         201|   -6.566245|   -6.014755|    0.324572|    0.001622|
+-----------------------------------------------------------------------+
|Fixed CL Mode                           |Value                         |
+-----------------------------------------------------------------------+
|Current CL                              |0.324572                      |
|Target CL                               |0.326                         |
|Previous AOA                            |0.536874                      |
|Changed AoA by                          |0.00700247                    |
+-----------------------------------------------------------------------+
+----------------------------------------------------------------+
|  Inner_Iter|    rms[Rho]|   rms[RhoE]|          CL|          CD|
+----------------------------------------------------------------+
|         202|   -4.966566|   -4.359958|    0.324550|    0.001622|
|         203|   -5.264028|   -4.653446|    0.324578|    0.001622|
|         204|   -5.505878|   -4.912325|    0.324760|    0.001625|
|         205|   -5.703945|   -5.093850|    0.325048|    0.001630|
|         206|   -5.863966|   -5.265860|    0.325306|    0.001632|
|         207|   -5.958361|   -5.361646|    0.325448|    0.001634|
|         208|   -6.089462|   -5.490508|    0.325473|    0.001635|
|         209|   -6.118906|   -5.518277|    0.325464|    0.001636|
|         210|   -6.170464|   -5.568459|    0.325490|    0.001638|
|         211|   -6.284359|   -5.688914|    0.325543|    0.001640|
|         212|   -6.358775|   -5.772159|    0.325597|    0.001641|
|         213|   -6.384794|   -5.796659|    0.325643|    0.001642|
|         214|   -6.439415|   -5.851700|    0.325685|    0.001643|
|         215|   -6.512677|   -5.932191|    0.325723|    0.001643|
|         216|   -6.560362|   -5.986638|    0.325756|    0.001643|
|         217|   -6.590986|   -6.018981|    0.325786|    0.001643|
|         218|   -6.620117|   -6.048228|    0.325817|    0.001643|
|         219|   -6.645827|   -6.074904|    0.325849|    0.001642|
|         220|   -6.667863|   -6.099082|    0.325881|    0.001641|
|         221|   -6.688514|   -6.122452|    0.325912|    0.001640|
|         222|   -6.707034|   -6.143454|    0.325942|    0.001639|
|         223|   -6.721962|   -6.160111|    0.325973|    0.001638|
|         224|   -6.733913|   -6.173236|    0.326003|    0.001636|
|         225|   -6.744421|   -6.184768|    0.326033|    0.001635|
|         226|   -6.754473|   -6.195779|    0.326062|    0.001633|
|         227|   -6.764416|   -6.206550|    0.326091|    0.001632|
|         228|   -6.774249|   -6.217084|    0.326120|    0.001631|
|         229|   -6.783907|   -6.227396|    0.326148|    0.001630|
|         230|   -6.793389|   -6.237579|    0.326175|    0.001629|
|         231|   -6.802674|   -6.247644|    0.326202|    0.001628|
|         232|   -6.811656|   -6.257440|    0.326227|    0.001628|
|         233|   -6.820205|   -6.266769|    0.326252|    0.001627|
|         234|   -6.828242|   -6.275499|    0.326276|    0.001627|
|         235|   -6.835741|   -6.283585|    0.326299|    0.001627|
|         236|   -6.842720|   -6.291040|    0.326322|    0.001627|
|         237|   -6.849235|   -6.297930|    0.326343|    0.001627|
|         238|   -6.855372|   -6.304356|    0.326363|    0.001627|
|         239|   -6.861221|   -6.310424|    0.326382|    0.001627|
|         240|   -6.866883|   -6.316251|    0.326401|    0.001627|
|         241|   -6.872464|   -6.321953|    0.326418|    0.001628|
|         242|   -6.878047|   -6.327621|    0.326435|    0.001628|
|         243|   -6.883702|   -6.333330|    0.326451|    0.001628|
|         244|   -6.889484|   -6.339138|    0.326467|    0.001628|
|         245|   -6.895435|   -6.345091|    0.326481|    0.001629|
|         246|   -6.901593|   -6.351227|    0.326496|    0.001629|
|         247|   -6.907981|   -6.357569|    0.326509|    0.001629|
|         248|   -6.914616|   -6.364131|    0.326522|    0.001629|
|         249|   -6.921506|   -6.370919|    0.326535|    0.001629|
|         250|   -6.928652|   -6.377933|    0.326547|    0.001629|
+-----------------------------------------------------------------------+
|        File Writing Summary       |              Filename             |
+-----------------------------------------------------------------------+
|SU2 binary restart                 |restart_flow.dat                   |
Writing Flow Meta-Data file: flow.meta
|Paraview                           |flow.vtu                           |
Writing Flow Meta-Data file: flow.meta
|Paraview surface                   |surface_flow.vtu                   |
Writing Flow Meta-Data file: flow.meta
|CSV file                           |surface_flow.csv                   |
Writing Flow Meta-Data file: flow.meta
+-----------------------------------------------------------------------+
+----------------------------------------------------------------+
|  Inner_Iter|    rms[Rho]|   rms[RhoE]|          CL|          CD|
+----------------------------------------------------------------+
|         251|   -6.936054|   -6.385173|    0.326559|    0.001614|
+-----------------------------------------------------------------------+
|Fixed CL Mode                           |Value                         |
+-----------------------------------------------------------------------+
|Current CL                              |0.326559                      |
|Target CL                               |0.326                         |
|Previous AOA                            |0.543877                      |
|Changed AoA by                          |-0.00273579                   |
+-----------------------------------------------------------------------+
+----------------------------------------------------------------+
|  Inner_Iter|    rms[Rho]|   rms[RhoE]|          CL|          CD|
+----------------------------------------------------------------+
|         252|   -5.374696|   -4.768101|    0.326569|    0.001614|
|         253|   -5.672132|   -5.061560|    0.326559|    0.001614|
|         254|   -5.913759|   -5.320246|    0.326489|    0.001613|
|         255|   -6.111399|   -5.501471|    0.326378|    0.001611|
|         256|   -6.270573|   -5.672766|    0.326278|    0.001610|
|         257|   -6.364182|   -5.767898|    0.326224|    0.001609|
|         258|   -6.493626|   -5.895444|    0.326215|    0.001609|
|         259|   -6.522768|   -5.922992|    0.326220|    0.001608|
|         260|   -6.573454|   -5.972479|    0.326211|    0.001608|
|         261|   -6.684375|   -6.090317|    0.326191|    0.001607|
|         262|   -6.756291|   -6.171125|    0.326171|    0.001606|
|         263|   -6.781776|   -6.195203|    0.326154|    0.001606|
|         264|   -6.834151|   -6.248191|    0.326139|    0.001606|
|         265|   -6.903634|   -6.324843|    0.326125|    0.001606|
|         266|   -6.949400|   -6.377073|    0.326113|    0.001606|
|         267|   -6.979591|   -6.408896|    0.326102|    0.001606|
|         268|   -7.008418|   -6.437787|    0.326091|    0.001606|
|         269|   -7.034460|   -6.464603|    0.326079|    0.001606|
|         270|   -7.057529|   -6.489500|    0.326068|    0.001606|
|         271|   -7.079554|   -6.513886|    0.326056|    0.001607|
|         272|   -7.099791|   -6.536279|    0.326045|    0.001607|
|         273|   -7.116850|   -6.554820|    0.326034|    0.001608|
|         274|   -7.131217|   -6.570177|    0.326023|    0.001608|
|         275|   -7.144265|   -6.584097|    0.326012|    0.001609|
|         276|   -7.156879|   -6.597551|    0.326001|    0.001609|
|         277|   -7.169360|   -6.610776|    0.325991|    0.001610|
|         278|   -7.181689|   -6.623751|    0.325980|    0.001610|
|         279|   -7.193782|   -6.636471|    0.325969|    0.001611|
|         280|   -7.205623|   -6.649010|    0.325959|    0.001611|
|         281|   -7.217178|   -6.661366|    0.325949|    0.001611|
|         282|   -7.228326|   -6.673374|    0.325939|    0.001612|
|         283|   -7.238919|   -6.684810|    0.325930|    0.001612|
|         284|   -7.248853|   -6.695515|    0.325921|    0.001612|
|         285|   -7.258087|   -6.705417|    0.325912|    0.001612|
|         286|   -7.266630|   -6.714516|    0.325904|    0.001612|
|         287|   -7.274534|   -6.722866|    0.325896|    0.001612|
|         288|   -7.281887|   -6.730569|    0.325888|    0.001612|
|         289|   -7.288800|   -6.737754|    0.325881|    0.001612|
|         290|   -7.295383|   -6.744542|    0.325874|    0.001612|
|         291|   -7.301745|   -6.751057|    0.325867|    0.001612|
|         292|   -7.308017|   -6.757439|    0.325860|    0.001611|
|         293|   -7.314289|   -6.763785|    0.325854|    0.001611|
|         294|   -7.320637|   -6.770175|    0.325848|    0.001611|
|         295|   -7.327120|   -6.776672|    0.325843|    0.001611|
|         296|   -7.333771|   -6.783309|    0.325837|    0.001611|
|         297|   -7.340585|   -6.790077|    0.325832|    0.001611|
|         298|   -7.347616|   -6.797035|    0.325827|    0.001611|
|         299|   -7.354874|   -6.804190|    0.325822|    0.001611|
|         300|   -7.362363|   -6.811546|    0.325817|    0.001611|
|         301|   -7.370081|   -6.819099|    0.325813|    0.001616|
+-----------------------------------------------------------------------+
|Fixed CL Mode                           |Value                         |
+-----------------------------------------------------------------------+
|Current CL                              |0.325813                      |
|Target CL                               |0.326                         |
|Previous AOA                            |0.541141                      |
|Changed AoA by                          |0.000914445                   |
+-----------------------------------------------------------------------+
+----------------------------------------------------------------+
|  Inner_Iter|    rms[Rho]|   rms[RhoE]|          CL|          CD|
+----------------------------------------------------------------+
|         302|   -5.850567|   -5.243991|    0.325809|    0.001616|
|         303|   -6.147991|   -5.537422|    0.325811|    0.001616|
|         304|   -6.389341|   -5.795858|    0.325834|    0.001616|
|         305|   -6.586594|   -5.976831|    0.325871|    0.001617|
|         306|   -6.744930|   -6.147421|    0.325904|    0.001617|
|         307|   -6.837771|   -6.241897|    0.325921|    0.001618|
|         308|   -6.965719|   -6.368219|    0.325924|    0.001618|
|         309|   -6.994734|   -6.395683|    0.325922|    0.001618|
|         310|   -7.044789|   -6.444664|    0.325924|    0.001618|
|         311|   -7.153407|   -6.560426|    0.325931|    0.001618|
|         312|   -7.223599|   -6.639466|    0.325937|    0.001619|
|         313|   -7.248886|   -6.663384|    0.325942|    0.001619|
|         314|   -7.299744|   -6.714952|    0.325947|    0.001619|
|         315|   -7.366791|   -6.789110|    0.325951|    0.001619|
|         316|   -7.411559|   -6.840212|    0.325955|    0.001619|
|         317|   -7.441651|   -6.871953|    0.325958|    0.001619|
|         318|   -7.470331|   -6.900686|    0.325962|    0.001619|
|         319|   -7.496558|   -6.927565|    0.325965|    0.001619|
|         320|   -7.520249|   -6.952891|    0.325969|    0.001619|
|         321|   -7.543118|   -6.977914|    0.325972|    0.001618|
|         322|   -7.564425|   -7.001192|    0.325976|    0.001618|
|         323|   -7.582836|   -7.020928|    0.325979|    0.001618|
|         324|   -7.598766|   -7.037695|    0.325983|    0.001618|
|         325|   -7.613493|   -7.053131|    0.325986|    0.001618|
|         326|   -7.627864|   -7.068175|    0.325990|    0.001618|
|         327|   -7.642164|   -7.083064|    0.325993|    0.001617|
|         328|   -7.656376|   -7.097782|    0.325997|    0.001617|
|         329|   -7.670409|   -7.112317|    0.326000|    0.001617|
|         330|   -7.684238|   -7.126733|    0.326003|    0.001617|
|         331|   -7.697814|   -7.141021|    0.326007|    0.001617|
|         332|   -7.710997|   -7.155001|    0.326010|    0.001617|
|         333|   -7.723615|   -7.168429|    0.326013|    0.001617|
|         334|   -7.735531|   -7.181112|    0.326016|    0.001617|
|         335|   -7.746665|   -7.192936|    0.326019|    0.001617|
|         336|   -7.756990|   -7.203858|    0.326021|    0.001617|
|         337|   -7.766527|   -7.213898|    0.326024|    0.001617|
|         338|   -7.775343|   -7.223131|    0.326027|    0.001617|
|         339|   -7.783536|   -7.231671|    0.326029|    0.001617|
|         340|   -7.791220|   -7.239643|    0.326031|    0.001617|
|         341|   -7.798514|   -7.247178|    0.326034|    0.001617|
|         342|   -7.805532|   -7.254396|    0.326036|    0.001617|
|         343|   -7.812371|   -7.261400|    0.326038|    0.001617|
|         344|   -7.819116|   -7.268280|    0.326040|    0.001617|
|         345|   -7.825839|   -7.275108|    0.326042|    0.001617|
|         346|   -7.832596|   -7.281940|    0.326043|    0.001617|
|         347|   -7.839431|   -7.288817|    0.326045|    0.001617|
|         348|   -7.846373|   -7.295766|    0.326047|    0.001617|
|         349|   -7.853443|   -7.302804|    0.326048|    0.001617|
|         350|   -7.860651|   -7.309939|    0.326050|    0.001617|
|         351|   -7.868001|   -7.317175|    0.326052|    0.001616|
+-----------------------------------------------------------------------+
|Fixed CL Mode                           |Value                         |
+-----------------------------------------------------------------------+
|Current CL                              |0.326052                      |
|Target CL                               |0.326                         |
|Previous AOA                            |0.542055                      |
|Changed AoA by                          |-0.000250239                  |
+-----------------------------------------------------------------------+
+----------------------------------------------------------------+
|  Inner_Iter|    rms[Rho]|   rms[RhoE]|          CL|          CD|
+----------------------------------------------------------------+
|         352|   -6.413270|   -5.806729|    0.326053|    0.001616|
|         353|   -6.710637|   -6.100084|    0.326052|    0.001616|
|         354|   -6.951433|   -6.358030|    0.326046|    0.001616|
|         355|   -7.147791|   -6.538396|    0.326037|    0.001615|
|         356|   -7.304324|   -6.707461|    0.326028|    0.001615|
|         357|   -7.395495|   -6.800520|    0.326023|    0.001615|
|         358|   -7.520088|   -6.924106|    0.326023|    0.001615|
|         359|   -7.548588|   -6.951191|    0.326024|    0.001615|
|         360|   -7.597030|   -6.998873|    0.326023|    0.001615|
|         361|   -7.700193|   -7.109706|    0.326022|    0.001615|
|         362|   -7.766050|   -7.184366|    0.326020|    0.001615|
|         363|   -7.790411|   -7.207527|    0.326019|    0.001615|
|         364|   -7.837508|   -7.255601|    0.326018|    0.001615|
|         365|   -7.898493|   -7.323519|    0.326017|    0.001615|
|         366|   -7.939972|   -7.370919|    0.326016|    0.001615|
|         367|   -7.968732|   -7.401284|    0.326015|    0.001615|
|         368|   -7.996066|   -7.428687|    0.326014|    0.001615|
|         369|   -8.021621|   -7.454714|    0.326013|    0.001615|
|         370|   -8.045514|   -7.479877|    0.326012|    0.001615|
|         371|   -8.069006|   -7.505074|    0.326012|    0.001615|
|         372|   -8.091416|   -7.529024|    0.326011|    0.001615|
|         373|   -8.111635|   -7.550216|    0.326010|    0.001615|
|         374|   -8.129984|   -7.569094|    0.326009|    0.001615|
|         375|   -8.147518|   -7.587022|    0.326008|    0.001615|
|         376|   -8.164947|   -7.604808|    0.326007|    0.001615|
|         377|   -8.182507|   -7.622658|    0.326007|    0.001615|
|         378|   -8.200173|   -7.640556|    0.326006|    0.001615|
|         379|   -8.217855|   -7.658485|    0.326005|    0.001615|
|         380|   -8.235509|   -7.676487|    0.326004|    0.001615|
|         381|   -8.253072|   -7.694542|    0.326003|    0.001615|
|         382|   -8.270387|   -7.712469|    0.326002|    0.001615|
|         383|   -8.287246|   -7.730000|    0.326002|    0.001615|
|         384|   -8.303456|   -7.746892|    0.326001|    0.001615|
|         385|   -8.318867|   -7.762960|    0.326000|    0.001615|
|         386|   -8.333370|   -7.778074|    0.325999|    0.001615|
|         387|   -8.346908|   -7.792167|    0.325999|    0.001615|
|         388|   -8.359477|   -7.805239|    0.325998|    0.001615|
|         389|   -8.371124|   -7.817343|    0.325997|    0.001615|
|         390|   -8.381932|   -7.828571|    0.325997|    0.001615|
|         391|   -8.392004|   -7.839034|    0.325996|    0.001615|
|         392|   -8.401455|   -7.848848|    0.325996|    0.001615|
|         393|   -8.410393|   -7.858125|    0.325995|    0.001615|
|         394|   -8.418920|   -7.866965|    0.325995|    0.001615|
|         395|   -8.427126|   -7.875455|    0.325994|    0.001615|
|         396|   -8.435088|   -7.883668|    0.325994|    0.001615|
|         397|   -8.442870|   -7.891662|    0.325993|    0.001615|
|         398|   -8.450522|   -7.899478|    0.325993|    0.001615|
|         399|   -8.458080|   -7.907145|    0.325992|    0.001615|
|         400|   -8.465569|   -7.914685|    0.325992|    0.001615|
|         401|   -8.473007|   -7.922113|    0.325991|    0.001616|
+-----------------------------------------------------------------------+
|Fixed CL Mode                           |Value                         |
+-----------------------------------------------------------------------+
|Current CL                              |0.325991                      |
|Target CL                               |0.326                         |
|Previous AOA                            |0.541805                      |
|Changed AoA by                          |4.13345e-05                   |
+-----------------------------------------------------------------------+
+----------------------------------------------------------------+
|  Inner_Iter|    rms[Rho]|   rms[RhoE]|          CL|          CD|
+----------------------------------------------------------------+
|         402|   -7.194868|   -6.588469|    0.325991|    0.001616|
|         403|   -7.491791|   -6.881374|    0.325991|    0.001616|
|         404|   -7.730029|   -7.137059|    0.325992|    0.001616|
|         405|   -7.922065|   -7.314410|    0.325993|    0.001616|
|         406|   -8.070596|   -7.476572|    0.325995|    0.001616|
|         407|   -8.154593|   -7.563434|    0.325995|    0.001616|
|         408|   -8.265178|   -7.675247|    0.325995|    0.001616|
|         409|   -8.291362|   -7.700559|    0.325995|    0.001616|
|         410|   -8.333374|   -7.742858|    0.325995|    0.001616|
|         411|   -8.416443|   -7.834696|    0.325995|    0.001616|
|         412|   -8.467395|   -7.893642|    0.325995|    0.001616|
|         413|   -8.488188|   -7.913768|    0.325995|    0.001616|
|         414|   -8.523524|   -7.950494|    0.325995|    0.001616|
|         415|   -8.566712|   -7.999319|    0.325995|    0.001616|
|         416|   -8.597843|   -8.034803|    0.325995|    0.001616|
|         417|   -8.621269|   -8.059564|    0.325995|    0.001616|
|         418|   -8.643450|   -8.081875|    0.325996|    0.001616|
|         419|   -8.665100|   -8.103682|    0.325996|    0.001616|
|         420|   -8.686584|   -8.125696|    0.325996|    0.001616|
|         421|   -8.708286|   -8.148153|    0.325996|    0.001616|
|         422|   -8.729761|   -8.170266|    0.325996|    0.001616|
|         423|   -8.750531|   -8.191327|    0.325996|    0.001616|
|         424|   -8.770810|   -8.211595|    0.325996|    0.001616|
|         425|   -8.791165|   -8.231794|    0.325996|    0.001616|
|         426|   -8.811992|   -8.252398|    0.325996|    0.001616|
|         427|   -8.833451|   -8.273570|    0.325996|    0.001616|
|         428|   -8.855561|   -8.295349|    0.325996|    0.001616|
|         429|   -8.878311|   -8.317765|    0.325996|    0.001616|
|         430|   -8.901711|   -8.340873|    0.325996|    0.001616|
|         431|   -8.925763|   -8.364702|    0.325997|    0.001616|
|         432|   -8.950415|   -8.389192|    0.325997|    0.001616|
|         433|   -8.975566|   -8.414220|    0.325997|    0.001616|
|         434|   -9.001102|   -8.439651|    0.325997|    0.001616|
|         435|   -9.026898|   -8.465347|    0.325997|    0.001616|
|         436|   -9.052817|   -8.491164|    0.325997|    0.001616|
|         437|   -9.078714|   -8.516957|    0.325997|    0.001616|
|         438|   -9.104453|   -8.542601|    0.325997|    0.001616|
|         439|   -9.129908|   -8.567989|    0.325997|    0.001616|
|         440|   -9.154972|   -8.593036|    0.325997|    0.001616|
|         441|   -9.179549|   -8.617672|    0.325998|    0.001616|
|         442|   -9.203556|   -8.641840|    0.325998|    0.001616|
|         443|   -9.226915|   -8.665479|    0.325998|    0.001616|
|         444|   -9.249544|   -8.688523|    0.325998|    0.001616|
|         445|   -9.271359|   -8.710892|    0.325998|    0.001616|
|         446|   -9.292268|   -8.732485|    0.325998|    0.001616|
|         447|   -9.312173|   -8.753184|    0.325998|    0.001616|
|         448|   -9.330965|   -8.772849|    0.325998|    0.001616|
|         449|   -9.348532|   -8.791327|    0.325998|    0.001616|
|         450|   -9.364762|   -8.808459|    0.325998|    0.001616|
|         451|   -9.379563|   -8.824109|    0.325998|    0.001616|
+-----------------------------------------------------------------------+
|Fixed CL Mode                           |Value                         |
+-----------------------------------------------------------------------+
|Current CL                              |0.325998                      |
|Target CL                               |0.326                         |
|Previous AOA                            |0.541847                      |
|Changed AoA by                          |8.85155e-06                   |
+-----------------------------------------------------------------------+
+----------------------------------------------------------------+
|  Inner_Iter|    rms[Rho]|   rms[RhoE]|          CL|          CD|
+----------------------------------------------------------------+
|         452|   -7.865085|   -7.258287|    0.325998|    0.001616|
|         453|   -8.161032|   -7.550946|    0.325998|    0.001616|
|         454|   -8.403141|   -7.810178|    0.325999|    0.001616|
|         455|   -8.598545|   -7.989256|    0.325999|    0.001616|
|         456|   -8.757149|   -8.159700|    0.326000|    0.001616|
|         457|   -8.849421|   -8.253829|    0.326000|    0.001616|
|         458|   -8.971291|   -8.375243|    0.326000|    0.001616|
|         459|   -8.994717|   -8.398266|    0.326000|    0.001616|
|         460|   -9.038019|   -8.441906|    0.326000|    0.001616|
|         461|   -9.127776|   -8.541103|    0.326000|    0.001616|
|         462|   -9.176702|   -8.599907|    0.326000|    0.001616|
|         463|   -9.190061|   -8.613964|    0.326001|    0.001616|
|         464|   -9.222068|   -8.649188|    0.326001|    0.001616|
|         465|   -9.256345|   -8.690153|    0.326001|    0.001616|
|         466|   -9.271049|   -8.708577|    0.326001|    0.001616|
|         467|   -9.277827|   -8.716560|    0.326001|    0.001616|
|         468|   -9.283922|   -8.723854|    0.326001|    0.001616|
|         469|   -9.288564|   -8.729935|    0.326001|    0.001616|
|         470|   -9.292105|   -8.734836|    0.326001|    0.001616|
|         471|   -9.295330|   -8.739203|    0.326001|    0.001616|
|         472|   -9.298174|   -8.742882|    0.326001|    0.001616|
|         473|   -9.300620|   -8.745870|    0.326002|    0.001616|
|         474|   -9.303055|   -8.748706|    0.326002|    0.001616|
|         475|   -9.305871|   -8.751888|    0.326002|    0.001616|
|         476|   -9.309247|   -8.755593|    0.326002|    0.001616|
|         477|   -9.313207|   -8.759814|    0.326002|    0.001616|
|         478|   -9.317709|   -8.764509|    0.326002|    0.001616|
|         479|   -9.322719|   -8.769671|    0.326002|    0.001616|
|         480|   -9.328221|   -8.775310|    0.326002|    0.001616|
|         481|   -9.334182|   -8.781404|    0.326002|    0.001616|
|         482|   -9.340548|   -8.787891|    0.326002|    0.001616|
|         483|   -9.347271|   -8.794708|    0.326002|    0.001616|
|         484|   -9.354320|   -8.801818|    0.326002|    0.001616|
|         485|   -9.361682|   -8.809210|    0.326002|    0.001616|
|         486|   -9.369353|   -8.816883|    0.326002|    0.001616|
|         487|   -9.377335|   -8.824846|    0.326002|    0.001616|
|         488|   -9.385633|   -8.833110|    0.326002|    0.001616|
|         489|   -9.394256|   -8.841687|    0.326002|    0.001616|
|         490|   -9.403210|   -8.850584|    0.326002|    0.001616|
|         491|   -9.412497|   -8.859805|    0.326002|    0.001616|
|         492|   -9.422121|   -8.869351|    0.326002|    0.001616|
|         493|   -9.432079|   -8.879223|    0.326002|    0.001616|
|         494|   -9.442372|   -8.889419|    0.326002|    0.001616|
|         495|   -9.452996|   -8.899939|    0.326003|    0.001616|
|         496|   -9.463952|   -8.910781|    0.326003|    0.001616|
|         497|   -9.475237|   -8.921947|    0.326003|    0.001616|
|         498|   -9.486851|   -8.933435|    0.326003|    0.001616|
|         499|   -9.498795|   -8.945246|    0.326003|    0.001616|
|         500|   -9.511067|   -8.957381|    0.326003|    0.001616|
+-----------------------------------------------------------------------+
|        File Writing Summary       |              Filename             |
+-----------------------------------------------------------------------+
|SU2 binary restart                 |restart_flow.dat                   |
Writing Flow Meta-Data file: flow.meta
|Paraview                           |flow.vtu                           |
Writing Flow Meta-Data file: flow.meta
|Paraview surface                   |surface_flow.vtu                   |
Writing Flow Meta-Data file: flow.meta
|CSV file                           |surface_flow.csv                   |
Writing Flow Meta-Data file: flow.meta
+-----------------------------------------------------------------------+
+----------------------------------------------------------------+
|  Inner_Iter|    rms[Rho]|   rms[RhoE]|          CL|          CD|
+----------------------------------------------------------------+
|         501|   -9.523667|   -8.969839|    0.326003|    0.001616|
+-----------------------------------------------------------------------+
|Fixed CL Mode                           |Value                         |
+-----------------------------------------------------------------------+
|Current CL                              |0.326003                      |
|Target CL                               |0.326                         |
|Previous AOA                            |0.541855                      |
|Changed AoA by                          |-1.30652e-05                  |
+-----------------------------------------------------------------------+
+----------------------------------------------------------------+
|  Inner_Iter|    rms[Rho]|   rms[RhoE]|          CL|          CD|
+----------------------------------------------------------------+
|         502|   -7.695867|   -7.089192|    0.326003|    0.001616|
|         503|   -7.993260|   -7.382706|    0.326003|    0.001616|
|         504|   -8.235890|   -7.642291|    0.326002|    0.001616|
|         505|   -8.434880|   -7.824370|    0.326002|    0.001616|
|         506|   -8.597223|   -7.998291|    0.326001|    0.001616|
|         507|   -8.693737|   -8.095867|    0.326001|    0.001616|
|         508|   -8.828743|   -8.227859|    0.326001|    0.001616|
|         509|   -8.858248|   -8.255640|    0.326001|    0.001616|
|         510|   -8.911270|   -8.306978|    0.326001|    0.001616|
|         511|   -9.030896|   -8.432500|    0.326001|    0.001616|
|         512|   -9.109122|   -8.519677|    0.326000|    0.001616|
|         513|   -9.134668|   -8.543813|    0.326000|    0.001616|
|         514|   -9.192515|   -8.601996|    0.326000|    0.001616|
|         515|   -9.270272|   -8.687194|    0.326000|    0.001616|
|         516|   -9.316848|   -8.740826|    0.326000|    0.001616|
|         517|   -9.343695|   -8.769512|    0.326000|    0.001616|
|         518|   -9.368871|   -8.795351|    0.326000|    0.001616|
|         519|   -9.389114|   -8.817483|    0.326000|    0.001616|
|         520|   -9.404269|   -8.835672|    0.326000|    0.001616|
|         521|   -9.417338|   -8.852139|    0.326000|    0.001616|
|         522|   -9.427823|   -8.865576|    0.326000|    0.001616|
|         523|   -9.434661|   -8.874500|    0.326000|    0.001616|
|         524|   -9.438863|   -8.880214|    0.325999|    0.001616|
|         525|   -9.442057|   -8.884733|    0.325999|    0.001616|
|         526|   -9.445190|   -8.889053|    0.325999|    0.001616|
|         527|   -9.448572|   -8.893414|    0.325999|    0.001616|
|         528|   -9.452196|   -8.897822|    0.325999|    0.001616|
|         529|   -9.456014|   -8.902311|    0.325999|    0.001616|
|         530|   -9.460043|   -8.906983|    0.325999|    0.001616|
|         531|   -9.464269|   -8.911853|    0.325999|    0.001616|
|         532|   -9.468613|   -8.916807|    0.325999|    0.001616|
|         533|   -9.472993|   -8.921713|    0.325999|    0.001616|
|         534|   -9.477368|   -8.926508|    0.325999|    0.001616|
|         535|   -9.481743|   -8.931194|    0.325999|    0.001616|
|         536|   -9.486147|   -8.935811|    0.325999|    0.001616|
|         537|   -9.490627|   -8.940421|    0.325999|    0.001616|
|         538|   -9.495240|   -8.945098|    0.325999|    0.001616|
|         539|   -9.500042|   -8.949914|    0.325999|    0.001616|
|         540|   -9.505088|   -8.954934|    0.325999|    0.001616|
|         541|   -9.510420|   -8.960210|    0.325999|    0.001616|
|         542|   -9.516075|   -8.965781|    0.325999|    0.001616|
|         543|   -9.522077|   -8.971678|    0.325999|    0.001616|
|         544|   -9.528443|   -8.977921|    0.325999|    0.001616|
|         545|   -9.535185|   -8.984526|    0.325998|    0.001616|
|         546|   -9.542312|   -8.991502|    0.325998|    0.001616|
|         547|   -9.549825|   -8.998854|    0.325998|    0.001616|
|         548|   -9.557726|   -9.006582|    0.325998|    0.001616|
|         549|   -9.566010|   -9.014681|    0.325998|    0.001616|
|         550|   -9.574669|   -9.023143|    0.325998|    0.001616|
|         551|   -9.583693|   -9.031959|    0.325998|    0.001616|
+-----------------------------------------------------------------------+
|Fixed CL Mode                           |Value                         |
+-----------------------------------------------------------------------+
|Current CL                              |0.325998                      |
|Target CL                               |0.326                         |
|Previous AOA                            |0.541842                      |
|Changed AoA by                          |8.23863e-06                   |
+-----------------------------------------------------------------------+
+----------------------------------------------------------------+
|  Inner_Iter|    rms[Rho]|   rms[RhoE]|          CL|          CD|
+----------------------------------------------------------------+
|         552|   -7.896042|   -7.289402|    0.325998|    0.001616|
|         553|   -8.193487|   -7.582914|    0.325998|    0.001616|
|         554|   -8.435724|   -7.842144|    0.325999|    0.001616|
|         555|   -8.634255|   -8.023951|    0.325999|    0.001616|
|         556|   -8.795401|   -8.196889|    0.325999|    0.001616|
|         557|   -8.890839|   -8.293561|    0.325999|    0.001616|
|         558|   -9.023896|   -8.424005|    0.325999|    0.001616|
|         559|   -9.053419|   -8.451817|    0.325999|    0.001616|
|         560|   -9.105740|   -8.502599|    0.325999|    0.001616|
|         561|   -9.222593|   -8.625674|    0.326000|    0.001616|
|         562|   -9.299120|   -8.711077|    0.326000|    0.001616|
|         563|   -9.325119|   -8.735564|    0.326000|    0.001616|
|         564|   -9.381592|   -8.792345|    0.326000|    0.001616|
|         565|   -9.457702|   -8.875722|    0.326000|    0.001616|
|         566|   -9.505797|   -8.930697|    0.326000|    0.001616|
|         567|   -9.535541|   -8.962154|    0.326000|    0.001616|
|         568|   -9.563824|   -8.990694|    0.326000|    0.001616|
|         569|   -9.588022|   -9.016197|    0.326000|    0.001616|
|         570|   -9.607789|   -9.038500|    0.326000|    0.001616|
|         571|   -9.625772|   -9.059553|    0.326000|    0.001616|
|         572|   -9.641290|   -9.077838|    0.326000|    0.001616|
|         573|   -9.652968|   -9.091480|    0.326000|    0.001616|
|         574|   -9.661605|   -9.101524|    0.326000|    0.001616|
|         575|   -9.668843|   -9.110015|    0.326000|    0.001616|
|         576|   -9.675695|   -9.118029|    0.326000|    0.001616|
|         577|   -9.682512|   -9.125839|    0.326000|    0.001616|
|         578|   -9.689300|   -9.133453|    0.326000|    0.001616|
|         579|   -9.696008|   -9.140903|    0.326000|    0.001616|
|         580|   -9.702657|   -9.148301|    0.326000|    0.001616|
|         581|   -9.709240|   -9.155668|    0.326000|    0.001616|
|         582|   -9.715673|   -9.162876|    0.326000|    0.001616|
|         583|   -9.721860|   -9.169766|    0.326000|    0.001616|
|         584|   -9.727752|   -9.176249|    0.326000|    0.001616|
|         585|   -9.733351|   -9.182318|    0.326001|    0.001616|
|         586|   -9.738697|   -9.188016|    0.326001|    0.001616|
|         587|   -9.743854|   -9.193422|    0.326001|    0.001616|
|         588|   -9.748902|   -9.198635|    0.326001|    0.001616|
|         589|   -9.753929|   -9.203762|    0.326001|    0.001616|
|         590|   -9.759019|   -9.208899|    0.326001|    0.001616|
|         591|   -9.764245|   -9.214131|    0.326001|    0.001616|
|         592|   -9.769668|   -9.219527|    0.326001|    0.001616|
|         593|   -9.775336|   -9.225140|    0.326001|    0.001616|
|         594|   -9.781285|   -9.231011|    0.326001|    0.001616|
|         595|   -9.787541|   -9.237170|    0.326001|    0.001616|
|         596|   -9.794124|   -9.243638|    0.326001|    0.001616|
|         597|   -9.801045|   -9.250428|    0.326001|    0.001616|
|         598|   -9.808310|   -9.257546|    0.326001|    0.001616|
|         599|   -9.815919|   -9.264989|    0.326001|    0.001616|
|         600|   -9.823866|   -9.272752|    0.326001|    0.001616|
|         601|   -9.832142|   -9.280827|    0.326001|    0.001616|
+-----------------------------------------------------------------------+
|Fixed CL Mode                           |Value                         |
+-----------------------------------------------------------------------+
|Current CL                              |0.326001                      |
|Target CL                               |0.326                         |
|Previous AOA                            |0.541851                      |
|Changed AoA by                          |-4.05076e-06                  |
+-----------------------------------------------------------------------+
+----------------------------------------------------------------+
|  Inner_Iter|    rms[Rho]|   rms[RhoE]|          CL|          CD|
+----------------------------------------------------------------+
|         602|   -8.204310|   -7.597690|    0.326001|    0.001616|
|         603|   -8.501762|   -7.891186|    0.326001|    0.001616|
|         604|   -8.743751|   -8.150193|    0.326001|    0.001616|
|         605|   -8.941946|   -8.331787|    0.326001|    0.001616|
|         606|   -9.102310|   -8.504076|    0.326000|    0.001616|
|         607|   -9.197028|   -8.600141|    0.326000|    0.001616|
|         608|   -9.328695|   -8.729471|    0.326000|    0.001616|
|         609|   -9.358118|   -8.757220|    0.326000|    0.001616|
|         610|   -9.409848|   -8.807535|    0.326000|    0.001616|
|         611|   -9.524488|   -8.928660|    0.326000|    0.001616|
|         612|   -9.599365|   -9.012408|    0.326000|    0.001616|
|         613|   -9.625293|   -9.036839|    0.326000|    0.001616|
|         614|   -9.680301|   -9.092250|    0.326000|    0.001616|
|         615|   -9.754108|   -9.173282|    0.326000|    0.001616|
|         616|   -9.801730|   -9.227643|    0.326000|    0.001616|
|         617|   -9.832087|   -9.259680|    0.326000|    0.001616|
|         618|   -9.861036|   -9.288766|    0.326000|    0.001616|
|         619|   -9.886449|   -9.315224|    0.326000|    0.001616|
|         620|   -9.908010|   -9.339015|    0.326000|    0.001616|
|         621|   -9.928081|   -9.361877|    0.326000|    0.001616|
|         622|   -9.945931|   -9.382268|    0.326000|    0.001616|
|         623|   -9.960118|   -9.398245|    0.326000|    0.001616|
|         624|   -9.971298|   -9.410680|    0.326000|    0.001616|
|         625|   -9.981030|   -9.421529|    0.326000|    0.001616|
|         626|   -9.990297|   -9.431850|    0.326000|    0.001616|
|         627|   -9.999443|   -9.441912|    0.326000|    0.001616|
|         628|  -10.008467|   -9.451713|    0.326000|    0.001616|
|         629|  -10.017307|   -9.461273|    0.326000|    0.001616|
|         630|  -10.025974|   -9.470693|    0.326000|    0.001616|
|         631|  -10.034453|   -9.479988|    0.326000|    0.001616|
|         632|  -10.042648|   -9.489016|    0.326000|    0.001616|
|         633|  -10.050445|   -9.497593|    0.326000|    0.001616|
|         634|  -10.057778|   -9.505605|    0.326000|    0.001616|
|         635|  -10.064637|   -9.513025|    0.326000|    0.001616|
|         636|  -10.071057|   -9.519884|    0.326000|    0.001616|
|         637|  -10.077101|   -9.526260|    0.326000|    0.001616|
|         638|  -10.082861|   -9.532260|    0.326000|    0.001616|
|         639|  -10.088436|   -9.538002|    0.326000|    0.001616|
|         640|  -10.093928|   -9.543602|    0.326000|    0.001616|
|         641|  -10.099427|   -9.549164|    0.326000|    0.001616|
|         642|  -10.105014|   -9.554776|    0.326000|    0.001616|
|         643|  -10.110751|   -9.560507|    0.326000|    0.001616|
|         644|  -10.116689|   -9.566411|    0.326000|    0.001616|
|         645|  -10.122866|   -9.572532|    0.326000|    0.001616|
|         646|  -10.129309|   -9.578898|    0.326000|    0.001616|
|         647|  -10.136039|   -9.585531|    0.326000|    0.001616|
|         648|  -10.143067|   -9.592441|    0.326000|    0.001616|
|         649|  -10.150397|   -9.599629|    0.326000|    0.001616|
|         650|  -10.158026|   -9.607094|    0.326000|    0.001616|
|         651|  -10.165948|   -9.614828|    0.326000|    0.001616|
|         652|  -10.174156|   -9.622825|    0.326000|    0.001616|
|         653|  -10.182645|   -9.631082|    0.326000|    0.001616|
|         654|  -10.191411|   -9.639599|    0.326000|    0.001616|
|         655|  -10.200459|   -9.648385|    0.326000|    0.001616|
|         656|  -10.209795|   -9.657452|    0.326000|    0.001616|
|         657|  -10.219431|   -9.666817|    0.326000|    0.001616|
|         658|  -10.229382|   -9.676500|    0.326000|    0.001616|
|         659|  -10.239662|   -9.686521|    0.326000|    0.001616|
|         660|  -10.250285|   -9.696896|    0.326000|    0.001616|
|         661|  -10.261263|   -9.707638|    0.326000|    0.001616|
|         662|  -10.272603|   -9.718754|    0.326000|    0.001616|
|         663|  -10.284308|   -9.730244|    0.326000|    0.001616|
|         664|  -10.296381|   -9.742107|    0.326000|    0.001616|
|         665|  -10.308818|   -9.754335|    0.326000|    0.001616|
|         666|  -10.321616|   -9.766923|    0.326000|    0.001616|
|         667|  -10.334774|   -9.779863|    0.326000|    0.001616|
|         668|  -10.348289|   -9.793153|    0.326000|    0.001616|
|         669|  -10.362164|   -9.806793|    0.326000|    0.001616|
|         670|  -10.376403|   -9.820789|    0.326000|    0.001616|
|         671|  -10.391015|   -9.835152|    0.326000|    0.001616|
|         672|  -10.406012|   -9.849894|    0.326000|    0.001616|
|         673|  -10.421405|   -9.865033|    0.326000|    0.001616|
|         674|  -10.437209|   -9.880584|    0.326000|    0.001616|
|         675|  -10.453435|   -9.896562|    0.326000|    0.001616|
|         676|  -10.470095|   -9.912980|    0.326000|    0.001616|
|         677|  -10.487195|   -9.929846|    0.326000|    0.001616|
|         678|  -10.504737|   -9.947161|    0.326000|    0.001616|
|         679|  -10.522718|   -9.964922|    0.326000|    0.001616|
|         680|  -10.541131|   -9.983120|    0.326000|    0.001616|
|         681|  -10.559964|  -10.001742|    0.326000|    0.001616|
|         682|  -10.579203|  -10.020772|    0.326000|    0.001616|
|         683|  -10.598828|  -10.040192|    0.326000|    0.001616|
|         684|  -10.618821|  -10.059981|    0.326000|    0.001616|
|         685|  -10.639162|  -10.080121|    0.326000|    0.001616|
|         686|  -10.659832|  -10.100593|    0.326000|    0.001616|
|         687|  -10.680812|  -10.121383|    0.326000|    0.001616|
|         688|  -10.702083|  -10.142473|    0.326000|    0.001616|
|         689|  -10.723630|  -10.163851|    0.326000|    0.001616|
|         690|  -10.745434|  -10.185502|    0.326000|    0.001616|
|         691|  -10.767478|  -10.207413|    0.326000|    0.001616|
|         692|  -10.789746|  -10.229567|    0.326000|    0.001616|
|         693|  -10.812219|  -10.251948|    0.326000|    0.001616|
|         694|  -10.834875|  -10.274536|    0.326000|    0.001616|
|         695|  -10.857696|  -10.297310|    0.326000|    0.001616|
|         696|  -10.880658|  -10.320249|    0.326000|    0.001616|
|         697|  -10.903739|  -10.343330|    0.326000|    0.001616|
|         698|  -10.926917|  -10.366528|    0.326000|    0.001616|
|         699|  -10.950171|  -10.389822|    0.326000|    0.001616|
|         700|  -10.973481|  -10.413191|    0.326000|    0.001616|
|         701|  -10.996830|  -10.436616|    0.326000|    0.001616|
|         702|  -11.020201|  -10.460079|    0.326000|    0.001616|
|         703|  -11.043581|  -10.483568|    0.326000|    0.001616|
|         704|  -11.066959|  -10.507070|    0.326000|    0.001616|
|         705|  -11.090326|  -10.530576|    0.326000|    0.001616|
|         706|  -11.113674|  -10.554075|    0.326000|    0.001616|
|         707|  -11.136994|  -10.577559|    0.326000|    0.001616|
|         708|  -11.160280|  -10.601019|    0.326000|    0.001616|
|         709|  -11.183522|  -10.624444|    0.326000|    0.001616|
|         710|  -11.206714|  -10.647823|    0.326000|    0.001616|
|         711|  -11.229843|  -10.671142|    0.326000|    0.001616|
|         712|  -11.252899|  -10.694388|    0.326000|    0.001616|
|         713|  -11.275869|  -10.717545|    0.326000|    0.001616|
|         714|  -11.298738|  -10.740597|    0.326000|    0.001616|
|         715|  -11.321494|  -10.763528|    0.326000|    0.001616|
|         716|  -11.344117|  -10.786321|    0.326000|    0.001616|
|         717|  -11.366590|  -10.808957|    0.326000|    0.001616|
|         718|  -11.388890|  -10.831417|    0.326000|    0.001616|
|         719|  -11.410993|  -10.853677|    0.326000|    0.001616|
|         720|  -11.432869|  -10.875712|    0.326000|    0.001616|
|         721|  -11.454481|  -10.897491|    0.326000|    0.001616|
|         722|  -11.475788|  -10.918974|    0.326000|    0.001616|
|         723|  -11.496742|  -10.940120|    0.326000|    0.001616|
|         724|  -11.517284|  -10.960875|    0.326000|    0.001616|
|         725|  -11.537352|  -10.981179|    0.326000|    0.001616|
|         726|  -11.556874|  -11.000964|    0.326000|    0.001616|
|         727|  -11.575773|  -11.020155|    0.326000|    0.001616|
|         728|  -11.593968|  -11.038671|    0.326000|    0.001616|
|         729|  -11.611379|  -11.056429|    0.326000|    0.001616|
|         730|  -11.627926|  -11.073346|    0.326000|    0.001616|
|         731|  -11.643539|  -11.089345|    0.326000|    0.001616|
|         732|  -11.658160|  -11.104362|    0.326000|    0.001616|
|         733|  -11.671747|  -11.118346|    0.326000|    0.001616|
|         734|  -11.684280|  -11.131265|    0.326000|    0.001616|
|         735|  -11.695760|  -11.143114|    0.326000|    0.001616|
|         736|  -11.706215|  -11.153910|    0.326000|    0.001616|
|         737|  -11.715694|  -11.163695|    0.326000|    0.001616|
|         738|  -11.724271|  -11.172539|    0.326000|    0.001616|
|         739|  -11.732034|  -11.180524|    0.326000|    0.001616|
|         740|  -11.739089|  -11.187755|    0.326000|    0.001616|
|         741|  -11.745545|  -11.194341|    0.326000|    0.001616|
|         742|  -11.751523|  -11.200404|    0.326000|    0.001616|
|         743|  -11.757140|  -11.206065|    0.326000|    0.001616|
|         744|  -11.762509|  -11.211439|    0.326000|    0.001616|
|         745|  -11.767739|  -11.216638|    0.326000|    0.001616|
|         746|  -11.772931|  -11.221769|    0.326000|    0.001616|
|         747|  -11.778174|  -11.226923|    0.326000|    0.001616|
|         748|  -11.783552|  -11.232189|    0.326000|    0.001616|
|         749|  -11.789135|  -11.237639|    0.326000|    0.001616|
|         750|  -11.794985|  -11.243337|    0.326000|    0.001616|
+-----------------------------------------------------------------------+
|        File Writing Summary       |              Filename             |
+-----------------------------------------------------------------------+
|SU2 binary restart                 |restart_flow.dat                   |
Writing Flow Meta-Data file: flow.meta
|Paraview                           |flow.vtu                           |
Writing Flow Meta-Data file: flow.meta
|Paraview surface                   |surface_flow.vtu                   |
Writing Flow Meta-Data file: flow.meta
|CSV file                           |surface_flow.csv                   |
Writing Flow Meta-Data file: flow.meta
+-----------------------------------------------------------------------+
+----------------------------------------------------------------+
|  Inner_Iter|    rms[Rho]|   rms[RhoE]|          CL|          CD|
+----------------------------------------------------------------+
|         751|  -11.801156|  -11.249340|    0.326000|    0.001616|
|         752|  -11.807690|  -11.255692|    0.326000|    0.001616|
|         753|  -11.814625|  -11.262431|    0.326000|    0.001616|
|         754|  -11.821990|  -11.269590|    0.326000|    0.001616|
|         755|  -11.829808|  -11.277191|    0.326000|    0.001616|
|         756|  -11.838097|  -11.285253|    0.326000|    0.001616|
|         757|  -11.846868|  -11.293788|    0.326000|    0.001616|
|         758|  -11.856128|  -11.302804|    0.326000|    0.001616|
|         759|  -11.865882|  -11.312307|    0.326000|    0.001616|
|         760|  -11.876129|  -11.322296|    0.326000|    0.001616|
|         761|  -11.886865|  -11.332768|    0.326000|    0.001616|
|         762|  -11.898082|  -11.343719|    0.326000|    0.001616|
|         763|  -11.909772|  -11.355139|    0.326000|    0.001616|
|         764|  -11.921921|  -11.367017|    0.326000|    0.001616|
|         765|  -11.934517|  -11.379343|    0.326000|    0.001616|
|         766|  -11.947539|  -11.392097|    0.326000|    0.001616|
|         767|  -11.960971|  -11.405267|    0.326000|    0.001616|
|         768|  -11.974791|  -11.418831|    0.326000|    0.001616|
|         769|  -11.988975|  -11.432769|    0.326000|    0.001616|
|         770|  -12.003501|  -11.447059|    0.326000|    0.001616|
|         771|  -12.018343|  -11.461680|    0.326000|    0.001616|
|         772|  -12.033476|  -11.476607|    0.326000|    0.001616|
|         773|  -12.048870|  -11.491814|    0.326000|    0.001616|
|         774|  -12.064501|  -11.507277|    0.326000|    0.001616|
|         775|  -12.080338|  -11.522967|    0.326000|    0.001616|
|         776|  -12.096357|  -11.538861|    0.326000|    0.001616|
|         777|  -12.112531|  -11.554933|    0.326000|    0.001616|
|         778|  -12.128835|  -11.571157|    0.326000|    0.001616|
|         779|  -12.145246|  -11.587511|    0.326000|    0.001616|
|         780|  -12.161743|  -11.603973|    0.326000|    0.001616|
|         781|  -12.178309|  -11.620523|    0.326000|    0.001616|
|         782|  -12.194928|  -11.637146|    0.326000|    0.001616|
|         783|  -12.211588|  -11.653825|    0.326000|    0.001616|
|         784|  -12.228280|  -11.670549|    0.326000|    0.001616|
|         785|  -12.245003|  -11.687315|    0.326000|    0.001616|
|         786|  -12.261752|  -11.704115|    0.326000|    0.001616|
|         787|  -12.278533|  -11.720951|    0.326000|    0.001616|
|         788|  -12.295352|  -11.737826|    0.326000|    0.001616|
|         789|  -12.312219|  -11.754749|    0.326000|    0.001616|
|         790|  -12.329148|  -11.771728|    0.326000|    0.001616|
|         791|  -12.346155|  -11.788778|    0.326000|    0.001616|
|         792|  -12.363258|  -11.805917|    0.326000|    0.001616|
|         793|  -12.380478|  -11.823161|    0.326000|    0.001616|
|         794|  -12.397840|  -11.840536|    0.326000|    0.001616|
|         795|  -12.415364|  -11.858060|    0.326000|    0.001616|
|         796|  -12.433075|  -11.875757|    0.326000|    0.001616|
|         797|  -12.451000|  -11.893654|    0.326000|    0.001616|
|         798|  -12.469162|  -11.911774|    0.326000|    0.001616|
|         799|  -12.487587|  -11.930141|    0.326000|    0.001616|
|         800|  -12.506300|  -11.948782|    0.326000|    0.001616|
|         801|  -12.525323|  -11.967720|    0.326000|    0.001616|
|         802|  -12.544680|  -11.986973|    0.326000|    0.001616|
|         803|  -12.564393|  -12.006569|    0.326000|    0.001616|
|         804|  -12.584482|  -12.026528|    0.326000|    0.001616|
|         805|  -12.604968|  -12.046868|    0.326000|    0.001616|
|         806|  -12.625872|  -12.067610|    0.326000|    0.001616|
|         807|  -12.647208|  -12.088769|    0.326000|    0.001616|
|         808|  -12.668997|  -12.110366|    0.326000|    0.001616|
|         809|  -12.691252|  -12.132412|    0.326000|    0.001616|
|         810|  -12.713990|  -12.154926|    0.326000|    0.001616|
|         811|  -12.737225|  -12.177921|    0.326000|    0.001616|
|         812|  -12.760966|  -12.201406|    0.326000|    0.001616|
|         813|  -12.785222|  -12.225388|    0.326000|    0.001616|
|         814|  -12.809996|  -12.249873|    0.326000|    0.001616|
|         815|  -12.835290|  -12.274866|    0.326000|    0.001616|
|         816|  -12.861097|  -12.300361|    0.326000|    0.001616|
|         817|  -12.887403|  -12.326345|    0.326000|    0.001616|
|         818|  -12.914194|  -12.352808|    0.326000|    0.001616|
|         819|  -12.941447|  -12.379734|    0.326000|    0.001616|
|         820|  -12.969121|  -12.407088|    0.326000|    0.001616|
|         821|  -12.997175|  -12.434832|    0.326000|    0.001616|
|         822|  -13.025552|  -12.462922|    0.326000|    0.001616|
+-----------------------------------------------------------------------+
|      Convergence Field     |     Value    |   Criterion  |  Converged |
+-----------------------------------------------------------------------+
|                    rms[Rho]|      -13.0256|         < -13|         Yes|
+-----------------------------------------------------------------------+
+-----------------------------------------------------------------------+
|        File Writing Summary       |              Filename             |
+-----------------------------------------------------------------------+
|SU2 binary restart                 |restart_flow.dat                   |
Writing Flow Meta-Data file: flow.meta
|Paraview                           |flow.vtu                           |
Writing Flow Meta-Data file: flow.meta
|Paraview surface                   |surface_flow.vtu                   |
Writing Flow Meta-Data file: flow.meta
|CSV file                           |surface_flow.csv                   |
Writing Flow Meta-Data file: flow.meta
+-----------------------------------------------------------------------+
+----------------------------------------------------------------+
|  Inner_Iter|    rms[Rho]|   rms[RhoE]|          CL|          CD|
+----------------------------------------------------------------+
|         823|  -13.054189|  -12.491299|    0.326000|    0.001621|
+-----------------------------------------------------------------------+
|Fixed CL Mode                           |Value                         |
+-----------------------------------------------------------------------+
|Current CL                              |0.326                         |
|Target CL                               |0.326                         |
|Previous AOA                            |0.541847                      |
|Changed AoA by (Finite Difference step) |0.001                         |
+-----------------------------------------------------------------------+
+----------------------------------------------------------------+
|  Inner_Iter|    rms[Rho]|   rms[RhoE]|          CL|          CD|
+----------------------------------------------------------------+
|         824|   -5.812069|   -5.205355|    0.326000|    0.001621|
|         825|   -6.109441|   -5.498910|    0.326007|    0.001621|
|         826|   -6.352479|   -5.758880|    0.326036|    0.001622|
|         827|   -6.551839|   -5.941145|    0.326081|    0.001622|
|         828|   -6.715205|   -6.115894|    0.326120|    0.001623|
|         829|   -6.812734|   -6.214363|    0.326144|    0.001623|
|         830|   -6.949576|   -6.347903|    0.326150|    0.001623|
|         831|   -6.978862|   -6.375508|    0.326151|    0.001623|
|         832|   -7.032124|   -6.427027|    0.326157|    0.001623|
|         833|   -7.153570|   -6.554239|    0.326167|    0.001624|
|         834|   -7.232614|   -6.642492|    0.326177|    0.001624|
|         835|   -7.257249|   -6.665954|    0.326186|    0.001624|
|         836|   -7.315091|   -6.724367|    0.326194|    0.001624|
|         837|   -7.391977|   -6.809025|    0.326201|    0.001624|
|         838|   -7.435160|   -6.859363|    0.326207|    0.001624|
|         839|   -7.458163|   -6.884316|    0.326213|    0.001624|
|         840|   -7.479487|   -6.906729|    0.326219|    0.001624|
|         841|   -7.495685|   -6.925301|    0.326225|    0.001624|
|         842|   -7.506828|   -6.939738|    0.326231|    0.001624|
|         843|   -7.515962|   -6.952267|    0.326236|    0.001624|
|         844|   -7.522777|   -6.961873|    0.326242|    0.001623|
|         845|   -7.526553|   -6.967548|    0.326247|    0.001623|
|         846|   -7.528379|   -6.970733|    0.326252|    0.001623|
|         847|   -7.529737|   -6.973277|    0.326257|    0.001623|
|         848|   -7.531427|   -6.976012|    0.326262|    0.001622|
|         849|   -7.533670|   -6.979094|    0.326267|    0.001622|
|         850|   -7.536422|   -6.982493|    0.326271|    0.001622|
|         851|   -7.539624|   -6.986229|    0.326276|    0.001622|
|         852|   -7.543274|   -6.990383|    0.326280|    0.001622|
|         853|   -7.547340|   -6.994951|    0.326284|    0.001622|
|         854|   -7.551731|   -6.999813|    0.326288|    0.001622|
|         855|   -7.556356|   -7.004839|    0.326292|    0.001621|
|         856|   -7.561165|   -7.009957|    0.326296|    0.001621|
|         857|   -7.566145|   -7.015157|    0.326299|    0.001621|
|         858|   -7.571309|   -7.020460|    0.326303|    0.001621|
|         859|   -7.576682|   -7.025907|    0.326306|    0.001621|
|         860|   -7.582302|   -7.031549|    0.326309|    0.001621|
|         861|   -7.588205|   -7.037434|    0.326311|    0.001621|
|         862|   -7.594424|   -7.043607|    0.326314|    0.001621|
|         863|   -7.600987|   -7.050099|    0.326317|    0.001621|
|         864|   -7.607914|   -7.056935|    0.326319|    0.001621|
|         865|   -7.615220|   -7.064132|    0.326321|    0.001621|
|         866|   -7.622912|   -7.071701|    0.326323|    0.001621|
|         867|   -7.630996|   -7.079650|    0.326325|    0.001621|
|         868|   -7.639473|   -7.087982|    0.326327|    0.001622|
|         869|   -7.648344|   -7.096699|    0.326329|    0.001622|
|         870|   -7.657606|   -7.105797|    0.326330|    0.001622|
|         871|   -7.667253|   -7.115271|    0.326332|    0.001622|
|         872|   -7.677278|   -7.125113|    0.326334|    0.001622|
|         873|   -7.687670|   -7.135313|    0.326335|    0.001622|
|         874|   -7.698419|   -7.145859|    0.326336|    0.001622|
|         875|   -7.709515|   -7.156743|    0.326338|    0.001622|
|         876|   -7.720950|   -7.167957|    0.326339|    0.001622|
|         877|   -7.732719|   -7.179498|    0.326340|    0.001621|
|         878|   -7.744820|   -7.191368|    0.326341|    0.001621|
|         879|   -7.757256|   -7.203568|    0.326342|    0.001621|
|         880|   -7.770030|   -7.216109|    0.326343|    0.001621|
|         881|   -7.783148|   -7.228996|    0.326344|    0.001621|
|         882|   -7.796617|   -7.242240|    0.326345|    0.001621|
|         883|   -7.810445|   -7.255848|    0.326346|    0.001621|
|         884|   -7.824636|   -7.269825|    0.326346|    0.001621|
|         885|   -7.839196|   -7.284175|    0.326347|    0.001621|
|         886|   -7.854127|   -7.298896|    0.326347|    0.001621|
|         887|   -7.869431|   -7.313990|    0.326348|    0.001621|
|         888|   -7.885110|   -7.329453|    0.326348|    0.001621|
|         889|   -7.901196|   -7.345318|    0.326349|    0.001621|
|         890|   -7.918231|   -7.362177|    0.326349|    0.001621|
|         891|   -7.935669|   -7.379403|    0.326350|    0.001621|
|         892|   -7.953528|   -7.397008|    0.326350|    0.001621|
|         893|   -7.971815|   -7.415021|    0.326350|    0.001621|
|         894|   -7.990538|   -7.433460|    0.326350|    0.001621|
|         895|   -8.009706|   -7.452338|    0.326351|    0.001621|
|         896|   -8.029328|   -7.471669|    0.326351|    0.001621|
|         897|   -8.049426|   -7.491474|    0.326351|    0.001621|
|         898|   -8.070020|   -7.511776|    0.326351|    0.001621|
|         899|   -8.091134|   -7.532597|    0.326351|    0.001621|
|         900|   -8.112783|   -7.553952|    0.326351|    0.001621|
|         901|   -8.134974|   -7.575848|    0.326351|    0.001621|
|         902|   -8.157708|   -7.598285|    0.326351|    0.001621|
|         903|   -8.180981|   -7.621258|    0.326351|    0.001621|
|         904|   -8.204783|   -7.644755|    0.326351|    0.001621|
|         905|   -8.229100|   -7.668763|    0.326351|    0.001621|
|         906|   -8.253916|   -7.693264|    0.326351|    0.001621|
|         907|   -8.279211|   -7.718237|    0.326351|    0.001621|
|         908|   -8.304960|   -7.743662|    0.326351|    0.001621|
|         909|   -8.331137|   -7.769516|    0.326351|    0.001621|
|         910|   -8.357715|   -7.795774|    0.326351|    0.001621|
|         911|   -8.384659|   -7.822408|    0.326351|    0.001621|
|         912|   -8.411935|   -7.849391|    0.326351|    0.001621|
|         913|   -8.439504|   -7.876689|    0.326351|    0.001621|
|         914|   -8.467319|   -7.904265|    0.326351|    0.001621|
|         915|   -8.495327|   -7.932071|    0.326351|    0.001621|
|         916|   -8.523467|   -7.960056|    0.326351|    0.001621|
|         917|   -8.551669|   -7.988155|    0.326350|    0.001621|
|         918|   -8.579854|   -8.016296|    0.326350|    0.001621|
|         919|   -8.607934|   -8.044398|    0.326350|    0.001621|
|         920|   -8.635817|   -8.072372|    0.326350|    0.001621|
|         921|   -8.663403|   -8.100124|    0.326350|    0.001621|
|         922|   -8.690591|   -8.127556|    0.326350|    0.001621|
|         923|   -8.717282|   -8.154569|    0.326349|    0.001621|
|         924|   -8.743378|   -8.181067|    0.326349|    0.001621|
|         925|   -8.768788|   -8.206957|    0.326349|    0.001621|
|         926|   -8.793432|   -8.232152|    0.326349|    0.001621|
|         927|   -8.817240|   -8.256576|    0.326349|    0.001621|
|         928|   -8.840154|   -8.280159|    0.326348|    0.001621|
|         929|   -8.862132|   -8.302845|    0.326348|    0.001621|
|         930|   -8.883146|   -8.324586|    0.326348|    0.001621|
|         931|   -8.903179|   -8.345351|    0.326348|    0.001621|
|         932|   -8.922233|   -8.365119|    0.326348|    0.001621|
|         933|   -8.940317|   -8.383884|    0.326348|    0.001621|
|         934|   -8.957455|   -8.401654|    0.326347|    0.001621|
|         935|   -8.973680|   -8.418451|    0.326347|    0.001621|
|         936|   -8.989033|   -8.434309|    0.326347|    0.001621|
|         937|   -9.003562|   -8.449273|    0.326347|    0.001621|
|         938|   -9.017319|   -8.463396|    0.326347|    0.001621|
|         939|   -9.030358|   -8.476739|    0.326347|    0.001621|
|         940|   -9.042733|   -8.489363|    0.326346|    0.001621|
|         941|   -9.054496|   -8.501331|    0.326346|    0.001621|
|         942|   -9.065697|   -8.512701|    0.326346|    0.001621|
|         943|   -9.076378|   -8.523528|    0.326346|    0.001621|
|         944|   -9.086581|   -8.533861|    0.326346|    0.001621|
|         945|   -9.096336|   -8.543740|    0.326346|    0.001621|
|         946|   -9.105673|   -8.553199|    0.326346|    0.001621|
|         947|   -9.114616|   -8.562267|    0.326346|    0.001621|
|         948|   -9.123186|   -8.570967|    0.326345|    0.001621|
|         949|   -9.131402|   -8.579317|    0.326345|    0.001621|
|         950|   -9.139284|   -8.587336|    0.326345|    0.001621|
|         951|   -9.146852|   -8.595040|    0.326345|    0.001621|
|         952|   -9.154128|   -8.602450|    0.326345|    0.001621|
|         953|   -9.161140|   -8.609585|    0.326345|    0.001621|
|         954|   -9.167915|   -8.616473|    0.326345|    0.001621|
|         955|   -9.174489|   -8.623141|    0.326345|    0.001621|
|         956|   -9.180898|   -8.629624|    0.326345|    0.001621|
|         957|   -9.187182|   -8.635959|    0.326345|    0.001621|
|         958|   -9.193385|   -8.642187|    0.326345|    0.001621|
|         959|   -9.199551|   -8.648352|    0.326344|    0.001621|
|         960|   -9.205728|   -8.654502|    0.326344|    0.001621|
|         961|   -9.211960|   -8.660682|    0.326344|    0.001621|
|         962|   -9.218296|   -8.666941|    0.326344|    0.001621|
|         963|   -9.224779|   -8.673326|    0.326344|    0.001621|
|         964|   -9.231453|   -8.679881|    0.326344|    0.001621|
|         965|   -9.238359|   -8.686650|    0.326344|    0.001621|
|         966|   -9.245536|   -8.693675|    0.326344|    0.001621|
|         967|   -9.253020|   -8.700993|    0.326344|    0.001621|
|         968|   -9.260843|   -8.708639|    0.326344|    0.001621|
|         969|   -9.269035|   -8.716645|    0.326344|    0.001621|
|         970|   -9.277624|   -8.725038|    0.326344|    0.001621|
|         971|   -9.286632|   -8.733844|    0.326344|    0.001621|
|         972|   -9.296082|   -8.743086|    0.326344|    0.001621|
|         973|   -9.305993|   -8.752782|    0.326344|    0.001621|
|         974|   -9.316380|   -8.762948|    0.326344|    0.001621|
|         975|   -9.327258|   -8.773600|    0.326344|    0.001621|
|         976|   -9.338638|   -8.784748|    0.326344|    0.001621|
|         977|   -9.350531|   -8.796402|    0.326344|    0.001621|
|         978|   -9.362944|   -8.808569|    0.326344|    0.001621|
|         979|   -9.375882|   -8.821254|    0.326344|    0.001621|
|         980|   -9.389349|   -8.834460|    0.326344|    0.001621|
|         981|   -9.403346|   -8.848189|    0.326343|    0.001621|
|         982|   -9.417873|   -8.862440|    0.326343|    0.001621|
|         983|   -9.432928|   -8.877211|    0.326343|    0.001621|
|         984|   -9.448505|   -8.892498|    0.326343|    0.001621|
|         985|   -9.464598|   -8.908294|    0.326343|    0.001621|
|         986|   -9.481199|   -8.924592|    0.326343|    0.001621|
|         987|   -9.498295|   -8.941383|    0.326343|    0.001621|
|         988|   -9.515873|   -8.958653|    0.326343|    0.001621|
|         989|   -9.533917|   -8.976391|    0.326343|    0.001621|
|         990|   -9.552409|   -8.994579|    0.326343|    0.001621|
|         991|   -9.571328|   -9.013200|    0.326343|    0.001621|
|         992|   -9.590651|   -9.032233|    0.326343|    0.001621|
|         993|   -9.610350|   -9.051655|    0.326343|    0.001621|
|         994|   -9.630398|   -9.071441|    0.326343|    0.001621|
|         995|   -9.650763|   -9.091564|    0.326343|    0.001621|
|         996|   -9.671411|   -9.111992|    0.326343|    0.001621|
|         997|   -9.692309|   -9.132695|    0.326343|    0.001621|
|         998|   -9.713418|   -9.153637|    0.326343|    0.001621|
|         999|   -9.734701|   -9.174785|    0.326343|    0.001621|
|        1000|   -9.756120|   -9.196101|    0.326343|    0.001621|
|        1001|   -9.777636|   -9.217549|    0.326343|    0.001621|
|        1002|   -9.799214|   -9.239092|    0.326343|    0.001621|
|        1003|   -9.820816|   -9.260695|    0.326343|    0.001621|
|        1004|   -9.842413|   -9.282325|    0.326343|    0.001621|
|        1005|   -9.863974|   -9.303949|    0.326343|    0.001621|
|        1006|   -9.885477|   -9.325543|    0.326343|    0.001621|
|        1007|   -9.906902|   -9.347082|    0.326343|    0.001621|
|        1008|   -9.928238|   -9.368549|    0.326343|    0.001621|
|        1009|   -9.949477|   -9.389934|    0.326343|    0.001621|
|        1010|   -9.970620|   -9.411230|    0.326343|    0.001621|
|        1011|   -9.991675|   -9.432439|    0.326343|    0.001621|
|        1012|  -10.012653|   -9.453569|    0.326343|    0.001621|
|        1013|  -10.033575|   -9.474635|    0.326343|    0.001621|
|        1014|  -10.054464|   -9.495656|    0.326343|    0.001621|
|        1015|  -10.075350|   -9.516658|    0.326343|    0.001621|
|        1016|  -10.096266|   -9.537671|    0.326343|    0.001621|
|        1017|  -10.117248|   -9.558729|    0.326343|    0.001621|
|        1018|  -10.138332|   -9.579868|    0.326343|    0.001621|
|        1019|  -10.159559|   -9.601128|    0.326343|    0.001621|
|        1020|  -10.180969|   -9.622547|    0.326343|    0.001621|
|        1021|  -10.202601|   -9.644167|    0.326343|    0.001621|
|        1022|  -10.224494|   -9.666027|    0.326343|    0.001621|
|        1023|  -10.246686|   -9.688167|    0.326343|    0.001621|
|        1024|  -10.269214|   -9.710622|    0.326343|    0.001621|
|        1025|  -10.292109|   -9.733426|    0.326343|    0.001621|
|        1026|  -10.315402|   -9.756611|    0.326343|    0.001621|
|        1027|  -10.339117|   -9.780201|    0.326343|    0.001621|
|        1028|  -10.363274|   -9.804218|    0.326343|    0.001621|
|        1029|  -10.387888|   -9.828676|    0.326343|    0.001621|
|        1030|  -10.412963|   -9.853581|    0.326343|    0.001621|
|        1031|  -10.438497|   -9.878931|    0.326343|    0.001621|
|        1032|  -10.464477|   -9.904715|    0.326343|    0.001621|
|        1033|  -10.490878|   -9.930908|    0.326343|    0.001621|
|        1034|  -10.517660|   -9.957474|    0.326343|    0.001621|
|        1035|  -10.544770|   -9.984361|    0.326343|    0.001621|
|        1036|  -10.572132|  -10.011501|    0.326343|    0.001621|
|        1037|  -10.599654|  -10.038808|    0.326343|    0.001621|
|        1038|  -10.627219|  -10.066175|    0.326343|    0.001621|
|        1039|  -10.654683|  -10.093471|    0.326343|    0.001621|
|        1040|  -10.681879|  -10.120544|    0.326343|    0.001621|
|        1041|  -10.708611|  -10.147217|    0.326343|    0.001621|
|        1042|  -10.734662|  -10.173289|    0.326343|    0.001621|
|        1043|  -10.759795|  -10.198545|    0.326343|    0.001621|
|        1044|  -10.783769|  -10.222760|    0.326343|    0.001621|
|        1045|  -10.806349|  -10.245710|    0.326343|    0.001621|
|        1046|  -10.827325|  -10.267193|    0.326343|    0.001621|
|        1047|  -10.846529|  -10.287035|    0.326343|    0.001621|
|        1048|  -10.863852|  -10.305112|    0.326343|    0.001621|
|        1049|  -10.879252|  -10.321361|    0.326343|    0.001621|
|        1050|  -10.892765|  -10.335782|    0.326343|    0.001621|
|        1051|  -10.904496|  -10.348444|    0.326343|    0.001621|
|        1052|  -10.914611|  -10.359474|    0.326343|    0.001621|
|        1053|  -10.923322|  -10.369050|    0.326343|    0.001621|
|        1054|  -10.930870|  -10.377381|    0.326343|    0.001621|
|        1055|  -10.937502|  -10.384695|    0.326343|    0.001621|
|        1056|  -10.943463|  -10.391224|    0.326343|    0.001621|
|        1057|  -10.948979|  -10.397189|    0.326343|    0.001621|
|        1058|  -10.954255|  -10.402795|    0.326343|    0.001621|
|        1059|  -10.959466|  -10.408223|    0.326343|    0.001621|
|        1060|  -10.964758|  -10.413629|    0.326343|    0.001621|
|        1061|  -10.970251|  -10.419145|    0.326343|    0.001621|
|        1062|  -10.976038|  -10.424874|    0.326343|    0.001621|
|        1063|  -10.982190|  -10.430902|    0.326343|    0.001621|
|        1064|  -10.988758|  -10.437291|    0.326343|    0.001621|
|        1065|  -10.995775|  -10.444087|    0.326343|    0.001621|
|        1066|  -11.003261|  -10.451318|    0.326343|    0.001621|
|        1067|  -11.011222|  -10.459004|    0.326343|    0.001621|
|        1068|  -11.019656|  -10.467150|    0.326343|    0.001621|
|        1069|  -11.028552|  -10.475753|    0.326343|    0.001621|
|        1070|  -11.037892|  -10.484802|    0.326343|    0.001621|
|        1071|  -11.047654|  -10.494280|    0.326343|    0.001621|
|        1072|  -11.057810|  -10.504164|    0.326343|    0.001621|
|        1073|  -11.068329|  -10.514428|    0.326343|    0.001621|
|        1074|  -11.079179|  -10.525042|    0.326343|    0.001621|
|        1075|  -11.090326|  -10.535974|    0.326343|    0.001615|
+-----------------------------------------------------------------------+
|Fixed CL Mode (Finite Difference)       |Value                         |
+-----------------------------------------------------------------------+
|Delta CL / Delta AoA                    |0.34374                       |
|Delta CD / Delta CL                     |0.0157732                     |
|Delta CMz / Delta CL                    |0.0956685                     |
+-----------------------------------------------------------------------+
Writing Flow Meta-Data file: flow.meta

--------------------------- Finalizing Solver ---------------------------
Deleted CNumerics container.
Deleted CIntegration container.
Deleted CSolver container.
Deleted CIteration container.
Deleted CInterface container.
Deleted CGeometry container.
Deleted CFreeFormDefBox class.
Deleted CSurfaceMovement class.
Deleted CVolumetricMovement class.
Deleted CConfig container.
Deleted nInst container.
Deleted COutput class.
-------------------------------------------------------------------------

------------------------- Exit Success (SU2_CFD) ------------------------

