
-------------------------------------------------------------------------
|    ___ _   _ ___                                                      |
|   / __| | | |_  )   Release 8.3.0 "Harrier"                           |
|   \__ \ |_| |/ /                                                      |
|   |___/\___//___|   Suite (Computational Fluid Dynamics Code)         |
|                                                                       |
-------------------------------------------------------------------------
| SU2 Project Website: https://su2code.github.io                        |
|                                                                       |
| The SU2 Project is maintained by the SU2 Foundation                   |
| (http://su2foundation.org)                                            |
-------------------------------------------------------------------------
| Copyright 2012-2025, SU2 Contributors                                 |
|                                                                       |
| SU2 is free software; you can redistribute it and/or                  |
| modify it under the terms of the GNU Lesser General Public            |
| License as published by the Free Software Foundation; either          |
| version 2.1 of the License, or (at your option) any later version.    |
|                                                                       |
| SU2 is distributed in the hope that it will be useful,                |
| but WITHOUT ANY WARRANTY; without even the implied warranty of        |
| MERCHANTABILITY or FITNESS FOR A PARTICULAR PURPOSE. See the GNU      |
| Lesser General Public License for more details.                       |
|                                                                       |
| You should have received a copy of the GNU Lesser General Public      |
| License along with SU2. If not, see <http://www.gnu.org/licenses/>.   |
-------------------------------------------------------------------------

Parsing config file for zone 0

----------------- Physical Case Definition ( Zone 0 ) -------------------
Compressible Euler equations.
Mach number: 0.8.
Angle of attack (AoA): 1.25 deg, and angle of sideslip (AoS): 0 deg.
Fixed CL mode, target value: 0.326.
Reading and writing binary SU2 native restart files.
Read flow solution from: solution_flow.
Non-Dimensional simulation (P=1.0, Rho=1.0, T=1.0 at the farfield).
The reference area is 1 m^2.
The semi-span will be computed using the max y(3D) value.
The reference length is 1 m.
Reference origin for moment evaluation is (0.25, 0, 0).
Surface(s) where the force coefficients are evaluated: airfoil.

Surface(s) plotted in the output file: airfoil.
Surface(s) affected by the design variables: airfoil.
Input mesh file name: mesh_NACA0012_inv_deform.su2

--------------- Space Numerical Integration ( Zone 0 ) ------------------
Jameson-Schmidt-Turkel scheme (2nd order in space) for the flow inviscid terms.
JST viscous coefficients (2nd & 4th): 0.5, 0.02.
The method includes a grid stretching correction (p = 0.3).
Gradient for viscous and source terms: Green-Gauss.

--------------- Time Numerical Integration  ( Zone 0 ) ------------------
Local time stepping (steady state simulation).
Euler implicit method for the flow equations.
FGMRES is used for solving the linear system.
Using a LU-SGS preconditioning.
Convergence criteria of the linear solver: 0.0001.
Max number of linear iterations: 2.
V Multigrid Cycle, with 2 multigrid levels.
Damping factor for the residual restriction: 1.
Damping factor for the correction prolongation: 1.
No CFL adaptation.
+-------------------------------------------+
|  MG Level| Presmooth|PostSmooth|CorrectSmo|
+-------------------------------------------+
|         0|         1|         0|         0|
|         1|         2|         0|         0|
|         2|         3|         0|         0|
+-------------------------------------------+
Courant-Friedrichs-Lewy number:       10

------------------ Convergence Criteria  ( Zone 0 ) ---------------------
Maximum number of solver subiterations: 1250.
Begin convergence monitoring at iteration 10.
Residual minimum value: 1e-13.
Cauchy series min. value: 1e-06.
Number of Cauchy elements: 100.
Begin windowed time average at iteration 0.

-------------------- Output Information ( Zone 0 ) ----------------------
File writing frequency: 
+------------------------------------+
|                     File| Frequency|
+------------------------------------+
|                  RESTART|       250|
|                 PARAVIEW|       250|
|         SURFACE_PARAVIEW|       250|
|              SURFACE_CSV|       250|
+------------------------------------+
Writing the convergence history file every 1 inner iterations.
Writing the screen convergence history every 1 inner iterations.
The tabular file format is CSV (.csv).
Convergence history file name: history_direct.
Forces breakdown file name: forces_breakdown.dat.
Surface file name: surface_flow.
Volume file name: flow.
Restart file name: restart_flow.

------------- Config File Boundary Information ( Zone 0 ) ---------------
+-----------------------------------------------------------------------+
|                        Marker Type|                        Marker Name|
+-----------------------------------------------------------------------+
|                         Euler wall|                            airfoil|
+-----------------------------------------------------------------------+
|                          Far-field|                           farfield|
+-----------------------------------------------------------------------+

-------------------- Output Preprocessing ( Zone 0 ) --------------------

WARNING: SURFACE_PRESSURE_DROP can only be computed for at least 2 surfaces (outlet, inlet, ...)

Screen output fields: INNER_ITER, RMS_DENSITY, RMS_ENERGY, LIFT, DRAG
History output group(s): ITER, RMS_RES, AERO_COEFF
Convergence field(s): RMS_DENSITY
Warning: No (valid) fields chosen for time convergence monitoring. Time convergence monitoring inactive.
Volume output fields: COORDINATES, SOLUTION, PRIMITIVE

------------------- Geometry Preprocessing ( Zone 0 ) -------------------
Two dimensional problem.
5233 grid points.
10216 volume elements.
2 surface markers.
200 boundary elements in index 0 (Marker = airfoil).
50 boundary elements in index 1 (Marker = farfield).
10216 triangles.
Setting point connectivity.
Renumbering points (Reverse Cuthill McKee Ordering).
Recomputing point connectivity.
Setting element connectivity.
Checking the numerical grid orientation.
All volume elements are correctly oriented.
All surface elements are correctly oriented.
Identifying edges and vertices.
Setting the control volume structure.
Area of the computational grid: 1253.25.
Searching for the closest normal neighbors to the surfaces.
Storing a mapping from global to local point index.
Compute the surface curvature.
Max K: 7835.1. Mean K: 34.9048. Standard deviation K: 494.445.
Checking for periodicity.
Computing mesh quality statistics for the dual control volumes.
+--------------------------------------------------------------+
|           Mesh Quality Metric|        Minimum|        Maximum|
+--------------------------------------------------------------+
|    Orthogonality Angle (deg.)|        62.7828|        89.7236|
|     CV Face Area Aspect Ratio|        1.00067|         7.1802|
|           CV Sub-Volume Ratio|         1.0027|        6.47833|
+--------------------------------------------------------------+
Setting the multigrid structure.
+-------------------------------------------+
|  MG Level|       CVs|Aggl. Rate|       CFL|
+-------------------------------------------+
|         0|      5233|    1/1.00|        10|
|         1|      1690|     1/3.1|   8.52431|
|         2|       649|     1/2.6|   7.92373|
+-------------------------------------------+
Finding max control volume width.
Wetted area = 2.03741 m.
Area projection in the x-plane = 0.11344 m, y-plane = 0.999845 m.
Max. coordinate in the x-direction = 1 m, y-direction = 0.0555627 m.
Min. coordinate in the x-direction = 0 m, y-direction = -0.0578936 m.
Computing wall distances.

-------------------- Solver Preprocessing ( Zone 0 ) --------------------
WARNING: AoA in the solution file (1.23947 deg.) +
         AoA offset in mesh file (0 deg.) = 1.23947 deg.
WARNING: SU2 will use the dCD/dCL provided in the direct solution file: 0.0760892.
WARNING: SU2 will use the dCMz/dCL provided in the direct solution file: 0.12144.
Inviscid flow: Computing density based on free-stream
temperature and pressure using the ideal gas law.
Force coefficients computed using free-stream values.

-- Models:
+------------------------------------------------------------------------------+
|          Viscosity Model|        Conductivity Model|              Fluid Model|
+------------------------------------------------------------------------------+
|                        -|                         -|             STANDARD_AIR|
+------------------------------------------------------------------------------+
-- Fluid properties:
+------------------------------------------------------------------------------+
|                  Name|    Dim. value|    Ref. value|      Unit|Non-dim. value|
+------------------------------------------------------------------------------+
|          Gas Constant|       287.058|       287.058|  N.m/kg.K|             1|
|      Spec. Heat Ratio|             -|             -|         -|           1.4|
+------------------------------------------------------------------------------+
-- Initial and free-stream conditions:
+------------------------------------------------------------------------------+
|                  Name|    Dim. value|    Ref. value|      Unit|Non-dim. value|
+------------------------------------------------------------------------------+
|       Static Pressure|        101325|        101325|        Pa|             1|
|               Density|       1.22498|       1.22498|    kg/m^3|             1|
|           Temperature|        288.15|        288.15|         K|             1|
|          Total Energy|        243846|       82715.8|   m^2/s^2|         2.948|
|            Velocity-X|       272.174|       287.603|       m/s|      0.946351|
|            Velocity-Y|        5.8888|       287.603|       m/s|     0.0204754|
|    Velocity Magnitude|       272.238|       287.603|       m/s|      0.946573|
+------------------------------------------------------------------------------+
|           Mach Number|             -|             -|         -|           0.8|
+------------------------------------------------------------------------------+
Initialize Jacobian structure (Euler). MG level: 0.
Initialize Jacobian structure (Euler). MG level: 1.
Initialize Jacobian structure (Euler). MG level: 2.

------------------- Numerics Preprocessing ( Zone 0 ) -------------------

----------------- Integration Preprocessing ( Zone 0 ) ------------------

------------------- Iteration Preprocessing ( Zone 0 ) ------------------
Euler/Navier-Stokes/RANS fluid iteration.

------------------------------ Begin Solver -----------------------------

Simulation Run using the Single-zone Driver
WARNING: SU2 was not compiled for an AVX-capable architecture. Performance could be better,
         see https://su2code.github.io/docs_v7/Build-SU2-Linux-MacOS/#compiler-optimizations
WARNING: SU2 was not compiled for an AVX-capable architecture. Performance could be better,
         see https://su2code.github.io/docs_v7/Build-SU2-Linux-MacOS/#compiler-optimizations
WARNING: SU2 was not compiled for an AVX-capable architecture. Performance could be better,
         see https://su2code.github.io/docs_v7/Build-SU2-Linux-MacOS/#compiler-optimizations
+----------------------------------------------------------------+
|  Inner_Iter|    rms[Rho]|   rms[RhoE]|          CL|          CD|
+----------------------------------------------------------------+
|           0|   -4.544909|   -3.948526|    0.326605|    0.010481|
|           1|   -4.836421|   -4.234946|    0.330020|    0.012133|
|           2|   -4.774973|   -4.190952|    0.333223|    0.012404|
|           3|   -4.761179|   -4.178662|    0.337003|    0.011782|
|           4|   -4.723875|   -4.147414|    0.342801|    0.011776|
|           5|   -4.729295|   -4.159558|    0.345289|    0.011597|
|           6|   -4.720482|   -4.152901|    0.349034|    0.011657|
|           7|   -4.701175|   -4.135407|    0.353873|    0.011774|
|           8|   -4.694987|   -4.132171|    0.358223|    0.011818|
|           9|   -4.707067|   -4.146473|    0.362038|    0.011872|
|          10|   -4.714156|   -4.153090|    0.365467|    0.011954|
|          11|   -4.721699|   -4.160644|    0.368649|    0.012070|
|          12|   -4.735191|   -4.175382|    0.371618|    0.012215|
|          13|   -4.750017|   -4.190540|    0.374318|    0.012372|
|          14|   -4.766019|   -4.205391|    0.376722|    0.012532|
|          15|   -4.784349|   -4.221951|    0.378834|    0.012693|
|          16|   -4.804243|   -4.240362|    0.380720|    0.012857|
|          17|   -4.823869|   -4.259316|    0.382425|    0.013024|
|          18|   -4.841485|   -4.277029|    0.383935|    0.013188|
|          19|   -4.856680|   -4.292793|    0.385268|    0.013346|
|          20|   -4.869768|   -4.306472|    0.386444|    0.013497|
|          21|   -4.881575|   -4.318585|    0.387506|    0.013640|
|          22|   -4.893014|   -4.330135|    0.388465|    0.013770|
|          23|   -4.904458|   -4.341678|    0.389320|    0.013884|
|          24|   -4.916769|   -4.354285|    0.390108|    0.013983|
|          25|   -4.927984|   -4.365937|    0.390853|    0.014068|
|          26|   -4.938090|   -4.376384|    0.391560|    0.014137|
|          27|   -4.945860|   -4.384276|    0.392238|    0.014191|
|          28|   -4.951732|   -4.389981|    0.392900|    0.014231|
|          29|   -4.958142|   -4.396134|    0.393556|    0.014259|
|          30|   -4.964543|   -4.402293|    0.394195|    0.014276|
|          31|   -4.970060|   -4.407505|    0.394829|    0.014282|
|          32|   -4.977957|   -4.415484|    0.395471|    0.014282|
|          33|   -4.985439|   -4.423233|    0.396083|    0.014274|
|          34|   -4.992421|   -4.430432|    0.396643|    0.014258|
|          35|   -5.000172|   -4.438410|    0.397165|    0.014239|
|          36|   -5.008688|   -4.447175|    0.397655|    0.014218|
|          37|   -5.019062|   -4.457760|    0.398113|    0.014197|
|          38|   -5.031384|   -4.470144|    0.398544|    0.014178|
|          39|   -5.046624|   -4.485336|    0.398949|    0.014164|
|          40|   -5.065142|   -4.503673|    0.399332|    0.014154|
|          41|   -5.087385|   -4.525655|    0.399698|    0.014151|
|          42|   -5.113171|   -4.551112|    0.400043|    0.014154|
|          43|   -5.142369|   -4.579854|    0.400365|    0.014163|
|          44|   -5.175087|   -4.612035|    0.400651|    0.014176|
|          45|   -5.210577|   -4.647230|    0.400910|    0.014193|
|          46|   -5.247418|   -4.684042|    0.401153|    0.014214|
|          47|   -5.285655|   -4.722300|    0.401378|    0.014238|
|          48|   -5.324994|   -4.761759|    0.401591|    0.014263|
|          49|   -5.363652|   -4.800734|    0.401795|    0.014289|
|          50|   -5.400887|   -4.838513|    0.401993|    0.014315|
|          51|   -5.436234|   -4.874690|    0.402271|    0.011672|
+-----------------------------------------------------------------------+
|Fixed CL Mode                           |Value                         |
+-----------------------------------------------------------------------+
|Current CL                              |0.402271                      |
|Target CL                               |0.326                         |
|Previous AOA                            |1.23947                       |
|Changed AoA by                          |-0.379964                     |
+-----------------------------------------------------------------------+
+----------------------------------------------------------------+
|  Inner_Iter|    rms[Rho]|   rms[RhoE]|          CL|          CD|
+----------------------------------------------------------------+
|          52|   -3.232285|   -2.625584|    0.402341|    0.011692|
|          53|   -3.529726|   -2.919172|    0.399764|    0.011673|
|          54|   -3.772808|   -3.179161|    0.389064|    0.011468|
|          55|   -3.971897|   -3.361231|    0.372893|    0.011108|
|          56|   -4.135176|   -3.535844|    0.358427|    0.010833|
|          57|   -4.231075|   -3.632839|    0.350182|    0.010601|
|          58|   -4.366974|   -3.765624|    0.348115|    0.010425|
|          59|   -4.396578|   -3.793965|    0.348012|    0.010270|
|          60|   -4.446104|   -3.842551|    0.346205|    0.010040|
|          61|   -4.554431|   -3.958623|    0.343066|    0.009812|
|          62|   -4.615010|   -4.030738|    0.340019|    0.009623|
|          63|   -4.622731|   -4.040183|    0.337430|    0.009444|
|          64|   -4.648563|   -4.070061|    0.335121|    0.009266|
|          65|   -4.677693|   -4.107997|    0.333061|    0.009104|
|          66|   -4.683748|   -4.119732|    0.331344|    0.008969|
|          67|   -4.681118|   -4.118858|    0.329863|    0.008855|
|          68|   -4.680948|   -4.119578|    0.328429|    0.008754|
|          69|   -4.683066|   -4.122641|    0.327025|    0.008673|
|          70|   -4.688047|   -4.128711|    0.325752|    0.008615|
|          71|   -4.693447|   -4.135091|    0.324613|    0.008577|
|          72|   -4.698213|   -4.140815|    0.323509|    0.008550|
|          73|   -4.702149|   -4.145400|    0.322418|    0.008536|
|          74|   -4.706283|   -4.150059|    0.321349|    0.008532|
|          75|   -4.711932|   -4.156382|    0.320318|    0.008535|
|          76|   -4.718711|   -4.164086|    0.319318|    0.008539|
|          77|   -4.728351|   -4.174808|    0.318343|    0.008546|
|          78|   -4.741922|   -4.189490|    0.317421|    0.008556|
|          79|   -4.759347|   -4.207687|    0.316557|    0.008569|
|          80|   -4.778792|   -4.227552|    0.315800|    0.008584|
|          81|   -4.799724|   -4.248816|    0.315121|    0.008597|
|          82|   -4.822967|   -4.272090|    0.314486|    0.008604|
|          83|   -4.849316|   -4.297856|    0.313895|    0.008607|
|          84|   -4.878529|   -4.325901|    0.313361|    0.008607|
|          85|   -4.911771|   -4.357763|    0.312868|    0.008602|
|          86|   -4.946885|   -4.391263|    0.312404|    0.008591|
|          87|   -4.983547|   -4.426361|    0.311957|    0.008575|
|          88|   -5.022725|   -4.464111|    0.311542|    0.008556|
|          89|   -5.064073|   -4.504126|    0.311174|    0.008534|
|          90|   -5.106319|   -4.545148|    0.310839|    0.008511|
|          91|   -5.149121|   -4.586848|    0.310532|    0.008486|
|          92|   -5.191562|   -4.628226|    0.310244|    0.008460|
|          93|   -5.233217|   -4.668922|    0.309980|    0.008435|
|          94|   -5.273732|   -4.708599|    0.309729|    0.008411|
|          95|   -5.312799|   -4.746970|    0.309488|    0.008388|
|          96|   -5.350374|   -4.784056|    0.309253|    0.008369|
|          97|   -5.386728|   -4.820192|    0.309021|    0.008352|
|          98|   -5.422405|   -4.855943|    0.308789|    0.008338|
|          99|   -5.457789|   -4.891629|    0.308556|    0.008326|
|         100|   -5.490736|   -4.925025|    0.308322|    0.008317|
|         101|   -5.521117|   -4.956105|    0.308073|    0.008786|
+-----------------------------------------------------------------------+
|Fixed CL Mode                           |Value                         |
+-----------------------------------------------------------------------+
|Current CL                              |0.308073                      |
|Target CL                               |0.326                         |
|Previous AOA                            |0.859504                      |
|Changed AoA by                          |0.0883878                     |
+-----------------------------------------------------------------------+
+----------------------------------------------------------------+
|  Inner_Iter|    rms[Rho]|   rms[RhoE]|          CL|          CD|
+----------------------------------------------------------------+
|         102|   -3.865506|   -3.258858|    0.307871|    0.008782|
|         103|   -4.162869|   -3.552288|    0.308288|    0.008789|
|         104|   -4.405117|   -3.811523|    0.310624|    0.008841|
|         105|   -4.603949|   -3.993485|    0.314264|    0.008929|
|         106|   -4.765919|   -4.167130|    0.317511|    0.008994|
|         107|   -4.860915|   -4.263413|    0.319282|    0.009044|
|         108|   -4.996131|   -4.395594|    0.319607|    0.009077|
|         109|   -5.028387|   -4.425906|    0.319479|    0.009101|
|         110|   -5.082068|   -4.477792|    0.319754|    0.009143|
|         111|   -5.200897|   -4.602587|    0.320350|    0.009185|
|         112|   -5.279233|   -4.690390|    0.320940|    0.009220|
|         113|   -5.301933|   -4.712713|    0.321437|    0.009253|
|         114|   -5.348851|   -4.761779|    0.321867|    0.009285|
|         115|   -5.404840|   -4.827500|    0.322231|    0.009312|
|         116|   -5.425579|   -4.856980|    0.322528|    0.009334|
|         117|   -5.426120|   -4.861148|    0.322784|    0.009352|
|         118|   -5.422872|   -4.859943|    0.323033|    0.009368|
|         119|   -5.417033|   -4.856128|    0.323284|    0.009381|
|         120|   -5.410476|   -4.851558|    0.323528|    0.009390|
|         121|   -5.405507|   -4.848259|    0.323768|    0.009398|
|         122|   -5.401876|   -4.845633|    0.323997|    0.009403|
|         123|   -5.399697|   -4.843693|    0.324221|    0.009406|
|         124|   -5.399887|   -4.843606|    0.324436|    0.009407|
|         125|   -5.402746|   -4.845985|    0.324634|    0.009406|
|         126|   -5.408237|   -4.851047|    0.324821|    0.009405|
|         127|   -5.417024|   -4.859371|    0.324999|    0.009404|
|         128|   -5.428972|   -4.870712|    0.325161|    0.009401|
|         129|   -5.444299|   -4.885392|    0.325313|    0.009399|
|         130|   -5.463265|   -4.903745|    0.325454|    0.009397|
|         131|   -5.484549|   -4.924398|    0.325584|    0.009396|
|         132|   -5.509720|   -4.949084|    0.325704|    0.009395|
|         133|   -5.537825|   -4.976671|    0.325815|    0.009396|
|         134|   -5.568736|   -5.006976|    0.325916|    0.009397|
|         135|   -5.602249|   -5.039860|    0.326008|    0.009399|
|         136|   -5.638195|   -5.075198|    0.326090|    0.009401|
|         137|   -5.676308|   -5.112749|    0.326161|    0.009404|
|         138|   -5.716322|   -5.152320|    0.326225|    0.009408|
|         139|   -5.757712|   -5.193385|    0.326280|    0.009412|
|         140|   -5.800098|   -5.235525|    0.326326|    0.009417|
|         141|   -5.843022|   -5.278334|    0.326365|    0.009421|
|         142|   -5.886002|   -5.321377|    0.326398|    0.009425|
|         143|   -5.928459|   -5.364077|    0.326425|    0.009429|
|         144|   -5.969752|   -5.405780|    0.326448|    0.009433|
|         145|   -6.009298|   -5.445877|    0.326467|    0.009436|
|         146|   -6.046631|   -5.483872|    0.326482|    0.009438|
|         147|   -6.081451|   -5.519446|    0.326495|    0.009440|
|         148|   -6.113648|   -5.552474|    0.326505|    0.009442|
|         149|   -6.143283|   -5.583010|    0.326514|    0.009442|
|         150|   -6.170488|   -5.611183|    0.326521|    0.009442|
|         151|   -6.195670|   -5.637411|    0.326527|    0.009427|
+-----------------------------------------------------------------------+
|Fixed CL Mode                           |Value                         |
+-----------------------------------------------------------------------+
|Current CL                              |0.326527                      |
|Target CL                               |0.326                         |
|Previous AOA                            |0.947892                      |
|Changed AoA by                          |-0.00260266                   |
+-----------------------------------------------------------------------+
+----------------------------------------------------------------+
|  Inner_Iter|    rms[Rho]|   rms[RhoE]|          CL|          CD|
+----------------------------------------------------------------+
|         152|   -5.391678|   -4.786118|    0.326531|    0.009426|
|         153|   -5.676926|   -5.069734|    0.326516|    0.009425|
|         154|   -5.891333|   -5.303731|    0.326445|    0.009422|
|         155|   -6.048916|   -5.455214|    0.326334|    0.009418|
|         156|   -6.154799|   -5.576962|    0.326235|    0.009414|
|         157|   -6.208287|   -5.635044|    0.326178|    0.009411|
|         158|   -6.270154|   -5.701377|    0.326162|    0.009409|
|         159|   -6.294269|   -5.725417|    0.326160|    0.009407|
|         160|   -6.324112|   -5.755964|    0.326146|    0.009404|
|         161|   -6.367263|   -5.804299|    0.326122|    0.009402|
|         162|   -6.397998|   -5.838442|    0.326098|    0.009400|
|         163|   -6.418592|   -5.858995|    0.326076|    0.009399|
|         164|   -6.441896|   -5.883095|    0.326056|    0.009397|
|         165|   -6.464799|   -5.908087|    0.326037|    0.009396|
|         166|   -6.481744|   -5.926750|    0.326021|    0.009396|
|         167|   -6.494265|   -5.940471|    0.326006|    0.009395|
|         168|   -6.504315|   -5.951589|    0.325992|    0.009395|
|         169|   -6.512507|   -5.960892|    0.325979|    0.009394|
|         170|   -6.519280|   -5.968851|    0.325967|    0.009394|
|         171|   -6.525066|   -5.975771|    0.325956|    0.009394|
|         172|   -6.530325|   -5.981910|    0.325946|    0.009394|
|         173|   -6.535565|   -5.987647|    0.325938|    0.009394|
|         174|   -6.541353|   -5.993564|    0.325931|    0.009395|
|         175|   -6.548243|   -6.000293|    0.325926|    0.009395|
|         176|   -6.556623|   -6.008290|    0.325922|    0.009395|
|         177|   -6.566738|   -6.017850|    0.325919|    0.009395|
|         178|   -6.578728|   -6.029163|    0.325917|    0.009395|
|         179|   -6.592670|   -6.042356|    0.325916|    0.009395|
|         180|   -6.608589|   -6.057499|    0.325917|    0.009395|
|         181|   -6.626453|   -6.074612|    0.325918|    0.009395|
|         182|   -6.646165|   -6.093639|    0.325921|    0.009395|
|         183|   -6.667551|   -6.114448|    0.325924|    0.009395|
|         184|   -6.690473|   -6.136934|    0.325928|    0.009395|
|         185|   -6.714674|   -6.160865|    0.325933|    0.009395|
|         186|   -6.739836|   -6.185937|    0.325938|    0.009395|
|         187|   -6.765607|   -6.211803|    0.325943|    0.009395|
|         188|   -6.791602|   -6.238066|    0.325949|    0.009395|
|         189|   -6.817426|   -6.264313|    0.325956|    0.009395|
|         190|   -6.842681|   -6.290105|    0.325962|    0.009395|
|         191|   -6.867021|   -6.315046|    0.325969|    0.009396|
|         192|   -6.890132|   -6.338761|    0.325975|    0.009396|
|         193|   -6.911814|   -6.360991|    0.325982|    0.009396|
|         194|   -6.931983|   -6.381606|    0.325988|    0.009396|
|         195|   -6.950660|   -6.400597|    0.325994|    0.009397|
|         196|   -6.967965|   -6.418078|    0.326000|    0.009397|
|         197|   -6.984112|   -6.434273|    0.326007|    0.009398|
|         198|   -6.999327|   -6.449430|    0.326012|    0.009398|
|         199|   -7.013839|   -6.463803|    0.326018|    0.009398|
|         200|   -7.027866|   -6.477634|    0.326024|    0.009399|
|         201|   -7.041583|   -6.491121|    0.326029|    0.009398|
+-----------------------------------------------------------------------+
|Fixed CL Mode                           |Value                         |
+-----------------------------------------------------------------------+
|Current CL                              |0.326029                      |
|Target CL                               |0.326                         |
|Previous AOA                            |0.945289                      |
|Changed AoA by                          |-0.000118811                  |
+-----------------------------------------------------------------------+
+----------------------------------------------------------------+
|  Inner_Iter|    rms[Rho]|   rms[RhoE]|          CL|          CD|
+----------------------------------------------------------------+
|         202|   -6.690814|   -6.094082|    0.326035|    0.009399|
|         203|   -6.902365|   -6.316396|    0.326039|    0.009399|
|         204|   -7.008706|   -6.443555|    0.326041|    0.009399|
|         205|   -7.060980|   -6.499099|    0.326041|    0.009399|
|         206|   -7.090713|   -6.534322|    0.326041|    0.009400|
|         207|   -7.110033|   -6.554666|    0.326043|    0.009400|
|         208|   -7.130010|   -6.575437|    0.326047|    0.009400|
|         209|   -7.145720|   -6.591031|    0.326052|    0.009400|
|         210|   -7.161910|   -6.607152|    0.326055|    0.009400|
|         211|   -7.179442|   -6.625082|    0.326059|    0.009400|
|         212|   -7.195717|   -6.641468|    0.326062|    0.009400|
|         213|   -7.211201|   -6.656711|    0.326066|    0.009401|
|         214|   -7.227133|   -6.672478|    0.326069|    0.009401|
|         215|   -7.243376|   -6.688719|    0.326072|    0.009401|
|         216|   -7.259504|   -6.704876|    0.326075|    0.009401|
|         217|   -7.275566|   -6.720951|    0.326078|    0.009401|
|         218|   -7.291719|   -6.737121|    0.326081|    0.009401|
|         219|   -7.308002|   -6.753452|    0.326084|    0.009401|
|         220|   -7.324402|   -6.769945|    0.326086|    0.009401|
|         221|   -7.340913|   -6.786582|    0.326089|    0.009401|
|         222|   -7.357537|   -6.803349|    0.326091|    0.009401|
|         223|   -7.374260|   -6.820220|    0.326093|    0.009401|
|         224|   -7.391081|   -6.837183|    0.326095|    0.009401|
|         225|   -7.408010|   -6.854242|    0.326096|    0.009402|
|         226|   -7.425086|   -6.871433|    0.326098|    0.009402|
|         227|   -7.442344|   -6.888790|    0.326099|    0.009402|
|         228|   -7.459809|   -6.906340|    0.326100|    0.009402|
|         229|   -7.477509|   -6.924110|    0.326101|    0.009402|
|         230|   -7.495473|   -6.942131|    0.326102|    0.009402|
|         231|   -7.513743|   -6.960447|    0.326103|    0.009402|
|         232|   -7.532338|   -6.979073|    0.326103|    0.009402|
|         233|   -7.551279|   -6.998033|    0.326104|    0.009402|
|         234|   -7.570592|   -7.017351|    0.326104|    0.009402|
|         235|   -7.590300|   -7.037051|    0.326105|    0.009402|
|         236|   -7.610417|   -7.057147|    0.326105|    0.009402|
|         237|   -7.630968|   -7.077660|    0.326105|    0.009402|
|         238|   -7.651959|   -7.098597|    0.326105|    0.009402|
|         239|   -7.673385|   -7.119956|    0.326106|    0.009402|
|         240|   -7.695227|   -7.141720|    0.326106|    0.009402|
|         241|   -7.717478|   -7.163887|    0.326106|    0.009402|
|         242|   -7.740124|   -7.186441|    0.326106|    0.009402|
|         243|   -7.763125|   -7.209348|    0.326106|    0.009402|
|         244|   -7.786418|   -7.232548|    0.326106|    0.009402|
|         245|   -7.809931|   -7.255977|    0.326106|    0.009402|
|         246|   -7.833581|   -7.279555|    0.326106|    0.009402|
|         247|   -7.857277|   -7.303194|    0.326106|    0.009402|
|         248|   -7.880915|   -7.326796|    0.326106|    0.009402|
|         249|   -7.904389|   -7.350260|    0.326106|    0.009402|
|         250|   -7.927588|   -7.373481|    0.326106|    0.009402|
+-----------------------------------------------------------------------+
|        File Writing Summary       |              Filename             |
+-----------------------------------------------------------------------+
|SU2 binary restart                 |restart_flow.dat                   |
Writing Flow Meta-Data file: flow.meta
|Paraview                           |flow.vtu                           |
Writing Flow Meta-Data file: flow.meta
|Paraview surface                   |surface_flow.vtu                   |
Writing Flow Meta-Data file: flow.meta
|CSV file                           |surface_flow.csv                   |
Writing Flow Meta-Data file: flow.meta
+-----------------------------------------------------------------------+
+----------------------------------------------------------------+
|  Inner_Iter|    rms[Rho]|   rms[RhoE]|          CL|          CD|
+----------------------------------------------------------------+
|         251|   -7.950403|   -7.396352|    0.326106|    0.009399|
+-----------------------------------------------------------------------+
|Fixed CL Mode                           |Value                         |
+-----------------------------------------------------------------------+
|Current CL                              |0.326106                      |
|Target CL                               |0.326                         |
|Previous AOA                            |0.945171                      |
|Changed AoA by                          |-0.000529424                  |
+-----------------------------------------------------------------------+
+----------------------------------------------------------------+
|  Inner_Iter|    rms[Rho]|   rms[RhoE]|          CL|          CD|
+----------------------------------------------------------------+
|         252|   -6.088226|   -5.481523|    0.326106|    0.009399|
|         253|   -6.385414|   -5.774901|    0.326102|    0.009399|
|         254|   -6.628316|   -6.034761|    0.326086|    0.009398|
|         255|   -6.826943|   -6.216435|    0.326063|    0.009398|
|         256|   -6.989670|   -6.390652|    0.326042|    0.009398|
|         257|   -7.085262|   -6.487456|    0.326030|    0.009397|
|         258|   -7.219414|   -6.618808|    0.326026|    0.009397|
|         259|   -7.248179|   -6.646434|    0.326026|    0.009397|
|         260|   -7.296755|   -6.694419|    0.326023|    0.009397|
|         261|   -7.401915|   -6.807944|    0.326018|    0.009396|
|         262|   -7.460307|   -6.877819|    0.326013|    0.009396|
|         263|   -7.468215|   -6.887488|    0.326009|    0.009396|
|         264|   -7.492988|   -6.916936|    0.326005|    0.009396|
|         265|   -7.518386|   -6.951959|    0.326002|    0.009395|
|         266|   -7.519333|   -6.959206|    0.325999|    0.009395|
|         267|   -7.510437|   -6.952678|    0.325997|    0.009395|
|         268|   -7.501584|   -6.945283|    0.325995|    0.009395|
|         269|   -7.493442|   -6.938430|    0.325993|    0.009395|
|         270|   -7.486992|   -6.932995|    0.325990|    0.009395|
|         271|   -7.483121|   -6.929762|    0.325988|    0.009394|
|         272|   -7.481843|   -6.928668|    0.325987|    0.009394|
|         273|   -7.483128|   -6.929722|    0.325985|    0.009394|
|         274|   -7.487226|   -6.933356|    0.325983|    0.009394|
|         275|   -7.494376|   -6.939957|    0.325982|    0.009394|
|         276|   -7.504619|   -6.949589|    0.325980|    0.009394|
|         277|   -7.517861|   -6.962137|    0.325979|    0.009394|
|         278|   -7.533981|   -6.977484|    0.325977|    0.009394|
|         279|   -7.552876|   -6.995563|    0.325976|    0.009394|
|         280|   -7.574464|   -7.016331|    0.325975|    0.009394|
|         281|   -7.598647|   -7.039711|    0.325973|    0.009394|
|         282|   -7.625288|   -7.065573|    0.325972|    0.009394|
|         283|   -7.654223|   -7.093750|    0.325971|    0.009394|
|         284|   -7.685285|   -7.124072|    0.325970|    0.009394|
|         285|   -7.718299|   -7.156369|    0.325970|    0.009394|
|         286|   -7.753078|   -7.190463|    0.325969|    0.009394|
|         287|   -7.789418|   -7.226158|    0.325968|    0.009394|
|         288|   -7.827095|   -7.263243|    0.325967|    0.009394|
|         289|   -7.865874|   -7.301499|    0.325967|    0.009394|
|         290|   -7.905504|   -7.340688|    0.325966|    0.009394|
|         291|   -7.945714|   -7.380555|    0.325966|    0.009394|
|         292|   -7.986212|   -7.420821|    0.325965|    0.009394|
|         293|   -8.026678|   -7.461174|    0.325965|    0.009394|
|         294|   -8.066762|   -7.501274|    0.325965|    0.009394|
|         295|   -8.106092|   -7.540752|    0.325965|    0.009394|
|         296|   -8.144294|   -7.579236|    0.325964|    0.009394|
|         297|   -8.181016|   -7.616372|    0.325964|    0.009394|
|         298|   -8.215963|   -7.651859|    0.325964|    0.009394|
|         299|   -8.248923|   -7.685475|    0.325964|    0.009394|
|         300|   -8.279783|   -7.717100|    0.325964|    0.009394|
|         301|   -8.308541|   -7.746713|    0.325963|    0.009395|
+-----------------------------------------------------------------------+
|Fixed CL Mode                           |Value                         |
+-----------------------------------------------------------------------+
|Current CL                              |0.325963                      |
|Target CL                               |0.326                         |
|Previous AOA                            |0.944641                      |
|Changed AoA by                          |0.000182419                   |
+-----------------------------------------------------------------------+
+----------------------------------------------------------------+
|  Inner_Iter|    rms[Rho]|   rms[RhoE]|          CL|          CD|
+----------------------------------------------------------------+
|         302|   -6.550902|   -5.944229|    0.325963|    0.009395|
|         303|   -6.848153|   -6.237601|    0.325964|    0.009395|
|         304|   -7.090690|   -6.497097|    0.325970|    0.009395|
|         305|   -7.289681|   -6.679164|    0.325977|    0.009395|
|         306|   -7.452453|   -6.853489|    0.325984|    0.009395|
|         307|   -7.547872|   -6.950089|    0.325988|    0.009395|
|         308|   -7.683178|   -7.082276|    0.325989|    0.009396|
|         309|   -7.714212|   -7.111638|    0.325989|    0.009396|
|         310|   -7.766224|   -7.162239|    0.325990|    0.009396|
|         311|   -7.880221|   -7.283048|    0.325992|    0.009396|
|         312|   -7.949684|   -7.363047|    0.325993|    0.009396|
|         313|   -7.964152|   -7.378548|    0.325994|    0.009396|
|         314|   -7.998408|   -7.416894|    0.325996|    0.009396|
|         315|   -8.034922|   -7.464071|    0.325997|    0.009396|
|         316|   -8.040081|   -7.477291|    0.325997|    0.009396|
|         317|   -8.030717|   -7.471318|    0.325998|    0.009396|
|         318|   -8.020034|   -7.462770|    0.325999|    0.009396|
|         319|   -8.009193|   -7.453799|    0.325999|    0.009396|
|         320|   -7.999647|   -7.445766|    0.326000|    0.009396|
|         321|   -7.992687|   -7.439836|    0.326001|    0.009396|
|         322|   -7.988439|   -7.436029|    0.326001|    0.009396|
|         323|   -7.986941|   -7.434425|    0.326002|    0.009396|
|         324|   -7.988552|   -7.435609|    0.326002|    0.009396|
|         325|   -7.993593|   -7.440095|    0.326003|    0.009396|
|         326|   -8.002136|   -7.447995|    0.326003|    0.009396|
|         327|   -8.014086|   -7.459195|    0.326004|    0.009396|
|         328|   -8.029309|   -7.473569|    0.326004|    0.009396|
|         329|   -8.047690|   -7.491042|    0.326004|    0.009396|
|         330|   -8.069140|   -7.511565|    0.326005|    0.009396|
|         331|   -8.093554|   -7.535062|    0.326005|    0.009396|
|         332|   -8.120796|   -7.561402|    0.326005|    0.009396|
|         333|   -8.150700|   -7.590422|    0.326005|    0.009396|
|         334|   -8.183100|   -7.621958|    0.326006|    0.009396|
|         335|   -8.217826|   -7.655848|    0.326006|    0.009396|
|         336|   -8.254693|   -7.691921|    0.326006|    0.009396|
|         337|   -8.293495|   -7.729987|    0.326006|    0.009396|
|         338|   -8.333999|   -7.769833|    0.326006|    0.009396|
|         339|   -8.375943|   -7.811218|    0.326007|    0.009396|
|         340|   -8.419031|   -7.853869|    0.326007|    0.009396|
|         341|   -8.462923|   -7.897465|    0.326007|    0.009396|
|         342|   -8.507228|   -7.941632|    0.326007|    0.009396|
|         343|   -8.551499|   -7.985935|    0.326007|    0.009396|
|         344|   -8.595239|   -8.029881|    0.326007|    0.009396|
|         345|   -8.637921|   -8.072942|    0.326007|    0.009396|
|         346|   -8.679032|   -8.114594|    0.326007|    0.009397|
|         347|   -8.718124|   -8.154374|    0.326007|    0.009397|
|         348|   -8.754871|   -8.191937|    0.326007|    0.009397|
|         349|   -8.789097|   -8.227091|    0.326007|    0.009397|
|         350|   -8.820788|   -8.259810|    0.326007|    0.009397|
|         351|   -8.850072|   -8.290209|    0.326007|    0.009396|
+-----------------------------------------------------------------------+
|Fixed CL Mode                           |Value                         |
+-----------------------------------------------------------------------+
|Current CL                              |0.326007                      |
|Target CL                               |0.326                         |
|Previous AOA                            |0.944824                      |
|Changed AoA by                          |-3.5217e-05                   |
+-----------------------------------------------------------------------+
+----------------------------------------------------------------+
|  Inner_Iter|    rms[Rho]|   rms[RhoE]|          CL|          CD|
+----------------------------------------------------------------+
|         352|   -7.265165|   -6.658505|    0.326007|    0.009396|
|         353|   -7.562156|   -6.951670|    0.326007|    0.009396|
|         354|   -7.804140|   -7.210662|    0.326006|    0.009396|
|         355|   -8.002532|   -7.392346|    0.326004|    0.009396|
|         356|   -8.164130|   -7.565706|    0.326003|    0.009396|
|         357|   -8.258087|   -7.661101|    0.326002|    0.009396|
|         358|   -8.390116|   -7.790678|    0.326002|    0.009396|
|         359|   -8.420291|   -7.819358|    0.326002|    0.009396|
|         360|   -8.470326|   -7.868364|    0.326002|    0.009396|
|         361|   -8.577832|   -7.983488|    0.326001|    0.009396|
|         362|   -8.641668|   -8.057955|    0.326001|    0.009396|
|         363|   -8.654808|   -8.072276|    0.326001|    0.009396|
|         364|   -8.685122|   -8.106791|    0.326001|    0.009396|
|         365|   -8.716138|   -8.147707|    0.326000|    0.009396|
|         366|   -8.719436|   -8.158104|    0.326000|    0.009396|
|         367|   -8.710263|   -8.151923|    0.326000|    0.009396|
|         368|   -8.699968|   -8.143536|    0.326000|    0.009396|
|         369|   -8.689691|   -8.134912|    0.326000|    0.009396|
|         370|   -8.680727|   -8.127288|    0.326000|    0.009396|
|         371|   -8.674199|   -8.121684|    0.326000|    0.009396|
|         372|   -8.670254|   -8.118141|    0.325999|    0.009396|
|         373|   -8.668975|   -8.116768|    0.325999|    0.009396|
|         374|   -8.670704|   -8.118103|    0.325999|    0.009396|
|         375|   -8.675743|   -8.122618|    0.325999|    0.009396|
|         376|   -8.684166|   -8.130425|    0.325999|    0.009396|
|         377|   -8.695891|   -8.141430|    0.325999|    0.009396|
|         378|   -8.710796|   -8.155519|    0.325999|    0.009396|
|         379|   -8.728769|   -8.172618|    0.325999|    0.009396|
|         380|   -8.749715|   -8.192671|    0.325999|    0.009396|
|         381|   -8.773530|   -8.215599|    0.325999|    0.009396|
|         382|   -8.800076|   -8.241277|    0.325999|    0.009396|
|         383|   -8.829195|   -8.269552|    0.325999|    0.009396|
|         384|   -8.860721|   -8.300263|    0.325999|    0.009396|
|         385|   -8.894480|   -8.333253|    0.325999|    0.009396|
|         386|   -8.930284|   -8.368348|    0.325999|    0.009396|
|         387|   -8.967915|   -8.405351|    0.325998|    0.009396|
|         388|   -9.007123|   -8.444033|    0.325998|    0.009396|
|         389|   -9.047622|   -8.484132|    0.325998|    0.009396|
|         390|   -9.089084|   -8.525338|    0.325998|    0.009396|
|         391|   -9.131136|   -8.567295|    0.325998|    0.009396|
|         392|   -9.173357|   -8.609594|    0.325998|    0.009396|
|         393|   -9.215287|   -8.651774|    0.325998|    0.009396|
|         394|   -9.256441|   -8.693344|    0.325998|    0.009396|
|         395|   -9.296340|   -8.733807|    0.325998|    0.009396|
|         396|   -9.334559|   -8.772714|    0.325998|    0.009396|
|         397|   -9.370771|   -8.809709|    0.325998|    0.009396|
|         398|   -9.404788|   -8.844576|    0.325998|    0.009396|
|         399|   -9.436570|   -8.877254|    0.325998|    0.009396|
|         400|   -9.466212|   -8.907826|    0.325998|    0.009396|
|         401|   -9.493909|   -8.936479|    0.325998|    0.009396|
+-----------------------------------------------------------------------+
|Fixed CL Mode                           |Value                         |
+-----------------------------------------------------------------------+
|Current CL                              |0.325998                      |
|Target CL                               |0.326                         |
|Previous AOA                            |0.944788                      |
|Changed AoA by                          |8.03775e-06                   |
+-----------------------------------------------------------------------+
+----------------------------------------------------------------+
|  Inner_Iter|    rms[Rho]|   rms[RhoE]|          CL|          CD|
+----------------------------------------------------------------+
|         402|   -7.906801|   -7.300131|    0.325998|    0.009396|
|         403|   -8.203727|   -7.593268|    0.325998|    0.009396|
|         404|   -8.445778|   -7.852333|    0.325999|    0.009396|
|         405|   -8.643981|   -8.033840|    0.325999|    0.009396|
|         406|   -8.805468|   -8.207087|    0.325999|    0.009396|
|         407|   -8.899320|   -8.302414|    0.326000|    0.009396|
|         408|   -9.030500|   -8.431329|    0.326000|    0.009396|
|         409|   -9.059667|   -8.459218|    0.326000|    0.009396|
|         410|   -9.108107|   -8.506973|    0.326000|    0.009396|
|         411|   -9.211522|   -8.618626|    0.326000|    0.009396|
|         412|   -9.270582|   -8.688642|    0.326000|    0.009396|
|         413|   -9.280937|   -8.700494|    0.326000|    0.009396|
|         414|   -9.307073|   -8.731060|    0.326000|    0.009396|
|         415|   -9.333162|   -8.766575|    0.326000|    0.009396|
|         416|   -9.334373|   -8.774158|    0.326000|    0.009396|
|         417|   -9.325036|   -8.767406|    0.326000|    0.009396|
|         418|   -9.315158|   -8.759163|    0.326000|    0.009396|
|         419|   -9.305672|   -8.751088|    0.326000|    0.009396|
|         420|   -9.297681|   -8.744227|    0.326000|    0.009396|
|         421|   -9.292141|   -8.739445|    0.326000|    0.009396|
|         422|   -9.289155|   -8.736757|    0.326000|    0.009396|
|         423|   -9.288777|   -8.736239|    0.326000|    0.009396|
|         424|   -9.291301|   -8.738362|    0.326000|    0.009396|
|         425|   -9.296992|   -8.743539|    0.326000|    0.009396|
|         426|   -9.305910|   -8.751862|    0.326000|    0.009396|
|         427|   -9.317975|   -8.763239|    0.326000|    0.009396|
|         428|   -9.333070|   -8.777558|    0.326000|    0.009396|
|         429|   -9.351087|   -8.794748|    0.326000|    0.009396|
|         430|   -9.371936|   -8.814754|    0.326000|    0.009396|
|         431|   -9.395512|   -8.837496|    0.326000|    0.009396|
|         432|   -9.421682|   -8.862851|    0.326000|    0.009396|
|         433|   -9.450289|   -8.890666|    0.326000|    0.009396|
|         434|   -9.481169|   -8.920783|    0.326000|    0.009396|
|         435|   -9.514154|   -8.953044|    0.326000|    0.009396|
|         436|   -9.549058|   -8.987280|    0.326000|    0.009396|
|         437|   -9.585674|   -9.023299|    0.326000|    0.009396|
|         438|   -9.623767|   -9.060884|    0.326000|    0.009396|
|         439|   -9.663072|   -9.099790|    0.326000|    0.009396|
|         440|   -9.703295|   -9.139739|    0.326000|    0.009396|
|         441|   -9.744105|   -9.180415|    0.326000|    0.009396|
|         442|   -9.785140|   -9.221462|    0.326000|    0.009396|
|         443|   -9.826000|   -9.262485|    0.326000|    0.009396|
|         444|   -9.866268|   -9.303062|    0.326000|    0.009396|
|         445|   -9.905526|   -9.342764|    0.326000|    0.009396|
|         446|   -9.943391|   -9.381192|    0.326000|    0.009396|
|         447|   -9.979551|   -9.418014|    0.326000|    0.009396|
|         448|  -10.013797|   -9.453001|    0.326000|    0.009396|
|         449|  -10.046038|   -9.486045|    0.326000|    0.009396|
|         450|  -10.076297|   -9.517154|    0.326000|    0.009396|
|         451|  -10.104688|   -9.546435|    0.326000|    0.009396|
|         452|  -10.131386|   -9.574050|    0.326000|    0.009396|
|         453|  -10.156589|   -9.600182|    0.326000|    0.009396|
|         454|  -10.180489|   -9.624997|    0.326000|    0.009396|
|         455|  -10.203254|   -9.648633|    0.326000|    0.009396|
|         456|  -10.225020|   -9.671192|    0.326000|    0.009396|
|         457|  -10.245897|   -9.692748|    0.326000|    0.009396|
|         458|  -10.265974|   -9.713364|    0.326000|    0.009396|
|         459|  -10.285333|   -9.733109|    0.326000|    0.009396|
|         460|  -10.304060|   -9.752071|    0.326000|    0.009396|
|         461|  -10.322247|   -9.770365|    0.326000|    0.009396|
|         462|  -10.339994|   -9.788128|    0.326000|    0.009396|
|         463|  -10.357403|   -9.805508|    0.326000|    0.009396|
|         464|  -10.374563|   -9.822647|    0.326000|    0.009396|
|         465|  -10.391546|   -9.839662|    0.326000|    0.009396|
|         466|  -10.408394|   -9.856635|    0.326000|    0.009396|
|         467|  -10.425118|   -9.873602|    0.326000|    0.009396|
|         468|  -10.441700|   -9.890552|    0.326000|    0.009396|
|         469|  -10.458096|   -9.907432|    0.326000|    0.009396|
|         470|  -10.474247|   -9.924154|    0.326000|    0.009396|
|         471|  -10.490094|   -9.940620|    0.326000|    0.009396|
|         472|  -10.505587|   -9.956729|    0.326000|    0.009396|
|         473|  -10.520704|   -9.972407|    0.326000|    0.009396|
|         474|  -10.535452|   -9.987621|    0.326000|    0.009396|
|         475|  -10.549879|  -10.002387|    0.326000|    0.009396|
|         476|  -10.564062|  -10.016771|    0.326000|    0.009396|
|         477|  -10.578102|  -10.030873|    0.326000|    0.009396|
|         478|  -10.592108|  -10.044821|    0.326000|    0.009396|
|         479|  -10.606186|  -10.058748|    0.326000|    0.009396|
|         480|  -10.620427|  -10.072779|    0.326000|    0.009396|
|         481|  -10.634895|  -10.087013|    0.326000|    0.009396|
|         482|  -10.649622|  -10.101515|    0.326000|    0.009396|
|         483|  -10.664603|  -10.116306|    0.326000|    0.009396|
|         484|  -10.679797|  -10.131357|    0.326000|    0.009396|
|         485|  -10.695125|  -10.146598|    0.326000|    0.009396|
|         486|  -10.710485|  -10.161920|    0.326000|    0.009396|
|         487|  -10.725756|  -10.177190|    0.326000|    0.009396|
|         488|  -10.740818|  -10.192267|    0.326000|    0.009396|
|         489|  -10.755558|  -10.207017|    0.326000|    0.009396|
|         490|  -10.769887|  -10.221330|    0.326000|    0.009396|
|         491|  -10.783744|  -10.235127|    0.326000|    0.009396|
|         492|  -10.797101|  -10.248365|    0.326001|    0.009396|
|         493|  -10.809959|  -10.261043|    0.326001|    0.009396|
|         494|  -10.822350|  -10.273192|    0.326001|    0.009396|
|         495|  -10.834325|  -10.284873|    0.326001|    0.009396|
|         496|  -10.845951|  -10.296163|    0.326001|    0.009396|
|         497|  -10.857297|  -10.307147|    0.326001|    0.009396|
|         498|  -10.868433|  -10.317907|    0.326001|    0.009396|
|         499|  -10.879419|  -10.328516|    0.326001|    0.009396|
|         500|  -10.890307|  -10.339035|    0.326001|    0.009396|
+-----------------------------------------------------------------------+
|        File Writing Summary       |              Filename             |
+-----------------------------------------------------------------------+
|SU2 binary restart                 |restart_flow.dat                   |
Writing Flow Meta-Data file: flow.meta
|Paraview                           |flow.vtu                           |
Writing Flow Meta-Data file: flow.meta
|Paraview surface                   |surface_flow.vtu                   |
Writing Flow Meta-Data file: flow.meta
|CSV file                           |surface_flow.csv                   |
Writing Flow Meta-Data file: flow.meta
+-----------------------------------------------------------------------+
+----------------------------------------------------------------+
|  Inner_Iter|    rms[Rho]|   rms[RhoE]|          CL|          CD|
+----------------------------------------------------------------+
|         501|  -10.901140|  -10.349512|    0.326001|    0.009396|
+-----------------------------------------------------------------------+
|Fixed CL Mode                           |Value                         |
+-----------------------------------------------------------------------+
|Current CL                              |0.326001                      |
|Target CL                               |0.326                         |
|Previous AOA                            |0.944796                      |
|Changed AoA by                          |-2.54389e-06                  |
+-----------------------------------------------------------------------+
+----------------------------------------------------------------+
|  Inner_Iter|    rms[Rho]|   rms[RhoE]|          CL|          CD|
+----------------------------------------------------------------+
|         502|   -8.406552|   -7.799844|    0.326001|    0.009396|
|         503|   -8.703908|   -8.093355|    0.326000|    0.009396|
|         504|   -8.947007|   -8.353393|    0.326000|    0.009396|
|         505|   -9.146064|   -8.535369|    0.326000|    0.009396|
|         506|   -9.309451|   -8.710136|    0.326000|    0.009396|
|         507|   -9.405846|   -8.807599|    0.326000|    0.009396|
|         508|   -9.542287|   -8.940789|    0.326000|    0.009396|
|         509|   -9.572142|   -8.969263|    0.326000|    0.009396|
|         510|   -9.622785|   -9.018865|    0.326000|    0.009396|
|         511|   -9.734255|   -9.137839|    0.326000|    0.009396|
|         512|   -9.799104|   -9.213930|    0.326000|    0.009396|
|         513|   -9.809637|   -9.225936|    0.326000|    0.009396|
|         514|   -9.839187|   -9.259939|    0.326000|    0.009396|
|         515|   -9.870586|   -9.301660|    0.326000|    0.009396|
|         516|   -9.873873|   -9.312201|    0.326000|    0.009396|
|         517|   -9.865039|   -9.306214|    0.326000|    0.009396|
|         518|   -9.855685|   -9.298632|    0.326000|    0.009396|
|         519|   -9.846593|   -9.291120|    0.326000|    0.009396|
|         520|   -9.838964|   -9.284756|    0.326000|    0.009396|
|         521|   -9.833905|   -9.280525|    0.326000|    0.009396|
|         522|   -9.831460|   -9.278385|    0.326000|    0.009396|
|         523|   -9.831603|   -9.278355|    0.326000|    0.009396|
|         524|   -9.834627|   -9.280933|    0.326000|    0.009396|
|         525|   -9.840811|   -9.286571|    0.326000|    0.009396|
|         526|   -9.850210|   -9.295354|    0.326000|    0.009396|
|         527|   -9.862727|   -9.307159|    0.326000|    0.009396|
|         528|   -9.878228|   -9.321862|    0.326000|    0.009396|
|         529|   -9.896603|   -9.339390|    0.326000|    0.009396|
|         530|   -9.917761|   -9.359695|    0.326000|    0.009396|
|         531|   -9.941596|   -9.382695|    0.326000|    0.009396|
|         532|   -9.967957|   -9.408244|    0.326000|    0.009396|
|         533|   -9.996668|   -9.436163|    0.326000|    0.009396|
|         534|  -10.027544|   -9.466267|    0.326000|    0.009396|
|         535|  -10.060400|   -9.498374|    0.326000|    0.009396|
|         536|  -10.095034|   -9.532290|    0.326000|    0.009396|
|         537|  -10.131224|   -9.567804|    0.326000|    0.009396|
|         538|  -10.168729|   -9.604690|    0.326000|    0.009396|
|         539|  -10.207295|   -9.642709|    0.326000|    0.009396|
|         540|  -10.246650|   -9.681605|    0.326000|    0.009396|
|         541|  -10.286500|   -9.721100|    0.326000|    0.009396|
|         542|  -10.326523|   -9.760886|    0.326000|    0.009396|
|         543|  -10.366364|   -9.800617|    0.326000|    0.009396|
|         544|  -10.405630|   -9.839912|    0.326000|    0.009396|
|         545|  -10.443903|   -9.878358|    0.326000|    0.009396|
|         546|  -10.480763|   -9.915539|    0.326000|    0.009396|
|         547|  -10.515821|   -9.951065|    0.326000|    0.009396|
|         548|  -10.548757|   -9.984613|    0.326000|    0.009396|
|         549|  -10.579357|  -10.015959|    0.326000|    0.009396|
|         550|  -10.607530|  -10.044999|    0.326000|    0.009396|
|         551|  -10.633318|  -10.071754|    0.326000|    0.009396|
|         552|  -10.656878|  -10.096352|    0.326000|    0.009396|
|         553|  -10.678459|  -10.119001|    0.326000|    0.009396|
|         554|  -10.698367|  -10.139960|    0.326000|    0.009396|
|         555|  -10.716940|  -10.159512|    0.326000|    0.009396|
|         556|  -10.734518|  -10.177952|    0.326000|    0.009396|
|         557|  -10.751435|  -10.195570|    0.326000|    0.009396|
|         558|  -10.767999|  -10.212651|    0.326000|    0.009396|
|         559|  -10.784499|  -10.229471|    0.326000|    0.009396|
|         560|  -10.801193|  -10.246297|    0.326000|    0.009396|
|         561|  -10.818315|  -10.263382|    0.326000|    0.009396|
|         562|  -10.836071|  -10.280967|    0.326000|    0.009396|
|         563|  -10.854635|  -10.299266|    0.326000|    0.009396|
|         564|  -10.874148|  -10.318462|    0.326000|    0.009396|
|         565|  -10.894706|  -10.338694|    0.326000|    0.009396|
|         566|  -10.916357|  -10.360051|    0.326000|    0.009396|
|         567|  -10.939096|  -10.382560|    0.326000|    0.009396|
|         568|  -10.962859|  -10.406181|    0.326000|    0.009396|
|         569|  -10.987518|  -10.430804|    0.326000|    0.009396|
|         570|  -11.012886|  -10.456243|    0.326000|    0.009396|
|         571|  -11.038713|  -10.482245|    0.326000|    0.009396|
|         572|  -11.064700|  -10.508490|    0.326000|    0.009396|
|         573|  -11.090511|  -10.534616|    0.326000|    0.009396|
|         574|  -11.115793|  -10.560238|    0.326000|    0.009396|
|         575|  -11.140207|  -10.584982|    0.326000|    0.009396|
|         576|  -11.163450|  -10.608517|    0.326000|    0.009396|
|         577|  -11.185281|  -10.630584|    0.326000|    0.009396|
|         578|  -11.205535|  -10.651016|    0.326000|    0.009396|
|         579|  -11.224132|  -10.669747|    0.326000|    0.009396|
|         580|  -11.241069|  -10.686799|    0.326000|    0.009396|
|         581|  -11.256404|  -10.702262|    0.326000|    0.009396|
|         582|  -11.270243|  -10.716265|    0.326000|    0.009396|
|         583|  -11.282712|  -10.728953|    0.326000|    0.009396|
|         584|  -11.293954|  -10.740467|    0.326000|    0.009396|
|         585|  -11.304111|  -10.750937|    0.326000|    0.009396|
|         586|  -11.313332|  -10.760483|    0.326000|    0.009396|
|         587|  -11.321763|  -10.769220|    0.326000|    0.009396|
|         588|  -11.329561|  -10.777270|    0.326000|    0.009396|
|         589|  -11.336889|  -10.784773|    0.326000|    0.009396|
|         590|  -11.343921|  -10.791881|    0.326000|    0.009396|
|         591|  -11.350832|  -10.798765|    0.326000|    0.009396|
|         592|  -11.357794|  -10.805600|    0.326000|    0.009396|
|         593|  -11.364965|  -10.812556|    0.326000|    0.009396|
|         594|  -11.372486|  -10.819792|    0.326000|    0.009396|
|         595|  -11.380473|  -10.827442|    0.326000|    0.009396|
|         596|  -11.389012|  -10.835615|    0.326000|    0.009396|
|         597|  -11.398164|  -10.844388|    0.326000|    0.009396|
|         598|  -11.407957|  -10.853805|    0.326000|    0.009396|
|         599|  -11.418395|  -10.863881|    0.326000|    0.009396|
|         600|  -11.429458|  -10.874603|    0.326000|    0.009396|
|         601|  -11.441107|  -10.885937|    0.326000|    0.009396|
|         602|  -11.453293|  -10.897834|    0.326000|    0.009396|
|         603|  -11.465955|  -10.910233|    0.326000|    0.009396|
|         604|  -11.479032|  -10.923071|    0.326000|    0.009396|
|         605|  -11.492463|  -10.936284|    0.326000|    0.009396|
|         606|  -11.506192|  -10.949813|    0.326000|    0.009396|
|         607|  -11.520172|  -10.963609|    0.326000|    0.009396|
|         608|  -11.534362|  -10.977630|    0.326000|    0.009396|
|         609|  -11.548736|  -10.991849|    0.326000|    0.009396|
|         610|  -11.563272|  -11.006244|    0.326000|    0.009396|
|         611|  -11.577963|  -11.020806|    0.326000|    0.009396|
|         612|  -11.592805|  -11.035533|    0.326000|    0.009396|
|         613|  -11.607802|  -11.050428|    0.326000|    0.009396|
|         614|  -11.622962|  -11.065499|    0.326000|    0.009396|
|         615|  -11.638297|  -11.080757|    0.326000|    0.009396|
|         616|  -11.653818|  -11.096210|    0.326000|    0.009396|
|         617|  -11.669537|  -11.111870|    0.326000|    0.009396|
|         618|  -11.685464|  -11.127746|    0.326000|    0.009396|
|         619|  -11.701608|  -11.143843|    0.326000|    0.009396|
|         620|  -11.717974|  -11.160166|    0.326000|    0.009396|
|         621|  -11.734564|  -11.176715|    0.326000|    0.009396|
|         622|  -11.751375|  -11.193487|    0.326000|    0.009396|
|         623|  -11.768402|  -11.210478|    0.326000|    0.009396|
|         624|  -11.785635|  -11.227676|    0.326000|    0.009396|
|         625|  -11.803062|  -11.245071|    0.326000|    0.009396|
|         626|  -11.820668|  -11.262649|    0.326000|    0.009396|
|         627|  -11.838439|  -11.280394|    0.326000|    0.009396|
|         628|  -11.856361|  -11.298294|    0.326000|    0.009396|
|         629|  -11.874419|  -11.316336|    0.326000|    0.009396|
|         630|  -11.892606|  -11.334510|    0.326000|    0.009396|
|         631|  -11.910914|  -11.352810|    0.326000|    0.009396|
|         632|  -11.929346|  -11.371236|    0.326000|    0.009396|
|         633|  -11.947903|  -11.389792|    0.326000|    0.009396|
|         634|  -11.966602|  -11.408488|    0.326000|    0.009396|
|         635|  -11.985453|  -11.427338|    0.326000|    0.009396|
|         636|  -12.004477|  -11.446357|    0.326000|    0.009396|
|         637|  -12.023696|  -11.465567|    0.326000|    0.009396|
|         638|  -12.043134|  -11.484991|    0.326000|    0.009396|
|         639|  -12.062815|  -11.504649|    0.326000|    0.009396|
|         640|  -12.082758|  -11.524560|    0.326000|    0.009396|
|         641|  -12.102984|  -11.544744|    0.326000|    0.009396|
|         642|  -12.123510|  -11.565213|    0.326000|    0.009396|
|         643|  -12.144342|  -11.585979|    0.326000|    0.009396|
|         644|  -12.165486|  -11.607045|    0.326000|    0.009396|
|         645|  -12.186943|  -11.628412|    0.326000|    0.009396|
|         646|  -12.208704|  -11.650075|    0.326000|    0.009396|
|         647|  -12.230759|  -11.672022|    0.326000|    0.009396|
|         648|  -12.253084|  -11.694236|    0.326000|    0.009396|
|         649|  -12.275659|  -11.716695|    0.326000|    0.009396|
|         650|  -12.298448|  -11.739372|    0.326000|    0.009396|
|         651|  -12.321418|  -11.762233|    0.326000|    0.009396|
|         652|  -12.344528|  -11.785242|    0.326000|    0.009396|
|         653|  -12.367729|  -11.808355|    0.326000|    0.009396|
|         654|  -12.390975|  -11.831527|    0.326000|    0.009396|
|         655|  -12.414215|  -11.854711|    0.326000|    0.009396|
|         656|  -12.437402|  -11.877862|    0.326000|    0.009396|
|         657|  -12.460480|  -11.900928|    0.326000|    0.009396|
|         658|  -12.483405|  -11.923860|    0.326000|    0.009396|
|         659|  -12.506135|  -11.946624|    0.326000|    0.009396|
|         660|  -12.528628|  -11.969172|    0.326000|    0.009396|
|         661|  -12.550855|  -11.991476|    0.326000|    0.009396|
|         662|  -12.572792|  -12.013510|    0.326000|    0.009396|
|         663|  -12.594422|  -12.035255|    0.326000|    0.009396|
|         664|  -12.615729|  -12.056695|    0.326000|    0.009396|
|         665|  -12.636717|  -12.077825|    0.326000|    0.009396|
|         666|  -12.657376|  -12.098641|    0.326000|    0.009396|
|         667|  -12.677722|  -12.119145|    0.326000|    0.009396|
|         668|  -12.697756|  -12.139345|    0.326000|    0.009396|
|         669|  -12.717491|  -12.159242|    0.326000|    0.009396|
|         670|  -12.736927|  -12.178841|    0.326000|    0.009396|
|         671|  -12.756089|  -12.198156|    0.326000|    0.009396|
|         672|  -12.774964|  -12.217178|    0.326000|    0.009396|
|         673|  -12.793572|  -12.235920|    0.326000|    0.009396|
|         674|  -12.811906|  -12.254376|    0.326000|    0.009396|
|         675|  -12.829962|  -12.272540|    0.326000|    0.009396|
|         676|  -12.847742|  -12.290416|    0.326000|    0.009396|
|         677|  -12.865234|  -12.307984|    0.326000|    0.009396|
|         678|  -12.882431|  -12.325248|    0.326000|    0.009396|
|         679|  -12.899330|  -12.342197|    0.326000|    0.009396|
|         680|  -12.915902|  -12.358810|    0.326000|    0.009396|
|         681|  -12.932162|  -12.375095|    0.326000|    0.009396|
|         682|  -12.948081|  -12.391034|    0.326000|    0.009396|
|         683|  -12.963656|  -12.406620|    0.326000|    0.009396|
|         684|  -12.978878|  -12.421842|    0.326000|    0.009396|
|         685|  -12.993776|  -12.436732|    0.326000|    0.009396|
|         686|  -13.008331|  -12.451271|    0.326000|    0.009396|
+-----------------------------------------------------------------------+
|      Convergence Field     |     Value    |   Criterion  |  Converged |
+-----------------------------------------------------------------------+
|                    rms[Rho]|      -13.0083|         < -13|         Yes|
+-----------------------------------------------------------------------+
+-----------------------------------------------------------------------+
|        File Writing Summary       |              Filename             |
+-----------------------------------------------------------------------+
|SU2 binary restart                 |restart_flow.dat                   |
Writing Flow Meta-Data file: flow.meta
|Paraview                           |flow.vtu                           |
Writing Flow Meta-Data file: flow.meta
|Paraview surface                   |surface_flow.vtu                   |
Writing Flow Meta-Data file: flow.meta
|CSV file                           |surface_flow.csv                   |
Writing Flow Meta-Data file: flow.meta
+-----------------------------------------------------------------------+
+----------------------------------------------------------------+
|  Inner_Iter|    rms[Rho]|   rms[RhoE]|          CL|          CD|
+----------------------------------------------------------------+
|         687|  -13.022546|  -12.465478|    0.326000|    0.009402|
+-----------------------------------------------------------------------+
|Fixed CL Mode                           |Value                         |
+-----------------------------------------------------------------------+
|Current CL                              |0.326                         |
|Target CL                               |0.326                         |
|Previous AOA                            |0.944794                      |
|Changed AoA by (Finite Difference step) |0.001                         |
+-----------------------------------------------------------------------+
+----------------------------------------------------------------+
|  Inner_Iter|    rms[Rho]|   rms[RhoE]|          CL|          CD|
+----------------------------------------------------------------+
|         688|   -5.812065|   -5.205351|    0.326000|    0.009402|
|         689|   -6.109382|   -5.498841|    0.326007|    0.009402|
|         690|   -6.352509|   -5.758905|    0.326036|    0.009402|
|         691|   -6.551541|   -5.940847|    0.326080|    0.009403|
|         692|   -6.714947|   -6.115622|    0.326119|    0.009404|
|         693|   -6.811289|   -6.213053|    0.326141|    0.009405|
|         694|   -6.947359|   -6.345956|    0.326148|    0.009405|
|         695|   -6.976688|   -6.374016|    0.326149|    0.009406|
|         696|   -7.026470|   -6.422941|    0.326154|    0.009406|
|         697|   -7.135684|   -6.540014|    0.326163|    0.009407|
|         698|   -7.197849|   -6.613624|    0.326172|    0.009407|
|         699|   -7.206900|   -6.624324|    0.326179|    0.009408|
|         700|   -7.234130|   -6.656145|    0.326186|    0.009408|
|         701|   -7.262603|   -6.694681|    0.326192|    0.009408|
|         702|   -7.264505|   -6.703426|    0.326197|    0.009409|
|         703|   -7.255372|   -6.696932|    0.326201|    0.009409|
|         704|   -7.246018|   -6.689222|    0.326205|    0.009409|
|         705|   -7.237144|   -6.681806|    0.326210|    0.009410|
|         706|   -7.229848|   -6.675668|    0.326214|    0.009410|
|         707|   -7.225141|   -6.671706|    0.326217|    0.009410|
|         708|   -7.223048|   -6.669869|    0.326221|    0.009410|
|         709|   -7.223539|   -6.670166|    0.326224|    0.009410|
|         710|   -7.226882|   -6.673061|    0.326227|    0.009410|
|         711|   -7.233335|   -6.678973|    0.326230|    0.009410|
|         712|   -7.242946|   -6.687976|    0.326233|    0.009410|
|         713|   -7.255618|   -6.699948|    0.326236|    0.009410|
|         714|   -7.271221|   -6.714768|    0.326239|    0.009410|
|         715|   -7.289646|   -6.732364|    0.326241|    0.009410|
|         716|   -7.310806|   -6.752687|    0.326244|    0.009410|
|         717|   -7.334592|   -6.775655|    0.326246|    0.009410|
|         718|   -7.360860|   -6.801126|    0.326248|    0.009410|
|         719|   -7.389435|   -6.828925|    0.326250|    0.009410|
|         720|   -7.420139|   -6.858870|    0.326252|    0.009410|
|         721|   -7.452788|   -6.890784|    0.326254|    0.009410|
|         722|   -7.487184|   -6.924477|    0.326256|    0.009410|
|         723|   -7.523112|   -6.959742|    0.326257|    0.009410|
|         724|   -7.560337|   -6.996359|    0.326258|    0.009411|
|         725|   -7.598610|   -7.034095|    0.326260|    0.009411|
|         726|   -7.637669|   -7.072701|    0.326261|    0.009411|
|         727|   -7.677229|   -7.111909|    0.326262|    0.009411|
|         728|   -7.716981|   -7.151420|    0.326263|    0.009411|
|         729|   -7.756583|   -7.190905|    0.326263|    0.009411|
|         730|   -7.795661|   -7.229997|    0.326264|    0.009411|
|         731|   -7.833817|   -7.268305|    0.326265|    0.009411|
|         732|   -7.870649|   -7.305431|    0.326265|    0.009411|
|         733|   -7.905785|   -7.341004|    0.326266|    0.009411|
|         734|   -7.938919|   -7.374711|    0.326266|    0.009411|
|         735|   -7.969836|   -7.406333|    0.326267|    0.009411|
|         736|   -7.998443|   -7.435762|    0.326267|    0.009411|
|         737|   -8.024768|   -7.463006|    0.326268|    0.009411|
|         738|   -8.048947|   -7.488176|    0.326268|    0.009411|
|         739|   -8.071205|   -7.511457|    0.326269|    0.009411|
|         740|   -8.091826|   -7.533089|    0.326269|    0.009411|
|         741|   -8.111126|   -7.553336|    0.326269|    0.009411|
|         742|   -8.129429|   -7.572476|    0.326270|    0.009411|
|         743|   -8.147052|   -7.590787|    0.326270|    0.009411|
|         744|   -8.164295|   -7.608544|    0.326271|    0.009411|
|         745|   -8.181435|   -7.626012|    0.326271|    0.009411|
|         746|   -8.198724|   -7.643449|    0.326271|    0.009411|
|         747|   -8.216392|   -7.661103|    0.326271|    0.009411|
|         748|   -8.234639|   -7.679206|    0.326272|    0.009411|
|         749|   -8.253635|   -7.697967|    0.326272|    0.009411|
|         750|   -8.273518|   -7.717563|    0.326272|    0.009411|
|         751|   -8.294380|   -7.738130|    0.326273|    0.009411|
|         752|   -8.316268|   -7.759753|    0.326273|    0.009411|
|         753|   -8.339174|   -7.782456|    0.326273|    0.009411|
|         754|   -8.363033|   -7.806198|    0.326273|    0.009411|
|         755|   -8.387715|   -7.830865|    0.326273|    0.009411|
|         756|   -8.413032|   -7.856274|    0.326274|    0.009411|
|         757|   -8.438736|   -7.882169|    0.326274|    0.009411|
|         758|   -8.464525|   -7.908232|    0.326274|    0.009411|
|         759|   -8.490064|   -7.934100|    0.326274|    0.009411|
|         760|   -8.515000|   -7.959389|    0.326274|    0.009411|
|         761|   -8.538996|   -7.983728|    0.326275|    0.009411|
|         762|   -8.561752|   -8.006790|    0.326275|    0.009411|
|         763|   -8.583033|   -8.028322|    0.326275|    0.009411|
|         764|   -8.602682|   -8.048167|    0.326275|    0.009411|
|         765|   -8.620628|   -8.066264|    0.326275|    0.009411|
|         766|   -8.636879|   -8.082648|    0.326276|    0.009411|
|         767|   -8.651505|   -8.097416|    0.326276|    0.009411|
|         768|   -8.664625|   -8.110713|    0.326276|    0.009411|
|         769|   -8.676377|   -8.122688|    0.326276|    0.009411|
|         770|   -8.686908|   -8.133489|    0.326277|    0.009411|
|         771|   -8.696371|   -8.143255|    0.326277|    0.009411|
|         772|   -8.704922|   -8.152117|    0.326277|    0.009411|
|         773|   -8.712721|   -8.160202|    0.326277|    0.009411|
|         774|   -8.719931|   -8.167644|    0.326277|    0.009411|
|         775|   -8.726721|   -8.174588|    0.326278|    0.009411|
|         776|   -8.733264|   -8.181190|    0.326278|    0.009411|
|         777|   -8.739734|   -8.187621|    0.326278|    0.009411|
|         778|   -8.746298|   -8.194051|    0.326278|    0.009411|
|         779|   -8.753109|   -8.200644|    0.326278|    0.009411|
|         780|   -8.760298|   -8.207549|    0.326278|    0.009411|
|         781|   -8.767974|   -8.214892|    0.326279|    0.009411|
|         782|   -8.776217|   -8.222773|    0.326279|    0.009411|
|         783|   -8.785078|   -8.231262|    0.326279|    0.009411|
|         784|   -8.794583|   -8.240396|    0.326279|    0.009411|
|         785|   -8.804731|   -8.250188|    0.326279|    0.009411|
|         786|   -8.815501|   -8.260621|    0.326279|    0.009411|
|         787|   -8.826855|   -8.271663|    0.326279|    0.009412|
|         788|   -8.838744|   -8.283266|    0.326279|    0.009412|
|         789|   -8.851109|   -8.295370|    0.326280|    0.009412|
|         790|   -8.863893|   -8.307917|    0.326280|    0.009412|
|         791|   -8.877039|   -8.320847|    0.326280|    0.009412|
|         792|   -8.890494|   -8.334105|    0.326280|    0.009412|
|         793|   -8.904221|   -8.347652|    0.326280|    0.009412|
|         794|   -8.918236|   -8.361500|    0.326280|    0.009412|
|         795|   -8.932445|   -8.375551|    0.326280|    0.009412|
|         796|   -8.946847|   -8.389805|    0.326280|    0.009412|
|         797|   -8.961441|   -8.404264|    0.326280|    0.009412|
|         798|   -8.976229|   -8.418934|    0.326280|    0.009412|
|         799|   -8.991210|   -8.433815|    0.326281|    0.009412|
|         800|   -9.006383|   -8.448902|    0.326281|    0.009412|
|         801|   -9.021751|   -8.464195|    0.326281|    0.009412|
|         802|   -9.037319|   -8.479699|    0.326281|    0.009412|
|         803|   -9.053096|   -8.495420|    0.326281|    0.009412|
|         804|   -9.069090|   -8.511365|    0.326281|    0.009412|
|         805|   -9.085313|   -8.527543|    0.326281|    0.009412|
|         806|   -9.101770|   -8.543960|    0.326281|    0.009412|
|         807|   -9.118468|   -8.560619|    0.326281|    0.009412|
|         808|   -9.135406|   -8.577521|    0.326281|    0.009412|
|         809|   -9.152580|   -8.594659|    0.326281|    0.009412|
|         810|   -9.169980|   -8.612025|    0.326281|    0.009412|
|         811|   -9.187595|   -8.629609|    0.326281|    0.009412|
|         812|   -9.205412|   -8.647396|    0.326281|    0.009412|
|         813|   -9.223415|   -8.665372|    0.326281|    0.009412|
|         814|   -9.241590|   -8.683524|    0.326281|    0.009412|
|         815|   -9.259926|   -8.701841|    0.326281|    0.009412|
|         816|   -9.278414|   -8.720312|    0.326282|    0.009412|
|         817|   -9.297049|   -8.738933|    0.326282|    0.009412|
|         818|   -9.315831|   -8.757703|    0.326282|    0.009412|
|         819|   -9.334765|   -8.776627|    0.326282|    0.009412|
|         820|   -9.353861|   -8.795713|    0.326282|    0.009412|
|         821|   -9.373135|   -8.814976|    0.326282|    0.009412|
|         822|   -9.392606|   -8.834433|    0.326282|    0.009412|
|         823|   -9.412297|   -8.854104|    0.326282|    0.009412|
|         824|   -9.432229|   -8.874011|    0.326282|    0.009412|
|         825|   -9.452429|   -8.894177|    0.326282|    0.009412|
|         826|   -9.472919|   -8.914623|    0.326282|    0.009412|
|         827|   -9.493719|   -8.935370|    0.326282|    0.009412|
|         828|   -9.514848|   -8.956434|    0.326282|    0.009412|
|         829|   -9.536318|   -8.977826|    0.326282|    0.009412|
|         830|   -9.558138|   -8.999558|    0.326282|    0.009412|
|         831|   -9.580312|   -9.021633|    0.326282|    0.009412|
|         832|   -9.602838|   -9.044051|    0.326282|    0.009412|
|         833|   -9.625709|   -9.066806|    0.326282|    0.009412|
|         834|   -9.648910|   -9.089887|    0.326282|    0.009412|
|         835|   -9.672421|   -9.113276|    0.326282|    0.009412|
|         836|   -9.696219|   -9.136953|    0.326282|    0.009412|
|         837|   -9.720273|   -9.160892|    0.326282|    0.009412|
|         838|   -9.744548|   -9.185060|    0.326282|    0.009412|
|         839|   -9.769006|   -9.209424|    0.326282|    0.009412|
|         840|   -9.793604|   -9.233944|    0.326282|    0.009412|
|         841|   -9.818300|   -9.258579|    0.326282|    0.009412|
|         842|   -9.843046|   -9.283287|    0.326282|    0.009412|
|         843|   -9.867800|   -9.308025|    0.326282|    0.009412|
|         844|   -9.892517|   -9.332752|    0.326282|    0.009412|
|         845|   -9.917158|   -9.357427|    0.326282|    0.009412|
|         846|   -9.941688|   -9.382016|    0.326282|    0.009412|
|         847|   -9.966075|   -9.406488|    0.326282|    0.009412|
|         848|   -9.990296|   -9.430817|    0.326282|    0.009412|
|         849|  -10.014332|   -9.454981|    0.326282|    0.009412|
|         850|  -10.038171|   -9.478970|    0.326282|    0.009412|
|         851|  -10.061809|   -9.502772|    0.326282|    0.009412|
|         852|  -10.085244|   -9.526386|    0.326282|    0.009412|
|         853|  -10.108477|   -9.549808|    0.326282|    0.009412|
|         854|  -10.131513|   -9.573040|    0.326282|    0.009412|
|         855|  -10.154358|   -9.596085|    0.326282|    0.009412|
|         856|  -10.177017|   -9.618942|    0.326282|    0.009412|
|         857|  -10.199493|   -9.641614|    0.326282|    0.009412|
|         858|  -10.221789|   -9.664098|    0.326282|    0.009412|
|         859|  -10.243901|   -9.686389|    0.326282|    0.009412|
|         860|  -10.265825|   -9.708480|    0.326282|    0.009412|
|         861|  -10.287552|   -9.730358|    0.326282|    0.009412|
|         862|  -10.309068|   -9.752011|    0.326282|    0.009412|
|         863|  -10.330356|   -9.773418|    0.326282|    0.009412|
|         864|  -10.351395|   -9.794559|    0.326282|    0.009412|
|         865|  -10.372161|   -9.815409|    0.326282|    0.009412|
|         866|  -10.392627|   -9.835942|    0.326282|    0.009412|
|         867|  -10.412763|   -9.856129|    0.326282|    0.009412|
|         868|  -10.432539|   -9.875941|    0.326282|    0.009412|
|         869|  -10.451927|   -9.895350|    0.326282|    0.009412|
|         870|  -10.470897|   -9.914329|    0.326282|    0.009412|
|         871|  -10.489426|   -9.932855|    0.326282|    0.009412|
|         872|  -10.507494|   -9.950910|    0.326282|    0.009412|
|         873|  -10.525088|   -9.968482|    0.326282|    0.009412|
|         874|  -10.542201|   -9.985568|    0.326282|    0.009412|
|         875|  -10.558836|  -10.002170|    0.326282|    0.009412|
|         876|  -10.575004|  -10.018303|    0.326282|    0.009412|
|         877|  -10.590725|  -10.033986|    0.326282|    0.009412|
|         878|  -10.606027|  -10.049249|    0.326282|    0.009412|
|         879|  -10.620944|  -10.064128|    0.326282|    0.009412|
|         880|  -10.635516|  -10.078664|    0.326282|    0.009412|
|         881|  -10.649790|  -10.092904|    0.326282|    0.009412|
|         882|  -10.663812|  -10.106894|    0.326282|    0.009412|
|         883|  -10.677630|  -10.120683|    0.326282|    0.009412|
|         884|  -10.691294|  -10.134320|    0.326282|    0.009412|
|         885|  -10.704849|  -10.147851|    0.326282|    0.009412|
|         886|  -10.718339|  -10.161320|    0.326282|    0.009412|
|         887|  -10.731806|  -10.174767|    0.326282|    0.009412|
|         888|  -10.745285|  -10.188230|    0.326282|    0.009412|
|         889|  -10.758809|  -10.201740|    0.326282|    0.009412|
|         890|  -10.772407|  -10.215327|    0.326282|    0.009412|
|         891|  -10.786105|  -10.229015|    0.326282|    0.009412|
|         892|  -10.799924|  -10.242828|    0.326282|    0.009412|
|         893|  -10.813883|  -10.256783|    0.326282|    0.009412|
|         894|  -10.827998|  -10.270897|    0.326282|    0.009412|
|         895|  -10.842283|  -10.285184|    0.326282|    0.009412|
|         896|  -10.856751|  -10.299657|    0.326282|    0.009412|
|         897|  -10.871415|  -10.314328|    0.326282|    0.009412|
|         898|  -10.886287|  -10.329208|    0.326282|    0.009412|
|         899|  -10.901378|  -10.344309|    0.326282|    0.009412|
|         900|  -10.916700|  -10.359641|    0.326282|    0.009412|
|         901|  -10.932268|  -10.375218|    0.326282|    0.009412|
|         902|  -10.948094|  -10.391051|    0.326282|    0.009412|
|         903|  -10.964192|  -10.407154|    0.326282|    0.009412|
|         904|  -10.980579|  -10.423541|    0.326282|    0.009412|
|         905|  -10.997268|  -10.440226|    0.326282|    0.009412|
|         906|  -11.014276|  -10.457223|    0.326282|    0.009412|
|         907|  -11.031618|  -10.474547|    0.326282|    0.009412|
|         908|  -11.049309|  -10.492211|    0.326282|    0.009412|
|         909|  -11.067361|  -10.510229|    0.326282|    0.009412|
|         910|  -11.085787|  -10.528610|    0.326282|    0.009412|
|         911|  -11.104597|  -10.547366|    0.326282|    0.009412|
|         912|  -11.123799|  -10.566504|    0.326282|    0.009412|
|         913|  -11.143397|  -10.586029|    0.326282|    0.009412|
|         914|  -11.163396|  -10.605944|    0.326282|    0.009412|
|         915|  -11.183792|  -10.626249|    0.326282|    0.009412|
|         916|  -11.204584|  -10.646940|    0.326282|    0.009412|
|         917|  -11.225763|  -10.668012|    0.326282|    0.009412|
|         918|  -11.247318|  -10.689454|    0.326282|    0.009412|
|         919|  -11.269234|  -10.711254|    0.326282|    0.009412|
|         920|  -11.291493|  -10.733394|    0.326282|    0.009412|
|         921|  -11.314074|  -10.755856|    0.326282|    0.009412|
|         922|  -11.336951|  -10.778615|    0.326282|    0.009412|
|         923|  -11.360095|  -10.801645|    0.326282|    0.009412|
|         924|  -11.383476|  -10.824918|    0.326282|    0.009412|
|         925|  -11.407058|  -10.848402|    0.326282|    0.009412|
|         926|  -11.430807|  -10.872062|    0.326282|    0.009412|
|         927|  -11.454684|  -10.895864|    0.326282|    0.009412|
|         928|  -11.478650|  -10.919770|    0.326282|    0.009412|
|         929|  -11.502667|  -10.943744|    0.326282|    0.009412|
|         930|  -11.526695|  -10.967748|    0.326282|    0.009412|
|         931|  -11.550695|  -10.991746|    0.326282|    0.009412|
|         932|  -11.574633|  -11.015703|    0.326282|    0.009412|
|         933|  -11.598471|  -11.039585|    0.326282|    0.009412|
|         934|  -11.622179|  -11.063359|    0.326282|    0.009412|
|         935|  -11.645728|  -11.086999|    0.326282|    0.009412|
|         936|  -11.669092|  -11.110477|    0.326282|    0.009412|
|         937|  -11.692250|  -11.133772|    0.326282|    0.009412|
|         938|  -11.715184|  -11.156865|    0.326282|    0.009412|
|         939|  -11.737879|  -11.179740|    0.326282|    0.009406|
+-----------------------------------------------------------------------+
|Fixed CL Mode (Finite Difference)       |Value                         |
+-----------------------------------------------------------------------+
|Delta CL / Delta AoA                    |0.282342                      |
|Delta CD / Delta CL                     |0.055058                      |
|Delta CMz / Delta CL                    |0.1265                        |
+-----------------------------------------------------------------------+
Writing Flow Meta-Data file: flow.meta

--------------------------- Finalizing Solver ---------------------------
Deleted CNumerics container.
Deleted CIntegration container.
Deleted CSolver container.
Deleted CIteration container.
Deleted CInterface container.
Deleted CGeometry container.
Deleted CFreeFormDefBox class.
Deleted CSurfaceMovement class.
Deleted CVolumetricMovement class.
Deleted CConfig container.
Deleted nInst container.
Deleted COutput class.
-------------------------------------------------------------------------

------------------------- Exit Success (SU2_CFD) ------------------------

