
-------------------------------------------------------------------------
|    ___ _   _ ___                                                      |
|   / __| | | |_  )   Release 8.3.0 "Harrier"                           |
|   \__ \ |_| |/ /                                                      |
|   |___/\___//___|   Suite (Computational Fluid Dynamics Code)         |
|                                                                       |
-------------------------------------------------------------------------
| SU2 Project Website: https://su2code.github.io                        |
|                                                                       |
| The SU2 Project is maintained by the SU2 Foundation                   |
| (http://su2foundation.org)                                            |
-------------------------------------------------------------------------
| Copyright 2012-2025, SU2 Contributors                                 |
|                                                                       |
| SU2 is free software; you can redistribute it and/or                  |
| modify it under the terms of the GNU Lesser General Public            |
| License as published by the Free Software Foundation; either          |
| version 2.1 of the License, or (at your option) any later version.    |
|                                                                       |
| SU2 is distributed in the hope that it will be useful,                |
| but WITHOUT ANY WARRANTY; without even the implied warranty of        |
| MERCHANTABILITY or FITNESS FOR A PARTICULAR PURPOSE. See the GNU      |
| Lesser General Public License for more details.                       |
|                                                                       |
| You should have received a copy of the GNU Lesser General Public      |
| License along with SU2. If not, see <http://www.gnu.org/licenses/>.   |
-------------------------------------------------------------------------

Parsing config file for zone 0

----------------- Physical Case Definition ( Zone 0 ) -------------------
Compressible Euler equations.
Mach number: 0.8.
Angle of attack (AoA): 1.25 deg, and angle of sideslip (AoS): 0 deg.
Fixed CL mode, target value: 0.326.
Reading and writing binary SU2 native restart files.
Read flow solution from: solution_flow.
Non-Dimensional simulation (P=1.0, Rho=1.0, T=1.0 at the farfield).
The reference area is 1 m^2.
The semi-span will be computed using the max y(3D) value.
The reference length is 1 m.
Reference origin for moment evaluation is (0.25, 0, 0).
Surface(s) where the force coefficients are evaluated: airfoil.

Surface(s) plotted in the output file: airfoil.
Surface(s) affected by the design variables: airfoil.
Input mesh file name: mesh_NACA0012_inv_deform.su2

--------------- Space Numerical Integration ( Zone 0 ) ------------------
Jameson-Schmidt-Turkel scheme (2nd order in space) for the flow inviscid terms.
JST viscous coefficients (2nd & 4th): 0.5, 0.02.
The method includes a grid stretching correction (p = 0.3).
Gradient for viscous and source terms: Green-Gauss.

--------------- Time Numerical Integration  ( Zone 0 ) ------------------
Local time stepping (steady state simulation).
Euler implicit method for the flow equations.
FGMRES is used for solving the linear system.
Using a LU-SGS preconditioning.
Convergence criteria of the linear solver: 0.0001.
Max number of linear iterations: 2.
V Multigrid Cycle, with 2 multigrid levels.
Damping factor for the residual restriction: 1.
Damping factor for the correction prolongation: 1.
No CFL adaptation.
+-------------------------------------------+
|  MG Level| Presmooth|PostSmooth|CorrectSmo|
+-------------------------------------------+
|         0|         1|         0|         0|
|         1|         2|         0|         0|
|         2|         3|         0|         0|
+-------------------------------------------+
Courant-Friedrichs-Lewy number:       10

------------------ Convergence Criteria  ( Zone 0 ) ---------------------
Maximum number of solver subiterations: 1250.
Begin convergence monitoring at iteration 10.
Residual minimum value: 1e-13.
Cauchy series min. value: 1e-06.
Number of Cauchy elements: 100.
Begin windowed time average at iteration 0.

-------------------- Output Information ( Zone 0 ) ----------------------
File writing frequency: 
+------------------------------------+
|                     File| Frequency|
+------------------------------------+
|                  RESTART|       250|
|                 PARAVIEW|       250|
|         SURFACE_PARAVIEW|       250|
|              SURFACE_CSV|       250|
+------------------------------------+
Writing the convergence history file every 1 inner iterations.
Writing the screen convergence history every 1 inner iterations.
The tabular file format is CSV (.csv).
Convergence history file name: history_direct.
Forces breakdown file name: forces_breakdown.dat.
Surface file name: surface_flow.
Volume file name: flow.
Restart file name: restart_flow.

------------- Config File Boundary Information ( Zone 0 ) ---------------
+-----------------------------------------------------------------------+
|                        Marker Type|                        Marker Name|
+-----------------------------------------------------------------------+
|                         Euler wall|                            airfoil|
+-----------------------------------------------------------------------+
|                          Far-field|                           farfield|
+-----------------------------------------------------------------------+

-------------------- Output Preprocessing ( Zone 0 ) --------------------

WARNING: SURFACE_PRESSURE_DROP can only be computed for at least 2 surfaces (outlet, inlet, ...)

Screen output fields: INNER_ITER, RMS_DENSITY, RMS_ENERGY, LIFT, DRAG
History output group(s): ITER, RMS_RES, AERO_COEFF
Convergence field(s): RMS_DENSITY
Warning: No (valid) fields chosen for time convergence monitoring. Time convergence monitoring inactive.
Volume output fields: COORDINATES, SOLUTION, PRIMITIVE

------------------- Geometry Preprocessing ( Zone 0 ) -------------------
Two dimensional problem.
5233 grid points.
10216 volume elements.
2 surface markers.
200 boundary elements in index 0 (Marker = airfoil).
50 boundary elements in index 1 (Marker = farfield).
10216 triangles.
Setting point connectivity.
Renumbering points (Reverse Cuthill McKee Ordering).
Recomputing point connectivity.
Setting element connectivity.
Checking the numerical grid orientation.
All volume elements are correctly oriented.
All surface elements are correctly oriented.
Identifying edges and vertices.
Setting the control volume structure.
Area of the computational grid: 1253.25.
Searching for the closest normal neighbors to the surfaces.
Storing a mapping from global to local point index.
Compute the surface curvature.
Max K: 7835.1. Mean K: 34.8514. Standard deviation K: 494.428.
Checking for periodicity.
Computing mesh quality statistics for the dual control volumes.
+--------------------------------------------------------------+
|           Mesh Quality Metric|        Minimum|        Maximum|
+--------------------------------------------------------------+
|    Orthogonality Angle (deg.)|        62.8914|        89.7103|
|     CV Face Area Aspect Ratio|        1.00127|        7.18331|
|           CV Sub-Volume Ratio|        1.00222|        6.47651|
+--------------------------------------------------------------+
Setting the multigrid structure.
+-------------------------------------------+
|  MG Level|       CVs|Aggl. Rate|       CFL|
+-------------------------------------------+
|         0|      5233|    1/1.00|        10|
|         1|      1690|     1/3.1|   8.52431|
|         2|       649|     1/2.6|   7.92373|
+-------------------------------------------+
Finding max control volume width.
Wetted area = 2.03954 m.
Area projection in the x-plane = 0.1131 m, y-plane = 0.999845 m.
Max. coordinate in the x-direction = 1 m, y-direction = 0.0561488 m.
Min. coordinate in the x-direction = 0 m, y-direction = -0.0569767 m.
Computing wall distances.

-------------------- Solver Preprocessing ( Zone 0 ) --------------------
WARNING: AoA in the solution file (0.49998 deg.) +
         AoA offset in mesh file (0 deg.) = 0.49998 deg.
WARNING: SU2 will use the dCD/dCL provided in the direct solution file: 0.0117089.
WARNING: SU2 will use the dCMz/dCL provided in the direct solution file: 0.0956974.
Inviscid flow: Computing density based on free-stream
temperature and pressure using the ideal gas law.
Force coefficients computed using free-stream values.

-- Models:
+------------------------------------------------------------------------------+
|          Viscosity Model|        Conductivity Model|              Fluid Model|
+------------------------------------------------------------------------------+
|                        -|                         -|             STANDARD_AIR|
+------------------------------------------------------------------------------+
-- Fluid properties:
+------------------------------------------------------------------------------+
|                  Name|    Dim. value|    Ref. value|      Unit|Non-dim. value|
+------------------------------------------------------------------------------+
|          Gas Constant|       287.058|       287.058|  N.m/kg.K|             1|
|      Spec. Heat Ratio|             -|             -|         -|           1.4|
+------------------------------------------------------------------------------+
-- Initial and free-stream conditions:
+------------------------------------------------------------------------------+
|                  Name|    Dim. value|    Ref. value|      Unit|Non-dim. value|
+------------------------------------------------------------------------------+
|       Static Pressure|        101325|        101325|        Pa|             1|
|               Density|       1.22498|       1.22498|    kg/m^3|             1|
|           Temperature|        288.15|        288.15|         K|             1|
|          Total Energy|        243846|       82715.8|   m^2/s^2|         2.948|
|            Velocity-X|       272.227|       287.603|       m/s|      0.946537|
|            Velocity-Y|        2.3756|       287.603|       m/s|    0.00825997|
|    Velocity Magnitude|       272.238|       287.603|       m/s|      0.946573|
+------------------------------------------------------------------------------+
|           Mach Number|             -|             -|         -|           0.8|
+------------------------------------------------------------------------------+
Initialize Jacobian structure (Euler). MG level: 0.
Initialize Jacobian structure (Euler). MG level: 1.
Initialize Jacobian structure (Euler). MG level: 2.

------------------- Numerics Preprocessing ( Zone 0 ) -------------------

----------------- Integration Preprocessing ( Zone 0 ) ------------------

------------------- Iteration Preprocessing ( Zone 0 ) ------------------
Euler/Navier-Stokes/RANS fluid iteration.

------------------------------ Begin Solver -----------------------------

Simulation Run using the Single-zone Driver
WARNING: SU2 was not compiled for an AVX-capable architecture. Performance could be better,
         see https://su2code.github.io/docs_v7/Build-SU2-Linux-MacOS/#compiler-optimizations
WARNING: SU2 was not compiled for an AVX-capable architecture. Performance could be better,
         see https://su2code.github.io/docs_v7/Build-SU2-Linux-MacOS/#compiler-optimizations
WARNING: SU2 was not compiled for an AVX-capable architecture. Performance could be better,
         see https://su2code.github.io/docs_v7/Build-SU2-Linux-MacOS/#compiler-optimizations
+----------------------------------------------------------------+
|  Inner_Iter|    rms[Rho]|   rms[RhoE]|          CL|          CD|
+----------------------------------------------------------------+
|           0|   -6.483099|   -5.886719|    0.325999|    0.001849|
|           1|   -6.750136|   -6.153397|    0.326128|    0.001729|
|           2|   -6.658428|   -6.072516|    0.326218|    0.001696|
|           3|   -6.645285|   -6.056932|    0.326216|    0.001695|
|           4|   -6.587663|   -6.002687|    0.326271|    0.001681|
|           5|   -6.555938|   -5.975551|    0.326350|    0.001669|
|           6|   -6.556448|   -5.979876|    0.326414|    0.001663|
|           7|   -6.541113|   -5.964476|    0.326475|    0.001660|
|           8|   -6.530114|   -5.955516|    0.326541|    0.001657|
|           9|   -6.536013|   -5.965912|    0.326607|    0.001653|
|          10|   -6.543636|   -5.977191|    0.326671|    0.001650|
|          11|   -6.551112|   -5.986342|    0.326732|    0.001648|
|          12|   -6.556761|   -5.991753|    0.326792|    0.001647|
|          13|   -6.563194|   -5.997277|    0.326850|    0.001645|
|          14|   -6.572340|   -6.006220|    0.326905|    0.001644|
|          15|   -6.583283|   -6.017838|    0.326957|    0.001642|
|          16|   -6.596088|   -6.031577|    0.327004|    0.001641|
|          17|   -6.610624|   -6.046745|    0.327049|    0.001640|
|          18|   -6.626075|   -6.062386|    0.327090|    0.001639|
|          19|   -6.641851|   -6.078124|    0.327129|    0.001637|
|          20|   -6.657686|   -6.094096|    0.327165|    0.001636|
|          21|   -6.672996|   -6.110044|    0.327198|    0.001635|
|          22|   -6.686965|   -6.125076|    0.327229|    0.001634|
|          23|   -6.699322|   -6.138454|    0.327258|    0.001633|
|          24|   -6.710490|   -6.150174|    0.327285|    0.001632|
|          25|   -6.721048|   -6.160793|    0.327311|    0.001632|
|          26|   -6.731325|   -6.170978|    0.327334|    0.001631|
|          27|   -6.741389|   -6.181196|    0.327356|    0.001631|
|          28|   -6.751206|   -6.191625|    0.327377|    0.001631|
|          29|   -6.760759|   -6.202218|    0.327396|    0.001631|
|          30|   -6.770083|   -6.212820|    0.327415|    0.001632|
|          31|   -6.779240|   -6.223258|    0.327432|    0.001632|
|          32|   -6.788271|   -6.233383|    0.327449|    0.001633|
|          33|   -6.797187|   -6.243100|    0.327465|    0.001633|
|          34|   -6.805979|   -6.252386|    0.327481|    0.001633|
|          35|   -6.814637|   -6.261293|    0.327496|    0.001633|
|          36|   -6.823180|   -6.269945|    0.327511|    0.001633|
|          37|   -6.831647|   -6.278483|    0.327526|    0.001633|
|          38|   -6.840083|   -6.287022|    0.327540|    0.001633|
|          39|   -6.848538|   -6.295645|    0.327554|    0.001633|
|          40|   -6.857065|   -6.304397|    0.327568|    0.001632|
|          41|   -6.865710|   -6.313293|    0.327582|    0.001632|
|          42|   -6.874502|   -6.322322|    0.327596|    0.001631|
|          43|   -6.883451|   -6.331462|    0.327609|    0.001631|
|          44|   -6.892561|   -6.340697|    0.327622|    0.001630|
|          45|   -6.901826|   -6.350020|    0.327635|    0.001629|
|          46|   -6.911229|   -6.359422|    0.327647|    0.001629|
|          47|   -6.920741|   -6.368891|    0.327659|    0.001628|
|          48|   -6.930336|   -6.378423|    0.327671|    0.001628|
|          49|   -6.940001|   -6.388024|    0.327682|    0.001627|
|          50|   -6.949719|   -6.397693|    0.327692|    0.001627|
|          51|   -6.959503|   -6.407453|    0.327703|    0.001578|
+-----------------------------------------------------------------------+
|Fixed CL Mode                           |Value                         |
+-----------------------------------------------------------------------+
|Current CL                              |0.327703                      |
|Target CL                               |0.326                         |
|Previous AOA                            |0.49998                       |
|Changed AoA by                          |-0.00846229                   |
+-----------------------------------------------------------------------+
+----------------------------------------------------------------+
|  Inner_Iter|    rms[Rho]|   rms[RhoE]|          CL|          CD|
+----------------------------------------------------------------+
|          52|   -4.884531|   -4.277843|    0.327710|    0.001578|
|          53|   -5.182016|   -4.571450|    0.327657|    0.001578|
|          54|   -5.424998|   -4.831371|    0.327418|    0.001575|
|          55|   -5.624156|   -5.013500|    0.327053|    0.001570|
|          56|   -5.786950|   -5.187762|    0.326724|    0.001568|
|          57|   -5.884351|   -5.286129|    0.326536|    0.001566|
|          58|   -6.020727|   -5.419318|    0.326489|    0.001566|
|          59|   -6.050133|   -5.447018|    0.326485|    0.001565|
|          60|   -6.103713|   -5.498809|    0.326439|    0.001563|
|          61|   -6.225711|   -5.626469|    0.326360|    0.001561|
|          62|   -6.305192|   -5.714996|    0.326283|    0.001560|
|          63|   -6.329945|   -5.738400|    0.326215|    0.001560|
|          64|   -6.388170|   -5.797006|    0.326153|    0.001559|
|          65|   -6.467048|   -5.883599|    0.326097|    0.001559|
|          66|   -6.513270|   -5.937169|    0.326048|    0.001559|
|          67|   -6.538841|   -5.964595|    0.326002|    0.001560|
|          68|   -6.562718|   -5.989170|    0.325956|    0.001561|
|          69|   -6.581612|   -6.010089|    0.325909|    0.001562|
|          70|   -6.595430|   -6.027049|    0.325863|    0.001563|
|          71|   -6.607283|   -6.042284|    0.325820|    0.001565|
|          72|   -6.616789|   -6.054614|    0.325777|    0.001566|
|          73|   -6.623006|   -6.062746|    0.325734|    0.001568|
|          74|   -6.626987|   -6.068072|    0.325692|    0.001570|
|          75|   -6.630282|   -6.072533|    0.325651|    0.001572|
|          76|   -6.633735|   -6.077008|    0.325612|    0.001574|
|          77|   -6.637588|   -6.081667|    0.325572|    0.001576|
|          78|   -6.641802|   -6.086487|    0.325534|    0.001578|
|          79|   -6.646306|   -6.091493|    0.325497|    0.001579|
|          80|   -6.651089|   -6.096769|    0.325460|    0.001581|
|          81|   -6.656112|   -6.102312|    0.325425|    0.001582|
|          82|   -6.661267|   -6.107983|    0.325392|    0.001583|
|          83|   -6.666440|   -6.113622|    0.325359|    0.001584|
|          84|   -6.671565|   -6.119140|    0.325328|    0.001585|
|          85|   -6.676621|   -6.124510|    0.325298|    0.001586|
|          86|   -6.681617|   -6.129750|    0.325269|    0.001586|
|          87|   -6.686583|   -6.134903|    0.325242|    0.001587|
|          88|   -6.691562|   -6.140026|    0.325216|    0.001587|
|          89|   -6.696604|   -6.145179|    0.325191|    0.001587|
|          90|   -6.701755|   -6.150416|    0.325168|    0.001587|
|          91|   -6.707058|   -6.155784|    0.325146|    0.001587|
|          92|   -6.712561|   -6.161333|    0.325124|    0.001587|
|          93|   -6.718286|   -6.167086|    0.325104|    0.001587|
|          94|   -6.724255|   -6.173068|    0.325084|    0.001587|
|          95|   -6.730493|   -6.179307|    0.325065|    0.001587|
|          96|   -6.737035|   -6.185837|    0.325047|    0.001587|
|          97|   -6.743864|   -6.192638|    0.325030|    0.001586|
|          98|   -6.750992|   -6.199721|    0.325013|    0.001586|
|          99|   -6.758422|   -6.207094|    0.324997|    0.001587|
|         100|   -6.766157|   -6.214757|    0.324982|    0.001587|
|         101|   -6.774195|   -6.222711|    0.324967|    0.001616|
+-----------------------------------------------------------------------+
|Fixed CL Mode                           |Value                         |
+-----------------------------------------------------------------------+
|Current CL                              |0.324967                      |
|Target CL                               |0.326                         |
|Previous AOA                            |0.491518                      |
|Changed AoA by                          |0.00509119                    |
+-----------------------------------------------------------------------+
+----------------------------------------------------------------+
|  Inner_Iter|    rms[Rho]|   rms[RhoE]|          CL|          CD|
+----------------------------------------------------------------+
|         102|   -5.105064|   -4.498429|    0.324954|    0.001616|
|         103|   -5.402536|   -4.791963|    0.324978|    0.001616|
|         104|   -5.644701|   -5.051128|    0.325113|    0.001618|
|         105|   -5.843043|   -5.232786|    0.325326|    0.001621|
|         106|   -6.003843|   -5.405424|    0.325517|    0.001623|
|         107|   -6.099133|   -5.501995|    0.325622|    0.001624|
|         108|   -6.231649|   -5.632078|    0.325643|    0.001624|
|         109|   -6.260786|   -5.659574|    0.325639|    0.001625|
|         110|   -6.312360|   -5.709734|    0.325659|    0.001626|
|         111|   -6.427343|   -5.831233|    0.325700|    0.001628|
|         112|   -6.501730|   -5.914736|    0.325741|    0.001628|
|         113|   -6.526526|   -5.938254|    0.325776|    0.001629|
|         114|   -6.580308|   -5.992700|    0.325807|    0.001629|
|         115|   -6.651749|   -6.071679|    0.325835|    0.001630|
|         116|   -6.696132|   -6.122933|    0.325860|    0.001629|
|         117|   -6.723164|   -6.151795|    0.325883|    0.001629|
|         118|   -6.748361|   -6.177446|    0.325906|    0.001629|
|         119|   -6.769916|   -6.200345|    0.325929|    0.001628|
|         120|   -6.787808|   -6.220568|    0.325952|    0.001627|
|         121|   -6.804190|   -6.239623|    0.325975|    0.001626|
|         122|   -6.818452|   -6.256170|    0.325997|    0.001625|
|         123|   -6.829567|   -6.268796|    0.326019|    0.001624|
|         124|   -6.838325|   -6.278546|    0.326041|    0.001623|
|         125|   -6.846138|   -6.287203|    0.326063|    0.001621|
|         126|   -6.853832|   -6.295658|    0.326084|    0.001620|
|         127|   -6.861662|   -6.304111|    0.326105|    0.001619|
|         128|   -6.869600|   -6.312539|    0.326126|    0.001618|
|         129|   -6.877569|   -6.320939|    0.326146|    0.001617|
|         130|   -6.885537|   -6.329364|    0.326166|    0.001616|
|         131|   -6.893492|   -6.337834|    0.326185|    0.001616|
|         132|   -6.901336|   -6.346221|    0.326204|    0.001615|
|         133|   -6.908942|   -6.354348|    0.326222|    0.001614|
|         134|   -6.916226|   -6.362098|    0.326240|    0.001614|
|         135|   -6.923153|   -6.369424|    0.326257|    0.001614|
|         136|   -6.929724|   -6.376328|    0.326273|    0.001613|
|         137|   -6.935982|   -6.382864|    0.326289|    0.001613|
|         138|   -6.941985|   -6.389103|    0.326304|    0.001613|
|         139|   -6.947801|   -6.395127|    0.326319|    0.001613|
|         140|   -6.953503|   -6.401014|    0.326333|    0.001613|
|         141|   -6.959158|   -6.406838|    0.326347|    0.001613|
|         142|   -6.964829|   -6.412663|    0.326360|    0.001613|
|         143|   -6.970570|   -6.418546|    0.326372|    0.001613|
|         144|   -6.976425|   -6.424529|    0.326384|    0.001614|
|         145|   -6.982433|   -6.430647|    0.326396|    0.001614|
|         146|   -6.988623|   -6.436930|    0.326408|    0.001614|
|         147|   -6.995019|   -6.443398|    0.326419|    0.001614|
|         148|   -7.001638|   -6.450063|    0.326429|    0.001614|
|         149|   -7.008490|   -6.456936|    0.326440|    0.001614|
|         150|   -7.015582|   -6.464020|    0.326450|    0.001614|
|         151|   -7.022911|   -6.471314|    0.326460|    0.001601|
+-----------------------------------------------------------------------+
|Fixed CL Mode                           |Value                         |
+-----------------------------------------------------------------------+
|Current CL                              |0.32646                       |
|Target CL                               |0.326                         |
|Previous AOA                            |0.496609                      |
|Changed AoA by                          |-0.00225107                   |
+-----------------------------------------------------------------------+
+----------------------------------------------------------------+
|  Inner_Iter|    rms[Rho]|   rms[RhoE]|          CL|          CD|
+----------------------------------------------------------------+
|         152|   -5.459394|   -4.852794|    0.326469|    0.001601|
|         153|   -5.756869|   -5.146299|    0.326462|    0.001601|
|         154|   -5.998543|   -5.405030|    0.326405|    0.001600|
|         155|   -6.196071|   -5.586126|    0.326314|    0.001599|
|         156|   -6.355152|   -5.757302|    0.326232|    0.001598|
|         157|   -6.448983|   -5.852659|    0.326189|    0.001598|
|         158|   -6.578625|   -5.980466|    0.326183|    0.001597|
|         159|   -6.607548|   -6.007845|    0.326188|    0.001597|
|         160|   -6.657824|   -6.056969|    0.326182|    0.001597|
|         161|   -6.768101|   -6.174304|    0.326167|    0.001596|
|         162|   -6.838960|   -6.254307|    0.326152|    0.001596|
|         163|   -6.863423|   -6.277586|    0.326139|    0.001595|
|         164|   -6.913941|   -6.328972|    0.326127|    0.001595|
|         165|   -6.980239|   -6.402667|    0.326118|    0.001595|
|         166|   -7.022882|   -6.451835|    0.326109|    0.001595|
|         167|   -7.050225|   -6.480956|    0.326102|    0.001595|
|         168|   -7.075781|   -6.506849|    0.326094|    0.001596|
|         169|   -7.098657|   -6.530741|    0.326086|    0.001596|
|         170|   -7.118880|   -6.552870|    0.326078|    0.001596|
|         171|   -7.138000|   -6.574235|    0.326070|    0.001597|
|         172|   -7.155361|   -6.593508|    0.326063|    0.001597|
|         173|   -7.169995|   -6.609358|    0.326055|    0.001598|
|         174|   -7.182532|   -6.622633|    0.326047|    0.001598|
|         175|   -7.194221|   -6.634928|    0.326040|    0.001599|
|         176|   -7.205808|   -6.647066|    0.326032|    0.001599|
|         177|   -7.217518|   -6.659216|    0.326025|    0.001600|
|         178|   -7.229320|   -6.671351|    0.326017|    0.001600|
|         179|   -7.241134|   -6.683462|    0.326010|    0.001601|
|         180|   -7.252936|   -6.695612|    0.326002|    0.001601|
|         181|   -7.264682|   -6.707793|    0.325995|    0.001601|
|         182|   -7.276252|   -6.719855|    0.325988|    0.001602|
|         183|   -7.287494|   -6.731596|    0.325981|    0.001602|
|         184|   -7.298293|   -6.742863|    0.325974|    0.001602|
|         185|   -7.308580|   -6.753568|    0.325968|    0.001602|
|         186|   -7.318325|   -6.763680|    0.325962|    0.001602|
|         187|   -7.327538|   -6.773211|    0.325955|    0.001602|
|         188|   -7.336263|   -6.782216|    0.325950|    0.001602|
|         189|   -7.344569|   -6.790778|    0.325944|    0.001602|
|         190|   -7.352542|   -6.798989|    0.325938|    0.001602|
|         191|   -7.360268|   -6.806944|    0.325933|    0.001602|
|         192|   -7.367844|   -6.814741|    0.325928|    0.001602|
|         193|   -7.375354|   -6.822465|    0.325923|    0.001602|
|         194|   -7.382848|   -6.830161|    0.325918|    0.001602|
|         195|   -7.390378|   -6.837882|    0.325913|    0.001602|
|         196|   -7.397992|   -6.845671|    0.325909|    0.001602|
|         197|   -7.405723|   -6.853550|    0.325904|    0.001602|
|         198|   -7.413595|   -6.861541|    0.325900|    0.001602|
|         199|   -7.421627|   -6.869658|    0.325896|    0.001602|
|         200|   -7.429832|   -6.877911|    0.325892|    0.001602|
|         201|   -7.438215|   -6.886304|    0.325887|    0.001605|
+-----------------------------------------------------------------------+
|Fixed CL Mode                           |Value                         |
+-----------------------------------------------------------------------+
|Current CL                              |0.325887                      |
|Target CL                               |0.326                         |
|Previous AOA                            |0.494358                      |
|Changed AoA by                          |0.000542427                   |
+-----------------------------------------------------------------------+
+----------------------------------------------------------------+
|  Inner_Iter|    rms[Rho]|   rms[RhoE]|          CL|          CD|
+----------------------------------------------------------------+
|         202|   -6.077113|   -5.470615|    0.325884|    0.001605|
|         203|   -6.374297|   -5.763819|    0.325884|    0.001605|
|         204|   -6.614133|   -6.020924|    0.325896|    0.001605|
|         205|   -6.808513|   -6.199803|    0.325917|    0.001605|
|         206|   -6.961680|   -6.365885|    0.325935|    0.001605|
|         207|   -7.050301|   -6.456801|    0.325944|    0.001606|
|         208|   -7.169452|   -6.575987|    0.325944|    0.001606|
|         209|   -7.197002|   -6.602383|    0.325941|    0.001606|
|         210|   -7.242496|   -6.647592|    0.325941|    0.001606|
|         211|   -7.336569|   -6.750040|    0.325943|    0.001606|
|         212|   -7.395201|   -6.817455|    0.325946|    0.001606|
|         213|   -7.417477|   -6.838973|    0.325948|    0.001606|
|         214|   -7.458061|   -6.880940|    0.325949|    0.001606|
|         215|   -7.508651|   -6.938067|    0.325950|    0.001606|
|         216|   -7.543178|   -6.977827|    0.325951|    0.001606|
|         217|   -7.567477|   -7.003723|    0.325952|    0.001606|
|         218|   -7.590125|   -7.026716|    0.325953|    0.001606|
|         219|   -7.611621|   -7.048793|    0.325954|    0.001606|
|         220|   -7.632233|   -7.070502|    0.325955|    0.001606|
|         221|   -7.652484|   -7.092068|    0.325956|    0.001606|
|         222|   -7.671832|   -7.112504|    0.325957|    0.001606|
|         223|   -7.689744|   -7.131027|    0.325958|    0.001606|
|         224|   -7.706603|   -7.148143|    0.325959|    0.001605|
|         225|   -7.723173|   -7.164842|    0.325960|    0.001605|
|         226|   -7.739926|   -7.181669|    0.325961|    0.001605|
|         227|   -7.757008|   -7.198748|    0.325962|    0.001605|
|         228|   -7.774400|   -7.216068|    0.325963|    0.001605|
|         229|   -7.792052|   -7.233629|    0.325964|    0.001605|
|         230|   -7.809947|   -7.251473|    0.325965|    0.001605|
|         231|   -7.828055|   -7.269601|    0.325966|    0.001605|
|         232|   -7.846283|   -7.287906|    0.325968|    0.001605|
|         233|   -7.864493|   -7.306220|    0.325969|    0.001605|
|         234|   -7.882556|   -7.324391|    0.325970|    0.001605|
|         235|   -7.900360|   -7.342291|    0.325971|    0.001605|
|         236|   -7.917802|   -7.359813|    0.325972|    0.001605|
|         237|   -7.934802|   -7.376880|    0.325973|    0.001605|
|         238|   -7.951308|   -7.393449|    0.325974|    0.001605|
|         239|   -7.967303|   -7.409515|    0.325975|    0.001605|
|         240|   -7.982795|   -7.425102|    0.325976|    0.001605|
|         241|   -7.997810|   -7.440247|    0.325978|    0.001605|
|         242|   -8.012391|   -7.455002|    0.325979|    0.001605|
|         243|   -8.026588|   -7.469421|    0.325980|    0.001605|
|         244|   -8.040450|   -7.483548|    0.325981|    0.001605|
|         245|   -8.054019|   -7.497421|    0.325981|    0.001605|
|         246|   -8.067333|   -7.511065|    0.325982|    0.001605|
|         247|   -8.080420|   -7.524497|    0.325983|    0.001605|
|         248|   -8.093303|   -7.537719|    0.325984|    0.001605|
|         249|   -8.105991|   -7.550728|    0.325985|    0.001605|
|         250|   -8.118487|   -7.563511|    0.325986|    0.001605|
+-----------------------------------------------------------------------+
|        File Writing Summary       |              Filename             |
+-----------------------------------------------------------------------+
|SU2 binary restart                 |restart_flow.dat                   |
Writing Flow Meta-Data file: flow.meta
|Paraview                           |flow.vtu                           |
Writing Flow Meta-Data file: flow.meta
|Paraview surface                   |surface_flow.vtu                   |
Writing Flow Meta-Data file: flow.meta
|CSV file                           |surface_flow.csv                   |
Writing Flow Meta-Data file: flow.meta
+-----------------------------------------------------------------------+
+----------------------------------------------------------------+
|  Inner_Iter|    rms[Rho]|   rms[RhoE]|          CL|          CD|
+----------------------------------------------------------------+
|         251|   -8.130785|   -7.576053|    0.325987|    0.001605|
+-----------------------------------------------------------------------+
|Fixed CL Mode                           |Value                         |
+-----------------------------------------------------------------------+
|Current CL                              |0.325987                      |
|Target CL                               |0.326                         |
|Previous AOA                            |0.4949                        |
|Changed AoA by                          |6.89905e-05                   |
+-----------------------------------------------------------------------+
+----------------------------------------------------------------+
|  Inner_Iter|    rms[Rho]|   rms[RhoE]|          CL|          CD|
+----------------------------------------------------------------+
|         252|   -6.972656|   -6.365956|    0.325988|    0.001605|
|         253|   -7.265815|   -6.656550|    0.325989|    0.001605|
|         254|   -7.502723|   -6.911169|    0.325992|    0.001605|
|         255|   -7.687183|   -7.082000|    0.325996|    0.001605|
|         256|   -7.829756|   -7.238022|    0.326000|    0.001605|
|         257|   -7.907645|   -7.319412|    0.326002|    0.001605|
|         258|   -8.000434|   -7.415446|    0.326003|    0.001605|
|         259|   -8.018900|   -7.434259|    0.326004|    0.001605|
|         260|   -8.051270|   -7.468161|    0.326006|    0.001605|
|         261|   -8.109660|   -7.535549|    0.326007|    0.001605|
|         262|   -8.140185|   -7.572945|    0.326009|    0.001605|
|         263|   -8.152094|   -7.585473|    0.326010|    0.001605|
|         264|   -8.174208|   -7.609854|    0.326011|    0.001605|
|         265|   -8.196562|   -7.635960|    0.326012|    0.001605|
|         266|   -8.209293|   -7.650565|    0.326014|    0.001605|
|         267|   -8.218244|   -7.660180|    0.326015|    0.001605|
|         268|   -8.226759|   -7.669354|    0.326016|    0.001605|
|         269|   -8.234599|   -7.677914|    0.326017|    0.001605|
|         270|   -8.241887|   -7.685868|    0.326018|    0.001605|
|         271|   -8.248911|   -7.693468|    0.326019|    0.001605|
|         272|   -8.255625|   -7.700622|    0.326020|    0.001605|
|         273|   -8.262034|   -7.707335|    0.326021|    0.001605|
|         274|   -8.268337|   -7.713883|    0.326021|    0.001605|
|         275|   -8.274744|   -7.720527|    0.326022|    0.001605|
|         276|   -8.281367|   -7.727376|    0.326023|    0.001605|
|         277|   -8.288235|   -7.734439|    0.326024|    0.001605|
|         278|   -8.295337|   -7.741700|    0.326025|    0.001605|
|         279|   -8.302660|   -7.749158|    0.326025|    0.001605|
|         280|   -8.310197|   -7.756820|    0.326026|    0.001605|
|         281|   -8.317926|   -7.764671|    0.326027|    0.001605|
|         282|   -8.325816|   -7.772673|    0.326027|    0.001605|
|         283|   -8.333835|   -7.780785|    0.326028|    0.001605|
|         284|   -8.341964|   -7.788985|    0.326028|    0.001605|
|         285|   -8.350195|   -7.797266|    0.326029|    0.001605|
|         286|   -8.358526|   -7.805631|    0.326029|    0.001605|
|         287|   -8.366964|   -7.814090|    0.326030|    0.001605|
|         288|   -8.375512|   -7.822653|    0.326030|    0.001605|
|         289|   -8.384181|   -7.831329|    0.326031|    0.001605|
|         290|   -8.392975|   -7.840128|    0.326031|    0.001605|
|         291|   -8.401900|   -7.849054|    0.326032|    0.001605|
|         292|   -8.410963|   -7.858112|    0.326032|    0.001605|
|         293|   -8.420165|   -7.867306|    0.326032|    0.001605|
|         294|   -8.429511|   -7.876640|    0.326033|    0.001605|
|         295|   -8.439006|   -7.886119|    0.326033|    0.001605|
|         296|   -8.448654|   -7.895748|    0.326033|    0.001605|
|         297|   -8.458462|   -7.905535|    0.326033|    0.001605|
|         298|   -8.468436|   -7.915485|    0.326034|    0.001605|
|         299|   -8.478582|   -7.925606|    0.326034|    0.001605|
|         300|   -8.488908|   -7.935905|    0.326034|    0.001605|
|         301|   -8.499418|   -7.946388|    0.326034|    0.001604|
+-----------------------------------------------------------------------+
|Fixed CL Mode                           |Value                         |
+-----------------------------------------------------------------------+
|Current CL                              |0.326034                      |
|Target CL                               |0.326                         |
|Previous AOA                            |0.494969                      |
|Changed AoA by                          |-0.000169994                  |
+-----------------------------------------------------------------------+
+----------------------------------------------------------------+
|  Inner_Iter|    rms[Rho]|   rms[RhoE]|          CL|          CD|
+----------------------------------------------------------------+
|         302|   -6.581565|   -5.974886|    0.326034|    0.001604|
|         303|   -6.879008|   -6.268444|    0.326033|    0.001604|
|         304|   -7.121741|   -6.528118|    0.326028|    0.001604|
|         305|   -7.320881|   -6.710299|    0.326021|    0.001604|
|         306|   -7.483514|   -6.884466|    0.326014|    0.001604|
|         307|   -7.580402|   -6.982365|    0.326011|    0.001604|
|         308|   -7.715974|   -7.114846|    0.326010|    0.001604|
|         309|   -7.745250|   -7.142413|    0.326010|    0.001604|
|         310|   -7.798236|   -7.193698|    0.326009|    0.001604|
|         311|   -7.918427|   -7.319746|    0.326007|    0.001604|
|         312|   -7.996580|   -7.406961|    0.326005|    0.001604|
|         313|   -8.021411|   -7.430472|    0.326004|    0.001604|
|         314|   -8.078751|   -7.488243|    0.326003|    0.001604|
|         315|   -8.155756|   -7.572857|    0.326002|    0.001604|
|         316|   -8.201154|   -7.625432|    0.326001|    0.001604|
|         317|   -8.226712|   -7.652872|    0.326000|    0.001604|
|         318|   -8.250457|   -7.677324|    0.325999|    0.001604|
|         319|   -8.269324|   -7.698079|    0.325998|    0.001604|
|         320|   -8.283341|   -7.715031|    0.325997|    0.001604|
|         321|   -8.295482|   -7.730371|    0.325996|    0.001604|
|         322|   -8.305283|   -7.742876|    0.325995|    0.001604|
|         323|   -8.311770|   -7.751205|    0.325994|    0.001604|
|         324|   -8.315947|   -7.756671|    0.325993|    0.001604|
|         325|   -8.319348|   -7.761189|    0.325992|    0.001604|
|         326|   -8.322840|   -7.765674|    0.325991|    0.001604|
|         327|   -8.326684|   -7.770324|    0.325990|    0.001604|
|         328|   -8.330837|   -7.775113|    0.325990|    0.001604|
|         329|   -8.335221|   -7.780040|    0.325989|    0.001604|
|         330|   -8.339819|   -7.785173|    0.325988|    0.001604|
|         331|   -8.344590|   -7.790504|    0.325987|    0.001604|
|         332|   -8.349433|   -7.795897|    0.325987|    0.001604|
|         333|   -8.354239|   -7.801200|    0.325986|    0.001604|
|         334|   -8.358946|   -7.806327|    0.325985|    0.001604|
|         335|   -8.363540|   -7.811260|    0.325985|    0.001604|
|         336|   -8.368036|   -7.816025|    0.325984|    0.001604|
|         337|   -8.372473|   -7.820671|    0.325983|    0.001604|
|         338|   -8.376902|   -7.825264|    0.325983|    0.001604|
|         339|   -8.381379|   -7.829872|    0.325982|    0.001604|
|         340|   -8.385959|   -7.834559|    0.325982|    0.001604|
|         341|   -8.390691|   -7.839376|    0.325981|    0.001604|
|         342|   -8.395616|   -7.844368|    0.325981|    0.001604|
|         343|   -8.400767|   -7.849569|    0.325980|    0.001604|
|         344|   -8.406172|   -7.855008|    0.325980|    0.001604|
|         345|   -8.411851|   -7.860707|    0.325980|    0.001604|
|         346|   -8.417823|   -7.866682|    0.325979|    0.001604|
|         347|   -8.424100|   -7.872947|    0.325979|    0.001604|
|         348|   -8.430693|   -7.879509|    0.325978|    0.001604|
|         349|   -8.437605|   -7.886375|    0.325978|    0.001604|
|         350|   -8.444839|   -7.893544|    0.325978|    0.001604|
|         351|   -8.452393|   -7.901015|    0.325977|    0.001605|
+-----------------------------------------------------------------------+
|Fixed CL Mode                           |Value                         |
+-----------------------------------------------------------------------+
|Current CL                              |0.325977                      |
|Target CL                               |0.326                         |
|Previous AOA                            |0.494799                      |
|Changed AoA by                          |0.000111738                   |
+-----------------------------------------------------------------------+
+----------------------------------------------------------------+
|  Inner_Iter|    rms[Rho]|   rms[RhoE]|          CL|          CD|
+----------------------------------------------------------------+
|         352|   -6.763689|   -6.157052|    0.325977|    0.001605|
|         353|   -7.061191|   -6.450610|    0.325978|    0.001605|
|         354|   -7.303422|   -6.709835|    0.325981|    0.001605|
|         355|   -7.501867|   -6.891565|    0.325985|    0.001605|
|         356|   -7.662834|   -7.064343|    0.325989|    0.001605|
|         357|   -7.758319|   -7.161081|    0.325992|    0.001605|
|         358|   -7.891288|   -7.291537|    0.325992|    0.001605|
|         359|   -7.920539|   -7.319124|    0.325992|    0.001605|
|         360|   -7.972382|   -7.369499|    0.325992|    0.001605|
|         361|   -8.088300|   -7.491822|    0.325993|    0.001605|
|         362|   -8.163528|   -7.576144|    0.325994|    0.001605|
|         363|   -8.188527|   -7.599816|    0.325995|    0.001605|
|         364|   -8.243011|   -7.654867|    0.325996|    0.001605|
|         365|   -8.315805|   -7.735178|    0.325996|    0.001605|
|         366|   -8.361164|   -7.787488|    0.325997|    0.001605|
|         367|   -8.388755|   -7.816908|    0.325997|    0.001605|
|         368|   -8.414538|   -7.843103|    0.325998|    0.001605|
|         369|   -8.436595|   -7.866508|    0.325998|    0.001605|
|         370|   -8.454851|   -7.887156|    0.325999|    0.001605|
|         371|   -8.471554|   -7.906615|    0.325999|    0.001605|
|         372|   -8.486082|   -7.923506|    0.326000|    0.001605|
|         373|   -8.497352|   -7.936344|    0.326000|    0.001605|
|         374|   -8.506177|   -7.946205|    0.326001|    0.001605|
|         375|   -8.514024|   -7.954939|    0.326001|    0.001605|
|         376|   -8.521753|   -7.963473|    0.326002|    0.001605|
|         377|   -8.529632|   -7.972013|    0.326002|    0.001605|
|         378|   -8.537631|   -7.980533|    0.326002|    0.001605|
|         379|   -8.545672|   -7.989034|    0.326003|    0.001605|
|         380|   -8.553740|   -7.997590|    0.326003|    0.001605|
|         381|   -8.561799|   -8.006197|    0.326004|    0.001605|
|         382|   -8.569738|   -8.014712|    0.326004|    0.001605|
|         383|   -8.577429|   -8.022953|    0.326005|    0.001605|
|         384|   -8.584787|   -8.030802|    0.326005|    0.001605|
|         385|   -8.591779|   -8.038213|    0.326005|    0.001605|
|         386|   -8.598410|   -8.045194|    0.326006|    0.001605|
|         387|   -8.604716|   -8.051789|    0.326006|    0.001605|
|         388|   -8.610758|   -8.058074|    0.326006|    0.001605|
|         389|   -8.616611|   -8.064135|    0.326007|    0.001605|
|         390|   -8.622354|   -8.070062|    0.326007|    0.001605|
|         391|   -8.628062|   -8.075935|    0.326007|    0.001605|
|         392|   -8.633803|   -8.081824|    0.326008|    0.001605|
|         393|   -8.639635|   -8.087789|    0.326008|    0.001605|
|         394|   -8.645606|   -8.093876|    0.326008|    0.001605|
|         395|   -8.651753|   -8.100124|    0.326008|    0.001605|
|         396|   -8.658109|   -8.106561|    0.326009|    0.001605|
|         397|   -8.664698|   -8.113209|    0.326009|    0.001605|
|         398|   -8.671538|   -8.120084|    0.326009|    0.001605|
|         399|   -8.678639|   -8.127194|    0.326009|    0.001605|
|         400|   -8.686007|   -8.134542|    0.326009|    0.001605|
|         401|   -8.693643|   -8.142132|    0.326010|    0.001605|
+-----------------------------------------------------------------------+
|Fixed CL Mode                           |Value                         |
+-----------------------------------------------------------------------+
|Current CL                              |0.32601                       |
|Target CL                               |0.326                         |
|Previous AOA                            |0.494911                      |
|Changed AoA by                          |-4.72714e-05                  |
+-----------------------------------------------------------------------+
+----------------------------------------------------------------+
|  Inner_Iter|    rms[Rho]|   rms[RhoE]|          CL|          CD|
+----------------------------------------------------------------+
|         402|   -7.137176|   -6.530579|    0.326010|    0.001605|
|         403|   -7.434648|   -6.824078|    0.326010|    0.001605|
|         404|   -7.676283|   -7.082775|    0.326009|    0.001604|
|         405|   -7.873770|   -7.263846|    0.326007|    0.001604|
|         406|   -8.032753|   -7.434943|    0.326005|    0.001604|
|         407|   -8.126488|   -7.530216|    0.326004|    0.001604|
|         408|   -8.255946|   -7.657869|    0.326004|    0.001604|
|         409|   -8.284857|   -7.685236|    0.326004|    0.001604|
|         410|   -8.335059|   -7.734302|    0.326004|    0.001604|
|         411|   -8.445047|   -7.851378|    0.326004|    0.001604|
|         412|   -8.515682|   -7.931144|    0.326003|    0.001604|
|         413|   -8.540110|   -7.954388|    0.326003|    0.001604|
|         414|   -8.590447|   -8.005607|    0.326003|    0.001604|
|         415|   -8.656449|   -8.079005|    0.326002|    0.001604|
|         416|   -8.698948|   -8.128026|    0.326002|    0.001604|
|         417|   -8.726237|   -8.157106|    0.326002|    0.001604|
|         418|   -8.751707|   -8.182923|    0.326002|    0.001604|
|         419|   -8.774504|   -8.206730|    0.326002|    0.001604|
|         420|   -8.794680|   -8.228797|    0.326002|    0.001604|
|         421|   -8.813766|   -8.250115|    0.326001|    0.001604|
|         422|   -8.831106|   -8.269359|    0.326001|    0.001604|
|         423|   -8.845735|   -8.285199|    0.326001|    0.001604|
|         424|   -8.858277|   -8.298471|    0.326001|    0.001604|
|         425|   -8.869971|   -8.310759|    0.326001|    0.001604|
|         426|   -8.881561|   -8.322884|    0.326001|    0.001604|
|         427|   -8.893274|   -8.335022|    0.326001|    0.001604|
|         428|   -8.905080|   -8.347145|    0.326000|    0.001604|
|         429|   -8.916900|   -8.359247|    0.326000|    0.001604|
|         430|   -8.928711|   -8.371389|    0.326000|    0.001605|
|         431|   -8.940472|   -8.383565|    0.326000|    0.001605|
|         432|   -8.952062|   -8.395629|    0.326000|    0.001605|
|         433|   -8.963333|   -8.407381|    0.326000|    0.001605|
|         434|   -8.974169|   -8.418669|    0.325999|    0.001605|
|         435|   -8.984500|   -8.429404|    0.325999|    0.001605|
|         436|   -8.994295|   -8.439552|    0.325999|    0.001605|
|         437|   -9.003559|   -8.449124|    0.325999|    0.001605|
|         438|   -9.012334|   -8.458171|    0.325999|    0.001605|
|         439|   -9.020686|   -8.466771|    0.325999|    0.001605|
|         440|   -9.028696|   -8.475016|    0.325999|    0.001605|
|         441|   -9.036450|   -8.482998|    0.325999|    0.001605|
|         442|   -9.044033|   -8.490801|    0.325999|    0.001605|
|         443|   -9.051518|   -8.498502|    0.325998|    0.001605|
|         444|   -9.058971|   -8.506163|    0.325998|    0.001605|
|         445|   -9.066447|   -8.513836|    0.325998|    0.001605|
|         446|   -9.073991|   -8.521560|    0.325998|    0.001605|
|         447|   -9.081641|   -8.529366|    0.325998|    0.001605|
|         448|   -9.089424|   -8.537276|    0.325998|    0.001605|
|         449|   -9.097357|   -8.545303|    0.325998|    0.001605|
|         450|   -9.105451|   -8.553455|    0.325998|    0.001605|
|         451|   -9.113712|   -8.561737|    0.325998|    0.001605|
+-----------------------------------------------------------------------+
|Fixed CL Mode                           |Value                         |
+-----------------------------------------------------------------------+
|Current CL                              |0.325998                      |
|Target CL                               |0.326                         |
|Previous AOA                            |0.494864                      |
|Changed AoA by                          |1.13415e-05                   |
+-----------------------------------------------------------------------+
+----------------------------------------------------------------+
|  Inner_Iter|    rms[Rho]|   rms[RhoE]|          CL|          CD|
+----------------------------------------------------------------+
|         452|   -7.756775|   -7.150280|    0.325998|    0.001605|
|         453|   -8.053946|   -7.443472|    0.325998|    0.001605|
|         454|   -8.293722|   -7.700524|    0.325998|    0.001605|
|         455|   -8.487971|   -7.879305|    0.325998|    0.001605|
|         456|   -8.640907|   -8.045184|    0.325999|    0.001605|
|         457|   -8.729329|   -8.135932|    0.325999|    0.001605|
|         458|   -8.848074|   -8.254783|    0.325999|    0.001605|
|         459|   -8.875531|   -8.281110|    0.325999|    0.001605|
|         460|   -8.920796|   -8.326126|    0.325999|    0.001605|
|         461|   -9.014201|   -8.427948|    0.325999|    0.001605|
|         462|   -9.072307|   -8.494828|    0.325999|    0.001605|
|         463|   -9.094419|   -8.516212|    0.325999|    0.001605|
|         464|   -9.134558|   -8.557754|    0.325999|    0.001605|
|         465|   -9.184475|   -8.614163|    0.325999|    0.001605|
|         466|   -9.218567|   -8.653424|    0.325999|    0.001605|
|         467|   -9.242608|   -8.679044|    0.325999|    0.001605|
|         468|   -9.265024|   -8.701806|    0.325999|    0.001605|
|         469|   -9.286347|   -8.723703|    0.325999|    0.001605|
|         470|   -9.306844|   -8.745275|    0.325999|    0.001605|
|         471|   -9.327001|   -8.766716|    0.325999|    0.001605|
|         472|   -9.346286|   -8.787056|    0.325999|    0.001605|
|         473|   -9.364189|   -8.805545|    0.325999|    0.001605|
|         474|   -9.381093|   -8.822688|    0.325999|    0.001605|
|         475|   -9.397743|   -8.839453|    0.325999|    0.001605|
|         476|   -9.414601|   -8.856371|    0.325999|    0.001605|
|         477|   -9.431803|   -8.873559|    0.325999|    0.001605|
|         478|   -9.449329|   -8.891003|    0.325999|    0.001605|
|         479|   -9.467131|   -8.908703|    0.325999|    0.001605|
|         480|   -9.485193|   -8.926700|    0.325999|    0.001605|
|         481|   -9.503484|   -8.944997|    0.325999|    0.001605|
|         482|   -9.521914|   -8.963489|    0.325999|    0.001605|
|         483|   -9.540351|   -8.982016|    0.325999|    0.001605|
|         484|   -9.558666|   -9.000424|    0.325999|    0.001605|
|         485|   -9.576746|   -9.018586|    0.325999|    0.001605|
|         486|   -9.594487|   -9.036394|    0.325999|    0.001605|
|         487|   -9.611808|   -9.053769|    0.325999|    0.001605|
|         488|   -9.628657|   -9.070668|    0.325999|    0.001605|
|         489|   -9.645012|   -9.087082|    0.325999|    0.001605|
|         490|   -9.660879|   -9.103033|    0.325999|    0.001605|
|         491|   -9.676285|   -9.118559|    0.325999|    0.001605|
|         492|   -9.691270|   -9.133707|    0.326000|    0.001605|
|         493|   -9.705881|   -9.148530|    0.326000|    0.001605|
|         494|   -9.720162|   -9.163071|    0.326000|    0.001605|
|         495|   -9.734158|   -9.177365|    0.326000|    0.001605|
|         496|   -9.747903|   -9.191439|    0.326000|    0.001605|
|         497|   -9.761428|   -9.205307|    0.326000|    0.001605|
|         498|   -9.774751|   -9.218971|    0.326000|    0.001605|
|         499|   -9.787881|   -9.232425|    0.326000|    0.001605|
|         500|   -9.800816|   -9.245653|    0.326000|    0.001605|
+-----------------------------------------------------------------------+
|        File Writing Summary       |              Filename             |
+-----------------------------------------------------------------------+
|SU2 binary restart                 |restart_flow.dat                   |
Writing Flow Meta-Data file: flow.meta
|Paraview                           |flow.vtu                           |
Writing Flow Meta-Data file: flow.meta
|Paraview surface                   |surface_flow.vtu                   |
Writing Flow Meta-Data file: flow.meta
|CSV file                           |surface_flow.csv                   |
Writing Flow Meta-Data file: flow.meta
+-----------------------------------------------------------------------+
+----------------------------------------------------------------+
|  Inner_Iter|    rms[Rho]|   rms[RhoE]|          CL|          CD|
+----------------------------------------------------------------+
|         501|   -9.813552|   -9.258639|    0.326000|    0.001605|
|         502|   -9.826082|   -9.271369|    0.326000|    0.001605|
|         503|   -9.838403|   -9.283836|    0.326000|    0.001605|
|         504|   -9.850522|   -9.296049|    0.326000|    0.001605|
|         505|   -9.862452|   -9.308030|    0.326000|    0.001605|
|         506|   -9.874219|   -9.319814|    0.326000|    0.001605|
|         507|   -9.885857|   -9.331446|    0.326000|    0.001605|
|         508|   -9.897403|   -9.342976|    0.326000|    0.001605|
|         509|   -9.908892|   -9.354452|    0.326000|    0.001605|
|         510|   -9.920359|   -9.365917|    0.326000|    0.001605|
|         511|   -9.931828|   -9.377398|    0.326000|    0.001605|
|         512|   -9.943312|   -9.388911|    0.326000|    0.001605|
|         513|   -9.954818|   -9.400458|    0.326000|    0.001605|
|         514|   -9.966341|   -9.412028|    0.326000|    0.001605|
|         515|   -9.977870|   -9.423603|    0.326000|    0.001605|
|         516|   -9.989394|   -9.435164|    0.326000|    0.001605|
|         517|  -10.000901|   -9.446693|    0.326000|    0.001605|
|         518|  -10.012385|   -9.458180|    0.326000|    0.001605|
|         519|  -10.023845|   -9.469623|    0.326000|    0.001605|
|         520|  -10.035291|   -9.481032|    0.326000|    0.001605|
|         521|  -10.046739|   -9.492430|    0.326000|    0.001605|
|         522|  -10.058212|   -9.503845|    0.326000|    0.001605|
|         523|  -10.069737|   -9.515309|    0.326000|    0.001605|
|         524|  -10.081341|   -9.526857|    0.326000|    0.001605|
|         525|  -10.093050|   -9.538517|    0.326000|    0.001605|
|         526|  -10.104884|   -9.550312|    0.326000|    0.001605|
|         527|  -10.116854|   -9.562256|    0.326000|    0.001605|
|         528|  -10.128968|   -9.574350|    0.326000|    0.001605|
|         529|  -10.141220|   -9.586589|    0.326000|    0.001605|
|         530|  -10.153602|   -9.598959|    0.326000|    0.001605|
|         531|  -10.166100|   -9.611444|    0.326000|    0.001605|
|         532|  -10.178697|   -9.624022|    0.326000|    0.001605|
|         533|  -10.191376|   -9.636675|    0.326000|    0.001605|
|         534|  -10.204121|   -9.649387|    0.326000|    0.001605|
|         535|  -10.216918|   -9.662144|    0.326000|    0.001605|
|         536|  -10.229759|   -9.674941|    0.326000|    0.001605|
|         537|  -10.242638|   -9.687774|    0.326000|    0.001605|
|         538|  -10.255553|   -9.700644|    0.326000|    0.001605|
|         539|  -10.268504|   -9.713556|    0.326000|    0.001605|
|         540|  -10.281494|   -9.726514|    0.326000|    0.001605|
|         541|  -10.294525|   -9.739523|    0.326000|    0.001605|
|         542|  -10.307600|   -9.752588|    0.326000|    0.001605|
|         543|  -10.320721|   -9.765710|    0.326000|    0.001605|
|         544|  -10.333890|   -9.778890|    0.326000|    0.001605|
|         545|  -10.347107|   -9.792128|    0.326000|    0.001605|
|         546|  -10.360371|   -9.805422|    0.326000|    0.001605|
|         547|  -10.373683|   -9.818770|    0.326000|    0.001605|
|         548|  -10.387041|   -9.832171|    0.326000|    0.001605|
|         549|  -10.400447|   -9.845622|    0.326000|    0.001605|
|         550|  -10.413902|   -9.859124|    0.326000|    0.001605|
|         551|  -10.427407|   -9.872679|    0.326000|    0.001605|
|         552|  -10.440966|   -9.886288|    0.326000|    0.001605|
|         553|  -10.454583|   -9.899955|    0.326000|    0.001605|
|         554|  -10.468262|   -9.913684|    0.326000|    0.001605|
|         555|  -10.482009|   -9.927479|    0.326000|    0.001605|
|         556|  -10.495829|   -9.941346|    0.326000|    0.001605|
|         557|  -10.509729|   -9.955288|    0.326000|    0.001605|
|         558|  -10.523713|   -9.969310|    0.326000|    0.001605|
|         559|  -10.537788|   -9.983417|    0.326000|    0.001605|
|         560|  -10.551962|   -9.997615|    0.326000|    0.001605|
|         561|  -10.566242|  -10.011910|    0.326000|    0.001605|
|         562|  -10.580636|  -10.026308|    0.326000|    0.001605|
|         563|  -10.595154|  -10.040818|    0.326000|    0.001605|
|         564|  -10.609807|  -10.055451|    0.326000|    0.001605|
|         565|  -10.624607|  -10.070216|    0.326000|    0.001605|
|         566|  -10.639566|  -10.085127|    0.326000|    0.001605|
|         567|  -10.654700|  -10.100198|    0.326000|    0.001605|
|         568|  -10.670022|  -10.115443|    0.326000|    0.001605|
|         569|  -10.685548|  -10.130879|    0.326000|    0.001605|
|         570|  -10.701295|  -10.146520|    0.326000|    0.001605|
|         571|  -10.717277|  -10.162385|    0.326000|    0.001605|
|         572|  -10.733511|  -10.178488|    0.326000|    0.001605|
|         573|  -10.750011|  -10.194846|    0.326000|    0.001605|
|         574|  -10.766793|  -10.211473|    0.326000|    0.001605|
|         575|  -10.783869|  -10.228384|    0.326000|    0.001605|
|         576|  -10.801252|  -10.245592|    0.326000|    0.001605|
|         577|  -10.818953|  -10.263108|    0.326000|    0.001605|
|         578|  -10.836983|  -10.280944|    0.326000|    0.001605|
|         579|  -10.855352|  -10.299108|    0.326000|    0.001605|
|         580|  -10.874065|  -10.317609|    0.326000|    0.001605|
|         581|  -10.893129|  -10.336453|    0.326000|    0.001605|
|         582|  -10.912550|  -10.355645|    0.326000|    0.001605|
|         583|  -10.932330|  -10.375188|    0.326000|    0.001605|
|         584|  -10.952472|  -10.395085|    0.326000|    0.001605|
|         585|  -10.972975|  -10.415336|    0.326000|    0.001605|
|         586|  -10.993840|  -10.435940|    0.326000|    0.001605|
|         587|  -11.015063|  -10.456896|    0.326000|    0.001605|
|         588|  -11.036641|  -10.478198|    0.326000|    0.001605|
|         589|  -11.058568|  -10.499842|    0.326000|    0.001605|
|         590|  -11.080837|  -10.521820|    0.326000|    0.001605|
|         591|  -11.103438|  -10.544123|    0.326000|    0.001605|
|         592|  -11.126359|  -10.566741|    0.326000|    0.001605|
|         593|  -11.149586|  -10.589658|    0.326000|    0.001605|
|         594|  -11.173100|  -10.612860|    0.326000|    0.001605|
|         595|  -11.196881|  -10.636325|    0.326000|    0.001605|
|         596|  -11.220901|  -10.660030|    0.326000|    0.001605|
|         597|  -11.245131|  -10.683948|    0.326000|    0.001605|
|         598|  -11.269533|  -10.708046|    0.326000|    0.001605|
|         599|  -11.294065|  -10.732285|    0.326000|    0.001605|
|         600|  -11.318677|  -10.756621|    0.326000|    0.001605|
|         601|  -11.343310|  -10.781001|    0.326000|    0.001605|
|         602|  -11.367899|  -10.805366|    0.326000|    0.001605|
|         603|  -11.392367|  -10.829647|    0.326000|    0.001605|
|         604|  -11.416631|  -10.853770|    0.326000|    0.001605|
|         605|  -11.440598|  -10.877649|    0.326000|    0.001605|
|         606|  -11.464167|  -10.901191|    0.326000|    0.001605|
|         607|  -11.487233|  -10.924298|    0.326000|    0.001605|
|         608|  -11.509684|  -10.946864|    0.326000|    0.001605|
|         609|  -11.531409|  -10.968783|    0.326000|    0.001605|
|         610|  -11.552301|  -10.989948|    0.326000|    0.001605|
|         611|  -11.572258|  -11.010254|    0.326000|    0.001605|
|         612|  -11.591189|  -11.029609|    0.326000|    0.001605|
|         613|  -11.609022|  -11.047930|    0.326000|    0.001605|
|         614|  -11.625705|  -11.065154|    0.326000|    0.001605|
|         615|  -11.641210|  -11.081239|    0.326000|    0.001605|
|         616|  -11.655535|  -11.096166|    0.326000|    0.001605|
|         617|  -11.668701|  -11.109941|    0.326000|    0.001605|
|         618|  -11.680760|  -11.122598|    0.326000|    0.001605|
|         619|  -11.691775|  -11.134188|    0.326000|    0.001605|
|         620|  -11.701833|  -11.144784|    0.326000|    0.001605|
|         621|  -11.711026|  -11.154471|    0.326000|    0.001605|
|         622|  -11.719460|  -11.163349|    0.326000|    0.001605|
|         623|  -11.727236|  -11.171515|    0.326000|    0.001605|
|         624|  -11.734456|  -11.179074|    0.326000|    0.001605|
|         625|  -11.741215|  -11.186122|    0.326000|    0.001605|
|         626|  -11.747603|  -11.192752|    0.326000|    0.001605|
|         627|  -11.753696|  -11.199049|    0.326000|    0.001605|
|         628|  -11.759563|  -11.205085|    0.326000|    0.001605|
|         629|  -11.765267|  -11.210929|    0.326000|    0.001605|
|         630|  -11.770853|  -11.216635|    0.326000|    0.001605|
|         631|  -11.776365|  -11.222248|    0.326000|    0.001605|
|         632|  -11.781833|  -11.227807|    0.326000|    0.001605|
|         633|  -11.787284|  -11.233341|    0.326000|    0.001605|
|         634|  -11.792740|  -11.238875|    0.326000|    0.001605|
|         635|  -11.798213|  -11.244425|    0.326000|    0.001605|
|         636|  -11.803717|  -11.250006|    0.326000|    0.001605|
|         637|  -11.809258|  -11.255626|    0.326000|    0.001605|
|         638|  -11.814846|  -11.261295|    0.326000|    0.001605|
|         639|  -11.820487|  -11.267020|    0.326000|    0.001605|
|         640|  -11.826183|  -11.272801|    0.326000|    0.001605|
|         641|  -11.831943|  -11.278647|    0.326000|    0.001605|
|         642|  -11.837771|  -11.284562|    0.326000|    0.001605|
|         643|  -11.843673|  -11.290549|    0.326000|    0.001605|
|         644|  -11.849660|  -11.296619|    0.326000|    0.001605|
|         645|  -11.855736|  -11.302778|    0.326000|    0.001605|
|         646|  -11.861912|  -11.309031|    0.326000|    0.001605|
|         647|  -11.868201|  -11.315391|    0.326000|    0.001605|
|         648|  -11.874611|  -11.321867|    0.326000|    0.001605|
|         649|  -11.881155|  -11.328470|    0.326000|    0.001605|
|         650|  -11.887847|  -11.335214|    0.326000|    0.001605|
|         651|  -11.894697|  -11.342107|    0.326000|    0.001605|
|         652|  -11.901722|  -11.349168|    0.326000|    0.001605|
|         653|  -11.908931|  -11.356405|    0.326000|    0.001605|
|         654|  -11.916340|  -11.363834|    0.326000|    0.001605|
|         655|  -11.923961|  -11.371465|    0.326000|    0.001605|
|         656|  -11.931805|  -11.379311|    0.326000|    0.001605|
|         657|  -11.939887|  -11.387386|    0.326000|    0.001605|
|         658|  -11.948213|  -11.395698|    0.326000|    0.001605|
|         659|  -11.956798|  -11.404261|    0.326000|    0.001605|
|         660|  -11.965647|  -11.413081|    0.326000|    0.001605|
|         661|  -11.974773|  -11.422170|    0.326000|    0.001605|
|         662|  -11.984182|  -11.431533|    0.326000|    0.001605|
|         663|  -11.993879|  -11.441179|    0.326000|    0.001605|
|         664|  -12.003874|  -11.451115|    0.326000|    0.001605|
|         665|  -12.014170|  -11.461345|    0.326000|    0.001605|
|         666|  -12.024770|  -11.471873|    0.326000|    0.001605|
|         667|  -12.035681|  -11.482704|    0.326000|    0.001605|
|         668|  -12.046904|  -11.493840|    0.326000|    0.001605|
|         669|  -12.058443|  -11.505286|    0.326000|    0.001605|
|         670|  -12.070298|  -11.517040|    0.326000|    0.001605|
|         671|  -12.082472|  -11.529106|    0.326000|    0.001605|
|         672|  -12.094964|  -11.541483|    0.326000|    0.001605|
|         673|  -12.107775|  -11.554173|    0.326000|    0.001605|
|         674|  -12.120905|  -11.567174|    0.326000|    0.001605|
|         675|  -12.134351|  -11.580486|    0.326000|    0.001605|
|         676|  -12.148117|  -11.594109|    0.326000|    0.001605|
|         677|  -12.162197|  -11.608042|    0.326000|    0.001605|
|         678|  -12.176589|  -11.622280|    0.326000|    0.001605|
|         679|  -12.191296|  -11.636825|    0.326000|    0.001605|
|         680|  -12.206310|  -11.651673|    0.326000|    0.001605|
|         681|  -12.221631|  -11.666822|    0.326000|    0.001605|
|         682|  -12.237256|  -11.682270|    0.326000|    0.001605|
|         683|  -12.253181|  -11.698013|    0.326000|    0.001605|
|         684|  -12.269402|  -11.714048|    0.326000|    0.001605|
|         685|  -12.285916|  -11.730373|    0.326000|    0.001605|
|         686|  -12.302720|  -11.746983|    0.326000|    0.001605|
|         687|  -12.319807|  -11.763874|    0.326000|    0.001605|
|         688|  -12.337173|  -11.781041|    0.326000|    0.001605|
|         689|  -12.354815|  -11.798482|    0.326000|    0.001605|
|         690|  -12.372725|  -11.816191|    0.326000|    0.001605|
|         691|  -12.390898|  -11.834163|    0.326000|    0.001605|
|         692|  -12.409325|  -11.852390|    0.326000|    0.001605|
|         693|  -12.428004|  -11.870868|    0.326000|    0.001605|
|         694|  -12.446923|  -11.889588|    0.326000|    0.001605|
|         695|  -12.466081|  -11.908548|    0.326000|    0.001605|
|         696|  -12.485463|  -11.927736|    0.326000|    0.001605|
|         697|  -12.505065|  -11.947147|    0.326000|    0.001605|
|         698|  -12.524876|  -11.966771|    0.326000|    0.001605|
|         699|  -12.544889|  -11.986601|    0.326000|    0.001605|
|         700|  -12.565094|  -12.006626|    0.326000|    0.001605|
|         701|  -12.585481|  -12.026840|    0.326000|    0.001605|
|         702|  -12.606041|  -12.047232|    0.326000|    0.001605|
|         703|  -12.626764|  -12.067791|    0.326000|    0.001605|
|         704|  -12.647642|  -12.088510|    0.326000|    0.001605|
|         705|  -12.668663|  -12.109378|    0.326000|    0.001605|
|         706|  -12.689820|  -12.130387|    0.326000|    0.001605|
|         707|  -12.711106|  -12.151529|    0.326000|    0.001605|
|         708|  -12.732510|  -12.172797|    0.326000|    0.001605|
|         709|  -12.754025|  -12.194179|    0.326000|    0.001605|
|         710|  -12.775643|  -12.215668|    0.326000|    0.001605|
|         711|  -12.797359|  -12.237261|    0.326000|    0.001605|
|         712|  -12.819164|  -12.258948|    0.326000|    0.001605|
|         713|  -12.841049|  -12.280718|    0.326000|    0.001605|
|         714|  -12.863007|  -12.302566|    0.326000|    0.001605|
|         715|  -12.885033|  -12.324485|    0.326000|    0.001605|
|         716|  -12.907114|  -12.346463|    0.326000|    0.001605|
|         717|  -12.929241|  -12.368493|    0.326000|    0.001605|
|         718|  -12.951395|  -12.390552|    0.326000|    0.001605|
|         719|  -12.973574|  -12.412641|    0.326000|    0.001605|
|         720|  -12.995747|  -12.434731|    0.326000|    0.001605|
|         721|  -13.017900|  -12.456802|    0.326000|    0.001605|
+-----------------------------------------------------------------------+
|      Convergence Field     |     Value    |   Criterion  |  Converged |
+-----------------------------------------------------------------------+
|                    rms[Rho]|      -13.0179|         < -13|         Yes|
+-----------------------------------------------------------------------+
+-----------------------------------------------------------------------+
|        File Writing Summary       |              Filename             |
+-----------------------------------------------------------------------+
|SU2 binary restart                 |restart_flow.dat                   |
Writing Flow Meta-Data file: flow.meta
|Paraview                           |flow.vtu                           |
Writing Flow Meta-Data file: flow.meta
|Paraview surface                   |surface_flow.vtu                   |
Writing Flow Meta-Data file: flow.meta
|CSV file                           |surface_flow.csv                   |
Writing Flow Meta-Data file: flow.meta
+-----------------------------------------------------------------------+
+----------------------------------------------------------------+
|  Inner_Iter|    rms[Rho]|   rms[RhoE]|          CL|          CD|
+----------------------------------------------------------------+
|         722|  -13.040000|  -12.478829|    0.326000|    0.001610|
+-----------------------------------------------------------------------+
|Fixed CL Mode                           |Value                         |
+-----------------------------------------------------------------------+
|Current CL                              |0.326                         |
|Target CL                               |0.326                         |
|Previous AOA                            |0.494875                      |
|Changed AoA by (Finite Difference step) |0.001                         |
+-----------------------------------------------------------------------+
+----------------------------------------------------------------+
|  Inner_Iter|    rms[Rho]|   rms[RhoE]|          CL|          CD|
+----------------------------------------------------------------+
|         723|   -5.812069|   -5.205355|    0.326000|    0.001610|
|         724|   -6.109454|   -5.498924|    0.326008|    0.001610|
|         725|   -6.352482|   -5.758880|    0.326037|    0.001611|
|         726|   -6.551844|   -5.941146|    0.326081|    0.001611|
|         727|   -6.715207|   -6.115890|    0.326121|    0.001611|
|         728|   -6.812795|   -6.214403|    0.326144|    0.001612|
|         729|   -6.949578|   -6.347905|    0.326151|    0.001612|
|         730|   -6.978697|   -6.375348|    0.326152|    0.001612|
|         731|   -7.031882|   -6.426779|    0.326158|    0.001612|
|         732|   -7.153389|   -6.554035|    0.326168|    0.001612|
|         733|   -7.232278|   -6.642151|    0.326178|    0.001613|
|         734|   -7.256727|   -6.665435|    0.326187|    0.001613|
|         735|   -7.314558|   -6.723812|    0.326195|    0.001613|
|         736|   -7.391583|   -6.808582|    0.326202|    0.001613|
|         737|   -7.434969|   -6.859092|    0.326209|    0.001613|
|         738|   -7.458218|   -6.884215|    0.326215|    0.001613|
|         739|   -7.479875|   -6.906857|    0.326221|    0.001612|
|         740|   -7.496439|   -6.925677|    0.326227|    0.001612|
|         741|   -7.508001|   -6.940407|    0.326233|    0.001612|
|         742|   -7.517656|   -6.953333|    0.326238|    0.001612|
|         743|   -7.525057|   -6.963415|    0.326244|    0.001612|
|         744|   -7.529421|   -6.969590|    0.326249|    0.001612|
|         745|   -7.531815|   -6.973273|    0.326255|    0.001611|
|         746|   -7.533702|   -6.976288|    0.326260|    0.001611|
|         747|   -7.535869|   -6.979452|    0.326265|    0.001611|
|         748|   -7.538531|   -6.982918|    0.326270|    0.001611|
|         749|   -7.541630|   -6.986642|    0.326275|    0.001610|
|         750|   -7.545089|   -6.990624|    0.326279|    0.001610|
|         751|   -7.548891|   -6.994930|    0.326284|    0.001610|
|         752|   -7.552993|   -6.999546|    0.326288|    0.001610|
|         753|   -7.557294|   -7.004342|    0.326292|    0.001610|
|         754|   -7.561689|   -7.009174|    0.326297|    0.001610|
|         755|   -7.566120|   -7.013963|    0.326300|    0.001609|
|         756|   -7.570572|   -7.018692|    0.326304|    0.001609|
|         757|   -7.575056|   -7.023383|    0.326308|    0.001609|
|         758|   -7.579602|   -7.028080|    0.326311|    0.001609|
|         759|   -7.584252|   -7.032837|    0.326314|    0.001609|
|         760|   -7.589049|   -7.037710|    0.326317|    0.001609|
|         761|   -7.594035|   -7.042747|    0.326320|    0.001609|
|         762|   -7.599245|   -7.047990|    0.326323|    0.001609|
|         763|   -7.604709|   -7.053470|    0.326326|    0.001609|
|         764|   -7.610450|   -7.059213|    0.326328|    0.001609|
|         765|   -7.616486|   -7.065237|    0.326331|    0.001609|
|         766|   -7.622830|   -7.071559|    0.326333|    0.001609|
|         767|   -7.629495|   -7.078189|    0.326335|    0.001609|
|         768|   -7.636488|   -7.085136|    0.326337|    0.001609|
|         769|   -7.643815|   -7.092404|    0.326339|    0.001609|
|         770|   -7.651479|   -7.099996|    0.326341|    0.001609|
|         771|   -7.659477|   -7.107910|    0.326343|    0.001609|
|         772|   -7.667809|   -7.116143|    0.326345|    0.001609|
|         773|   -7.676469|   -7.124694|    0.326347|    0.001609|
|         774|   -7.685456|   -7.133559|    0.326348|    0.001609|
|         775|   -7.694766|   -7.142738|    0.326350|    0.001609|
|         776|   -7.704399|   -7.152233|    0.326351|    0.001609|
|         777|   -7.714356|   -7.162045|    0.326353|    0.001609|
|         778|   -7.724638|   -7.172180|    0.326354|    0.001609|
|         779|   -7.735248|   -7.182643|    0.326355|    0.001609|
|         780|   -7.746189|   -7.193436|    0.326357|    0.001609|
|         781|   -7.757462|   -7.204563|    0.326358|    0.001609|
|         782|   -7.769066|   -7.216023|    0.326359|    0.001609|
|         783|   -7.781001|   -7.227813|    0.326360|    0.001609|
|         784|   -7.793262|   -7.239929|    0.326361|    0.001609|
|         785|   -7.805847|   -7.252365|    0.326362|    0.001609|
|         786|   -7.818750|   -7.265115|    0.326363|    0.001609|
|         787|   -7.831968|   -7.278172|    0.326364|    0.001609|
|         788|   -7.845499|   -7.291533|    0.326365|    0.001609|
|         789|   -7.859343|   -7.305199|    0.326365|    0.001609|
|         790|   -7.873503|   -7.319172|    0.326366|    0.001609|
|         791|   -7.887985|   -7.333458|    0.326367|    0.001609|
|         792|   -7.902797|   -7.348069|    0.326367|    0.001609|
|         793|   -7.917949|   -7.363016|    0.326368|    0.001609|
|         794|   -7.933453|   -7.378314|    0.326368|    0.001609|
|         795|   -7.949320|   -7.393974|    0.326369|    0.001609|
|         796|   -7.965563|   -7.410010|    0.326369|    0.001609|
|         797|   -7.982189|   -7.426432|    0.326370|    0.001609|
|         798|   -7.999206|   -7.443246|    0.326370|    0.001609|
|         799|   -8.016618|   -7.460456|    0.326371|    0.001609|
|         800|   -8.034426|   -7.478061|    0.326371|    0.001609|
|         801|   -8.052628|   -7.496058|    0.326371|    0.001609|
|         802|   -8.071219|   -7.514441|    0.326371|    0.001609|
|         803|   -8.090194|   -7.533200|    0.326372|    0.001609|
|         804|   -8.109544|   -7.552328|    0.326372|    0.001609|
|         805|   -8.129258|   -7.571811|    0.326372|    0.001609|
|         806|   -8.149328|   -7.591642|    0.326372|    0.001609|
|         807|   -8.169744|   -7.611810|    0.326372|    0.001609|
|         808|   -8.190496|   -7.632307|    0.326372|    0.001609|
|         809|   -8.211575|   -7.653124|    0.326373|    0.001609|
|         810|   -8.232972|   -7.674253|    0.326373|    0.001609|
|         811|   -8.254676|   -7.695686|    0.326373|    0.001609|
|         812|   -8.276677|   -7.717414|    0.326373|    0.001609|
|         813|   -8.298963|   -7.739426|    0.326373|    0.001609|
|         814|   -8.321519|   -7.761708|    0.326373|    0.001609|
|         815|   -8.344328|   -7.784244|    0.326373|    0.001609|
|         816|   -8.367371|   -7.807016|    0.326373|    0.001609|
|         817|   -8.390624|   -7.830003|    0.326373|    0.001609|
|         818|   -8.414062|   -7.853180|    0.326372|    0.001609|
|         819|   -8.437654|   -7.876519|    0.326372|    0.001609|
|         820|   -8.461369|   -7.899991|    0.326372|    0.001609|
|         821|   -8.485169|   -7.923564|    0.326372|    0.001609|
|         822|   -8.509014|   -7.947202|    0.326372|    0.001609|
|         823|   -8.532861|   -7.970867|    0.326372|    0.001609|
|         824|   -8.556662|   -7.994516|    0.326372|    0.001609|
|         825|   -8.580363|   -8.018104|    0.326372|    0.001609|
|         826|   -8.603910|   -8.041579|    0.326371|    0.001609|
|         827|   -8.627241|   -8.064886|    0.326371|    0.001609|
|         828|   -8.650291|   -8.087965|    0.326371|    0.001609|
|         829|   -8.672994|   -8.110751|    0.326371|    0.001609|
|         830|   -8.695283|   -8.133177|    0.326371|    0.001609|
|         831|   -8.717089|   -8.155173|    0.326371|    0.001609|
|         832|   -8.738349|   -8.176674|    0.326370|    0.001609|
|         833|   -8.759007|   -8.197616|    0.326370|    0.001609|
|         834|   -8.779016|   -8.217945|    0.326370|    0.001609|
|         835|   -8.798338|   -8.237614|    0.326370|    0.001609|
|         836|   -8.816952|   -8.256593|    0.326370|    0.001609|
|         837|   -8.834849|   -8.274862|    0.326369|    0.001609|
|         838|   -8.852037|   -8.292418|    0.326369|    0.001609|
|         839|   -8.868535|   -8.309273|    0.326369|    0.001609|
|         840|   -8.884375|   -8.325450|    0.326369|    0.001609|
|         841|   -8.899596|   -8.340984|    0.326368|    0.001609|
|         842|   -8.914245|   -8.355919|    0.326368|    0.001609|
|         843|   -8.928370|   -8.370299|    0.326368|    0.001609|
|         844|   -8.942020|   -8.384176|    0.326368|    0.001609|
|         845|   -8.955240|   -8.397597|    0.326368|    0.001609|
|         846|   -8.968070|   -8.410605|    0.326368|    0.001609|
|         847|   -8.980545|   -8.423241|    0.326367|    0.001609|
|         848|   -8.992692|   -8.435537|    0.326367|    0.001609|
|         849|   -9.004531|   -8.447520|    0.326367|    0.001609|
|         850|   -9.016075|   -8.459206|    0.326367|    0.001609|
|         851|   -9.027331|   -8.470609|    0.326367|    0.001609|
|         852|   -9.038298|   -8.481733|    0.326366|    0.001609|
|         853|   -9.048974|   -8.492578|    0.326366|    0.001609|
|         854|   -9.059352|   -8.503141|    0.326366|    0.001609|
|         855|   -9.069424|   -8.513416|    0.326366|    0.001609|
|         856|   -9.079182|   -8.523394|    0.326366|    0.001609|
|         857|   -9.088622|   -8.533069|    0.326366|    0.001609|
|         858|   -9.097739|   -8.542436|    0.326366|    0.001609|
|         859|   -9.106533|   -8.551491|    0.326365|    0.001609|
|         860|   -9.115011|   -8.560236|    0.326365|    0.001609|
|         861|   -9.123183|   -8.568678|    0.326365|    0.001609|
|         862|   -9.131063|   -8.576826|    0.326365|    0.001609|
|         863|   -9.138671|   -8.584697|    0.326365|    0.001609|
|         864|   -9.146033|   -8.592310|    0.326365|    0.001609|
|         865|   -9.153177|   -8.599692|    0.326365|    0.001609|
|         866|   -9.160133|   -8.606870|    0.326365|    0.001609|
|         867|   -9.166936|   -8.613876|    0.326365|    0.001609|
|         868|   -9.173620|   -8.620743|    0.326364|    0.001609|
|         869|   -9.180222|   -8.627508|    0.326364|    0.001609|
|         870|   -9.186777|   -8.634205|    0.326364|    0.001609|
|         871|   -9.193319|   -8.640870|    0.326364|    0.001609|
|         872|   -9.199883|   -8.647539|    0.326364|    0.001609|
|         873|   -9.206500|   -8.654243|    0.326364|    0.001609|
|         874|   -9.213202|   -8.661015|    0.326364|    0.001609|
|         875|   -9.220015|   -8.667883|    0.326364|    0.001609|
|         876|   -9.226965|   -8.674875|    0.326364|    0.001609|
|         877|   -9.234075|   -8.682014|    0.326364|    0.001609|
|         878|   -9.241366|   -8.689322|    0.326364|    0.001609|
|         879|   -9.248856|   -8.696818|    0.326364|    0.001609|
|         880|   -9.256562|   -8.704518|    0.326363|    0.001609|
|         881|   -9.264496|   -8.712437|    0.326363|    0.001609|
|         882|   -9.272672|   -8.720586|    0.326363|    0.001609|
|         883|   -9.281099|   -8.728977|    0.326363|    0.001609|
|         884|   -9.289786|   -8.737617|    0.326363|    0.001609|
|         885|   -9.298739|   -8.746513|    0.326363|    0.001609|
|         886|   -9.307965|   -8.755671|    0.326363|    0.001609|
|         887|   -9.317467|   -8.765095|    0.326363|    0.001609|
|         888|   -9.327249|   -8.774789|    0.326363|    0.001609|
|         889|   -9.337313|   -8.784753|    0.326363|    0.001609|
|         890|   -9.347659|   -8.794990|    0.326363|    0.001609|
|         891|   -9.358288|   -8.805500|    0.326363|    0.001609|
|         892|   -9.369198|   -8.816281|    0.326363|    0.001609|
|         893|   -9.380386|   -8.827333|    0.326363|    0.001609|
|         894|   -9.391851|   -8.838653|    0.326363|    0.001609|
|         895|   -9.403588|   -8.850237|    0.326363|    0.001609|
|         896|   -9.415592|   -8.862083|    0.326363|    0.001609|
|         897|   -9.427857|   -8.874184|    0.326363|    0.001609|
|         898|   -9.440376|   -8.886536|    0.326363|    0.001609|
|         899|   -9.453141|   -8.899133|    0.326363|    0.001609|
|         900|   -9.466145|   -8.911966|    0.326362|    0.001609|
|         901|   -9.479378|   -8.925028|    0.326362|    0.001609|
|         902|   -9.492829|   -8.938311|    0.326362|    0.001609|
|         903|   -9.506489|   -8.951805|    0.326362|    0.001609|
|         904|   -9.520346|   -8.965500|    0.326362|    0.001609|
|         905|   -9.534388|   -8.979385|    0.326362|    0.001609|
|         906|   -9.548602|   -8.993449|    0.326362|    0.001609|
|         907|   -9.562977|   -9.007681|    0.326362|    0.001609|
|         908|   -9.577498|   -9.022067|    0.326362|    0.001609|
|         909|   -9.592153|   -9.036596|    0.326362|    0.001609|
|         910|   -9.606928|   -9.051256|    0.326362|    0.001609|
|         911|   -9.621810|   -9.066032|    0.326362|    0.001609|
|         912|   -9.636788|   -9.080914|    0.326362|    0.001609|
|         913|   -9.651848|   -9.095889|    0.326362|    0.001609|
|         914|   -9.666980|   -9.110946|    0.326362|    0.001609|
|         915|   -9.682171|   -9.126074|    0.326362|    0.001609|
|         916|   -9.697414|   -9.141263|    0.326362|    0.001609|
|         917|   -9.712700|   -9.156504|    0.326362|    0.001609|
|         918|   -9.728022|   -9.171790|    0.326362|    0.001609|
|         919|   -9.743374|   -9.187116|    0.326362|    0.001609|
|         920|   -9.758753|   -9.202475|    0.326362|    0.001609|
|         921|   -9.774157|   -9.217867|    0.326362|    0.001609|
|         922|   -9.789586|   -9.233288|    0.326362|    0.001609|
|         923|   -9.805041|   -9.248741|    0.326362|    0.001609|
|         924|   -9.820526|   -9.264228|    0.326362|    0.001609|
|         925|   -9.836046|   -9.279752|    0.326362|    0.001609|
|         926|   -9.851609|   -9.295321|    0.326362|    0.001609|
|         927|   -9.867223|   -9.310941|    0.326362|    0.001609|
|         928|   -9.882898|   -9.326621|    0.326362|    0.001609|
|         929|   -9.898645|   -9.342372|    0.326362|    0.001609|
|         930|   -9.914478|   -9.358205|    0.326362|    0.001609|
|         931|   -9.930408|   -9.374132|    0.326362|    0.001609|
|         932|   -9.946450|   -9.390166|    0.326362|    0.001609|
|         933|   -9.962618|   -9.406320|    0.326362|    0.001609|
|         934|   -9.978926|   -9.422609|    0.326362|    0.001609|
|         935|   -9.995389|   -9.439045|    0.326362|    0.001609|
|         936|  -10.012021|   -9.455641|    0.326362|    0.001609|
|         937|  -10.028835|   -9.472411|    0.326362|    0.001609|
|         938|  -10.045843|   -9.489367|    0.326362|    0.001609|
|         939|  -10.063059|   -9.506520|    0.326362|    0.001609|
|         940|  -10.080494|   -9.523882|    0.326362|    0.001609|
|         941|  -10.098157|   -9.541463|    0.326362|    0.001609|
|         942|  -10.116060|   -9.559272|    0.326362|    0.001609|
|         943|  -10.134211|   -9.577318|    0.326362|    0.001609|
|         944|  -10.152618|   -9.595609|    0.326362|    0.001609|
|         945|  -10.171289|   -9.614153|    0.326362|    0.001609|
|         946|  -10.190230|   -9.632956|    0.326362|    0.001609|
|         947|  -10.209445|   -9.652023|    0.326362|    0.001609|
|         948|  -10.228939|   -9.671357|    0.326362|    0.001609|
|         949|  -10.248712|   -9.690959|    0.326362|    0.001609|
|         950|  -10.268764|   -9.710829|    0.326362|    0.001609|
|         951|  -10.289092|   -9.730965|    0.326362|    0.001609|
|         952|  -10.309693|   -9.751363|    0.326362|    0.001609|
|         953|  -10.330559|   -9.772017|    0.326362|    0.001609|
|         954|  -10.351683|   -9.792920|    0.326362|    0.001609|
|         955|  -10.373054|   -9.814062|    0.326362|    0.001609|
|         956|  -10.394659|   -9.835431|    0.326362|    0.001609|
|         957|  -10.416482|   -9.857013|    0.326362|    0.001609|
|         958|  -10.438503|   -9.878789|    0.326362|    0.001609|
|         959|  -10.460699|   -9.900739|    0.326362|    0.001609|
|         960|  -10.483045|   -9.922838|    0.326362|    0.001609|
|         961|  -10.505508|   -9.945059|    0.326362|    0.001609|
|         962|  -10.528052|   -9.967367|    0.326362|    0.001609|
|         963|  -10.550635|   -9.989725|    0.326362|    0.001609|
|         964|  -10.573209|  -10.012089|    0.326362|    0.001609|
|         965|  -10.595721|  -10.034410|    0.326362|    0.001609|
|         966|  -10.618110|  -10.056634|    0.326362|    0.001609|
|         967|  -10.640310|  -10.078699|    0.326362|    0.001609|
|         968|  -10.662249|  -10.100539|    0.326362|    0.001609|
|         969|  -10.683849|  -10.122084|    0.326362|    0.001609|
|         970|  -10.705031|  -10.143258|    0.326362|    0.001609|
|         971|  -10.725712|  -10.163985|    0.326362|    0.001609|
|         972|  -10.745809|  -10.184187|    0.326362|    0.001609|
|         973|  -10.765243|  -10.203785|    0.326362|    0.001609|
|         974|  -10.783938|  -10.222707|    0.326362|    0.001603|
+-----------------------------------------------------------------------+
|Fixed CL Mode (Finite Difference)       |Value                         |
+-----------------------------------------------------------------------+
|Delta CL / Delta AoA                    |0.36198                       |
|Delta CD / Delta CL                     |0.0110692                     |
|Delta CMz / Delta CL                    |0.0954098                     |
+-----------------------------------------------------------------------+
Writing Flow Meta-Data file: flow.meta

--------------------------- Finalizing Solver ---------------------------
Deleted CNumerics container.
Deleted CIntegration container.
Deleted CSolver container.
Deleted CIteration container.
Deleted CInterface container.
Deleted CGeometry container.
Deleted CFreeFormDefBox class.
Deleted CSurfaceMovement class.
Deleted CVolumetricMovement class.
Deleted CConfig container.
Deleted nInst container.
Deleted COutput class.
-------------------------------------------------------------------------

------------------------- Exit Success (SU2_CFD) ------------------------

