
-------------------------------------------------------------------------
|    ___ _   _ ___                                                      |
|   / __| | | |_  )   Release 8.3.0 "Harrier"                           |
|   \__ \ |_| |/ /                                                      |
|   |___/\___//___|   Suite (Computational Fluid Dynamics Code)         |
|                                                                       |
-------------------------------------------------------------------------
| SU2 Project Website: https://su2code.github.io                        |
|                                                                       |
| The SU2 Project is maintained by the SU2 Foundation                   |
| (http://su2foundation.org)                                            |
-------------------------------------------------------------------------
| Copyright 2012-2025, SU2 Contributors                                 |
|                                                                       |
| SU2 is free software; you can redistribute it and/or                  |
| modify it under the terms of the GNU Lesser General Public            |
| License as published by the Free Software Foundation; either          |
| version 2.1 of the License, or (at your option) any later version.    |
|                                                                       |
| SU2 is distributed in the hope that it will be useful,                |
| but WITHOUT ANY WARRANTY; without even the implied warranty of        |
| MERCHANTABILITY or FITNESS FOR A PARTICULAR PURPOSE. See the GNU      |
| Lesser General Public License for more details.                       |
|                                                                       |
| You should have received a copy of the GNU Lesser General Public      |
| License along with SU2. If not, see <http://www.gnu.org/licenses/>.   |
-------------------------------------------------------------------------

Parsing config file for zone 0

----------------- Physical Case Definition ( Zone 0 ) -------------------
Compressible Euler equations.
Mach number: 0.8.
Angle of attack (AoA): 1.25 deg, and angle of sideslip (AoS): 0 deg.
Fixed CL mode, target value: 0.326.
No restart solution, use the values at infinity (freestream).
Non-Dimensional simulation (P=1.0, Rho=1.0, T=1.0 at the farfield).
The reference area is 1 m^2.
The semi-span will be computed using the max y(3D) value.
The reference length is 1 m.
Reference origin for moment evaluation is (0.25, 0, 0).
Surface(s) where the force coefficients are evaluated: airfoil.

Surface(s) plotted in the output file: airfoil.
Surface(s) affected by the design variables: airfoil.
Input mesh file name: mesh_NACA0012_inv.su2

--------------- Space Numerical Integration ( Zone 0 ) ------------------
Jameson-Schmidt-Turkel scheme (2nd order in space) for the flow inviscid terms.
JST viscous coefficients (2nd & 4th): 0.5, 0.02.
The method includes a grid stretching correction (p = 0.3).
Gradient for viscous and source terms: Green-Gauss.

--------------- Time Numerical Integration  ( Zone 0 ) ------------------
Local time stepping (steady state simulation).
Euler implicit method for the flow equations.
FGMRES is used for solving the linear system.
Using a LU-SGS preconditioning.
Convergence criteria of the linear solver: 0.0001.
Max number of linear iterations: 2.
V Multigrid Cycle, with 2 multigrid levels.
Damping factor for the residual restriction: 1.
Damping factor for the correction prolongation: 1.
No CFL adaptation.
+-------------------------------------------+
|  MG Level| Presmooth|PostSmooth|CorrectSmo|
+-------------------------------------------+
|         0|         1|         0|         0|
|         1|         2|         0|         0|
|         2|         3|         0|         0|
+-------------------------------------------+
Courant-Friedrichs-Lewy number:       10

------------------ Convergence Criteria  ( Zone 0 ) ---------------------
Maximum number of solver subiterations: 1250.
Begin convergence monitoring at iteration 10.
Residual minimum value: 1e-13.
Cauchy series min. value: 1e-06.
Number of Cauchy elements: 100.
Begin windowed time average at iteration 0.

-------------------- Output Information ( Zone 0 ) ----------------------
File writing frequency: 
+------------------------------------+
|                     File| Frequency|
+------------------------------------+
|                  RESTART|       250|
|                 PARAVIEW|       250|
|         SURFACE_PARAVIEW|       250|
|              SURFACE_CSV|       250|
+------------------------------------+
Writing the convergence history file every 1 inner iterations.
Writing the screen convergence history every 1 inner iterations.
The tabular file format is CSV (.csv).
Convergence history file name: history_direct.
Forces breakdown file name: forces_breakdown.dat.
Surface file name: surface_flow.
Volume file name: flow.
Restart file name: restart_flow.

------------- Config File Boundary Information ( Zone 0 ) ---------------
+-----------------------------------------------------------------------+
|                        Marker Type|                        Marker Name|
+-----------------------------------------------------------------------+
|                         Euler wall|                            airfoil|
+-----------------------------------------------------------------------+
|                          Far-field|                           farfield|
+-----------------------------------------------------------------------+

-------------------- Output Preprocessing ( Zone 0 ) --------------------

WARNING: SURFACE_PRESSURE_DROP can only be computed for at least 2 surfaces (outlet, inlet, ...)

Screen output fields: INNER_ITER, RMS_DENSITY, RMS_ENERGY, LIFT, DRAG
History output group(s): ITER, RMS_RES, AERO_COEFF
Convergence field(s): RMS_DENSITY
Warning: No (valid) fields chosen for time convergence monitoring. Time convergence monitoring inactive.
Volume output fields: COORDINATES, SOLUTION, PRIMITIVE

------------------- Geometry Preprocessing ( Zone 0 ) -------------------
Two dimensional problem.
5233 grid points.
10216 volume elements.
2 surface markers.
200 boundary elements in index 0 (Marker = airfoil).
50 boundary elements in index 1 (Marker = farfield).
10216 triangles.
Setting point connectivity.
Renumbering points (Reverse Cuthill McKee Ordering).
Recomputing point connectivity.
Setting element connectivity.
Checking the numerical grid orientation.
All volume elements are correctly oriented.
All surface elements are correctly oriented.
Identifying edges and vertices.
Setting the control volume structure.
Area of the computational grid: 1253.25.
Searching for the closest normal neighbors to the surfaces.
Storing a mapping from global to local point index.
Compute the surface curvature.
Max K: 7835.1. Mean K: 34.8252. Standard deviation K: 494.448.
Checking for periodicity.
Computing mesh quality statistics for the dual control volumes.
+--------------------------------------------------------------+
|           Mesh Quality Metric|        Minimum|        Maximum|
+--------------------------------------------------------------+
|    Orthogonality Angle (deg.)|        62.6714|        89.7089|
|     CV Face Area Aspect Ratio|        1.00001|        7.18337|
|           CV Sub-Volume Ratio|        1.00285|        6.47826|
+--------------------------------------------------------------+
Setting the multigrid structure.
+-------------------------------------------+
|  MG Level|       CVs|Aggl. Rate|       CFL|
+-------------------------------------------+
|         0|      5233|    1/1.00|        10|
|         1|      1690|     1/3.1|   8.52431|
|         2|       649|     1/2.6|   7.92373|
+-------------------------------------------+
Finding max control volume width.
Wetted area = 2.03916 m.
Area projection in the x-plane = 0.119981 m, y-plane = 0.999845 m.
Max. coordinate in the x-direction = 1 m, y-direction = 0.0600055 m.
Min. coordinate in the x-direction = 0 m, y-direction = -0.0600055 m.
Computing wall distances.

-------------------- Solver Preprocessing ( Zone 0 ) --------------------
Inviscid flow: Computing density based on free-stream
temperature and pressure using the ideal gas law.
Force coefficients computed using free-stream values.

-- Models:
+------------------------------------------------------------------------------+
|          Viscosity Model|        Conductivity Model|              Fluid Model|
+------------------------------------------------------------------------------+
|                        -|                         -|             STANDARD_AIR|
+------------------------------------------------------------------------------+
-- Fluid properties:
+------------------------------------------------------------------------------+
|                  Name|    Dim. value|    Ref. value|      Unit|Non-dim. value|
+------------------------------------------------------------------------------+
|          Gas Constant|       287.058|       287.058|  N.m/kg.K|             1|
|      Spec. Heat Ratio|             -|             -|         -|           1.4|
+------------------------------------------------------------------------------+
-- Initial and free-stream conditions:
+------------------------------------------------------------------------------+
|                  Name|    Dim. value|    Ref. value|      Unit|Non-dim. value|
+------------------------------------------------------------------------------+
|       Static Pressure|        101325|        101325|        Pa|             1|
|               Density|       1.22498|       1.22498|    kg/m^3|             1|
|           Temperature|        288.15|        288.15|         K|             1|
|          Total Energy|        243846|       82715.8|   m^2/s^2|         2.948|
|            Velocity-X|       272.173|       287.603|       m/s|      0.946348|
|            Velocity-Y|       5.93883|       287.603|       m/s|     0.0206494|
|    Velocity Magnitude|       272.238|       287.603|       m/s|      0.946573|
+------------------------------------------------------------------------------+
|           Mach Number|             -|             -|         -|           0.8|
+------------------------------------------------------------------------------+
Initialize Jacobian structure (Euler). MG level: 0.
Initialize Jacobian structure (Euler). MG level: 1.
Initialize Jacobian structure (Euler). MG level: 2.

------------------- Numerics Preprocessing ( Zone 0 ) -------------------

----------------- Integration Preprocessing ( Zone 0 ) ------------------

------------------- Iteration Preprocessing ( Zone 0 ) ------------------
Euler/Navier-Stokes/RANS fluid iteration.

------------------------------ Begin Solver -----------------------------

Simulation Run using the Single-zone Driver
WARNING: SU2 was not compiled for an AVX-capable architecture. Performance could be better,
         see https://su2code.github.io/docs_v7/Build-SU2-Linux-MacOS/#compiler-optimizations
WARNING: SU2 was not compiled for an AVX-capable architecture. Performance could be better,
         see https://su2code.github.io/docs_v7/Build-SU2-Linux-MacOS/#compiler-optimizations
WARNING: SU2 was not compiled for an AVX-capable architecture. Performance could be better,
         see https://su2code.github.io/docs_v7/Build-SU2-Linux-MacOS/#compiler-optimizations
+----------------------------------------------------------------+
|  Inner_Iter|    rms[Rho]|   rms[RhoE]|          CL|          CD|
+----------------------------------------------------------------+
|           0|   -3.585391|   -2.989014|    0.169298|    0.234426|
|           1|   -3.825216|   -3.214400|    0.076823|    0.091903|
|           2|   -3.763311|   -3.165049|    0.086988|    0.068476|
|           3|   -3.709214|   -3.116191|    0.125420|    0.084431|
|           4|   -3.661185|   -3.071748|    0.133443|    0.064588|
|           5|   -3.657009|   -3.072029|    0.138652|    0.051144|
|           6|   -3.650321|   -3.071274|    0.149042|    0.048075|
|           7|   -3.652852|   -3.075725|    0.160059|    0.044675|
|           8|   -3.638653|   -3.061476|    0.169792|    0.039777|
|           9|   -3.651828|   -3.078650|    0.178525|    0.035923|
|          10|   -3.658836|   -3.089317|    0.187590|    0.033624|
|          11|   -3.665529|   -3.097740|    0.197156|    0.031737|
|          12|   -3.672005|   -3.104716|    0.206615|    0.029750|
|          13|   -3.676470|   -3.108064|    0.215956|    0.027843|
|          14|   -3.684537|   -3.114226|    0.225448|    0.026151|
|          15|   -3.694348|   -3.122354|    0.234962|    0.024632|
|          16|   -3.705773|   -3.133425|    0.244215|    0.023188|
|          17|   -3.719727|   -3.148604|    0.253086|    0.021742|
|          18|   -3.736001|   -3.166895|    0.261467|    0.020267|
|          19|   -3.754835|   -3.187558|    0.269193|    0.018792|
|          20|   -3.776163|   -3.210060|    0.276153|    0.017395|
|          21|   -3.798304|   -3.232788|    0.282321|    0.016164|
|          22|   -3.819503|   -3.254231|    0.287797|    0.015189|
|          23|   -3.839106|   -3.273866|    0.292636|    0.014532|
|          24|   -3.857364|   -3.291939|    0.296713|    0.014206|
|          25|   -3.875440|   -3.309617|    0.300052|    0.014216|
|          26|   -3.893730|   -3.327403|    0.302785|    0.014550|
|          27|   -3.910907|   -3.344316|    0.304923|    0.015156|
|          28|   -3.926238|   -3.360116|    0.306330|    0.015948|
|          29|   -3.940588|   -3.375973|    0.307152|    0.016870|
|          30|   -3.957558|   -3.395277|    0.307805|    0.017887|
|          31|   -3.979976|   -3.420239|    0.307964|    0.018890|
|          32|   -4.010157|   -3.452383|    0.307798|    0.019844|
|          33|   -4.047316|   -3.490256|    0.307938|    0.020774|
|          34|   -4.088104|   -3.530385|    0.308183|    0.021618|
|          35|   -4.129282|   -3.569871|    0.308459|    0.022329|
|          36|   -4.169139|   -3.607455|    0.308837|    0.022883|
|          37|   -4.207801|   -3.643914|    0.309318|    0.023265|
|          38|   -4.244530|   -3.679042|    0.309960|    0.023481|
|          39|   -4.277631|   -3.711577|    0.310776|    0.023543|
|          40|   -4.304102|   -3.738823|    0.311764|    0.023470|
|          41|   -4.322202|   -3.759117|    0.312901|    0.023285|
|          42|   -4.330322|   -3.770139|    0.314083|    0.023004|
|          43|   -4.330255|   -3.772632|    0.315345|    0.022661|
|          44|   -4.327302|   -3.771225|    0.316691|    0.022285|
|          45|   -4.326080|   -3.770511|    0.318143|    0.021904|
|          46|   -4.328153|   -3.772178|    0.319655|    0.021538|
|          47|   -4.335620|   -3.778589|    0.320988|    0.021188|
|          48|   -4.349521|   -3.791566|    0.322305|    0.020892|
|          49|   -4.368835|   -3.809845|    0.323557|    0.020659|
|          50|   -4.392520|   -3.832257|    0.324673|    0.020493|
|          51|   -4.419618|   -3.857934|    0.325718|    0.020444|
+-----------------------------------------------------------------------+
|Fixed CL Mode                           |Value                         |
+-----------------------------------------------------------------------+
|Current CL                              |0.325718                      |
|Target CL                               |0.326                         |
|Previous AOA                            |1.25                          |
|Changed AoA by                          |0.00663266                    |
+-----------------------------------------------------------------------+
+----------------------------------------------------------------+
|  Inner_Iter|    rms[Rho]|   rms[RhoE]|          CL|          CD|
+----------------------------------------------------------------+
|          52|   -4.433266|   -3.866264|    0.326413|    0.020405|
|          53|   -4.480910|   -3.915585|    0.326909|    0.020420|
|          54|   -4.521502|   -3.956752|    0.327451|    0.020504|
|          55|   -4.560690|   -3.997083|    0.327883|    0.020635|
|          56|   -4.594644|   -4.033346|    0.328116|    0.020796|
|          57|   -4.623032|   -4.064619|    0.328149|    0.020979|
|          58|   -4.648477|   -4.093252|    0.328026|    0.021167|
|          59|   -4.671676|   -4.119112|    0.327848|    0.021351|
|          60|   -4.694469|   -4.143575|    0.327696|    0.021525|
|          61|   -4.718469|   -4.168260|    0.327578|    0.021681|
|          62|   -4.744198|   -4.193768|    0.327473|    0.021810|
|          63|   -4.771411|   -4.219950|    0.327395|    0.021911|
|          64|   -4.799517|   -4.246530|    0.327372|    0.021982|
|          65|   -4.827768|   -4.273271|    0.327410|    0.022022|
|          66|   -4.855098|   -4.299564|    0.327497|    0.022032|
|          67|   -4.880595|   -4.324816|    0.327645|    0.022016|
|          68|   -4.901542|   -4.346152|    0.327838|    0.021979|
|          69|   -4.917475|   -4.362981|    0.328062|    0.021924|
|          70|   -4.929248|   -4.375849|    0.328306|    0.021857|
|          71|   -4.938522|   -4.386093|    0.328561|    0.021785|
|          72|   -4.947435|   -4.395644|    0.328819|    0.021711|
|          73|   -4.957840|   -4.406303|    0.329074|    0.021640|
|          74|   -4.971121|   -4.419521|    0.329318|    0.021575|
|          75|   -4.987908|   -4.436037|    0.329526|    0.021517|
|          76|   -5.007966|   -4.455715|    0.329714|    0.021470|
|          77|   -5.031812|   -4.479225|    0.329878|    0.021435|
|          78|   -5.059324|   -4.506392|    0.330009|    0.021411|
|          79|   -5.089794|   -4.536540|    0.330106|    0.021400|
|          80|   -5.122116|   -4.568619|    0.330173|    0.021401|
|          81|   -5.154667|   -4.601003|    0.330210|    0.021411|
|          82|   -5.186008|   -4.632248|    0.330217|    0.021431|
|          83|   -5.214711|   -4.660915|    0.330197|    0.021456|
|          84|   -5.239911|   -4.686126|    0.330153|    0.021486|
|          85|   -5.261907|   -4.708188|    0.330092|    0.021518|
|          86|   -5.281738|   -4.728118|    0.330018|    0.021550|
|          87|   -5.300843|   -4.747331|    0.329935|    0.021581|
|          88|   -5.320614|   -4.767200|    0.329849|    0.021608|
|          89|   -5.342234|   -4.788911|    0.329765|    0.021633|
|          90|   -5.366182|   -4.812954|    0.329689|    0.021652|
|          91|   -5.392529|   -4.839446|    0.329621|    0.021667|
|          92|   -5.420884|   -4.868027|    0.329566|    0.021676|
|          93|   -5.450464|   -4.897926|    0.329525|    0.021679|
|          94|   -5.480059|   -4.927926|    0.329499|    0.021678|
|          95|   -5.508462|   -4.956803|    0.329488|    0.021673|
|          96|   -5.534692|   -4.983498|    0.329493|    0.021664|
|          97|   -5.558150|   -5.007301|    0.329513|    0.021653|
|          98|   -5.578924|   -5.028197|    0.329545|    0.021640|
|          99|   -5.597704|   -5.046813|    0.329588|    0.021626|
|         100|   -5.615557|   -5.064223|    0.329640|    0.021612|
|         101|   -5.633651|   -5.081657|    0.329705|    0.021494|
+-----------------------------------------------------------------------+
|Fixed CL Mode                           |Value                         |
+-----------------------------------------------------------------------+
|Current CL                              |0.329705                      |
|Target CL                               |0.326                         |
|Previous AOA                            |1.25663                       |
|Changed AoA by                          |-0.0182003                    |
+-----------------------------------------------------------------------+
+----------------------------------------------------------------+
|  Inner_Iter|    rms[Rho]|   rms[RhoE]|          CL|          CD|
+----------------------------------------------------------------+
|         102|   -4.550701|   -3.944277|    0.329763|    0.021482|
|         103|   -4.844512|   -4.235064|    0.329696|    0.021469|
|         104|   -5.080359|   -4.488824|    0.329242|    0.021447|
|         105|   -5.263521|   -4.658526|    0.328526|    0.021419|
|         106|   -5.403260|   -4.811779|    0.327892|    0.021397|
|         107|   -5.485281|   -4.897038|    0.327549|    0.021381|
|         108|   -5.591467|   -5.005315|    0.327490|    0.021370|
|         109|   -5.620627|   -5.033959|    0.327522|    0.021364|
|         110|   -5.658041|   -5.072720|    0.327476|    0.021355|
|         111|   -5.722215|   -5.147272|    0.327364|    0.021348|
|         112|   -5.752854|   -5.187199|    0.327247|    0.021342|
|         113|   -5.755858|   -5.191976|    0.327144|    0.021338|
|         114|   -5.764953|   -5.204183|    0.327051|    0.021334|
|         115|   -5.775993|   -5.219983|    0.326968|    0.021331|
|         116|   -5.780971|   -5.227340|    0.326896|    0.021329|
|         117|   -5.785521|   -5.231882|    0.326832|    0.021328|
|         118|   -5.793923|   -5.239352|    0.326769|    0.021326|
|         119|   -5.806942|   -5.251304|    0.326707|    0.021325|
|         120|   -5.824694|   -5.268051|    0.326647|    0.021323|
|         121|   -5.846938|   -5.289247|    0.326591|    0.021321|
|         122|   -5.873085|   -5.314189|    0.326539|    0.021319|
|         123|   -5.902520|   -5.342278|    0.326489|    0.021317|
|         124|   -5.934776|   -5.373191|    0.326442|    0.021315|
|         125|   -5.969393|   -5.406630|    0.326397|    0.021312|
|         126|   -6.005754|   -5.442053|    0.326356|    0.021309|
|         127|   -6.043080|   -5.478677|    0.326316|    0.021307|
|         128|   -6.080576|   -5.515696|    0.326277|    0.021304|
|         129|   -6.117520|   -5.552390|    0.326240|    0.021301|
|         130|   -6.153281|   -5.588146|    0.326204|    0.021298|
|         131|   -6.187333|   -5.622446|    0.326170|    0.021296|
|         132|   -6.219259|   -5.654858|    0.326137|    0.021293|
|         133|   -6.248693|   -5.684978|    0.326105|    0.021291|
|         134|   -6.275369|   -5.712494|    0.326074|    0.021289|
|         135|   -6.299159|   -5.737219|    0.326045|    0.021288|
|         136|   -6.320170|   -5.759199|    0.326016|    0.021286|
|         137|   -6.338640|   -5.778599|    0.325988|    0.021285|
|         138|   -6.354981|   -5.795768|    0.325961|    0.021284|
|         139|   -6.369713|   -5.811179|    0.325935|    0.021283|
|         140|   -6.383425|   -5.825389|    0.325909|    0.021282|
|         141|   -6.396714|   -5.838980|    0.325885|    0.021281|
|         142|   -6.410128|   -5.852503|    0.325862|    0.021280|
|         143|   -6.424122|   -5.866431|    0.325839|    0.021279|
|         144|   -6.439050|   -5.881151|    0.325818|    0.021278|
|         145|   -6.455144|   -5.896925|    0.325797|    0.021277|
|         146|   -6.472565|   -5.913952|    0.325778|    0.021277|
|         147|   -6.491334|   -5.932284|    0.325759|    0.021276|
|         148|   -6.511427|   -5.951926|    0.325742|    0.021275|
|         149|   -6.532763|   -5.972824|    0.325727|    0.021274|
|         150|   -6.555204|   -5.994861|    0.325712|    0.021273|
|         151|   -6.578572|   -6.017870|    0.325699|    0.021280|
+-----------------------------------------------------------------------+
|Fixed CL Mode                           |Value                         |
+-----------------------------------------------------------------------+
|Current CL                              |0.325699                      |
|Target CL                               |0.326                         |
|Previous AOA                            |1.23843                       |
|Changed AoA by                          |0.00143868                    |
+-----------------------------------------------------------------------+
+----------------------------------------------------------------+
|  Inner_Iter|    rms[Rho]|   rms[RhoE]|          CL|          CD|
+----------------------------------------------------------------+
|         152|   -5.650956|   -5.044982|    0.325688|    0.021280|
|         153|   -5.942525|   -5.333428|    0.325688|    0.021279|
|         154|   -6.169731|   -5.578941|    0.325720|    0.021279|
|         155|   -6.343695|   -5.742421|    0.325774|    0.021280|
|         156|   -6.471325|   -5.884006|    0.325822|    0.021281|
|         157|   -6.542567|   -5.957828|    0.325848|    0.021282|
|         158|   -6.634327|   -6.051039|    0.325852|    0.021282|
|         159|   -6.673418|   -6.088350|    0.325849|    0.021282|
|         160|   -6.725251|   -6.138989|    0.325852|    0.021283|
|         161|   -6.810407|   -6.228925|    0.325861|    0.021284|
|         162|   -6.878642|   -6.300765|    0.325871|    0.021284|
|         163|   -6.925041|   -6.344722|    0.325880|    0.021285|
|         164|   -6.983296|   -6.402541|    0.325888|    0.021286|
|         165|   -7.049572|   -6.473369|    0.325895|    0.021287|
|         166|   -7.098621|   -6.528048|    0.325902|    0.021287|
|         167|   -7.129575|   -6.562772|    0.325908|    0.021288|
|         168|   -7.149511|   -6.585265|    0.325914|    0.021288|
|         169|   -7.160251|   -6.598331|    0.325920|    0.021289|
|         170|   -7.164811|   -6.605225|    0.325926|    0.021289|
|         171|   -7.166767|   -6.609203|    0.325931|    0.021290|
|         172|   -7.167744|   -6.611462|    0.325937|    0.021290|
|         173|   -7.168448|   -6.612587|    0.325942|    0.021291|
|         174|   -7.169745|   -6.613704|    0.325948|    0.021291|
|         175|   -7.172401|   -6.615907|    0.325953|    0.021291|
|         176|   -7.176728|   -6.619666|    0.325959|    0.021291|
|         177|   -7.182703|   -6.625010|    0.325964|    0.021292|
|         178|   -7.190200|   -6.631859|    0.325969|    0.021292|
|         179|   -7.199086|   -6.640132|    0.325975|    0.021292|
|         180|   -7.209240|   -6.649748|    0.325980|    0.021292|
|         181|   -7.220529|   -6.660589|    0.325985|    0.021292|
|         182|   -7.232806|   -6.672500|    0.325990|    0.021292|
|         183|   -7.245921|   -6.685314|    0.325995|    0.021293|
|         184|   -7.259738|   -6.698882|    0.326000|    0.021293|
|         185|   -7.274126|   -6.713066|    0.326005|    0.021293|
|         186|   -7.288948|   -6.727722|    0.326010|    0.021293|
|         187|   -7.304043|   -6.742691|    0.326015|    0.021293|
|         188|   -7.319232|   -6.757797|    0.326019|    0.021294|
|         189|   -7.334324|   -6.772853|    0.326024|    0.021294|
|         190|   -7.349122|   -6.787666|    0.326028|    0.021294|
|         191|   -7.363428|   -6.802038|    0.326032|    0.021294|
|         192|   -7.377057|   -6.815778|    0.326036|    0.021295|
|         193|   -7.389930|   -6.828826|    0.326040|    0.021295|
|         194|   -7.402033|   -6.841194|    0.326044|    0.021295|
|         195|   -7.412987|   -6.852399|    0.326047|    0.021295|
|         196|   -7.422912|   -6.862503|    0.326051|    0.021296|
|         197|   -7.431881|   -6.871625|    0.326054|    0.021296|
|         198|   -7.439993|   -6.879892|    0.326057|    0.021296|
|         199|   -7.447411|   -6.887456|    0.326060|    0.021296|
|         200|   -7.454348|   -6.894521|    0.326063|    0.021296|
|         201|   -7.461057|   -6.901328|    0.326066|    0.021295|
+-----------------------------------------------------------------------+
|Fixed CL Mode                           |Value                         |
+-----------------------------------------------------------------------+
|Current CL                              |0.326066                      |
|Target CL                               |0.326                         |
|Previous AOA                            |1.23987                       |
|Changed AoA by                          |-0.000316473                  |
+-----------------------------------------------------------------------+
+----------------------------------------------------------------+
|  Inner_Iter|    rms[Rho]|   rms[RhoE]|          CL|          CD|
+----------------------------------------------------------------+
|         202|   -6.310355|   -5.704016|    0.326069|    0.021295|
|         203|   -6.605722|   -5.995638|    0.326069|    0.021295|
|         204|   -6.840669|   -6.248353|    0.326062|    0.021295|
|         205|   -7.025919|   -6.420369|    0.326051|    0.021295|
|         206|   -7.166007|   -6.574365|    0.326041|    0.021294|
|         207|   -7.243437|   -6.654652|    0.326036|    0.021294|
|         208|   -7.348392|   -6.760514|    0.326036|    0.021294|
|         209|   -7.386147|   -6.796135|    0.326038|    0.021294|
|         210|   -7.440271|   -6.848366|    0.326038|    0.021294|
|         211|   -7.540028|   -6.952838|    0.326037|    0.021294|
|         212|   -7.620414|   -7.037374|    0.326036|    0.021294|
|         213|   -7.671686|   -7.084839|    0.326036|    0.021294|
|         214|   -7.742678|   -7.153507|    0.326035|    0.021293|
|         215|   -7.832229|   -7.246867|    0.326035|    0.021293|
|         216|   -7.900780|   -7.322141|    0.326035|    0.021293|
|         217|   -7.943772|   -7.370155|    0.326035|    0.021293|
|         218|   -7.973577|   -7.403549|    0.326035|    0.021293|
|         219|   -7.992815|   -7.426472|    0.326035|    0.021293|
|         220|   -8.005777|   -7.443421|    0.326035|    0.021293|
|         221|   -8.017869|   -7.458908|    0.326035|    0.021293|
|         222|   -8.030982|   -7.473887|    0.326035|    0.021293|
|         223|   -8.045610|   -7.488655|    0.326034|    0.021293|
|         224|   -8.062972|   -7.505097|    0.326034|    0.021293|
|         225|   -8.084292|   -7.525180|    0.326034|    0.021293|
|         226|   -8.109861|   -7.549465|    0.326034|    0.021293|
|         227|   -8.139236|   -7.577509|    0.326033|    0.021293|
|         228|   -8.171769|   -7.608706|    0.326033|    0.021293|
|         229|   -8.206812|   -7.642562|    0.326033|    0.021293|
|         230|   -8.243714|   -7.678597|    0.326032|    0.021293|
|         231|   -8.281740|   -7.716179|    0.326032|    0.021293|
|         232|   -8.320013|   -7.754428|    0.326032|    0.021293|
|         233|   -8.357569|   -7.792312|    0.326031|    0.021293|
|         234|   -8.393503|   -7.828824|    0.326031|    0.021293|
|         235|   -8.427076|   -7.863113|    0.326030|    0.021293|
|         236|   -8.457757|   -7.894541|    0.326030|    0.021293|
|         237|   -8.485215|   -7.922713|    0.326029|    0.021293|
|         238|   -8.509257|   -7.947439|    0.326029|    0.021293|
|         239|   -8.529727|   -7.968632|    0.326029|    0.021293|
|         240|   -8.546409|   -7.986164|    0.326028|    0.021293|
|         241|   -8.558992|   -7.999779|    0.326028|    0.021293|
|         242|   -8.567116|   -8.009103|    0.326027|    0.021293|
|         243|   -8.570509|   -8.013765|    0.326027|    0.021293|
|         244|   -8.569156|   -8.013612|    0.326027|    0.021293|
|         245|   -8.563452|   -8.008902|    0.326026|    0.021293|
|         246|   -8.554206|   -8.000363|    0.326026|    0.021293|
|         247|   -8.542522|   -7.989079|    0.326026|    0.021293|
|         248|   -8.529608|   -7.976295|    0.326025|    0.021293|
|         249|   -8.516601|   -7.963207|    0.326025|    0.021293|
|         250|   -8.504464|   -7.950843|    0.326025|    0.021293|
+-----------------------------------------------------------------------+
|        File Writing Summary       |              Filename             |
+-----------------------------------------------------------------------+
|SU2 binary restart                 |restart_flow.dat                   |
Writing Flow Meta-Data file: flow.meta
|Paraview                           |flow.vtu                           |
Writing Flow Meta-Data file: flow.meta
|Paraview surface                   |surface_flow.vtu                   |
Writing Flow Meta-Data file: flow.meta
|CSV file                           |surface_flow.csv                   |
Writing Flow Meta-Data file: flow.meta
+-----------------------------------------------------------------------+
+----------------------------------------------------------------+
|  Inner_Iter|    rms[Rho]|   rms[RhoE]|          CL|          CD|
+----------------------------------------------------------------+
|         251|   -8.493941|   -7.940000|    0.326025|    0.021292|
+-----------------------------------------------------------------------+
|Fixed CL Mode                           |Value                         |
+-----------------------------------------------------------------------+
|Current CL                              |0.326025                      |
|Target CL                               |0.326                         |
|Previous AOA                            |1.23955                       |
|Changed AoA by                          |-0.000124026                  |
+-----------------------------------------------------------------------+
+----------------------------------------------------------------+
|  Inner_Iter|    rms[Rho]|   rms[RhoE]|          CL|          CD|
+----------------------------------------------------------------+
|         252|   -6.718554|   -6.111814|    0.326024|    0.021292|
|         253|   -7.015380|   -6.404971|    0.326023|    0.021292|
|         254|   -7.258193|   -6.664791|    0.326019|    0.021292|
|         255|   -7.455129|   -6.844957|    0.326014|    0.021292|
|         256|   -7.616056|   -7.017493|    0.326009|    0.021292|
|         257|   -7.707799|   -7.111038|    0.326006|    0.021292|
|         258|   -7.832670|   -7.234904|    0.326005|    0.021291|
|         259|   -7.854830|   -7.257612|    0.326005|    0.021291|
|         260|   -7.889546|   -7.294309|    0.326004|    0.021291|
|         261|   -7.960508|   -7.377050|    0.326003|    0.021291|
|         262|   -7.986466|   -7.414710|    0.326001|    0.021291|
|         263|   -7.978503|   -7.409334|    0.326001|    0.021291|
|         264|   -7.980332|   -7.415044|    0.326000|    0.021291|
|         265|   -7.983233|   -7.423163|    0.325999|    0.021291|
|         266|   -7.977982|   -7.420303|    0.325998|    0.021291|
|         267|   -7.972566|   -7.415217|    0.325998|    0.021291|
|         268|   -7.971047|   -7.413561|    0.325997|    0.021291|
|         269|   -7.973375|   -7.415684|    0.325997|    0.021291|
|         270|   -7.979723|   -7.421718|    0.325997|    0.021291|
|         271|   -7.990168|   -7.431666|    0.325996|    0.021291|
|         272|   -8.004283|   -7.445058|    0.325996|    0.021291|
|         273|   -8.021626|   -7.461493|    0.325995|    0.021291|
|         274|   -8.041980|   -7.480876|    0.325995|    0.021291|
|         275|   -8.065175|   -7.503142|    0.325995|    0.021290|
|         276|   -8.090939|   -7.528040|    0.325994|    0.021290|
|         277|   -8.118924|   -7.555205|    0.325994|    0.021290|
|         278|   -8.148801|   -7.584306|    0.325994|    0.021290|
|         279|   -8.180299|   -7.615093|    0.325994|    0.021290|
|         280|   -8.213185|   -7.647370|    0.325993|    0.021290|
|         281|   -8.247229|   -7.680933|    0.325993|    0.021290|
|         282|   -8.282179|   -7.715537|    0.325993|    0.021290|
|         283|   -8.317766|   -7.750908|    0.325992|    0.021290|
|         284|   -8.353725|   -7.786770|    0.325992|    0.021290|
|         285|   -8.389796|   -7.822852|    0.325992|    0.021290|
|         286|   -8.425711|   -7.858875|    0.325992|    0.021290|
|         287|   -8.461187|   -7.894544|    0.325992|    0.021290|
|         288|   -8.495929|   -7.929553|    0.325991|    0.021290|
|         289|   -8.529644|   -7.963604|    0.325991|    0.021290|
|         290|   -8.562059|   -7.996415|    0.325991|    0.021290|
|         291|   -8.592925|   -8.027732|    0.325991|    0.021290|
|         292|   -8.622030|   -8.057335|    0.325991|    0.021290|
|         293|   -8.649214|   -8.085050|    0.325991|    0.021290|
|         294|   -8.674373|   -8.110760|    0.325990|    0.021290|
|         295|   -8.697485|   -8.134421|    0.325990|    0.021290|
|         296|   -8.718619|   -8.156084|    0.325990|    0.021290|
|         297|   -8.737944|   -8.175904|    0.325990|    0.021290|
|         298|   -8.755727|   -8.194135|    0.325990|    0.021290|
|         299|   -8.772319|   -8.211121|    0.325990|    0.021290|
|         300|   -8.788134|   -8.227273|    0.325990|    0.021290|
|         301|   -8.803620|   -8.243042|    0.325990|    0.021291|
+-----------------------------------------------------------------------+
|Fixed CL Mode                           |Value                         |
+-----------------------------------------------------------------------+
|Current CL                              |0.32599                       |
|Target CL                               |0.326                         |
|Previous AOA                            |1.23943                       |
|Changed AoA by                          |4.96654e-05                   |
+-----------------------------------------------------------------------+
+----------------------------------------------------------------+
|  Inner_Iter|    rms[Rho]|   rms[RhoE]|          CL|          CD|
+----------------------------------------------------------------+
|         302|   -7.115872|   -6.509210|    0.325990|    0.021291|
|         303|   -7.413050|   -6.802487|    0.325990|    0.021291|
|         304|   -7.655438|   -7.061844|    0.325992|    0.021291|
|         305|   -7.853721|   -7.243350|    0.325994|    0.021291|
|         306|   -8.016049|   -7.417251|    0.325996|    0.021291|
|         307|   -8.110137|   -7.512510|    0.325997|    0.021291|
|         308|   -8.245167|   -7.644333|    0.325997|    0.021291|
|         309|   -8.278123|   -7.675692|    0.325997|    0.021291|
|         310|   -8.328732|   -7.725335|    0.325997|    0.021291|
|         311|   -8.434622|   -7.839418|    0.325998|    0.021291|
|         312|   -8.490066|   -7.907453|    0.325998|    0.021291|
|         313|   -8.489383|   -7.910261|    0.325998|    0.021291|
|         314|   -8.499885|   -7.926969|    0.325999|    0.021291|
|         315|   -8.508384|   -7.945348|    0.325999|    0.021291|
|         316|   -8.497270|   -7.939843|    0.325999|    0.021291|
|         317|   -8.481711|   -7.925788|    0.325999|    0.021291|
|         318|   -8.470214|   -7.914559|    0.326000|    0.021291|
|         319|   -8.463292|   -7.907599|    0.326000|    0.021291|
|         320|   -8.461436|   -7.905511|    0.326000|    0.021291|
|         321|   -8.464816|   -7.908419|    0.326000|    0.021291|
|         322|   -8.472809|   -7.915647|    0.326000|    0.021291|
|         323|   -8.484783|   -7.926602|    0.326000|    0.021291|
|         324|   -8.500430|   -7.941129|    0.326000|    0.021291|
|         325|   -8.519521|   -7.959135|    0.326001|    0.021291|
|         326|   -8.541704|   -7.980306|    0.326001|    0.021291|
|         327|   -8.566543|   -8.004189|    0.326001|    0.021291|
|         328|   -8.593613|   -8.030362|    0.326001|    0.021291|
|         329|   -8.622541|   -8.058481|    0.326001|    0.021291|
|         330|   -8.652980|   -8.088235|    0.326001|    0.021291|
|         331|   -8.684570|   -8.119291|    0.326001|    0.021291|
|         332|   -8.716926|   -8.151268|    0.326002|    0.021291|
|         333|   -8.749641|   -8.183755|    0.326002|    0.021291|
|         334|   -8.782322|   -8.216345|    0.326002|    0.021291|
|         335|   -8.814589|   -8.248652|    0.326002|    0.021291|
|         336|   -8.846082|   -8.280302|    0.326002|    0.021291|
|         337|   -8.876453|   -8.310938|    0.326002|    0.021291|
|         338|   -8.905384|   -8.340233|    0.326002|    0.021291|
|         339|   -8.932603|   -8.367905|    0.326002|    0.021291|
|         340|   -8.957896|   -8.393730|    0.326002|    0.021291|
|         341|   -8.981112|   -8.417543|    0.326002|    0.021291|
|         342|   -9.002176|   -8.439246|    0.326002|    0.021291|
|         343|   -9.021082|   -8.458805|    0.326003|    0.021291|
|         344|   -9.037902|   -8.476260|    0.326003|    0.021291|
|         345|   -9.052793|   -8.491738|    0.326003|    0.021291|
|         346|   -9.065992|   -8.505453|    0.326003|    0.021291|
|         347|   -9.077818|   -8.517706|    0.326003|    0.021291|
|         348|   -9.088646|   -8.528866|    0.326003|    0.021291|
|         349|   -9.098888|   -8.539347|    0.326003|    0.021291|
|         350|   -9.108966|   -8.549581|    0.326003|    0.021291|
|         351|   -9.119294|   -8.559989|    0.326003|    0.021291|
+-----------------------------------------------------------------------+
|Fixed CL Mode                           |Value                         |
+-----------------------------------------------------------------------+
|Current CL                              |0.326003                      |
|Target CL                               |0.326                         |
|Previous AOA                            |1.23948                       |
|Changed AoA by                          |-1.45599e-05                  |
+-----------------------------------------------------------------------+
+----------------------------------------------------------------+
|  Inner_Iter|    rms[Rho]|   rms[RhoE]|          CL|          CD|
+----------------------------------------------------------------+
|         352|   -7.648560|   -7.041959|    0.326003|    0.021291|
|         353|   -7.945523|   -7.335012|    0.326003|    0.021291|
|         354|   -8.186750|   -7.593331|    0.326003|    0.021291|
|         355|   -8.383180|   -7.773547|    0.326002|    0.021291|
|         356|   -8.542012|   -7.944399|    0.326001|    0.021291|
|         357|   -8.633786|   -8.037603|    0.326001|    0.021291|
|         358|   -8.765305|   -8.166484|    0.326001|    0.021291|
|         359|   -8.801705|   -8.200639|    0.326001|    0.021291|
|         360|   -8.856907|   -8.253884|    0.326001|    0.021291|
|         361|   -8.971392|   -8.374579|    0.326001|    0.021291|
|         362|   -9.042608|   -8.456194|    0.326001|    0.021291|
|         363|   -9.055271|   -8.471005|    0.326001|    0.021291|
|         364|   -9.079997|   -8.501466|    0.326001|    0.021291|
|         365|   -9.102441|   -8.535684|    0.326001|    0.021291|
|         366|   -9.096707|   -8.537943|    0.326001|    0.021291|
|         367|   -9.081192|   -8.525028|    0.326001|    0.021291|
|         368|   -9.068456|   -8.512990|    0.326000|    0.021291|
|         369|   -9.059919|   -8.504643|    0.326000|    0.021291|
|         370|   -9.056543|   -8.501206|    0.326000|    0.021291|
|         371|   -9.058768|   -8.503071|    0.326000|    0.021291|
|         372|   -9.065941|   -8.509503|    0.326000|    0.021291|
|         373|   -9.077362|   -8.519845|    0.326000|    0.021291|
|         374|   -9.092720|   -8.533980|    0.326000|    0.021291|
|         375|   -9.111799|   -8.551871|    0.326000|    0.021291|
|         376|   -9.134223|   -8.573190|    0.326000|    0.021291|
|         377|   -9.159499|   -8.597427|    0.326000|    0.021291|
|         378|   -9.187141|   -8.624098|    0.326000|    0.021291|
|         379|   -9.216710|   -8.652798|    0.326000|    0.021291|
|         380|   -9.247795|   -8.683161|    0.326000|    0.021291|
|         381|   -9.279967|   -8.714790|    0.326000|    0.021291|
|         382|   -9.312763|   -8.747228|    0.326000|    0.021291|
|         383|   -9.345695|   -8.779979|    0.326000|    0.021291|
|         384|   -9.378293|   -8.812558|    0.326000|    0.021291|
|         385|   -9.410113|   -8.844506|    0.326000|    0.021291|
|         386|   -9.440741|   -8.875396|    0.326000|    0.021291|
|         387|   -9.469796|   -8.904832|    0.326000|    0.021291|
|         388|   -9.496949|   -8.932470|    0.326000|    0.021291|
|         389|   -9.521935|   -8.958034|    0.326000|    0.021291|
|         390|   -9.544570|   -8.981326|    0.326000|    0.021291|
|         391|   -9.564753|   -9.002222|    0.326000|    0.021291|
|         392|   -9.582468|   -9.020678|    0.326000|    0.021291|
|         393|   -9.597779|   -9.036720|    0.326000|    0.021291|
|         394|   -9.610836|   -9.050462|    0.326000|    0.021291|
|         395|   -9.621876|   -9.062104|    0.326000|    0.021291|
|         396|   -9.631216|   -9.071944|    0.326000|    0.021291|
|         397|   -9.639248|   -9.080359|    0.326000|    0.021291|
|         398|   -9.646405|   -9.087785|    0.326000|    0.021291|
|         399|   -9.653144|   -9.094688|    0.326000|    0.021291|
|         400|   -9.659910|   -9.101529|    0.326000|    0.021291|
|         401|   -9.667122|   -9.108742|    0.326000|    0.021291|
|         402|   -9.675150|   -9.116714|    0.326000|    0.021291|
|         403|   -9.684314|   -9.125775|    0.326000|    0.021291|
|         404|   -9.694871|   -9.136194|    0.326000|    0.021291|
|         405|   -9.707024|   -9.148177|    0.325999|    0.021291|
|         406|   -9.720918|   -9.161876|    0.325999|    0.021291|
|         407|   -9.736650|   -9.177386|    0.325999|    0.021291|
|         408|   -9.754267|   -9.194756|    0.325999|    0.021291|
|         409|   -9.773774|   -9.213993|    0.325999|    0.021291|
|         410|   -9.795142|   -9.235065|    0.325999|    0.021291|
|         411|   -9.818304|   -9.257909|    0.325999|    0.021291|
|         412|   -9.843167|   -9.282434|    0.325999|    0.021291|
|         413|   -9.869612|   -9.308526|    0.325999|    0.021291|
|         414|   -9.897498|   -9.336050|    0.325999|    0.021291|
|         415|   -9.926667|   -9.364859|    0.325999|    0.021291|
|         416|   -9.956949|   -9.394795|    0.325999|    0.021291|
|         417|   -9.988168|   -9.425697|    0.325999|    0.021291|
|         418|  -10.020148|   -9.457405|    0.325999|    0.021291|
|         419|  -10.052717|   -9.489764|    0.325999|    0.021291|
|         420|  -10.085710|   -9.522628|    0.325999|    0.021291|
|         421|  -10.118977|   -9.555860|    0.325999|    0.021291|
|         422|  -10.152382|   -9.589335|    0.325999|    0.021291|
|         423|  -10.185806|   -9.622938|    0.325999|    0.021291|
|         424|  -10.219148|   -9.656567|    0.325999|    0.021291|
|         425|  -10.252326|   -9.690130|    0.325999|    0.021291|
|         426|  -10.285282|   -9.723549|    0.325999|    0.021291|
|         427|  -10.317980|   -9.756764|    0.325999|    0.021291|
|         428|  -10.350413|   -9.789740|    0.325999|    0.021291|
|         429|  -10.382603|   -9.822466|    0.325999|    0.021291|
|         430|  -10.414593|   -9.854959|    0.325999|    0.021291|
|         431|  -10.446442|   -9.887257|    0.325999|    0.021291|
|         432|  -10.478207|   -9.919404|    0.325999|    0.021291|
|         433|  -10.509928|   -9.951439|    0.325999|    0.021291|
|         434|  -10.541600|   -9.983371|    0.325999|    0.021291|
|         435|  -10.573146|  -10.015148|    0.325999|    0.021291|
|         436|  -10.604389|  -10.046629|    0.325999|    0.021291|
|         437|  -10.635023|  -10.077550|    0.325999|    0.021291|
|         438|  -10.664594|  -10.107497|    0.325999|    0.021291|
|         439|  -10.692508|  -10.135908|    0.325999|    0.021291|
|         440|  -10.718070|  -10.162095|    0.325999|    0.021291|
|         441|  -10.740572|  -10.185325|    0.325999|    0.021291|
|         442|  -10.759419|  -10.204942|    0.325999|    0.021291|
|         443|  -10.774272|  -10.220515|    0.325999|    0.021291|
|         444|  -10.785132|  -10.231957|    0.325999|    0.021291|
|         445|  -10.792360|  -10.239559|    0.325999|    0.021291|
|         446|  -10.796591|  -10.243931|    0.325999|    0.021291|
|         447|  -10.798608|  -10.245868|    0.325999|    0.021291|
|         448|  -10.799209|  -10.246200|    0.325999|    0.021291|
|         449|  -10.799106|  -10.245685|    0.325999|    0.021291|
|         450|  -10.798871|  -10.244941|    0.325999|    0.021291|
|         451|  -10.798922|  -10.244426|    0.325999|    0.021291|
+-----------------------------------------------------------------------+
|Fixed CL Mode                           |Value                         |
+-----------------------------------------------------------------------+
|Current CL                              |0.325999                      |
|Target CL                               |0.326                         |
|Previous AOA                            |1.23947                       |
|Changed AoA by                          |2.69779e-06                   |
+-----------------------------------------------------------------------+
+----------------------------------------------------------------+
|  Inner_Iter|    rms[Rho]|   rms[RhoE]|          CL|          CD|
+----------------------------------------------------------------+
|         452|   -8.381067|   -7.774344|    0.325999|    0.021291|
|         453|   -8.678276|   -8.067743|    0.325999|    0.021291|
|         454|   -8.921441|   -8.327840|    0.326000|    0.021291|
|         455|   -9.120016|   -8.509341|    0.326000|    0.021291|
|         456|   -9.283376|   -8.684043|    0.326000|    0.021291|
|         457|   -9.377979|   -8.779917|    0.326000|    0.021291|
|         458|   -9.511472|   -8.910737|    0.326000|    0.021291|
|         459|   -9.538902|   -8.937715|    0.326000|    0.021291|
|         460|   -9.581526|   -8.980976|    0.326000|    0.021291|
|         461|   -9.670643|   -9.080694|    0.326000|    0.021291|
|         462|   -9.709232|   -9.132342|    0.326000|    0.021291|
|         463|   -9.702580|   -9.128971|    0.326000|    0.021291|
|         464|   -9.707066|   -9.138519|    0.326000|    0.021291|
|         465|   -9.711768|   -9.150459|    0.326000|    0.021291|
|         466|   -9.703883|   -9.146234|    0.326000|    0.021291|
|         467|   -9.694410|   -9.137524|    0.326000|    0.021291|
|         468|   -9.689151|   -9.132277|    0.326000|    0.021291|
|         469|   -9.688175|   -9.131167|    0.326000|    0.021291|
|         470|   -9.691745|   -9.134465|    0.326000|    0.021291|
|         471|   -9.699985|   -9.142215|    0.326000|    0.021291|
|         472|   -9.712384|   -9.153854|    0.326000|    0.021291|
|         473|   -9.728423|   -9.168905|    0.326000|    0.021291|
|         474|   -9.747860|   -9.187267|    0.326000|    0.021291|
|         475|   -9.770522|   -9.208888|    0.326000|    0.021291|
|         476|   -9.796111|   -9.233504|    0.326000|    0.021291|
|         477|   -9.824245|   -9.260710|    0.326000|    0.021291|
|         478|   -9.854556|   -9.290138|    0.326000|    0.021291|
|         479|   -9.886734|   -9.321502|    0.326000|    0.021291|
|         480|   -9.920503|   -9.354567|    0.326000|    0.021291|
|         481|   -9.955583|   -9.389086|    0.326000|    0.021291|
|         482|   -9.991662|   -9.424755|    0.326000|    0.021291|
|         483|  -10.028401|   -9.461230|    0.326000|    0.021291|
|         484|  -10.065459|   -9.498164|    0.326000|    0.021291|
|         485|  -10.102498|   -9.535208|    0.326000|    0.021291|
|         486|  -10.139176|   -9.572010|    0.326000|    0.021291|
|         487|  -10.175135|   -9.608204|    0.326000|    0.021291|
|         488|  -10.210018|   -9.643423|    0.326000|    0.021291|
|         489|  -10.243484|   -9.677318|    0.326000|    0.021291|
|         490|  -10.275221|   -9.709572|    0.326000|    0.021291|
|         491|  -10.304969|   -9.739913|    0.326000|    0.021291|
|         492|  -10.332520|   -9.768119|    0.326000|    0.021291|
|         493|  -10.357735|   -9.794029|    0.326000|    0.021291|
|         494|  -10.380555|   -9.817551|    0.326000|    0.021291|
|         495|  -10.401015|   -9.838693|    0.326000|    0.021291|
|         496|  -10.419261|   -9.857569|    0.326000|    0.021291|
|         497|  -10.435551|   -9.874417|    0.326000|    0.021291|
|         498|  -10.450247|   -9.889585|    0.326000|    0.021291|
|         499|  -10.463788|   -9.903511|    0.326000|    0.021291|
|         500|  -10.476665|   -9.916687|    0.326000|    0.021291|
+-----------------------------------------------------------------------+
|        File Writing Summary       |              Filename             |
+-----------------------------------------------------------------------+
|SU2 binary restart                 |restart_flow.dat                   |
Writing Flow Meta-Data file: flow.meta
|Paraview                           |flow.vtu                           |
Writing Flow Meta-Data file: flow.meta
|Paraview surface                   |surface_flow.vtu                   |
Writing Flow Meta-Data file: flow.meta
|CSV file                           |surface_flow.csv                   |
Writing Flow Meta-Data file: flow.meta
+-----------------------------------------------------------------------+
+----------------------------------------------------------------+
|  Inner_Iter|    rms[Rho]|   rms[RhoE]|          CL|          CD|
+----------------------------------------------------------------+
|         501|  -10.489385|   -9.929631|    0.326000|    0.021291|
|         502|  -10.502442|   -9.942847|    0.326000|    0.021291|
|         503|  -10.516297|   -9.956803|    0.326000|    0.021291|
|         504|  -10.531359|   -9.971918|    0.326000|    0.021291|
|         505|  -10.547981|   -9.988547|    0.326000|    0.021291|
|         506|  -10.566449|  -10.006978|    0.326000|    0.021291|
|         507|  -10.586983|  -10.027435|    0.326000|    0.021291|
|         508|  -10.609739|  -10.050073|    0.326000|    0.021291|
|         509|  -10.634806|  -10.074983|    0.326000|    0.021291|
|         510|  -10.662203|  -10.102188|    0.326000|    0.021291|
|         511|  -10.691885|  -10.131647|    0.326000|    0.021291|
|         512|  -10.723733|  -10.163252|    0.326000|    0.021291|
|         513|  -10.757554|  -10.196825|    0.326000|    0.021291|
|         514|  -10.793075|  -10.232112|    0.326000|    0.021291|
|         515|  -10.829937|  -10.268783|    0.326000|    0.021291|
|         516|  -10.867691|  -10.306423|    0.326000|    0.021291|
|         517|  -10.905799|  -10.344541|    0.326000|    0.021291|
|         518|  -10.943655|  -10.382573|    0.326000|    0.021291|
|         519|  -10.980606|  -10.419916|    0.326000|    0.021291|
|         520|  -11.016010|  -10.455960|    0.326000|    0.021291|
|         521|  -11.049286|  -10.490135|    0.326000|    0.021291|
|         522|  -11.079981|  -10.521962|    0.326000|    0.021291|
|         523|  -11.107807|  -10.551092|    0.326000|    0.021291|
|         524|  -11.132659|  -10.577323|    0.326000|    0.021291|
|         525|  -11.154600|  -10.600598|    0.326000|    0.021291|
|         526|  -11.173814|  -10.620988|    0.326000|    0.021291|
|         527|  -11.190561|  -10.638659|    0.326000|    0.021291|
|         528|  -11.205133|  -10.653844|    0.326000|    0.021291|
|         529|  -11.217812|  -10.666809|    0.326000|    0.021291|
|         530|  -11.228851|  -10.677828|    0.326000|    0.021291|
|         531|  -11.238458|  -10.687156|    0.326000|    0.021291|
|         532|  -11.246800|  -10.695025|    0.326000|    0.021291|
|         533|  -11.254010|  -10.701639|    0.326000|    0.021291|
|         534|  -11.260194|  -10.707173|    0.326000|    0.021291|
|         535|  -11.265444|  -10.711784|    0.326000|    0.021291|
|         536|  -11.269848|  -10.715604|    0.326000|    0.021291|
|         537|  -11.273495|  -10.718754|    0.326000|    0.021291|
|         538|  -11.276490|  -10.721348|    0.326000|    0.021291|
|         539|  -11.278955|  -10.723506|    0.326000|    0.021291|
|         540|  -11.281034|  -10.725355|    0.326000|    0.021291|
|         541|  -11.282893|  -10.727039|    0.326000|    0.021291|
|         542|  -11.284711|  -10.728714|    0.326000|    0.021291|
|         543|  -11.286680|  -10.730547|    0.326000|    0.021291|
|         544|  -11.288986|  -10.732705|    0.326000|    0.021291|
|         545|  -11.291809|  -10.735354|    0.326000|    0.021291|
|         546|  -11.295307|  -10.738642|    0.326000|    0.021291|
|         547|  -11.299612|  -10.742700|    0.326000|    0.021291|
|         548|  -11.304826|  -10.747630|    0.326000|    0.021291|
|         549|  -11.311017|  -10.753506|    0.326000|    0.021291|
|         550|  -11.318220|  -10.760370|    0.326000|    0.021291|
|         551|  -11.326436|  -10.768233|    0.326000|    0.021291|
|         552|  -11.335638|  -10.777075|    0.326000|    0.021291|
|         553|  -11.345773|  -10.786854|    0.326000|    0.021291|
|         554|  -11.356765|  -10.797503|    0.326000|    0.021291|
|         555|  -11.368525|  -10.808938|    0.326000|    0.021291|
|         556|  -11.380949|  -10.821064|    0.326000|    0.021291|
|         557|  -11.393932|  -10.833779|    0.326000|    0.021291|
|         558|  -11.407367|  -10.846980|    0.326000|    0.021291|
|         559|  -11.421153|  -10.860566|    0.326000|    0.021291|
|         560|  -11.435198|  -10.874447|    0.326000|    0.021291|
|         561|  -11.449426|  -10.888544|    0.326000|    0.021291|
|         562|  -11.463776|  -10.902794|    0.326000|    0.021291|
|         563|  -11.478207|  -10.917154|    0.326000|    0.021291|
|         564|  -11.492700|  -10.931597|    0.326000|    0.021291|
|         565|  -11.507256|  -10.946120|    0.326000|    0.021291|
|         566|  -11.521896|  -10.960739|    0.326000|    0.021291|
|         567|  -11.536661|  -10.975488|    0.326000|    0.021291|
|         568|  -11.551609|  -10.990420|    0.326000|    0.021291|
|         569|  -11.566809|  -11.005598|    0.326000|    0.021291|
|         570|  -11.582344|  -11.021099|    0.326000|    0.021291|
|         571|  -11.598301|  -11.037009|    0.326000|    0.021291|
|         572|  -11.614774|  -11.053415|    0.326000|    0.021291|
|         573|  -11.631854|  -11.070408|    0.326000|    0.021291|
|         574|  -11.649631|  -11.088073|    0.326000|    0.021291|
|         575|  -11.668185|  -11.106493|    0.326000|    0.021291|
|         576|  -11.687592|  -11.125742|    0.326000|    0.021291|
|         577|  -11.707917|  -11.145885|    0.326000|    0.021291|
|         578|  -11.729211|  -11.166976|    0.326000|    0.021291|
|         579|  -11.751516|  -11.189056|    0.326000|    0.021291|
|         580|  -11.774859|  -11.212156|    0.326000|    0.021291|
|         581|  -11.799254|  -11.236293|    0.326000|    0.021291|
|         582|  -11.824705|  -11.261473|    0.326000|    0.021291|
|         583|  -11.851201|  -11.287687|    0.326000|    0.021291|
|         584|  -11.878726|  -11.314922|    0.326000|    0.021291|
|         585|  -11.907250|  -11.343153|    0.326000|    0.021291|
|         586|  -11.936739|  -11.372347|    0.326000|    0.021291|
|         587|  -11.967155|  -11.402470|    0.326000|    0.021291|
|         588|  -11.998457|  -11.433483|    0.326000|    0.021291|
|         589|  -12.030603|  -11.465347|    0.326000|    0.021291|
|         590|  -12.063559|  -11.498028|    0.326000|    0.021291|
|         591|  -12.097291|  -11.531496|    0.326000|    0.021291|
|         592|  -12.131775|  -11.565726|    0.326000|    0.021291|
|         593|  -12.167005|  -11.600712|    0.326000|    0.021291|
|         594|  -12.202978|  -11.636449|    0.326000|    0.021291|
|         595|  -12.239711|  -11.672954|    0.326000|    0.021291|
|         596|  -12.277233|  -11.710253|    0.326000|    0.021291|
|         597|  -12.315596|  -11.748393|    0.326000|    0.021291|
|         598|  -12.354858|  -11.787427|    0.326000|    0.021291|
|         599|  -12.395097|  -11.827432|    0.326000|    0.021291|
|         600|  -12.436405|  -11.868490|    0.326000|    0.021291|
|         601|  -12.478883|  -11.910702|    0.326000|    0.021291|
|         602|  -12.522640|  -11.954173|    0.326000|    0.021291|
|         603|  -12.567793|  -11.999016|    0.326000|    0.021291|
|         604|  -12.614443|  -12.045336|    0.326000|    0.021291|
|         605|  -12.662653|  -12.093198|    0.326000|    0.021291|
|         606|  -12.712387|  -12.142592|    0.326000|    0.021291|
|         607|  -12.763413|  -12.193331|    0.326000|    0.021291|
|         608|  -12.815130|  -12.244889|    0.326000|    0.021291|
|         609|  -12.866382|  -12.296254|    0.326000|    0.021291|
|         610|  -12.915148|  -12.345610|    0.326000|    0.021291|
|         611|  -12.958428|  -12.390204|    0.326000|    0.021291|
|         612|  -12.992578|  -12.426505|    0.326000|    0.021291|
|         613|  -13.014327|  -12.451123|    0.326000|    0.021291|
+-----------------------------------------------------------------------+
|      Convergence Field     |     Value    |   Criterion  |  Converged |
+-----------------------------------------------------------------------+
|                    rms[Rho]|      -13.0143|         < -13|         Yes|
+-----------------------------------------------------------------------+
+-----------------------------------------------------------------------+
|        File Writing Summary       |              Filename             |
+-----------------------------------------------------------------------+
|SU2 binary restart                 |restart_flow.dat                   |
Writing Flow Meta-Data file: flow.meta
|Paraview                           |flow.vtu                           |
Writing Flow Meta-Data file: flow.meta
|Paraview surface                   |surface_flow.vtu                   |
Writing Flow Meta-Data file: flow.meta
|CSV file                           |surface_flow.csv                   |
Writing Flow Meta-Data file: flow.meta
+-----------------------------------------------------------------------+
+----------------------------------------------------------------+
|  Inner_Iter|    rms[Rho]|   rms[RhoE]|          CL|          CD|
+----------------------------------------------------------------+
|         614|  -13.022329|  -12.462202|    0.326000|    0.021297|
+-----------------------------------------------------------------------+
|Fixed CL Mode                           |Value                         |
+-----------------------------------------------------------------------+
|Current CL                              |0.326                         |
|Target CL                               |0.326                         |
|Previous AOA                            |1.23947                       |
|Changed AoA by (Finite Difference step) |0.001                         |
+-----------------------------------------------------------------------+
+----------------------------------------------------------------+
|  Inner_Iter|    rms[Rho]|   rms[RhoE]|          CL|          CD|
+----------------------------------------------------------------+
|         615|   -5.812059|   -5.205343|    0.326000|    0.021297|
|         616|   -6.109357|   -5.498801|    0.326007|    0.021297|
|         617|   -6.352553|   -5.758928|    0.326036|    0.021298|
|         618|   -6.551243|   -5.940525|    0.326079|    0.021299|
|         619|   -6.714699|   -6.115312|    0.326117|    0.021300|
|         620|   -6.809717|   -6.211528|    0.326139|    0.021301|
|         621|   -6.944781|   -6.343629|    0.326145|    0.021301|
|         622|   -6.973745|   -6.371842|    0.326145|    0.021302|
|         623|   -7.018720|   -6.416997|    0.326150|    0.021303|
|         624|   -7.113510|   -6.521747|    0.326158|    0.021303|
|         625|   -7.157495|   -6.578838|    0.326165|    0.021304|
|         626|   -7.152924|   -6.577572|    0.326172|    0.021305|
|         627|   -7.160109|   -6.590060|    0.326177|    0.021305|
|         628|   -7.167437|   -6.605333|    0.326182|    0.021306|
|         629|   -7.160243|   -6.602316|    0.326186|    0.021306|
|         630|   -7.150644|   -6.593651|    0.326189|    0.021306|
|         631|   -7.145276|   -6.588348|    0.326192|    0.021307|
|         632|   -7.144264|   -6.587240|    0.326195|    0.021307|
|         633|   -7.147916|   -6.590654|    0.326197|    0.021307|
|         634|   -7.156399|   -6.598665|    0.326200|    0.021308|
|         635|   -7.169182|   -6.610679|    0.326202|    0.021308|
|         636|   -7.185720|   -6.626190|    0.326204|    0.021308|
|         637|   -7.205773|   -6.645116|    0.326206|    0.021308|
|         638|   -7.229182|   -6.667434|    0.326208|    0.021308|
|         639|   -7.255650|   -6.692881|    0.326210|    0.021308|
|         640|   -7.284781|   -6.721036|    0.326212|    0.021308|
|         641|   -7.316195|   -6.751514|    0.326214|    0.021308|
|         642|   -7.349569|   -6.784023|    0.326216|    0.021308|
|         643|   -7.384624|   -6.818329|    0.326218|    0.021308|
|         644|   -7.421073|   -6.854180|    0.326220|    0.021308|
|         645|   -7.458592|   -6.891264|    0.326222|    0.021308|
|         646|   -7.496821|   -6.929220|    0.326223|    0.021308|
|         647|   -7.535393|   -6.967672|    0.326225|    0.021308|
|         648|   -7.573944|   -7.006246|    0.326227|    0.021308|
|         649|   -7.612095|   -7.044555|    0.326228|    0.021308|
|         650|   -7.649451|   -7.082192|    0.326230|    0.021308|
|         651|   -7.685611|   -7.118745|    0.326231|    0.021308|
|         652|   -7.720189|   -7.153822|    0.326233|    0.021308|
|         653|   -7.752834|   -7.187064|    0.326234|    0.021309|
|         654|   -7.783244|   -7.218159|    0.326235|    0.021309|
|         655|   -7.811184|   -7.246852|    0.326236|    0.021309|
|         656|   -7.836492|   -7.272953|    0.326237|    0.021309|
|         657|   -7.859094|   -7.296354|    0.326237|    0.021309|
|         658|   -7.879028|   -7.317055|    0.326238|    0.021309|
|         659|   -7.896456|   -7.335183|    0.326239|    0.021309|
|         660|   -7.911669|   -7.351008|    0.326239|    0.021309|
|         661|   -7.925078|   -7.364926|    0.326240|    0.021309|
|         662|   -7.937178|   -7.377433|    0.326240|    0.021309|
|         663|   -7.948518|   -7.389086|    0.326241|    0.021309|
|         664|   -7.959661|   -7.400460|    0.326241|    0.021309|
|         665|   -7.971147|   -7.412110|    0.326242|    0.021309|
|         666|   -7.983475|   -7.424545|    0.326242|    0.021309|
|         667|   -7.997081|   -7.438209|    0.326242|    0.021309|
|         668|   -8.012332|   -7.453474|    0.326242|    0.021309|
|         669|   -8.029522|   -7.470637|    0.326243|    0.021309|
|         670|   -8.048875|   -7.489921|    0.326243|    0.021309|
|         671|   -8.070539|   -7.511476|    0.326243|    0.021309|
|         672|   -8.094592|   -7.535382|    0.326243|    0.021309|
|         673|   -8.121043|   -7.561647|    0.326243|    0.021309|
|         674|   -8.149826|   -7.590212|    0.326243|    0.021309|
|         675|   -8.180804|   -7.620951|    0.326243|    0.021309|
|         676|   -8.213761|   -7.653662|    0.326243|    0.021309|
|         677|   -8.248403|   -7.688070|    0.326243|    0.021309|
|         678|   -8.284346|   -7.723822|    0.326243|    0.021309|
|         679|   -8.321123|   -7.760485|    0.326243|    0.021309|
|         680|   -8.358183|   -7.797552|    0.326243|    0.021309|
|         681|   -8.394917|   -7.834462|    0.326243|    0.021309|
|         682|   -8.430692|   -7.870626|    0.326242|    0.021309|
|         683|   -8.464903|   -7.905471|    0.326242|    0.021309|
|         684|   -8.497032|   -7.938483|    0.326242|    0.021309|
|         685|   -8.526696|   -7.969255|    0.326242|    0.021309|
|         686|   -8.553684|   -7.997513|    0.326242|    0.021309|
|         687|   -8.577957|   -8.023122|    0.326241|    0.021309|
|         688|   -8.599622|   -8.046078|    0.326241|    0.021309|
|         689|   -8.618883|   -8.066475|    0.326241|    0.021309|
|         690|   -8.635997|   -8.084481|    0.326241|    0.021309|
|         691|   -8.651231|   -8.100307|    0.326241|    0.021309|
|         692|   -8.664831|   -8.114181|    0.326240|    0.021309|
|         693|   -8.677003|   -8.126326|    0.326240|    0.021309|
|         694|   -8.687921|   -8.136958|    0.326240|    0.021309|
|         695|   -8.697712|   -8.146264|    0.326240|    0.021309|
|         696|   -8.706467|   -8.154406|    0.326240|    0.021309|
|         697|   -8.714258|   -8.161526|    0.326239|    0.021309|
|         698|   -8.721144|   -8.167746|    0.326239|    0.021309|
|         699|   -8.727177|   -8.173170|    0.326239|    0.021309|
|         700|   -8.732414|   -8.177886|    0.326239|    0.021309|
|         701|   -8.736928|   -8.181982|    0.326239|    0.021309|
|         702|   -8.740810|   -8.185548|    0.326239|    0.021309|
|         703|   -8.744181|   -8.188690|    0.326238|    0.021309|
|         704|   -8.747191|   -8.191534|    0.326238|    0.021309|
|         705|   -8.750013|   -8.194225|    0.326238|    0.021309|
|         706|   -8.752835|   -8.196928|    0.326238|    0.021309|
|         707|   -8.755856|   -8.199816|    0.326238|    0.021309|
|         708|   -8.759266|   -8.203065|    0.326238|    0.021309|
|         709|   -8.763244|   -8.206841|    0.326237|    0.021309|
|         710|   -8.767941|   -8.211294|    0.326237|    0.021309|
|         711|   -8.773479|   -8.216545|    0.326237|    0.021309|
|         712|   -8.779945|   -8.222688|    0.326237|    0.021309|
|         713|   -8.787388|   -8.229781|    0.326237|    0.021309|
|         714|   -8.795825|   -8.237848|    0.326237|    0.021309|
|         715|   -8.805236|   -8.246883|    0.326237|    0.021309|
|         716|   -8.815576|   -8.256848|    0.326236|    0.021309|
|         717|   -8.826771|   -8.267682|    0.326236|    0.021309|
|         718|   -8.838732|   -8.279302|    0.326236|    0.021309|
|         719|   -8.851358|   -8.291614|    0.326236|    0.021309|
|         720|   -8.864539|   -8.304513|    0.326236|    0.021309|
|         721|   -8.878163|   -8.317891|    0.326236|    0.021309|
|         722|   -8.892122|   -8.331642|    0.326236|    0.021309|
|         723|   -8.906321|   -8.345671|    0.326236|    0.021309|
|         724|   -8.920676|   -8.359892|    0.326236|    0.021309|
|         725|   -8.935123|   -8.374238|    0.326236|    0.021309|
|         726|   -8.949617|   -8.388661|    0.326235|    0.021309|
|         727|   -8.964134|   -8.403130|    0.326235|    0.021309|
|         728|   -8.978674|   -8.417641|    0.326235|    0.021309|
|         729|   -8.993258|   -8.432209|    0.326235|    0.021309|
|         730|   -9.007929|   -8.446869|    0.326235|    0.021309|
|         731|   -9.022747|   -8.461675|    0.326235|    0.021309|
|         732|   -9.037786|   -8.476697|    0.326235|    0.021309|
|         733|   -9.053135|   -8.492017|    0.326235|    0.021309|
|         734|   -9.068890|   -8.507727|    0.326235|    0.021309|
|         735|   -9.085148|   -8.523920|    0.326235|    0.021309|
|         736|   -9.102009|   -8.540695|    0.326235|    0.021309|
|         737|   -9.119571|   -8.558145|    0.326235|    0.021309|
|         738|   -9.137923|   -8.576361|    0.326235|    0.021309|
|         739|   -9.157146|   -8.595422|    0.326235|    0.021309|
|         740|   -9.177310|   -8.615399|    0.326235|    0.021309|
|         741|   -9.198473|   -8.636351|    0.326235|    0.021309|
|         742|   -9.220678|   -8.658323|    0.326235|    0.021309|
|         743|   -9.243955|   -8.681348|    0.326235|    0.021309|
|         744|   -9.268320|   -8.705445|    0.326235|    0.021309|
|         745|   -9.293777|   -8.730618|    0.326235|    0.021309|
|         746|   -9.320314|   -8.756862|    0.326235|    0.021309|
|         747|   -9.347910|   -8.784157|    0.326235|    0.021309|
|         748|   -9.376535|   -8.812476|    0.326235|    0.021309|
|         749|   -9.406150|   -8.841784|    0.326235|    0.021309|
|         750|   -9.436711|   -8.872039|    0.326235|    0.021309|
|         751|   -9.468169|   -8.903197|    0.326234|    0.021309|
|         752|   -9.500477|   -8.935213|    0.326234|    0.021309|
|         753|   -9.533592|   -8.968046|    0.326234|    0.021309|
|         754|   -9.567475|   -9.001658|    0.326234|    0.021309|
|         755|   -9.602097|   -9.036022|    0.326234|    0.021309|
|         756|   -9.637439|   -9.071119|    0.326234|    0.021309|
|         757|   -9.673496|   -9.106942|    0.326234|    0.021309|
|         758|   -9.710278|   -9.143501|    0.326234|    0.021309|
|         759|   -9.747812|   -9.180819|    0.326234|    0.021309|
|         760|   -9.786142|   -9.218937|    0.326234|    0.021309|
|         761|   -9.825329|   -9.257911|    0.326234|    0.021309|
|         762|   -9.865447|   -9.297810|    0.326234|    0.021309|
|         763|   -9.906588|   -9.338722|    0.326234|    0.021309|
|         764|   -9.948856|   -9.380745|    0.326234|    0.021309|
|         765|   -9.992365|   -9.423991|    0.326234|    0.021309|
|         766|  -10.037236|   -9.468576|    0.326234|    0.021309|
|         767|  -10.083579|   -9.514613|    0.326234|    0.021309|
|         768|  -10.131469|   -9.562181|    0.326234|    0.021309|
|         769|  -10.180889|   -9.611285|    0.326234|    0.021309|
|         770|  -10.231638|   -9.661762|    0.326234|    0.021309|
|         771|  -10.283179|   -9.713156|    0.326234|    0.021309|
|         772|  -10.334425|   -9.764514|    0.326235|    0.021309|
|         773|  -10.383480|   -9.814136|    0.326235|    0.021309|
|         774|  -10.427474|   -9.859385|    0.326235|    0.021309|
|         775|  -10.462810|   -9.896809|    0.326235|    0.021309|
|         776|  -10.486130|   -9.922939|    0.326235|    0.021309|
|         777|  -10.495821|   -9.935705|    0.326235|    0.021309|
|         778|  -10.492938|   -9.935565|    0.326235|    0.021309|
|         779|  -10.480649|   -9.925288|    0.326235|    0.021309|
|         780|  -10.462751|   -9.908602|    0.326235|    0.021309|
|         781|  -10.442491|   -9.888894|    0.326235|    0.021309|
|         782|  -10.422144|   -9.868635|    0.326235|    0.021309|
|         783|  -10.403097|   -9.849380|    0.326235|    0.021309|
|         784|  -10.386091|   -9.831991|    0.326235|    0.021309|
|         785|  -10.371446|   -9.816869|    0.326235|    0.021309|
|         786|  -10.359230|   -9.804135|    0.326235|    0.021309|
|         787|  -10.349367|   -9.793745|    0.326235|    0.021309|
|         788|  -10.341702|   -9.785566|    0.326235|    0.021309|
|         789|  -10.336047|   -9.779421|    0.326235|    0.021309|
|         790|  -10.332200|   -9.775117|    0.326235|    0.021309|
|         791|  -10.329962|   -9.772459|    0.326235|    0.021309|
|         792|  -10.329145|   -9.771261|    0.326235|    0.021309|
|         793|  -10.329578|   -9.771351|    0.326235|    0.021309|
|         794|  -10.331107|   -9.772576|    0.326235|    0.021309|
|         795|  -10.333600|   -9.774802|    0.326235|    0.021309|
|         796|  -10.336947|   -9.777915|    0.326235|    0.021309|
|         797|  -10.341055|   -9.781820|    0.326235|    0.021309|
|         798|  -10.345853|   -9.786442|    0.326235|    0.021309|
|         799|  -10.351286|   -9.791722|    0.326235|    0.021309|
|         800|  -10.357316|   -9.797617|    0.326235|    0.021309|
|         801|  -10.363917|   -9.804098|    0.326235|    0.021309|
|         802|  -10.371075|   -9.811148|    0.326235|    0.021309|
|         803|  -10.378787|   -9.818759|    0.326235|    0.021309|
|         804|  -10.387055|   -9.826930|    0.326235|    0.021309|
|         805|  -10.395887|   -9.835666|    0.326235|    0.021309|
|         806|  -10.405292|   -9.844975|    0.326235|    0.021309|
|         807|  -10.415283|   -9.854868|    0.326235|    0.021309|
|         808|  -10.425872|   -9.865354|    0.326235|    0.021309|
|         809|  -10.437068|   -9.876443|    0.326235|    0.021309|
|         810|  -10.448879|   -9.888143|    0.326235|    0.021309|
|         811|  -10.461311|   -9.900458|    0.326235|    0.021309|
|         812|  -10.474365|   -9.913392|    0.326235|    0.021309|
|         813|  -10.488039|   -9.926941|    0.326235|    0.021309|
|         814|  -10.502327|   -9.941102|    0.326235|    0.021309|
|         815|  -10.517221|   -9.955866|    0.326235|    0.021309|
|         816|  -10.532707|   -9.971222|    0.326235|    0.021309|
|         817|  -10.548772|   -9.987156|    0.326235|    0.021309|
|         818|  -10.565398|  -10.003653|    0.326235|    0.021309|
|         819|  -10.582567|  -10.020695|    0.326235|    0.021309|
|         820|  -10.600260|  -10.038263|    0.326235|    0.021309|
|         821|  -10.618458|  -10.056341|    0.326235|    0.021309|
|         822|  -10.637143|  -10.074910|    0.326235|    0.021309|
|         823|  -10.656300|  -10.093955|    0.326235|    0.021309|
|         824|  -10.675913|  -10.113461|    0.326235|    0.021309|
|         825|  -10.695971|  -10.133417|    0.326235|    0.021309|
|         826|  -10.716468|  -10.153815|    0.326235|    0.021309|
|         827|  -10.737399|  -10.174651|    0.326235|    0.021309|
|         828|  -10.758764|  -10.195924|    0.326235|    0.021309|
|         829|  -10.780568|  -10.217638|    0.326235|    0.021309|
|         830|  -10.802820|  -10.239801|    0.326235|    0.021309|
|         831|  -10.825532|  -10.262424|    0.326235|    0.021309|
|         832|  -10.848722|  -10.285524|    0.326235|    0.021309|
|         833|  -10.872411|  -10.309120|    0.326235|    0.021309|
|         834|  -10.896622|  -10.333234|    0.326235|    0.021309|
|         835|  -10.921382|  -10.357893|    0.326235|    0.021309|
|         836|  -10.946720|  -10.383124|    0.326235|    0.021309|
|         837|  -10.972667|  -10.408958|    0.326235|    0.021309|
|         838|  -10.999255|  -10.435426|    0.326235|    0.021309|
|         839|  -11.026519|  -10.462561|    0.326235|    0.021309|
|         840|  -11.054492|  -10.490396|    0.326235|    0.021309|
|         841|  -11.083207|  -10.518965|    0.326235|    0.021309|
|         842|  -11.112700|  -10.548303|    0.326235|    0.021309|
|         843|  -11.143005|  -10.578443|    0.326235|    0.021309|
|         844|  -11.174154|  -10.609419|    0.326235|    0.021309|
|         845|  -11.206181|  -10.641262|    0.326235|    0.021309|
|         846|  -11.239116|  -10.674007|    0.326235|    0.021309|
|         847|  -11.272990|  -10.707681|    0.326235|    0.021309|
|         848|  -11.307829|  -10.742313|    0.326235|    0.021309|
|         849|  -11.343657|  -10.777928|    0.326235|    0.021309|
|         850|  -11.380494|  -10.814546|    0.326235|    0.021309|
|         851|  -11.418350|  -10.852181|    0.326235|    0.021309|
|         852|  -11.457228|  -10.890838|    0.326235|    0.021309|
|         853|  -11.497119|  -10.930510|    0.326235|    0.021309|
|         854|  -11.537997|  -10.971178|    0.326235|    0.021309|
|         855|  -11.579816|  -11.012803|    0.326235|    0.021309|
|         856|  -11.622504|  -11.055321|    0.326235|    0.021309|
|         857|  -11.665949|  -11.098632|    0.326235|    0.021309|
|         858|  -11.709976|  -11.142576|    0.326235|    0.021309|
|         859|  -11.754304|  -11.186895|    0.326235|    0.021309|
|         860|  -11.798490|  -11.231183|    0.326235|    0.021309|
|         861|  -11.841859|  -11.274808|    0.326235|    0.021309|
|         862|  -11.883428|  -11.316849|    0.326235|    0.021309|
|         863|  -11.921873|  -11.356048|    0.326235|    0.021309|
|         864|  -11.955579|  -11.390832|    0.326235|    0.021309|
|         865|  -11.982864|  -11.419508|    0.326235|    0.021309|
|         866|  -12.002364|  -11.440619|    0.326235|    0.021303|
+-----------------------------------------------------------------------+
|Fixed CL Mode (Finite Difference)       |Value                         |
+-----------------------------------------------------------------------+
|Delta CL / Delta AoA                    |0.23459                       |
|Delta CD / Delta CL                     |0.0760892                     |
|Delta CMz / Delta CL                    |0.12144                       |
+-----------------------------------------------------------------------+
Writing Flow Meta-Data file: flow.meta

--------------------------- Finalizing Solver ---------------------------
Deleted CNumerics container.
Deleted CIntegration container.
Deleted CSolver container.
Deleted CIteration container.
Deleted CInterface container.
Deleted CGeometry container.
Deleted CFreeFormDefBox class.
Deleted CSurfaceMovement class.
Deleted CVolumetricMovement class.
Deleted CConfig container.
Deleted nInst container.
Deleted COutput class.
-------------------------------------------------------------------------

------------------------- Exit Success (SU2_CFD) ------------------------

