
-------------------------------------------------------------------------
|    ___ _   _ ___                                                      |
|   / __| | | |_  )   Release 8.3.0 "Harrier"                           |
|   \__ \ |_| |/ /                                                      |
|   |___/\___//___|   Suite (Computational Fluid Dynamics Code)         |
|                                                                       |
-------------------------------------------------------------------------
| SU2 Project Website: https://su2code.github.io                        |
|                                                                       |
| The SU2 Project is maintained by the SU2 Foundation                   |
| (http://su2foundation.org)                                            |
-------------------------------------------------------------------------
| Copyright 2012-2025, SU2 Contributors                                 |
|                                                                       |
| SU2 is free software; you can redistribute it and/or                  |
| modify it under the terms of the GNU Lesser General Public            |
| License as published by the Free Software Foundation; either          |
| version 2.1 of the License, or (at your option) any later version.    |
|                                                                       |
| SU2 is distributed in the hope that it will be useful,                |
| but WITHOUT ANY WARRANTY; without even the implied warranty of        |
| MERCHANTABILITY or FITNESS FOR A PARTICULAR PURPOSE. See the GNU      |
| Lesser General Public License for more details.                       |
|                                                                       |
| You should have received a copy of the GNU Lesser General Public      |
| License along with SU2. If not, see <http://www.gnu.org/licenses/>.   |
-------------------------------------------------------------------------

Parsing config file for zone 0

----------------- Physical Case Definition ( Zone 0 ) -------------------
Compressible Euler equations.
Mach number: 0.8.
Angle of attack (AoA): 1.25 deg, and angle of sideslip (AoS): 0 deg.
Fixed CL mode, target value: 0.326.
Reading and writing binary SU2 native restart files.
Read flow solution from: solution_flow.
Non-Dimensional simulation (P=1.0, Rho=1.0, T=1.0 at the farfield).
The reference area is 1 m^2.
The semi-span will be computed using the max y(3D) value.
The reference length is 1 m.
Reference origin for moment evaluation is (0.25, 0, 0).
Surface(s) where the force coefficients are evaluated: airfoil.

Surface(s) plotted in the output file: airfoil.
Surface(s) affected by the design variables: airfoil.
Input mesh file name: mesh_NACA0012_inv_deform.su2

--------------- Space Numerical Integration ( Zone 0 ) ------------------
Jameson-Schmidt-Turkel scheme (2nd order in space) for the flow inviscid terms.
JST viscous coefficients (2nd & 4th): 0.5, 0.02.
The method includes a grid stretching correction (p = 0.3).
Gradient for viscous and source terms: Green-Gauss.

--------------- Time Numerical Integration  ( Zone 0 ) ------------------
Local time stepping (steady state simulation).
Euler implicit method for the flow equations.
FGMRES is used for solving the linear system.
Using a LU-SGS preconditioning.
Convergence criteria of the linear solver: 0.0001.
Max number of linear iterations: 2.
V Multigrid Cycle, with 2 multigrid levels.
Damping factor for the residual restriction: 1.
Damping factor for the correction prolongation: 1.
No CFL adaptation.
+-------------------------------------------+
|  MG Level| Presmooth|PostSmooth|CorrectSmo|
+-------------------------------------------+
|         0|         1|         0|         0|
|         1|         2|         0|         0|
|         2|         3|         0|         0|
+-------------------------------------------+
Courant-Friedrichs-Lewy number:       10

------------------ Convergence Criteria  ( Zone 0 ) ---------------------
Maximum number of solver subiterations: 1250.
Begin convergence monitoring at iteration 10.
Residual minimum value: 1e-13.
Cauchy series min. value: 1e-06.
Number of Cauchy elements: 100.
Begin windowed time average at iteration 0.

-------------------- Output Information ( Zone 0 ) ----------------------
File writing frequency: 
+------------------------------------+
|                     File| Frequency|
+------------------------------------+
|                  RESTART|       250|
|                 PARAVIEW|       250|
|         SURFACE_PARAVIEW|       250|
|              SURFACE_CSV|       250|
+------------------------------------+
Writing the convergence history file every 1 inner iterations.
Writing the screen convergence history every 1 inner iterations.
The tabular file format is CSV (.csv).
Convergence history file name: history_direct.
Forces breakdown file name: forces_breakdown.dat.
Surface file name: surface_flow.
Volume file name: flow.
Restart file name: restart_flow.

------------- Config File Boundary Information ( Zone 0 ) ---------------
+-----------------------------------------------------------------------+
|                        Marker Type|                        Marker Name|
+-----------------------------------------------------------------------+
|                         Euler wall|                            airfoil|
+-----------------------------------------------------------------------+
|                          Far-field|                           farfield|
+-----------------------------------------------------------------------+

-------------------- Output Preprocessing ( Zone 0 ) --------------------

WARNING: SURFACE_PRESSURE_DROP can only be computed for at least 2 surfaces (outlet, inlet, ...)

Screen output fields: INNER_ITER, RMS_DENSITY, RMS_ENERGY, LIFT, DRAG
History output group(s): ITER, RMS_RES, AERO_COEFF
Convergence field(s): RMS_DENSITY
Warning: No (valid) fields chosen for time convergence monitoring. Time convergence monitoring inactive.
Volume output fields: COORDINATES, SOLUTION, PRIMITIVE

------------------- Geometry Preprocessing ( Zone 0 ) -------------------
Two dimensional problem.
5233 grid points.
10216 volume elements.
2 surface markers.
200 boundary elements in index 0 (Marker = airfoil).
50 boundary elements in index 1 (Marker = farfield).
10216 triangles.
Setting point connectivity.
Renumbering points (Reverse Cuthill McKee Ordering).
Recomputing point connectivity.
Setting element connectivity.
Checking the numerical grid orientation.
All volume elements are correctly oriented.
All surface elements are correctly oriented.
Identifying edges and vertices.
Setting the control volume structure.
Area of the computational grid: 1253.25.
Searching for the closest normal neighbors to the surfaces.
Storing a mapping from global to local point index.
Compute the surface curvature.
Max K: 7835.1. Mean K: 34.9291. Standard deviation K: 494.444.
Checking for periodicity.
Computing mesh quality statistics for the dual control volumes.
+--------------------------------------------------------------+
|           Mesh Quality Metric|        Minimum|        Maximum|
+--------------------------------------------------------------+
|    Orthogonality Angle (deg.)|        62.8138|        89.7268|
|     CV Face Area Aspect Ratio|        1.00094|        7.17956|
|           CV Sub-Volume Ratio|        1.00258|        6.47822|
+--------------------------------------------------------------+
Setting the multigrid structure.
+-------------------------------------------+
|  MG Level|       CVs|Aggl. Rate|       CFL|
+-------------------------------------------+
|         0|      5233|    1/1.00|        10|
|         1|      1690|     1/3.1|   8.52431|
|         2|       649|     1/2.6|   7.92373|
+-------------------------------------------+
Finding max control volume width.
Wetted area = 2.03711 m.
Area projection in the x-plane = 0.112061 m, y-plane = 0.999845 m.
Max. coordinate in the x-direction = 1 m, y-direction = 0.054673 m.
Min. coordinate in the x-direction = 0 m, y-direction = -0.0574006 m.
Computing wall distances.

-------------------- Solver Preprocessing ( Zone 0 ) --------------------
WARNING: AoA in the solution file (0.944794 deg.) +
         AoA offset in mesh file (0 deg.) = 0.944794 deg.
WARNING: SU2 will use the dCD/dCL provided in the direct solution file: 0.055058.
WARNING: SU2 will use the dCMz/dCL provided in the direct solution file: 0.1265.
Inviscid flow: Computing density based on free-stream
temperature and pressure using the ideal gas law.
Force coefficients computed using free-stream values.

-- Models:
+------------------------------------------------------------------------------+
|          Viscosity Model|        Conductivity Model|              Fluid Model|
+------------------------------------------------------------------------------+
|                        -|                         -|             STANDARD_AIR|
+------------------------------------------------------------------------------+
-- Fluid properties:
+------------------------------------------------------------------------------+
|                  Name|    Dim. value|    Ref. value|      Unit|Non-dim. value|
+------------------------------------------------------------------------------+
|          Gas Constant|       287.058|       287.058|  N.m/kg.K|             1|
|      Spec. Heat Ratio|             -|             -|         -|           1.4|
+------------------------------------------------------------------------------+
-- Initial and free-stream conditions:
+------------------------------------------------------------------------------+
|                  Name|    Dim. value|    Ref. value|      Unit|Non-dim. value|
+------------------------------------------------------------------------------+
|       Static Pressure|        101325|        101325|        Pa|             1|
|               Density|       1.22498|       1.22498|    kg/m^3|             1|
|           Temperature|        288.15|        288.15|         K|             1|
|          Total Energy|        243846|       82715.8|   m^2/s^2|         2.948|
|            Velocity-X|       272.201|       287.603|       m/s|      0.946444|
|            Velocity-Y|       4.48893|       287.603|       m/s|     0.0156081|
|    Velocity Magnitude|       272.238|       287.603|       m/s|      0.946573|
+------------------------------------------------------------------------------+
|           Mach Number|             -|             -|         -|           0.8|
+------------------------------------------------------------------------------+
Initialize Jacobian structure (Euler). MG level: 0.
Initialize Jacobian structure (Euler). MG level: 1.
Initialize Jacobian structure (Euler). MG level: 2.

------------------- Numerics Preprocessing ( Zone 0 ) -------------------

----------------- Integration Preprocessing ( Zone 0 ) ------------------

------------------- Iteration Preprocessing ( Zone 0 ) ------------------
Euler/Navier-Stokes/RANS fluid iteration.

------------------------------ Begin Solver -----------------------------

Simulation Run using the Single-zone Driver
WARNING: SU2 was not compiled for an AVX-capable architecture. Performance could be better,
         see https://su2code.github.io/docs_v7/Build-SU2-Linux-MacOS/#compiler-optimizations
WARNING: SU2 was not compiled for an AVX-capable architecture. Performance could be better,
         see https://su2code.github.io/docs_v7/Build-SU2-Linux-MacOS/#compiler-optimizations
WARNING: SU2 was not compiled for an AVX-capable architecture. Performance could be better,
         see https://su2code.github.io/docs_v7/Build-SU2-Linux-MacOS/#compiler-optimizations
+----------------------------------------------------------------+
|  Inner_Iter|    rms[Rho]|   rms[RhoE]|          CL|          CD|
+----------------------------------------------------------------+
|           0|   -5.076358|   -4.479976|    0.325778|    0.007112|
|           1|   -5.373189|   -4.772050|    0.327117|    0.007385|
|           2|   -5.304055|   -4.720794|    0.328047|    0.007457|
|           3|   -5.296207|   -4.713563|    0.328862|    0.007292|
|           4|   -5.260121|   -4.683245|    0.330378|    0.007293|
|           5|   -5.263784|   -4.694829|    0.330961|    0.007239|
|           6|   -5.252654|   -4.685909|    0.331848|    0.007239|
|           7|   -5.238824|   -4.673991|    0.333062|    0.007257|
|           8|   -5.236028|   -4.674913|    0.334134|    0.007254|
|           9|   -5.244877|   -4.686413|    0.335066|    0.007252|
|          10|   -5.248960|   -4.690119|    0.335917|    0.007260|
|          11|   -5.253978|   -4.695106|    0.336719|    0.007277|
|          12|   -5.266115|   -4.708568|    0.337470|    0.007302|
|          13|   -5.280689|   -4.723695|    0.338153|    0.007330|
|          14|   -5.295965|   -4.738015|    0.338766|    0.007359|
|          15|   -5.312662|   -4.752974|    0.339318|    0.007389|
|          16|   -5.331338|   -4.770073|    0.339825|    0.007420|
|          17|   -5.351543|   -4.789429|    0.340294|    0.007453|
|          18|   -5.372415|   -4.810265|    0.340728|    0.007486|
|          19|   -5.393371|   -4.831711|    0.341124|    0.007518|
|          20|   -5.414161|   -4.853098|    0.341486|    0.007550|
|          21|   -5.434763|   -4.874118|    0.341820|    0.007580|
|          22|   -5.455290|   -4.894868|    0.342131|    0.007608|
|          23|   -5.475732|   -4.915521|    0.342424|    0.007634|
|          24|   -5.495674|   -4.935859|    0.342702|    0.007656|
|          25|   -5.514515|   -4.955344|    0.342967|    0.007676|
|          26|   -5.531616|   -4.973233|    0.343222|    0.007692|
|          27|   -5.546397|   -4.988752|    0.343469|    0.007705|
|          28|   -5.558577|   -5.001481|    0.343709|    0.007715|
|          29|   -5.568180|   -5.011432|    0.343941|    0.007721|
|          30|   -5.575508|   -5.018992|    0.344168|    0.007725|
|          31|   -5.580969|   -5.024676|    0.344388|    0.007727|
|          32|   -5.585042|   -5.029025|    0.344602|    0.007726|
|          33|   -5.588222|   -5.032561|    0.344808|    0.007724|
|          34|   -5.590522|   -5.035339|    0.345007|    0.007722|
|          35|   -5.592745|   -5.038079|    0.345197|    0.007718|
|          36|   -5.595252|   -5.041036|    0.345378|    0.007715|
|          37|   -5.598321|   -5.044490|    0.345548|    0.007711|
|          38|   -5.602260|   -5.048721|    0.345709|    0.007708|
|          39|   -5.607234|   -5.053858|    0.345859|    0.007706|
|          40|   -5.613481|   -5.060149|    0.345999|    0.007705|
|          41|   -5.621155|   -5.067766|    0.346127|    0.007704|
|          42|   -5.630553|   -5.077063|    0.346244|    0.007705|
|          43|   -5.641737|   -5.088077|    0.346348|    0.007708|
|          44|   -5.654973|   -5.101072|    0.346442|    0.007711|
|          45|   -5.670962|   -5.116603|    0.346527|    0.007716|
|          46|   -5.689958|   -5.134855|    0.346601|    0.007721|
|          47|   -5.711020|   -5.155190|    0.346663|    0.007726|
|          48|   -5.733856|   -5.177497|    0.346718|    0.007731|
|          49|   -5.758510|   -5.201782|    0.346765|    0.007736|
|          50|   -5.784896|   -5.227866|    0.346806|    0.007741|
|          51|   -5.812723|   -5.255394|    0.346855|    0.007116|
+-----------------------------------------------------------------------+
|Fixed CL Mode                           |Value                         |
+-----------------------------------------------------------------------+
|Current CL                              |0.346855                      |
|Target CL                               |0.326                         |
|Previous AOA                            |0.944794                      |
|Changed AoA by                          |-0.10403                      |
+-----------------------------------------------------------------------+
+----------------------------------------------------------------+
|  Inner_Iter|    rms[Rho]|   rms[RhoE]|          CL|          CD|
+----------------------------------------------------------------+
|          52|   -3.794865|   -3.188169|    0.346855|    0.007120|
|          53|   -4.092211|   -3.481663|    0.346119|    0.007114|
|          54|   -4.335185|   -3.741565|    0.343129|    0.007058|
|          55|   -4.534352|   -3.923709|    0.338615|    0.006963|
|          56|   -4.697668|   -4.098429|    0.334560|    0.006894|
|          57|   -4.793982|   -4.195781|    0.332224|    0.006839|
|          58|   -4.929968|   -4.328516|    0.331603|    0.006802|
|          59|   -4.960020|   -4.357063|    0.331518|    0.006771|
|          60|   -5.011783|   -4.407526|    0.330949|    0.006718|
|          61|   -5.125899|   -4.528632|    0.330007|    0.006665|
|          62|   -5.193901|   -4.607496|    0.329092|    0.006621|
|          63|   -5.207050|   -4.621829|    0.328305|    0.006579|
|          64|   -5.241184|   -4.660172|    0.327606|    0.006538|
|          65|   -5.278142|   -4.707899|    0.326988|    0.006501|
|          66|   -5.284062|   -4.721911|    0.326459|    0.006470|
|          67|   -5.275653|   -4.716985|    0.325986|    0.006445|
|          68|   -5.265888|   -4.709617|    0.325530|    0.006423|
|          69|   -5.254610|   -4.700648|    0.325087|    0.006406|
|          70|   -5.242964|   -4.691168|    0.324671|    0.006393|
|          71|   -5.233070|   -4.682929|    0.324284|    0.006385|
|          72|   -5.225546|   -4.676287|    0.323920|    0.006379|
|          73|   -5.220508|   -4.671396|    0.323571|    0.006377|
|          74|   -5.218348|   -4.668964|    0.323240|    0.006378|
|          75|   -5.220214|   -4.670473|    0.322933|    0.006381|
|          76|   -5.225475|   -4.675269|    0.322646|    0.006385|
|          77|   -5.233731|   -4.682965|    0.322375|    0.006390|
|          78|   -5.245011|   -4.693610|    0.322116|    0.006394|
|          79|   -5.259428|   -4.707341|    0.321863|    0.006398|
|          80|   -5.276512|   -4.723530|    0.321621|    0.006401|
|          81|   -5.297007|   -4.743127|    0.321397|    0.006403|
|          82|   -5.320584|   -4.765827|    0.321186|    0.006405|
|          83|   -5.348157|   -4.792617|    0.320996|    0.006406|
|          84|   -5.377335|   -4.820950|    0.320824|    0.006405|
|          85|   -5.408009|   -4.850907|    0.320670|    0.006404|
|          86|   -5.439726|   -4.881925|    0.320528|    0.006401|
|          87|   -5.472467|   -4.913911|    0.320397|    0.006396|
|          88|   -5.506017|   -4.946600|    0.320279|    0.006391|
|          89|   -5.540172|   -4.979827|    0.320172|    0.006385|
|          90|   -5.575049|   -5.013792|    0.320076|    0.006378|
|          91|   -5.610671|   -5.048536|    0.319987|    0.006371|
|          92|   -5.647052|   -5.084083|    0.319906|    0.006364|
|          93|   -5.684158|   -5.120413|    0.319832|    0.006357|
|          94|   -5.721906|   -5.157460|    0.319763|    0.006351|
|          95|   -5.760170|   -5.195126|    0.319699|    0.006345|
|          96|   -5.798801|   -5.233289|    0.319640|    0.006339|
|          97|   -5.837822|   -5.272010|    0.319586|    0.006335|
|          98|   -5.876912|   -5.310956|    0.319535|    0.006332|
|          99|   -5.915791|   -5.349871|    0.319488|    0.006330|
|         100|   -5.954141|   -5.388465|    0.319443|    0.006328|
|         101|   -5.991567|   -5.426348|    0.319397|    0.006511|
+-----------------------------------------------------------------------+
|Fixed CL Mode                           |Value                         |
+-----------------------------------------------------------------------+
|Current CL                              |0.319397                      |
|Target CL                               |0.326                         |
|Previous AOA                            |0.840764                      |
|Changed AoA by                          |0.0327835                     |
+-----------------------------------------------------------------------+
+----------------------------------------------------------------+
|  Inner_Iter|    rms[Rho]|   rms[RhoE]|          CL|          CD|
+----------------------------------------------------------------+
|         102|   -4.296292|   -3.689626|    0.319368|    0.006511|
|         103|   -4.593559|   -3.983004|    0.319572|    0.006515|
|         104|   -4.836029|   -4.242434|    0.320491|    0.006534|
|         105|   -5.035166|   -4.424636|    0.321897|    0.006567|
|         106|   -5.197860|   -4.598891|    0.323159|    0.006590|
|         107|   -5.293517|   -4.695708|    0.323878|    0.006608|
|         108|   -5.428856|   -4.827900|    0.324057|    0.006620|
|         109|   -5.459718|   -4.857020|    0.324069|    0.006629|
|         110|   -5.512459|   -4.908209|    0.324237|    0.006645|
|         111|   -5.629337|   -5.031440|    0.324525|    0.006661|
|         112|   -5.703677|   -5.115502|    0.324806|    0.006674|
|         113|   -5.723460|   -5.135170|    0.325051|    0.006686|
|         114|   -5.767646|   -5.181948|    0.325271|    0.006698|
|         115|   -5.819541|   -5.243675|    0.325469|    0.006708|
|         116|   -5.837348|   -5.269804|    0.325641|    0.006717|
|         117|   -5.836447|   -5.272418|    0.325796|    0.006724|
|         118|   -5.831775|   -5.270041|    0.325948|    0.006730|
|         119|   -5.823850|   -5.264497|    0.326100|    0.006736|
|         120|   -5.814327|   -5.257241|    0.326245|    0.006740|
|         121|   -5.805159|   -5.249896|    0.326380|    0.006743|
|         122|   -5.796669|   -5.242572|    0.326509|    0.006745|
|         123|   -5.789159|   -5.235568|    0.326632|    0.006747|
|         124|   -5.783416|   -5.229928|    0.326750|    0.006747|
|         125|   -5.780113|   -5.226562|    0.326860|    0.006747|
|         126|   -5.779536|   -5.225813|    0.326963|    0.006747|
|         127|   -5.781755|   -5.227749|    0.327061|    0.006747|
|         128|   -5.786684|   -5.232281|    0.327153|    0.006747|
|         129|   -5.794249|   -5.239361|    0.327239|    0.006746|
|         130|   -5.804479|   -5.249070|    0.327318|    0.006746|
|         131|   -5.817343|   -5.261400|    0.327391|    0.006747|
|         132|   -5.832773|   -5.276284|    0.327458|    0.006747|
|         133|   -5.850697|   -5.293643|    0.327517|    0.006747|
|         134|   -5.871061|   -5.313420|    0.327571|    0.006748|
|         135|   -5.893782|   -5.335535|    0.327619|    0.006749|
|         136|   -5.918769|   -5.359899|    0.327662|    0.006750|
|         137|   -5.945955|   -5.386461|    0.327699|    0.006751|
|         138|   -5.975299|   -5.415166|    0.327730|    0.006753|
|         139|   -6.006675|   -5.445886|    0.327757|    0.006755|
|         140|   -6.039880|   -5.478440|    0.327779|    0.006756|
|         141|   -6.074720|   -5.512650|    0.327796|    0.006758|
|         142|   -6.111013|   -5.548350|    0.327810|    0.006759|
|         143|   -6.148573|   -5.585364|    0.327821|    0.006761|
|         144|   -6.187198|   -5.623500|    0.327828|    0.006762|
|         145|   -6.226815|   -5.662726|    0.327833|    0.006763|
|         146|   -6.267011|   -5.702615|    0.327836|    0.006764|
|         147|   -6.307540|   -5.742925|    0.327838|    0.006764|
|         148|   -6.348169|   -5.783455|    0.327838|    0.006764|
|         149|   -6.388681|   -5.824021|    0.327836|    0.006765|
|         150|   -6.428900|   -5.864456|    0.327834|    0.006764|
|         151|   -6.468566|   -5.904507|    0.327833|    0.006711|
+-----------------------------------------------------------------------+
|Fixed CL Mode                           |Value                         |
+-----------------------------------------------------------------------+
|Current CL                              |0.327833                      |
|Target CL                               |0.326                         |
|Previous AOA                            |0.873548                      |
|Changed AoA by                          |-0.00917142                   |
+-----------------------------------------------------------------------+
+----------------------------------------------------------------+
|  Inner_Iter|    rms[Rho]|   rms[RhoE]|          CL|          CD|
+----------------------------------------------------------------+
|         152|   -4.849520|   -4.242847|    0.327826|    0.006711|
|         153|   -5.146527|   -4.536031|    0.327755|    0.006709|
|         154|   -5.388807|   -4.795269|    0.327485|    0.006703|
|         155|   -5.587706|   -4.977317|    0.327079|    0.006694|
|         156|   -5.750341|   -5.151531|    0.326714|    0.006687|
|         157|   -5.845449|   -5.247873|    0.326500|    0.006681|
|         158|   -5.978938|   -5.378506|    0.326439|    0.006677|
|         159|   -6.008653|   -5.406717|    0.326424|    0.006674|
|         160|   -6.059494|   -5.456411|    0.326366|    0.006669|
|         161|   -6.170160|   -5.574338|    0.326275|    0.006664|
|         162|   -6.236272|   -5.650949|    0.326187|    0.006660|
|         163|   -6.250326|   -5.665987|    0.326111|    0.006656|
|         164|   -6.284225|   -5.703925|    0.326042|    0.006653|
|         165|   -6.320004|   -5.749867|    0.325981|    0.006650|
|         166|   -6.325781|   -5.763070|    0.325928|    0.006647|
|         167|   -6.317633|   -5.758047|    0.325880|    0.006645|
|         168|   -6.307728|   -5.750279|    0.325834|    0.006643|
|         169|   -6.296936|   -5.741454|    0.325788|    0.006641|
|         170|   -6.286538|   -5.732723|    0.325746|    0.006640|
|         171|   -6.277722|   -5.725157|    0.325706|    0.006639|
|         172|   -6.270673|   -5.718814|    0.325669|    0.006639|
|         173|   -6.265523|   -5.713832|    0.325633|    0.006638|
|         174|   -6.262699|   -5.710850|    0.325599|    0.006638|
|         175|   -6.262588|   -5.710437|    0.325567|    0.006638|
|         176|   -6.265349|   -5.712790|    0.325538|    0.006638|
|         177|   -6.270928|   -5.717855|    0.325510|    0.006638|
|         178|   -6.279229|   -5.725567|    0.325484|    0.006638|
|         179|   -6.290184|   -5.735877|    0.325459|    0.006639|
|         180|   -6.303736|   -5.748749|    0.325437|    0.006639|
|         181|   -6.319807|   -5.764131|    0.325416|    0.006639|
|         182|   -6.338306|   -5.781936|    0.325398|    0.006638|
|         183|   -6.359122|   -5.802054|    0.325381|    0.006638|
|         184|   -6.382183|   -5.824415|    0.325366|    0.006638|
|         185|   -6.407409|   -5.848936|    0.325353|    0.006638|
|         186|   -6.434719|   -5.875538|    0.325341|    0.006638|
|         187|   -6.464026|   -5.904139|    0.325332|    0.006637|
|         188|   -6.495233|   -5.934652|    0.325324|    0.006637|
|         189|   -6.528234|   -5.966979|    0.325317|    0.006636|
|         190|   -6.562911|   -6.001011|    0.325312|    0.006636|
|         191|   -6.599135|   -6.036623|    0.325308|    0.006636|
|         192|   -6.636752|   -6.073671|    0.325306|    0.006635|
|         193|   -6.675538|   -6.111936|    0.325304|    0.006635|
|         194|   -6.715292|   -6.151235|    0.325304|    0.006635|
|         195|   -6.755854|   -6.191426|    0.325304|    0.006634|
|         196|   -6.796940|   -6.232238|    0.325305|    0.006634|
|         197|   -6.838278|   -6.273417|    0.325306|    0.006634|
|         198|   -6.879574|   -6.314695|    0.325308|    0.006634|
|         199|   -6.920610|   -6.355877|    0.325311|    0.006634|
|         200|   -6.961198|   -6.396790|    0.325313|    0.006634|
|         201|   -7.001141|   -6.437248|    0.325316|    0.006654|
+-----------------------------------------------------------------------+
|Fixed CL Mode                           |Value                         |
+-----------------------------------------------------------------------+
|Current CL                              |0.325316                      |
|Target CL                               |0.326                         |
|Previous AOA                            |0.864376                      |
|Changed AoA by                          |0.00343367                    |
+-----------------------------------------------------------------------+
+----------------------------------------------------------------+
|  Inner_Iter|    rms[Rho]|   rms[RhoE]|          CL|          CD|
+----------------------------------------------------------------+
|         202|   -5.276255|   -4.669564|    0.325320|    0.006654|
|         203|   -5.573303|   -4.962802|    0.325349|    0.006655|
|         204|   -5.815855|   -5.222298|    0.325452|    0.006657|
|         205|   -6.014927|   -5.404434|    0.325606|    0.006661|
|         206|   -6.178006|   -5.579021|    0.325744|    0.006663|
|         207|   -6.273460|   -5.675669|    0.325826|    0.006666|
|         208|   -6.407262|   -5.806575|    0.325851|    0.006667|
|         209|   -6.436200|   -5.834171|    0.325859|    0.006668|
|         210|   -6.486149|   -5.883188|    0.325882|    0.006670|
|         211|   -6.594981|   -5.999666|    0.325918|    0.006672|
|         212|   -6.658231|   -6.073726|    0.325953|    0.006673|
|         213|   -6.670122|   -6.086826|    0.325983|    0.006675|
|         214|   -6.701300|   -6.122245|    0.326010|    0.006676|
|         215|   -6.733762|   -6.164648|    0.326035|    0.006677|
|         216|   -6.737798|   -6.175645|    0.326056|    0.006679|
|         217|   -6.729107|   -6.169797|    0.326075|    0.006679|
|         218|   -6.718969|   -6.161598|    0.326094|    0.006680|
|         219|   -6.708112|   -6.152522|    0.326112|    0.006681|
|         220|   -6.697713|   -6.143618|    0.326129|    0.006681|
|         221|   -6.688897|   -6.135910|    0.326145|    0.006682|
|         222|   -6.681823|   -6.129458|    0.326161|    0.006682|
|         223|   -6.676634|   -6.124412|    0.326175|    0.006682|
|         224|   -6.673744|   -6.121373|    0.326189|    0.006682|
|         225|   -6.673476|   -6.120832|    0.326202|    0.006682|
|         226|   -6.675934|   -6.122927|    0.326214|    0.006682|
|         227|   -6.681079|   -6.127609|    0.326225|    0.006682|
|         228|   -6.688835|   -6.134816|    0.326236|    0.006682|
|         229|   -6.699144|   -6.144519|    0.326246|    0.006682|
|         230|   -6.711964|   -6.156708|    0.326256|    0.006682|
|         231|   -6.727241|   -6.171348|    0.326264|    0.006682|
|         232|   -6.744902|   -6.188365|    0.326272|    0.006682|
|         233|   -6.764858|   -6.207671|    0.326279|    0.006682|
|         234|   -6.787030|   -6.229182|    0.326285|    0.006683|
|         235|   -6.811338|   -6.252822|    0.326291|    0.006683|
|         236|   -6.837702|   -6.278515|    0.326296|    0.006683|
|         237|   -6.866032|   -6.306178|    0.326300|    0.006683|
|         238|   -6.896234|   -6.335720|    0.326304|    0.006683|
|         239|   -6.928206|   -6.367048|    0.326307|    0.006683|
|         240|   -6.961839|   -6.400057|    0.326309|    0.006683|
|         241|   -6.997008|   -6.434622|    0.326311|    0.006684|
|         242|   -7.033587|   -6.470626|    0.326313|    0.006684|
|         243|   -7.071428|   -6.507933|    0.326314|    0.006684|
|         244|   -7.110356|   -6.546380|    0.326315|    0.006684|
|         245|   -7.150175|   -6.585783|    0.326315|    0.006684|
|         246|   -7.190675|   -6.625946|    0.326315|    0.006684|
|         247|   -7.231636|   -6.666666|    0.326315|    0.006684|
|         248|   -7.272838|   -6.707742|    0.326314|    0.006684|
|         249|   -7.314067|   -6.748977|    0.326314|    0.006684|
|         250|   -7.355112|   -6.790181|    0.326313|    0.006684|
+-----------------------------------------------------------------------+
|        File Writing Summary       |              Filename             |
+-----------------------------------------------------------------------+
|SU2 binary restart                 |restart_flow.dat                   |
Writing Flow Meta-Data file: flow.meta
|Paraview                           |flow.vtu                           |
Writing Flow Meta-Data file: flow.meta
|Paraview surface                   |surface_flow.vtu                   |
Writing Flow Meta-Data file: flow.meta
|CSV file                           |surface_flow.csv                   |
Writing Flow Meta-Data file: flow.meta
+-----------------------------------------------------------------------+
+----------------------------------------------------------------+
|  Inner_Iter|    rms[Rho]|   rms[RhoE]|          CL|          CD|
+----------------------------------------------------------------+
|         251|   -7.395776|   -6.831169|    0.326313|    0.006675|
+-----------------------------------------------------------------------+
|Fixed CL Mode                           |Value                         |
+-----------------------------------------------------------------------+
|Current CL                              |0.326313                      |
|Target CL                               |0.326                         |
|Previous AOA                            |0.86781                       |
|Changed AoA by                          |-0.00156668                   |
+-----------------------------------------------------------------------+
+----------------------------------------------------------------+
|  Inner_Iter|    rms[Rho]|   rms[RhoE]|          CL|          CD|
+----------------------------------------------------------------+
|         252|   -5.617037|   -5.010346|    0.326311|    0.006675|
|         253|   -5.914167|   -5.303647|    0.326299|    0.006675|
|         254|   -6.156828|   -5.563246|    0.326253|    0.006674|
|         255|   -6.356006|   -5.745446|    0.326183|    0.006672|
|         256|   -6.519248|   -5.920162|    0.326120|    0.006671|
|         257|   -6.615041|   -6.017096|    0.326084|    0.006670|
|         258|   -6.749756|   -6.148751|    0.326073|    0.006670|
|         259|   -6.779146|   -6.176709|    0.326070|    0.006669|
|         260|   -6.829885|   -6.226351|    0.326060|    0.006668|
|         261|   -6.941105|   -6.344900|    0.326044|    0.006667|
|         262|   -7.006816|   -6.421335|    0.326029|    0.006667|
|         263|   -7.019764|   -6.435372|    0.326016|    0.006666|
|         264|   -7.052968|   -6.472701|    0.326004|    0.006665|
|         265|   -7.088227|   -6.518157|    0.325994|    0.006665|
|         266|   -7.093674|   -6.530956|    0.325984|    0.006665|
|         267|   -7.085478|   -6.525789|    0.325976|    0.006664|
|         268|   -7.075670|   -6.518045|    0.325968|    0.006664|
|         269|   -7.065003|   -6.509290|    0.325961|    0.006664|
|         270|   -7.054735|   -6.500633|    0.325953|    0.006663|
|         271|   -7.046081|   -6.493170|    0.325946|    0.006663|
|         272|   -7.039199|   -6.486947|    0.325940|    0.006663|
|         273|   -7.034205|   -6.482099|    0.325934|    0.006663|
|         274|   -7.031515|   -6.479250|    0.325928|    0.006663|
|         275|   -7.031476|   -6.478925|    0.325922|    0.006663|
|         276|   -7.034225|   -6.481296|    0.325917|    0.006663|
|         277|   -7.039728|   -6.486319|    0.325912|    0.006663|
|         278|   -7.047901|   -6.493918|    0.325907|    0.006663|
|         279|   -7.058678|   -6.504059|    0.325903|    0.006663|
|         280|   -7.072011|   -6.516730|    0.325899|    0.006663|
|         281|   -7.087847|   -6.531897|    0.325895|    0.006663|
|         282|   -7.106067|   -6.549441|    0.325892|    0.006663|
|         283|   -7.126559|   -6.569251|    0.325889|    0.006663|
|         284|   -7.149303|   -6.591309|    0.325886|    0.006663|
|         285|   -7.174203|   -6.615521|    0.325884|    0.006663|
|         286|   -7.201165|   -6.641793|    0.325881|    0.006663|
|         287|   -7.230092|   -6.670030|    0.325880|    0.006663|
|         288|   -7.260887|   -6.700144|    0.325878|    0.006663|
|         289|   -7.293456|   -6.732048|    0.325877|    0.006663|
|         290|   -7.327694|   -6.765645|    0.325876|    0.006662|
|         291|   -7.363485|   -6.800823|    0.325875|    0.006662|
|         292|   -7.400694|   -6.837456|    0.325874|    0.006662|
|         293|   -7.439166|   -6.875394|    0.325874|    0.006662|
|         294|   -7.478719|   -6.914467|    0.325873|    0.006662|
|         295|   -7.519147|   -6.954480|    0.325873|    0.006662|
|         296|   -7.560225|   -6.995227|    0.325873|    0.006662|
|         297|   -7.601716|   -7.036489|    0.325873|    0.006662|
|         298|   -7.643380|   -7.078045|    0.325873|    0.006662|
|         299|   -7.684979|   -7.119680|    0.325874|    0.006662|
|         300|   -7.726287|   -7.161186|    0.325874|    0.006662|
|         301|   -7.767093|   -7.202367|    0.325874|    0.006666|
+-----------------------------------------------------------------------+
|Fixed CL Mode                           |Value                         |
+-----------------------------------------------------------------------+
|Current CL                              |0.325874                      |
|Target CL                               |0.326                         |
|Previous AOA                            |0.866243                      |
|Changed AoA by                          |0.000630515                   |
+-----------------------------------------------------------------------+
+----------------------------------------------------------------+
|  Inner_Iter|    rms[Rho]|   rms[RhoE]|          CL|          CD|
+----------------------------------------------------------------+
|         302|   -6.012317|   -5.405627|    0.325875|    0.006666|
|         303|   -6.309429|   -5.698912|    0.325880|    0.006666|
|         304|   -6.552039|   -5.958461|    0.325898|    0.006666|
|         305|   -6.751208|   -6.140665|    0.325926|    0.006667|
|         306|   -6.914404|   -6.315347|    0.325952|    0.006667|
|         307|   -7.010091|   -6.412187|    0.325966|    0.006668|
|         308|   -7.144624|   -6.543686|    0.325971|    0.006668|
|         309|   -7.174029|   -6.571655|    0.325972|    0.006668|
|         310|   -7.224754|   -6.621283|    0.325976|    0.006669|
|         311|   -7.335839|   -6.739695|    0.325982|    0.006669|
|         312|   -7.401550|   -6.816094|    0.325988|    0.006669|
|         313|   -7.414658|   -6.830268|    0.325994|    0.006669|
|         314|   -7.447999|   -6.867704|    0.325999|    0.006670|
|         315|   -7.483373|   -6.913243|    0.326003|    0.006670|
|         316|   -7.488903|   -6.926111|    0.326007|    0.006670|
|         317|   -7.480729|   -6.920968|    0.326010|    0.006670|
|         318|   -7.470881|   -6.913192|    0.326013|    0.006670|
|         319|   -7.460121|   -6.904351|    0.326016|    0.006670|
|         320|   -7.449709|   -6.895559|    0.326019|    0.006671|
|         321|   -7.440866|   -6.887921|    0.326022|    0.006671|
|         322|   -7.433757|   -6.881487|    0.326025|    0.006671|
|         323|   -7.428511|   -6.876401|    0.326027|    0.006671|
|         324|   -7.425553|   -6.873297|    0.326030|    0.006671|
|         325|   -7.425258|   -6.872725|    0.326032|    0.006671|
|         326|   -7.427758|   -6.874853|    0.326034|    0.006671|
|         327|   -7.433015|   -6.879633|    0.326036|    0.006671|
|         328|   -7.440949|   -6.886995|    0.326038|    0.006671|
|         329|   -7.451493|   -6.896910|    0.326039|    0.006671|
|         330|   -7.464602|   -6.909363|    0.326041|    0.006671|
|         331|   -7.480221|   -6.924318|    0.326043|    0.006671|
|         332|   -7.498270|   -6.941700|    0.326044|    0.006671|
|         333|   -7.518663|   -6.961417|    0.326045|    0.006671|
|         334|   -7.541314|   -6.983384|    0.326046|    0.006671|
|         335|   -7.566147|   -7.007524|    0.326047|    0.006671|
|         336|   -7.593078|   -7.033760|    0.326048|    0.006671|
|         337|   -7.622018|   -7.062008|    0.326049|    0.006671|
|         338|   -7.652872|   -7.092179|    0.326049|    0.006671|
|         339|   -7.685537|   -7.124177|    0.326050|    0.006671|
|         340|   -7.719902|   -7.157899|    0.326050|    0.006671|
|         341|   -7.755845|   -7.193226|    0.326051|    0.006671|
|         342|   -7.793225|   -7.230026|    0.326051|    0.006671|
|         343|   -7.831885|   -7.268147|    0.326051|    0.006671|
|         344|   -7.871641|   -7.307418|    0.326051|    0.006671|
|         345|   -7.912288|   -7.347647|    0.326051|    0.006671|
|         346|   -7.953601|   -7.388625|    0.326051|    0.006671|
|         347|   -7.995342|   -7.430136|    0.326051|    0.006671|
|         348|   -8.037269|   -7.471956|    0.326051|    0.006671|
|         349|   -8.079141|   -7.513870|    0.326051|    0.006671|
|         350|   -8.120730|   -7.555666|    0.326051|    0.006671|
|         351|   -8.161816|   -7.597142|    0.326051|    0.006670|
+-----------------------------------------------------------------------+
|Fixed CL Mode                           |Value                         |
+-----------------------------------------------------------------------+
|Current CL                              |0.326051                      |
|Target CL                               |0.326                         |
|Previous AOA                            |0.866874                      |
|Changed AoA by                          |-0.000253835                  |
+-----------------------------------------------------------------------+
+----------------------------------------------------------------+
|  Inner_Iter|    rms[Rho]|   rms[RhoE]|          CL|          CD|
+----------------------------------------------------------------+
|         352|   -6.407463|   -5.800773|    0.326050|    0.006670|
|         353|   -6.704566|   -6.094052|    0.326048|    0.006670|
|         354|   -6.947178|   -6.353603|    0.326041|    0.006669|
|         355|   -7.146338|   -6.535798|    0.326030|    0.006669|
|         356|   -7.309534|   -6.710479|    0.326019|    0.006669|
|         357|   -7.405204|   -6.807309|    0.326013|    0.006669|
|         358|   -7.539649|   -6.938742|    0.326012|    0.006669|
|         359|   -7.568953|   -6.966631|    0.326011|    0.006669|
|         360|   -7.619512|   -7.016128|    0.326010|    0.006668|
|         361|   -7.730152|   -7.134168|    0.326007|    0.006668|
|         362|   -7.795323|   -7.210078|    0.326004|    0.006668|
|         363|   -7.808108|   -7.223977|    0.326002|    0.006668|
|         364|   -7.840908|   -7.260920|    0.326000|    0.006668|
|         365|   -7.875565|   -7.305703|    0.325999|    0.006668|
|         366|   -7.880717|   -7.318108|    0.325997|    0.006668|
|         367|   -7.872436|   -7.312811|    0.325996|    0.006668|
|         368|   -7.862578|   -7.304993|    0.325995|    0.006668|
|         369|   -7.851891|   -7.296194|    0.325993|    0.006668|
|         370|   -7.841606|   -7.287500|    0.325992|    0.006668|
|         371|   -7.832913|   -7.279988|    0.325991|    0.006668|
|         372|   -7.825970|   -7.273704|    0.325990|    0.006668|
|         373|   -7.820901|   -7.268786|    0.325989|    0.006668|
|         374|   -7.818123|   -7.265856|    0.325988|    0.006668|
|         375|   -7.818005|   -7.265457|    0.325987|    0.006668|
|         376|   -7.820673|   -7.267752|    0.325986|    0.006668|
|         377|   -7.826091|   -7.272691|    0.325985|    0.006668|
|         378|   -7.834177|   -7.280205|    0.325985|    0.006668|
|         379|   -7.844866|   -7.290263|    0.325984|    0.006668|
|         380|   -7.858111|   -7.302852|    0.325983|    0.006668|
|         381|   -7.873859|   -7.317936|    0.325983|    0.006668|
|         382|   -7.892031|   -7.335439|    0.325982|    0.006668|
|         383|   -7.912539|   -7.355271|    0.325982|    0.006668|
|         384|   -7.935301|   -7.377347|    0.325981|    0.006668|
|         385|   -7.960240|   -7.401592|    0.325981|    0.006668|
|         386|   -7.987273|   -7.427929|    0.325980|    0.006668|
|         387|   -8.016312|   -7.456276|    0.325980|    0.006668|
|         388|   -8.047262|   -7.486543|    0.325980|    0.006668|
|         389|   -8.080022|   -7.518637|    0.325980|    0.006667|
|         390|   -8.114482|   -7.552453|    0.325980|    0.006667|
|         391|   -8.150519|   -7.587875|    0.325979|    0.006667|
|         392|   -8.187995|   -7.624771|    0.325979|    0.006667|
|         393|   -8.226752|   -7.662990|    0.325979|    0.006667|
|         394|   -8.266606|   -7.702361|    0.325979|    0.006667|
|         395|   -8.307353|   -7.742692|    0.325979|    0.006667|
|         396|   -8.348766|   -7.783773|    0.325979|    0.006667|
|         397|   -8.390605|   -7.825386|    0.325979|    0.006667|
|         398|   -8.432627|   -7.867307|    0.325979|    0.006667|
|         399|   -8.474587|   -7.909316|    0.325979|    0.006667|
|         400|   -8.516253|   -7.951198|    0.325979|    0.006667|
|         401|   -8.557401|   -7.992747|    0.325979|    0.006668|
+-----------------------------------------------------------------------+
|Fixed CL Mode                           |Value                         |
+-----------------------------------------------------------------------+
|Current CL                              |0.325979                      |
|Target CL                               |0.326                         |
|Previous AOA                            |0.86662                       |
|Changed AoA by                          |0.000102898                   |
+-----------------------------------------------------------------------+
+----------------------------------------------------------------+
|  Inner_Iter|    rms[Rho]|   rms[RhoE]|          CL|          CD|
+----------------------------------------------------------------+
|         402|   -6.799608|   -6.192917|    0.325980|    0.006668|
|         403|   -7.096711|   -6.486198|    0.325980|    0.006668|
|         404|   -7.339330|   -6.745755|    0.325983|    0.006668|
|         405|   -7.538490|   -6.927949|    0.325988|    0.006668|
|         406|   -7.701693|   -7.102635|    0.325992|    0.006668|
|         407|   -7.797366|   -7.199469|    0.325995|    0.006668|
|         408|   -7.931802|   -7.330897|    0.325995|    0.006668|
|         409|   -7.961073|   -7.358761|    0.325995|    0.006668|
|         410|   -8.011583|   -7.408219|    0.325996|    0.006668|
|         411|   -8.122104|   -7.526161|    0.325997|    0.006669|
|         412|   -8.187131|   -7.601941|    0.325998|    0.006669|
|         413|   -8.199832|   -7.615767|    0.325999|    0.006669|
|         414|   -8.232506|   -7.652591|    0.326000|    0.006669|
|         415|   -8.267007|   -7.697203|    0.326001|    0.006669|
|         416|   -8.272099|   -7.709520|    0.326001|    0.006669|
|         417|   -8.263824|   -7.704214|    0.326002|    0.006669|
|         418|   -8.253993|   -7.696413|    0.326002|    0.006669|
|         419|   -8.243347|   -7.687646|    0.326003|    0.006669|
|         420|   -8.233107|   -7.678990|    0.326003|    0.006669|
|         421|   -8.224458|   -7.671517|    0.326004|    0.006669|
|         422|   -8.217557|   -7.665270|    0.326004|    0.006669|
|         423|   -8.212527|   -7.660389|    0.326005|    0.006669|
|         424|   -8.209784|   -7.657494|    0.326005|    0.006669|
|         425|   -8.209696|   -7.657126|    0.326005|    0.006669|
|         426|   -8.212390|   -7.659447|    0.326006|    0.006669|
|         427|   -8.217830|   -7.664410|    0.326006|    0.006669|
|         428|   -8.225935|   -7.671945|    0.326006|    0.006669|
|         429|   -8.236640|   -7.682021|    0.326007|    0.006669|
|         430|   -8.249901|   -7.694626|    0.326007|    0.006669|
|         431|   -8.265662|   -7.709725|    0.326007|    0.006669|
|         432|   -8.283846|   -7.727242|    0.326007|    0.006669|
|         433|   -8.304366|   -7.747087|    0.326007|    0.006669|
|         434|   -8.327140|   -7.769176|    0.326008|    0.006669|
|         435|   -8.352090|   -7.793434|    0.326008|    0.006669|
|         436|   -8.379135|   -7.819784|    0.326008|    0.006669|
|         437|   -8.408186|   -7.848143|    0.326008|    0.006669|
|         438|   -8.439148|   -7.878423|    0.326008|    0.006669|
|         439|   -8.471920|   -7.910529|    0.326008|    0.006669|
|         440|   -8.506392|   -7.944358|    0.326008|    0.006669|
|         441|   -8.542442|   -7.979794|    0.326008|    0.006669|
|         442|   -8.579932|   -8.016704|    0.326008|    0.006669|
|         443|   -8.618701|   -8.054937|    0.326008|    0.006669|
|         444|   -8.658569|   -8.094322|    0.326008|    0.006669|
|         445|   -8.699330|   -8.134667|    0.326008|    0.006669|
|         446|   -8.740756|   -8.175762|    0.326008|    0.006669|
|         447|   -8.782608|   -8.217388|    0.326008|    0.006669|
|         448|   -8.824641|   -8.259321|    0.326008|    0.006669|
|         449|   -8.866612|   -8.301341|    0.326008|    0.006669|
|         450|   -8.908287|   -8.343232|    0.326008|    0.006669|
|         451|   -8.949442|   -8.384788|    0.326008|    0.006669|
+-----------------------------------------------------------------------+
|Fixed CL Mode                           |Value                         |
+-----------------------------------------------------------------------+
|Current CL                              |0.326008                      |
|Target CL                               |0.326                         |
|Previous AOA                            |0.866723                      |
|Changed AoA by                          |-4.18384e-05                  |
+-----------------------------------------------------------------------+
+----------------------------------------------------------------+
|  Inner_Iter|    rms[Rho]|   rms[RhoE]|          CL|          CD|
+----------------------------------------------------------------+
|         452|   -7.190442|   -6.583750|    0.326008|    0.006669|
|         453|   -7.487545|   -6.877032|    0.326008|    0.006669|
|         454|   -7.730166|   -7.136592|    0.326007|    0.006669|
|         455|   -7.929328|   -7.318785|    0.326005|    0.006669|
|         456|   -8.092533|   -7.493474|    0.326003|    0.006669|
|         457|   -8.188211|   -7.590312|    0.326002|    0.006669|
|         458|   -8.322660|   -7.721751|    0.326002|    0.006668|
|         459|   -8.351934|   -7.749617|    0.326002|    0.006668|
|         460|   -8.402450|   -7.799080|    0.326002|    0.006668|
|         461|   -8.512995|   -7.917043|    0.326001|    0.006668|
|         462|   -8.578046|   -7.992847|    0.326001|    0.006668|
|         463|   -8.590758|   -8.006683|    0.326000|    0.006668|
|         464|   -8.623452|   -8.043526|    0.326000|    0.006668|
|         465|   -8.657985|   -8.088171|    0.326000|    0.006668|
|         466|   -8.663096|   -8.100511|    0.326000|    0.006668|
|         467|   -8.654833|   -8.095219|    0.325999|    0.006668|
|         468|   -8.645015|   -8.087431|    0.325999|    0.006668|
|         469|   -8.634379|   -8.078676|    0.325999|    0.006668|
|         470|   -8.624149|   -8.070032|    0.325999|    0.006668|
|         471|   -8.615510|   -8.062569|    0.325998|    0.006668|
|         472|   -8.608619|   -8.056333|    0.325998|    0.006668|
|         473|   -8.603599|   -8.051463|    0.325998|    0.006668|
|         474|   -8.600867|   -8.048578|    0.325998|    0.006668|
|         475|   -8.600790|   -8.048221|    0.325998|    0.006668|
|         476|   -8.603495|   -8.050554|    0.325998|    0.006668|
|         477|   -8.608947|   -8.055528|    0.325998|    0.006668|
|         478|   -8.617065|   -8.063075|    0.325997|    0.006668|
|         479|   -8.627782|   -8.073163|    0.325997|    0.006668|
|         480|   -8.641055|   -8.085780|    0.325997|    0.006668|
|         481|   -8.656829|   -8.100891|    0.325997|    0.006668|
|         482|   -8.675026|   -8.118420|    0.325997|    0.006668|
|         483|   -8.695559|   -8.138278|    0.325997|    0.006668|
|         484|   -8.718345|   -8.160379|    0.325997|    0.006668|
|         485|   -8.743307|   -8.184649|    0.325997|    0.006668|
|         486|   -8.770364|   -8.211010|    0.325997|    0.006668|
|         487|   -8.799427|   -8.239381|    0.325997|    0.006668|
|         488|   -8.830401|   -8.269673|    0.325997|    0.006668|
|         489|   -8.863186|   -8.301791|    0.325997|    0.006668|
|         490|   -8.897670|   -8.335631|    0.325997|    0.006668|
|         491|   -8.933732|   -8.371078|    0.325997|    0.006668|
|         492|   -8.971233|   -8.407999|    0.325997|    0.006668|
|         493|   -9.010014|   -8.446244|    0.325997|    0.006668|
|         494|   -9.049893|   -8.485641|    0.325997|    0.006668|
|         495|   -9.090665|   -8.525996|    0.325997|    0.006668|
|         496|   -9.132101|   -8.567102|    0.325997|    0.006668|
|         497|   -9.173963|   -8.608737|    0.325997|    0.006668|
|         498|   -9.216005|   -8.650679|    0.325997|    0.006668|
|         499|   -9.257983|   -8.692706|    0.325997|    0.006668|
|         500|   -9.299663|   -8.734604|    0.325997|    0.006668|
+-----------------------------------------------------------------------+
|        File Writing Summary       |              Filename             |
+-----------------------------------------------------------------------+
|SU2 binary restart                 |restart_flow.dat                   |
Writing Flow Meta-Data file: flow.meta
|Paraview                           |flow.vtu                           |
Writing Flow Meta-Data file: flow.meta
|Paraview surface                   |surface_flow.vtu                   |
Writing Flow Meta-Data file: flow.meta
|CSV file                           |surface_flow.csv                   |
Writing Flow Meta-Data file: flow.meta
+-----------------------------------------------------------------------+
+----------------------------------------------------------------+
|  Inner_Iter|    rms[Rho]|   rms[RhoE]|          CL|          CD|
+----------------------------------------------------------------+
|         501|   -9.340822|   -8.776164|    0.325997|    0.006668|
+-----------------------------------------------------------------------+
|Fixed CL Mode                           |Value                         |
+-----------------------------------------------------------------------+
|Current CL                              |0.325997                      |
|Target CL                               |0.326                         |
|Previous AOA                            |0.866681                      |
|Changed AoA by                          |1.69733e-05                   |
+-----------------------------------------------------------------------+
+----------------------------------------------------------------+
|  Inner_Iter|    rms[Rho]|   rms[RhoE]|          CL|          CD|
+----------------------------------------------------------------+
|         502|   -7.582249|   -6.975558|    0.325997|    0.006668|
|         503|   -7.879352|   -7.268839|    0.325997|    0.006668|
|         504|   -8.121972|   -7.528398|    0.325997|    0.006668|
|         505|   -8.321134|   -7.710592|    0.325998|    0.006668|
|         506|   -8.484338|   -7.885279|    0.325999|    0.006668|
|         507|   -8.580015|   -7.982116|    0.325999|    0.006668|
|         508|   -8.714459|   -8.113552|    0.325999|    0.006668|
|         509|   -8.743732|   -8.141418|    0.325999|    0.006668|
|         510|   -8.794246|   -8.190879|    0.325999|    0.006668|
|         511|   -8.904785|   -8.308836|    0.326000|    0.006668|
|         512|   -8.969832|   -8.384635|    0.326000|    0.006668|
|         513|   -8.982544|   -8.398472|    0.326000|    0.006668|
|         514|   -9.015237|   -8.435313|    0.326000|    0.006668|
|         515|   -9.049766|   -8.479953|    0.326000|    0.006668|
|         516|   -9.054877|   -8.492292|    0.326000|    0.006669|
|         517|   -9.046614|   -8.486999|    0.326000|    0.006669|
|         518|   -9.036795|   -8.479210|    0.326000|    0.006669|
|         519|   -9.026158|   -8.470454|    0.326000|    0.006669|
|         520|   -9.015927|   -8.461809|    0.326001|    0.006669|
|         521|   -9.007286|   -8.454345|    0.326001|    0.006669|
|         522|   -9.000393|   -8.448107|    0.326001|    0.006669|
|         523|   -8.995371|   -8.443233|    0.326001|    0.006669|
|         524|   -8.992635|   -8.440346|    0.326001|    0.006669|
|         525|   -8.992556|   -8.439986|    0.326001|    0.006669|
|         526|   -8.995259|   -8.442317|    0.326001|    0.006669|
|         527|   -9.000708|   -8.447288|    0.326001|    0.006669|
|         528|   -9.008822|   -8.454832|    0.326001|    0.006669|
|         529|   -9.019538|   -8.464918|    0.326001|    0.006669|
|         530|   -9.032809|   -8.477533|    0.326001|    0.006669|
|         531|   -9.048581|   -8.492643|    0.326001|    0.006669|
|         532|   -9.066776|   -8.510171|    0.326001|    0.006669|
|         533|   -9.087308|   -8.530027|    0.326001|    0.006669|
|         534|   -9.110094|   -8.552128|    0.326001|    0.006669|
|         535|   -9.135057|   -8.576398|    0.326001|    0.006669|
|         536|   -9.162114|   -8.602760|    0.326001|    0.006669|
|         537|   -9.191179|   -8.631133|    0.326001|    0.006669|
|         538|   -9.222155|   -8.661426|    0.326001|    0.006669|
|         539|   -9.254942|   -8.693547|    0.326001|    0.006669|
|         540|   -9.289429|   -8.727391|    0.326001|    0.006669|
|         541|   -9.325495|   -8.762841|    0.326001|    0.006669|
|         542|   -9.363000|   -8.799767|    0.326001|    0.006669|
|         543|   -9.401787|   -8.838017|    0.326001|    0.006669|
|         544|   -9.441672|   -8.877419|    0.326001|    0.006669|
|         545|   -9.482449|   -8.917780|    0.326001|    0.006669|
|         546|   -9.523892|   -8.958892|    0.326001|    0.006669|
|         547|   -9.565761|   -9.000535|    0.326001|    0.006669|
|         548|   -9.607809|   -9.042483|    0.326001|    0.006669|
|         549|   -9.649794|   -9.084517|    0.326001|    0.006669|
|         550|   -9.691481|   -9.126422|    0.326001|    0.006669|
|         551|   -9.732646|   -9.167989|    0.326001|    0.006668|
+-----------------------------------------------------------------------+
|Fixed CL Mode                           |Value                         |
+-----------------------------------------------------------------------+
|Current CL                              |0.326001                      |
|Target CL                               |0.326                         |
|Previous AOA                            |0.866698                      |
|Changed AoA by                          |-6.88637e-06                  |
+-----------------------------------------------------------------------+
+----------------------------------------------------------------+
|  Inner_Iter|    rms[Rho]|   rms[RhoE]|          CL|          CD|
+----------------------------------------------------------------+
|         552|   -7.974026|   -7.367335|    0.326001|    0.006668|
|         553|   -8.271130|   -7.660616|    0.326001|    0.006668|
|         554|   -8.513750|   -7.920175|    0.326001|    0.006668|
|         555|   -8.712912|   -8.102369|    0.326001|    0.006668|
|         556|   -8.876116|   -8.277057|    0.326001|    0.006668|
|         557|   -8.971792|   -8.373893|    0.326000|    0.006668|
|         558|   -9.106235|   -8.505328|    0.326000|    0.006668|
|         559|   -9.135507|   -8.533193|    0.326000|    0.006668|
|         560|   -9.186018|   -8.582652|    0.326000|    0.006668|
|         561|   -9.296550|   -8.700603|    0.326000|    0.006668|
|         562|   -9.361588|   -8.776394|    0.326000|    0.006668|
|         563|   -9.374295|   -8.790226|    0.326000|    0.006668|
|         564|   -9.406979|   -8.827059|    0.326000|    0.006668|
|         565|   -9.441496|   -8.871687|    0.326000|    0.006668|
|         566|   -9.446601|   -8.884018|    0.326000|    0.006668|
|         567|   -9.438336|   -8.878723|    0.326000|    0.006668|
|         568|   -9.428516|   -8.870934|    0.326000|    0.006668|
|         569|   -9.417881|   -8.862178|    0.326000|    0.006668|
|         570|   -9.407652|   -8.853535|    0.326000|    0.006668|
|         571|   -9.399013|   -8.846072|    0.326000|    0.006668|
|         572|   -9.392123|   -8.839837|    0.326000|    0.006668|
|         573|   -9.387104|   -8.834967|    0.326000|    0.006668|
|         574|   -9.384371|   -8.832082|    0.326000|    0.006668|
|         575|   -9.384295|   -8.831725|    0.326000|    0.006668|
|         576|   -9.387000|   -8.834058|    0.326000|    0.006668|
|         577|   -9.392452|   -8.839032|    0.326000|    0.006668|
|         578|   -9.400569|   -8.846579|    0.326000|    0.006668|
|         579|   -9.411286|   -8.856666|    0.326000|    0.006668|
|         580|   -9.424559|   -8.869284|    0.326000|    0.006668|
|         581|   -9.440333|   -8.884395|    0.326000|    0.006668|
|         582|   -9.458530|   -8.901924|    0.326000|    0.006668|
|         583|   -9.479063|   -8.921782|    0.326000|    0.006668|
|         584|   -9.501851|   -8.943884|    0.325999|    0.006668|
|         585|   -9.526814|   -8.968155|    0.325999|    0.006668|
|         586|   -9.553873|   -8.994518|    0.325999|    0.006668|
|         587|   -9.582938|   -9.022891|    0.325999|    0.006668|
|         588|   -9.613914|   -9.053185|    0.325999|    0.006668|
|         589|   -9.646702|   -9.085306|    0.325999|    0.006668|
|         590|   -9.681189|   -9.119151|    0.325999|    0.006668|
|         591|   -9.717255|   -9.154602|    0.325999|    0.006668|
|         592|   -9.754761|   -9.191528|    0.325999|    0.006668|
|         593|   -9.793548|   -9.229778|    0.325999|    0.006668|
|         594|   -9.833433|   -9.269180|    0.325999|    0.006668|
|         595|   -9.874210|   -9.309541|    0.325999|    0.006668|
|         596|   -9.915653|   -9.350653|    0.325999|    0.006668|
|         597|   -9.957522|   -9.392296|    0.325999|    0.006668|
|         598|   -9.999571|   -9.434245|    0.325999|    0.006668|
|         599|  -10.041557|   -9.476279|    0.325999|    0.006668|
|         600|  -10.083244|   -9.518184|    0.325999|    0.006668|
|         601|  -10.124410|   -9.559752|    0.325999|    0.006668|
+-----------------------------------------------------------------------+
|Fixed CL Mode                           |Value                         |
+-----------------------------------------------------------------------+
|Current CL                              |0.325999                      |
|Target CL                               |0.326                         |
|Previous AOA                            |0.866691                      |
|Changed AoA by                          |2.79445e-06                   |
+-----------------------------------------------------------------------+
+----------------------------------------------------------------+
|  Inner_Iter|    rms[Rho]|   rms[RhoE]|          CL|          CD|
+----------------------------------------------------------------+
|         602|   -8.365721|   -7.759029|    0.325999|    0.006668|
|         603|   -8.662824|   -8.052311|    0.325999|    0.006668|
|         604|   -8.905444|   -8.311870|    0.326000|    0.006668|
|         605|   -9.104606|   -8.494064|    0.326000|    0.006668|
|         606|   -9.267811|   -8.668751|    0.326000|    0.006668|
|         607|   -9.363487|   -8.765588|    0.326000|    0.006668|
|         608|   -9.497931|   -8.897024|    0.326000|    0.006668|
|         609|   -9.527202|   -8.924888|    0.326000|    0.006668|
|         610|   -9.577713|   -8.974347|    0.326000|    0.006668|
|         611|   -9.688245|   -9.092298|    0.326000|    0.006668|
|         612|   -9.753283|   -9.168090|    0.326000|    0.006668|
|         613|   -9.765990|   -9.181921|    0.326000|    0.006668|
|         614|   -9.798674|   -9.218755|    0.326000|    0.006668|
|         615|   -9.833192|   -9.263383|    0.326000|    0.006668|
|         616|   -9.838297|   -9.275715|    0.326000|    0.006668|
|         617|   -9.830033|   -9.270420|    0.326000|    0.006668|
|         618|   -9.820214|   -9.262631|    0.326000|    0.006668|
|         619|   -9.809579|   -9.253876|    0.326000|    0.006668|
|         620|   -9.799350|   -9.245233|    0.326000|    0.006668|
|         621|   -9.790712|   -9.237771|    0.326000|    0.006668|
|         622|   -9.783822|   -9.231535|    0.326000|    0.006668|
|         623|   -9.778803|   -9.226665|    0.326000|    0.006668|
|         624|   -9.776070|   -9.223781|    0.326000|    0.006668|
|         625|   -9.775993|   -9.223424|    0.326000|    0.006668|
|         626|   -9.778699|   -9.225757|    0.326000|    0.006668|
|         627|   -9.784150|   -9.230731|    0.326000|    0.006668|
|         628|   -9.792267|   -9.238277|    0.326000|    0.006668|
|         629|   -9.802985|   -9.248365|    0.326000|    0.006668|
|         630|   -9.816258|   -9.260982|    0.326000|    0.006668|
|         631|   -9.832031|   -9.276093|    0.326000|    0.006668|
|         632|   -9.850229|   -9.293622|    0.326000|    0.006668|
|         633|   -9.870762|   -9.313480|    0.326000|    0.006668|
|         634|   -9.893549|   -9.335582|    0.326000|    0.006668|
|         635|   -9.918512|   -9.359853|    0.326000|    0.006668|
|         636|   -9.945571|   -9.386217|    0.326000|    0.006668|
|         637|   -9.974636|   -9.414590|    0.326000|    0.006668|
|         638|  -10.005613|   -9.444884|    0.326000|    0.006668|
|         639|  -10.038400|   -9.477005|    0.326000|    0.006668|
|         640|  -10.072888|   -9.510849|    0.326000|    0.006668|
|         641|  -10.108955|   -9.546301|    0.326000|    0.006668|
|         642|  -10.146461|   -9.583227|    0.326000|    0.006668|
|         643|  -10.185247|   -9.621477|    0.326000|    0.006668|
|         644|  -10.225133|   -9.660879|    0.326000|    0.006668|
|         645|  -10.265910|   -9.701241|    0.326000|    0.006668|
|         646|  -10.307354|   -9.742354|    0.326000|    0.006668|
|         647|  -10.349223|   -9.783997|    0.326000|    0.006668|
|         648|  -10.391272|   -9.825946|    0.326000|    0.006668|
|         649|  -10.433258|   -9.867981|    0.326000|    0.006668|
|         650|  -10.474946|   -9.909886|    0.326000|    0.006668|
|         651|  -10.516112|   -9.951454|    0.326000|    0.006668|
|         652|  -10.556543|   -9.992476|    0.326000|    0.006668|
|         653|  -10.596028|  -10.032737|    0.326000|    0.006668|
|         654|  -10.634358|  -10.072000|    0.326000|    0.006668|
|         655|  -10.671314|  -10.110009|    0.326000|    0.006668|
|         656|  -10.706675|  -10.146486|    0.326000|    0.006668|
|         657|  -10.740222|  -10.181152|    0.326000|    0.006668|
|         658|  -10.771751|  -10.213742|    0.326000|    0.006668|
|         659|  -10.801097|  -10.244043|    0.326000|    0.006668|
|         660|  -10.828144|  -10.271918|    0.326000|    0.006668|
|         661|  -10.852845|  -10.297323|    0.326000|    0.006668|
|         662|  -10.875222|  -10.320311|    0.326000|    0.006668|
|         663|  -10.895355|  -10.341015|    0.326000|    0.006668|
|         664|  -10.913364|  -10.359609|    0.326000|    0.006668|
|         665|  -10.929392|  -10.376281|    0.326000|    0.006668|
|         666|  -10.943582|  -10.391201|    0.326000|    0.006668|
|         667|  -10.956080|  -10.404510|    0.326000|    0.006668|
|         668|  -10.967032|  -10.416323|    0.326000|    0.006668|
|         669|  -10.976599|  -10.426747|    0.326000|    0.006668|
|         670|  -10.984968|  -10.435906|    0.326000|    0.006668|
|         671|  -10.992360|  -10.443961|    0.326000|    0.006668|
|         672|  -10.999036|  -10.451125|    0.326000|    0.006668|
|         673|  -11.005290|  -10.457667|    0.326000|    0.006668|
|         674|  -11.011439|  -10.463900|    0.326000|    0.006668|
|         675|  -11.017807|  -10.470166|    0.326000|    0.006668|
|         676|  -11.024706|  -10.476807|    0.326000|    0.006668|
|         677|  -11.032430|  -10.484152|    0.326000|    0.006668|
|         678|  -11.041234|  -10.492494|    0.326000|    0.006668|
|         679|  -11.051331|  -10.502082|    0.326000|    0.006668|
|         680|  -11.062887|  -10.513109|    0.326000|    0.006668|
|         681|  -11.076019|  -10.525716|    0.326000|    0.006668|
|         682|  -11.090794|  -10.539987|    0.326000|    0.006668|
|         683|  -11.107232|  -10.555952|    0.326000|    0.006668|
|         684|  -11.125304|  -10.573589|    0.326000|    0.006668|
|         685|  -11.144933|  -10.592825|    0.326000|    0.006668|
|         686|  -11.165989|  -10.613533|    0.326000|    0.006668|
|         687|  -11.188294|  -10.635534|    0.326000|    0.006668|
|         688|  -11.211615|  -10.658600|    0.326000|    0.006668|
|         689|  -11.235659|  -10.682445|    0.326000|    0.006668|
|         690|  -11.260079|  -10.706730|    0.326000|    0.006668|
|         691|  -11.284467|  -10.731057|    0.326000|    0.006668|
|         692|  -11.308363|  -10.754982|    0.326000|    0.006668|
|         693|  -11.331277|  -10.778023|    0.326000|    0.006668|
|         694|  -11.352711|  -10.799689|    0.326000|    0.006668|
|         695|  -11.372201|  -10.819513|    0.326000|    0.006668|
|         696|  -11.389360|  -10.837093|    0.326000|    0.006668|
|         697|  -11.403922|  -10.852134|    0.326000|    0.006668|
|         698|  -11.415773|  -10.864480|    0.326000|    0.006668|
|         699|  -11.424965|  -10.874135|    0.326000|    0.006668|
|         700|  -11.431695|  -10.881251|    0.326000|    0.006668|
|         701|  -11.436285|  -10.886118|    0.326000|    0.006668|
|         702|  -11.439127|  -10.889112|    0.326000|    0.006668|
|         703|  -11.440648|  -10.890659|    0.326000|    0.006668|
|         704|  -11.441269|  -10.891190|    0.326000|    0.006668|
|         705|  -11.441380|  -10.891115|    0.326000|    0.006668|
|         706|  -11.441321|  -10.890797|    0.326000|    0.006668|
|         707|  -11.441383|  -10.890549|    0.326000|    0.006668|
|         708|  -11.441803|  -10.890626|    0.326000|    0.006668|
|         709|  -11.442767|  -10.891231|    0.326000|    0.006668|
|         710|  -11.444420|  -10.892522|    0.326000|    0.006668|
|         711|  -11.446870|  -10.894616|    0.326000|    0.006668|
|         712|  -11.450195|  -10.897595|    0.326000|    0.006668|
|         713|  -11.454447|  -10.901516|    0.326000|    0.006668|
|         714|  -11.459659|  -10.906414|    0.326000|    0.006668|
|         715|  -11.465852|  -10.912309|    0.326000|    0.006668|
|         716|  -11.473032|  -10.919206|    0.326000|    0.006668|
|         717|  -11.481200|  -10.927103|    0.326000|    0.006668|
|         718|  -11.490348|  -10.935992|    0.326000|    0.006668|
|         719|  -11.500466|  -10.945861|    0.326000|    0.006668|
|         720|  -11.511541|  -10.956693|    0.326000|    0.006668|
|         721|  -11.523559|  -10.968473|    0.326000|    0.006668|
|         722|  -11.536503|  -10.981184|    0.326000|    0.006668|
|         723|  -11.550358|  -10.994809|    0.326000|    0.006668|
|         724|  -11.565109|  -11.009331|    0.326000|    0.006668|
|         725|  -11.580739|  -11.024734|    0.326000|    0.006668|
|         726|  -11.597237|  -11.041006|    0.326000|    0.006668|
|         727|  -11.614589|  -11.058133|    0.326000|    0.006668|
|         728|  -11.632783|  -11.076103|    0.326000|    0.006668|
|         729|  -11.651812|  -11.094907|    0.326000|    0.006668|
|         730|  -11.671666|  -11.114537|    0.326000|    0.006668|
|         731|  -11.692339|  -11.134987|    0.326000|    0.006668|
|         732|  -11.713828|  -11.156253|    0.326000|    0.006668|
|         733|  -11.736127|  -11.178330|    0.326000|    0.006668|
|         734|  -11.759235|  -11.201216|    0.326000|    0.006668|
|         735|  -11.783147|  -11.224909|    0.326000|    0.006668|
|         736|  -11.807860|  -11.249403|    0.326000|    0.006668|
|         737|  -11.833369|  -11.274695|    0.326000|    0.006668|
|         738|  -11.859665|  -11.300778|    0.326000|    0.006668|
|         739|  -11.886735|  -11.327641|    0.326000|    0.006668|
|         740|  -11.914563|  -11.355268|    0.326000|    0.006668|
|         741|  -11.943123|  -11.383637|    0.326000|    0.006668|
|         742|  -11.972384|  -11.412719|    0.326000|    0.006668|
|         743|  -12.002300|  -11.442476|    0.326000|    0.006668|
|         744|  -12.032818|  -11.472858|    0.326000|    0.006668|
|         745|  -12.063869|  -11.503801|    0.326000|    0.006668|
|         746|  -12.095367|  -11.535231|    0.326000|    0.006668|
|         747|  -12.127208|  -11.567050|    0.326000|    0.006668|
|         748|  -12.159270|  -11.599148|    0.326000|    0.006668|
|         749|  -12.191405|  -11.631390|    0.326000|    0.006668|
|         750|  -12.223445|  -11.663617|    0.326000|    0.006668|
+-----------------------------------------------------------------------+
|        File Writing Summary       |              Filename             |
+-----------------------------------------------------------------------+
|SU2 binary restart                 |restart_flow.dat                   |
Writing Flow Meta-Data file: flow.meta
|Paraview                           |flow.vtu                           |
Writing Flow Meta-Data file: flow.meta
|Paraview surface                   |surface_flow.vtu                   |
Writing Flow Meta-Data file: flow.meta
|CSV file                           |surface_flow.csv                   |
Writing Flow Meta-Data file: flow.meta
+-----------------------------------------------------------------------+
+----------------------------------------------------------------+
|  Inner_Iter|    rms[Rho]|   rms[RhoE]|          CL|          CD|
+----------------------------------------------------------------+
|         751|  -12.255197|  -11.695649|    0.326000|    0.006668|
|         752|  -12.286450|  -11.727285|    0.326000|    0.006668|
|         753|  -12.316979|  -11.758305|    0.326000|    0.006668|
|         754|  -12.346548|  -11.788477|    0.326000|    0.006668|
|         755|  -12.374934|  -11.817574|    0.326000|    0.006668|
|         756|  -12.401931|  -11.845378|    0.326000|    0.006668|
|         757|  -12.427376|  -11.871705|    0.326000|    0.006668|
|         758|  -12.451160|  -11.896418|    0.326000|    0.006668|
|         759|  -12.473241|  -11.919443|    0.326000|    0.006668|
|         760|  -12.493651|  -11.940774|    0.326000|    0.006668|
|         761|  -12.512493|  -11.960480|    0.326000|    0.006668|
|         762|  -12.529936|  -11.978698|    0.326000|    0.006668|
|         763|  -12.546196|  -11.995617|    0.326000|    0.006668|
|         764|  -12.561512|  -12.011466|    0.326000|    0.006668|
|         765|  -12.576148|  -12.026501|    0.326000|    0.006668|
|         766|  -12.590355|  -12.040979|    0.326000|    0.006668|
|         767|  -12.604371|  -12.055144|    0.326000|    0.006668|
|         768|  -12.618413|  -12.069232|    0.326000|    0.006668|
|         769|  -12.632669|  -12.083442|    0.326000|    0.006668|
|         770|  -12.647294|  -12.097949|    0.326000|    0.006668|
|         771|  -12.662419|  -12.112893|    0.326000|    0.006668|
|         772|  -12.678146|  -12.128391|    0.326000|    0.006668|
|         773|  -12.694540|  -12.144522|    0.326000|    0.006668|
|         774|  -12.711664|  -12.161355|    0.326000|    0.006668|
|         775|  -12.729538|  -12.178920|    0.326000|    0.006668|
|         776|  -12.748174|  -12.197236|    0.326000|    0.006668|
|         777|  -12.767558|  -12.216295|    0.326000|    0.006668|
|         778|  -12.787656|  -12.236068|    0.326000|    0.006668|
|         779|  -12.808409|  -12.256508|    0.326000|    0.006668|
|         780|  -12.829734|  -12.277530|    0.326000|    0.006668|
|         781|  -12.851524|  -12.299041|    0.326000|    0.006668|
|         782|  -12.873629|  -12.320893|    0.326000|    0.006668|
|         783|  -12.895866|  -12.342918|    0.326000|    0.006668|
|         784|  -12.918024|  -12.364907|    0.326000|    0.006668|
|         785|  -12.939836|  -12.386609|    0.326000|    0.006668|
|         786|  -12.961014|  -12.407730|    0.326000|    0.006668|
|         787|  -12.981235|  -12.427962|    0.326000|    0.006668|
|         788|  -13.000170|  -12.446979|    0.326000|    0.006668|
+-----------------------------------------------------------------------+
|      Convergence Field     |     Value    |   Criterion  |  Converged |
+-----------------------------------------------------------------------+
|                    rms[Rho]|      -13.0002|         < -13|         Yes|
+-----------------------------------------------------------------------+
+-----------------------------------------------------------------------+
|        File Writing Summary       |              Filename             |
+-----------------------------------------------------------------------+
|SU2 binary restart                 |restart_flow.dat                   |
Writing Flow Meta-Data file: flow.meta
|Paraview                           |flow.vtu                           |
Writing Flow Meta-Data file: flow.meta
|Paraview surface                   |surface_flow.vtu                   |
Writing Flow Meta-Data file: flow.meta
|CSV file                           |surface_flow.csv                   |
Writing Flow Meta-Data file: flow.meta
+-----------------------------------------------------------------------+
+----------------------------------------------------------------+
|  Inner_Iter|    rms[Rho]|   rms[RhoE]|          CL|          CD|
+----------------------------------------------------------------+
|         789|  -13.017518|  -12.464471|    0.326000|    0.006674|
+-----------------------------------------------------------------------+
|Fixed CL Mode                           |Value                         |
+-----------------------------------------------------------------------+
|Current CL                              |0.326                         |
|Target CL                               |0.326                         |
|Previous AOA                            |0.866694                      |
|Changed AoA by (Finite Difference step) |0.001                         |
+-----------------------------------------------------------------------+
+----------------------------------------------------------------+
|  Inner_Iter|    rms[Rho]|   rms[RhoE]|          CL|          CD|
+----------------------------------------------------------------+
|         790|   -5.812066|   -5.205352|    0.326000|    0.006674|
|         791|   -6.109388|   -5.498851|    0.326008|    0.006674|
|         792|   -6.352497|   -5.758898|    0.326037|    0.006675|
|         793|   -6.551622|   -5.940933|    0.326081|    0.006676|
|         794|   -6.715019|   -6.115707|    0.326120|    0.006676|
|         795|   -6.811691|   -6.213436|    0.326143|    0.006677|
|         796|   -6.948048|   -6.346563|    0.326149|    0.006677|
|         797|   -6.977519|   -6.374626|    0.326150|    0.006678|
|         798|   -7.028552|   -6.424520|    0.326156|    0.006678|
|         799|   -7.141698|   -6.544882|    0.326165|    0.006678|
|         800|   -7.209311|   -6.623277|    0.326174|    0.006679|
|         801|   -7.223047|   -6.637899|    0.326182|    0.006679|
|         802|   -7.258397|   -6.677031|    0.326189|    0.006680|
|         803|   -7.297679|   -6.726425|    0.326195|    0.006680|
|         804|   -7.306783|   -6.743017|    0.326200|    0.006680|
|         805|   -7.301554|   -6.740838|    0.326205|    0.006680|
|         806|   -7.294469|   -6.735849|    0.326209|    0.006681|
|         807|   -7.286071|   -6.729476|    0.326214|    0.006681|
|         808|   -7.277638|   -6.722784|    0.326218|    0.006681|
|         809|   -7.270549|   -6.716987|    0.326222|    0.006681|
|         810|   -7.264997|   -6.712159|    0.326226|    0.006681|
|         811|   -7.261096|   -6.708441|    0.326230|    0.006681|
|         812|   -7.259305|   -6.706517|    0.326233|    0.006681|
|         813|   -7.260043|   -6.706998|    0.326237|    0.006681|
|         814|   -7.263465|   -6.710072|    0.326240|    0.006681|
|         815|   -7.269541|   -6.715689|    0.326243|    0.006681|
|         816|   -7.278196|   -6.723783|    0.326246|    0.006681|
|         817|   -7.289369|   -6.734336|    0.326249|    0.006681|
|         818|   -7.303019|   -6.747347|    0.326252|    0.006681|
|         819|   -7.319091|   -6.762778|    0.326254|    0.006681|
|         820|   -7.337494|   -6.780541|    0.326257|    0.006681|
|         821|   -7.358126|   -6.800527|    0.326259|    0.006681|
|         822|   -7.380886|   -6.822631|    0.326261|    0.006681|
|         823|   -7.405679|   -6.846759|    0.326263|    0.006681|
|         824|   -7.432408|   -6.872814|    0.326264|    0.006681|
|         825|   -7.460956|   -6.900684|    0.326266|    0.006681|
|         826|   -7.491208|   -6.930265|    0.326267|    0.006681|
|         827|   -7.523043|   -6.961447|    0.326268|    0.006681|
|         828|   -7.556324|   -6.994107|    0.326269|    0.006682|
|         829|   -7.590904|   -7.028104|    0.326270|    0.006682|
|         830|   -7.626622|   -7.063284|    0.326271|    0.006682|
|         831|   -7.663299|   -7.099476|    0.326272|    0.006682|
|         832|   -7.700736|   -7.136488|    0.326272|    0.006682|
|         833|   -7.738712|   -7.174114|    0.326273|    0.006682|
|         834|   -7.776991|   -7.212129|    0.326273|    0.006682|
|         835|   -7.815329|   -7.250303|    0.326273|    0.006682|
|         836|   -7.853483|   -7.288408|    0.326274|    0.006682|
|         837|   -7.891225|   -7.326230|    0.326274|    0.006682|
|         838|   -7.928351|   -7.363576|    0.326274|    0.006682|
|         839|   -7.964688|   -7.400280|    0.326274|    0.006682|
|         840|   -8.000102|   -7.436203|    0.326274|    0.006682|
|         841|   -8.034493|   -7.471232|    0.326274|    0.006682|
|         842|   -8.067798|   -7.505277|    0.326274|    0.006682|
|         843|   -8.099989|   -7.538271|    0.326274|    0.006682|
|         844|   -8.131067|   -7.570170|    0.326274|    0.006682|
|         845|   -8.161072|   -7.600963|    0.326274|    0.006682|
|         846|   -8.190077|   -7.630681|    0.326275|    0.006682|
|         847|   -8.218191|   -7.659400|    0.326275|    0.006682|
|         848|   -8.245558|   -7.687249|    0.326275|    0.006682|
|         849|   -8.272350|   -7.714405|    0.326275|    0.006682|
|         850|   -8.298760|   -7.741082|    0.326275|    0.006682|
|         851|   -8.324981|   -7.767510|    0.326275|    0.006682|
|         852|   -8.351190|   -7.793909|    0.326275|    0.006682|
|         853|   -8.377519|   -7.820464|    0.326275|    0.006682|
|         854|   -8.404041|   -7.847292|    0.326275|    0.006682|
|         855|   -8.430746|   -7.874421|    0.326275|    0.006682|
|         856|   -8.457527|   -7.901773|    0.326274|    0.006682|
|         857|   -8.484186|   -7.929154|    0.326274|    0.006682|
|         858|   -8.510437|   -7.956267|    0.326274|    0.006682|
|         859|   -8.535936|   -7.982730|    0.326274|    0.006682|
|         860|   -8.560323|   -8.008124|    0.326275|    0.006682|
|         861|   -8.583277|   -8.032055|    0.326275|    0.006682|
|         862|   -8.604577|   -8.054224|    0.326275|    0.006682|
|         863|   -8.624143|   -8.074490|    0.326275|    0.006682|
|         864|   -8.642066|   -8.092903|    0.326275|    0.006682|
|         865|   -8.658592|   -8.109703|    0.326275|    0.006682|
|         866|   -8.674079|   -8.125272|    0.326275|    0.006682|
|         867|   -8.688939|   -8.140064|    0.326275|    0.006682|
|         868|   -8.703578|   -8.154536|    0.326275|    0.006682|
|         869|   -8.718344|   -8.169090|    0.326275|    0.006682|
|         870|   -8.733492|   -8.184023|    0.326275|    0.006682|
|         871|   -8.749163|   -8.199510|    0.326276|    0.006682|
|         872|   -8.765374|   -8.215586|    0.326276|    0.006682|
|         873|   -8.782016|   -8.232146|    0.326276|    0.006682|
|         874|   -8.798864|   -8.248962|    0.326276|    0.006682|
|         875|   -8.815598|   -8.265701|    0.326276|    0.006682|
|         876|   -8.831828|   -8.281958|    0.326276|    0.006682|
|         877|   -8.847144|   -8.297306|    0.326277|    0.006682|
|         878|   -8.861157|   -8.311342|    0.326277|    0.006682|
|         879|   -8.873536|   -8.323727|    0.326277|    0.006682|
|         880|   -8.884052|   -8.334228|    0.326277|    0.006682|
|         881|   -8.892602|   -8.342744|    0.326277|    0.006682|
|         882|   -8.899220|   -8.349310|    0.326278|    0.006682|
|         883|   -8.904055|   -8.354082|    0.326278|    0.006682|
|         884|   -8.907345|   -8.357297|    0.326278|    0.006682|
|         885|   -8.909381|   -8.359244|    0.326278|    0.006682|
|         886|   -8.910471|   -8.360225|    0.326278|    0.006682|
|         887|   -8.910913|   -8.360533|    0.326278|    0.006682|
|         888|   -8.910979|   -8.360431|    0.326279|    0.006682|
|         889|   -8.910906|   -8.360153|    0.326279|    0.006682|
|         890|   -8.910895|   -8.359897|    0.326279|    0.006682|
|         891|   -8.911117|   -8.359837|    0.326279|    0.006682|
|         892|   -8.911712|   -8.360115|    0.326279|    0.006682|
|         893|   -8.912794|   -8.360851|    0.326279|    0.006682|
|         894|   -8.914450|   -8.362142|    0.326279|    0.006682|
|         895|   -8.916753|   -8.364068|    0.326280|    0.006682|
|         896|   -8.919755|   -8.366693|    0.326280|    0.006682|
|         897|   -8.923498|   -8.370066|    0.326280|    0.006682|
|         898|   -8.928009|   -8.374220|    0.326280|    0.006682|
|         899|   -8.933306|   -8.379178|    0.326280|    0.006682|
|         900|   -8.939396|   -8.384954|    0.326280|    0.006682|
|         901|   -8.946281|   -8.391548|    0.326280|    0.006682|
|         902|   -8.953956|   -8.398957|    0.326280|    0.006682|
|         903|   -8.962411|   -8.407168|    0.326280|    0.006682|
|         904|   -8.971633|   -8.416168|    0.326281|    0.006682|
|         905|   -8.981607|   -8.425938|    0.326281|    0.006682|
|         906|   -8.992317|   -8.436459|    0.326281|    0.006682|
|         907|   -9.003746|   -8.447711|    0.326281|    0.006682|
|         908|   -9.015878|   -8.459677|    0.326281|    0.006682|
|         909|   -9.028697|   -8.472336|    0.326281|    0.006682|
|         910|   -9.042189|   -8.485674|    0.326281|    0.006682|
|         911|   -9.056340|   -8.499675|    0.326281|    0.006682|
|         912|   -9.071140|   -8.514326|    0.326281|    0.006682|
|         913|   -9.086576|   -8.529616|    0.326281|    0.006682|
|         914|   -9.102642|   -8.545535|    0.326281|    0.006682|
|         915|   -9.119330|   -8.562077|    0.326281|    0.006682|
|         916|   -9.136637|   -8.579237|    0.326281|    0.006682|
|         917|   -9.154561|   -8.597013|    0.326281|    0.006682|
|         918|   -9.173102|   -8.615405|    0.326281|    0.006682|
|         919|   -9.192263|   -8.634415|    0.326281|    0.006682|
|         920|   -9.212050|   -8.654048|    0.326281|    0.006682|
|         921|   -9.232468|   -8.674311|    0.326281|    0.006682|
|         922|   -9.253528|   -8.695212|    0.326281|    0.006682|
|         923|   -9.275239|   -8.716761|    0.326281|    0.006682|
|         924|   -9.297612|   -8.738968|    0.326281|    0.006682|
|         925|   -9.320659|   -8.761844|    0.326282|    0.006682|
|         926|   -9.344389|   -8.785400|    0.326282|    0.006682|
|         927|   -9.368811|   -8.809645|    0.326282|    0.006682|
|         928|   -9.393935|   -8.834588|    0.326282|    0.006682|
|         929|   -9.419764|   -8.860233|    0.326282|    0.006682|
|         930|   -9.446302|   -8.886585|    0.326282|    0.006682|
|         931|   -9.473545|   -8.913642|    0.326282|    0.006682|
|         932|   -9.501489|   -8.941401|    0.326282|    0.006682|
|         933|   -9.530121|   -8.969852|    0.326282|    0.006682|
|         934|   -9.559424|   -8.998981|    0.326282|    0.006682|
|         935|   -9.589374|   -9.028766|    0.326282|    0.006682|
|         936|   -9.619937|   -9.059180|    0.326282|    0.006682|
|         937|   -9.651072|   -9.090186|    0.326282|    0.006682|
|         938|   -9.682726|   -9.121737|    0.326282|    0.006682|
|         939|   -9.714835|   -9.153775|    0.326282|    0.006682|
|         940|   -9.747320|   -9.186229|    0.326282|    0.006682|
|         941|   -9.780092|   -9.219018|    0.326282|    0.006682|
|         942|   -9.813043|   -9.252042|    0.326282|    0.006682|
|         943|   -9.846056|   -9.285191|    0.326282|    0.006682|
|         944|   -9.878996|   -9.318339|    0.326282|    0.006682|
|         945|   -9.911723|   -9.351350|    0.326282|    0.006682|
|         946|   -9.944086|   -9.384078|    0.326282|    0.006682|
|         947|   -9.975936|   -9.416374|    0.326282|    0.006682|
|         948|  -10.007127|   -9.448092|    0.326282|    0.006682|
|         949|  -10.037527|   -9.479092|    0.326282|    0.006682|
|         950|  -10.067023|   -9.509252|    0.326282|    0.006682|
|         951|  -10.095528|   -9.538472|    0.326282|    0.006682|
|         952|  -10.122988|   -9.566679|    0.326282|    0.006682|
|         953|  -10.149379|   -9.593833|    0.326282|    0.006682|
|         954|  -10.174714|   -9.619923|    0.326282|    0.006682|
|         955|  -10.199035|   -9.644973|    0.326282|    0.006682|
|         956|  -10.222408|   -9.669032|    0.326282|    0.006682|
|         957|  -10.244918|   -9.692168|    0.326282|    0.006682|
|         958|  -10.266661|   -9.714465|    0.326282|    0.006682|
|         959|  -10.287734|   -9.736012|    0.326282|    0.006682|
|         960|  -10.308228|   -9.756895|    0.326282|    0.006682|
|         961|  -10.328223|   -9.777193|    0.326282|    0.006682|
|         962|  -10.347779|   -9.796971|    0.326282|    0.006682|
|         963|  -10.366936|   -9.816271|    0.326282|    0.006682|
|         964|  -10.385704|   -9.835113|    0.326282|    0.006682|
|         965|  -10.404066|   -9.853489|    0.326282|    0.006682|
|         966|  -10.421973|   -9.871359|    0.326282|    0.006682|
|         967|  -10.439347|   -9.888656|    0.326282|    0.006682|
|         968|  -10.456083|   -9.905283|    0.326282|    0.006682|
|         969|  -10.472051|   -9.921121|    0.326282|    0.006682|
|         970|  -10.487107|   -9.936033|    0.326282|    0.006682|
|         971|  -10.501099|   -9.949875|    0.326282|    0.006682|
|         972|  -10.513883|   -9.962508|    0.326282|    0.006682|
|         973|  -10.525333|   -9.973810|    0.326282|    0.006682|
|         974|  -10.535356|   -9.983692|    0.326282|    0.006682|
|         975|  -10.543903|   -9.992107|    0.326282|    0.006682|
|         976|  -10.550979|   -9.999060|    0.326282|    0.006682|
|         977|  -10.556638|  -10.004607|    0.326282|    0.006682|
|         978|  -10.560990|  -10.008855|    0.326282|    0.006682|
|         979|  -10.564184|  -10.011953|    0.326282|    0.006682|
|         980|  -10.566402|  -10.014079|    0.326282|    0.006682|
|         981|  -10.567844|  -10.015433|    0.326282|    0.006682|
|         982|  -10.568717|  -10.016218|    0.326282|    0.006682|
|         983|  -10.569225|  -10.016637|    0.326282|    0.006682|
|         984|  -10.569560|  -10.016879|    0.326282|    0.006682|
|         985|  -10.569898|  -10.017118|    0.326282|    0.006682|
|         986|  -10.570395|  -10.017509|    0.326282|    0.006682|
|         987|  -10.571185|  -10.018186|    0.326282|    0.006682|
|         988|  -10.572382|  -10.019262|    0.326282|    0.006682|
|         989|  -10.574080|  -10.020830|    0.326282|    0.006682|
|         990|  -10.576355|  -10.022969|    0.326282|    0.006682|
|         991|  -10.579269|  -10.025738|    0.326282|    0.006682|
|         992|  -10.582869|  -10.029186|    0.326282|    0.006682|
|         993|  -10.587190|  -10.033349|    0.326282|    0.006682|
|         994|  -10.592257|  -10.038253|    0.326282|    0.006682|
|         995|  -10.598089|  -10.043918|    0.326282|    0.006682|
|         996|  -10.604697|  -10.050354|    0.326282|    0.006682|
|         997|  -10.612086|  -10.057568|    0.326282|    0.006682|
|         998|  -10.620260|  -10.065564|    0.326282|    0.006682|
|         999|  -10.629215|  -10.074340|    0.326282|    0.006682|
|        1000|  -10.638950|  -10.083893|    0.326282|    0.006682|
|        1001|  -10.649458|  -10.094219|    0.326282|    0.006682|
|        1002|  -10.660733|  -10.105311|    0.326282|    0.006682|
|        1003|  -10.672770|  -10.117163|    0.326282|    0.006682|
|        1004|  -10.685559|  -10.129768|    0.326282|    0.006682|
|        1005|  -10.699095|  -10.143119|    0.326282|    0.006682|
|        1006|  -10.713371|  -10.157209|    0.326282|    0.006682|
|        1007|  -10.728381|  -10.172032|    0.326282|    0.006682|
|        1008|  -10.744118|  -10.187582|    0.326282|    0.006682|
|        1009|  -10.760577|  -10.203854|    0.326282|    0.006682|
|        1010|  -10.777753|  -10.220842|    0.326282|    0.006682|
|        1011|  -10.795642|  -10.238541|    0.326282|    0.006682|
|        1012|  -10.814240|  -10.256948|    0.326282|    0.006682|
|        1013|  -10.833542|  -10.276058|    0.326282|    0.006682|
|        1014|  -10.853544|  -10.295868|    0.326282|    0.006682|
|        1015|  -10.874242|  -10.316372|    0.326282|    0.006682|
|        1016|  -10.895632|  -10.337567|    0.326282|    0.006682|
|        1017|  -10.917707|  -10.359446|    0.326282|    0.006682|
|        1018|  -10.940460|  -10.382005|    0.326282|    0.006682|
|        1019|  -10.963885|  -10.405235|    0.326282|    0.006682|
|        1020|  -10.987972|  -10.429128|    0.326282|    0.006682|
|        1021|  -11.012708|  -10.453673|    0.326282|    0.006682|
|        1022|  -11.038078|  -10.478858|    0.326282|    0.006682|
|        1023|  -11.064067|  -10.504665|    0.326282|    0.006682|
|        1024|  -11.090652|  -10.531078|    0.326282|    0.006682|
|        1025|  -11.117810|  -10.558072|    0.326282|    0.006682|
|        1026|  -11.145510|  -10.585622|    0.326282|    0.006682|
|        1027|  -11.173719|  -10.613697|    0.326282|    0.006682|
|        1028|  -11.202398|  -10.642261|    0.326282|    0.006682|
|        1029|  -11.231502|  -10.671273|    0.326282|    0.006682|
|        1030|  -11.260978|  -10.700686|    0.326282|    0.006682|
|        1031|  -11.290770|  -10.730446|    0.326282|    0.006682|
|        1032|  -11.320814|  -10.760495|    0.326282|    0.006682|
|        1033|  -11.351037|  -10.790765|    0.326282|    0.006682|
|        1034|  -11.381364|  -10.821184|    0.326282|    0.006682|
|        1035|  -11.411712|  -10.851674|    0.326282|    0.006682|
|        1036|  -11.441992|  -10.882152|    0.326282|    0.006682|
|        1037|  -11.472116|  -10.912529|    0.326282|    0.006682|
|        1038|  -11.501990|  -10.942715|    0.326282|    0.006682|
|        1039|  -11.531523|  -10.972620|    0.326282|    0.006682|
|        1040|  -11.560630|  -11.002155|    0.326282|    0.006682|
|        1041|  -11.589229|  -11.031235|    0.326282|    0.006676|
+-----------------------------------------------------------------------+
|Fixed CL Mode (Finite Difference)       |Value                         |
+-----------------------------------------------------------------------+
|Delta CL / Delta AoA                    |0.281586                      |
|Delta CD / Delta CL                     |0.0480909                     |
|Delta CMz / Delta CL                    |0.11578                       |
+-----------------------------------------------------------------------+
Writing Flow Meta-Data file: flow.meta

--------------------------- Finalizing Solver ---------------------------
Deleted CNumerics container.
Deleted CIntegration container.
Deleted CSolver container.
Deleted CIteration container.
Deleted CInterface container.
Deleted CGeometry container.
Deleted CFreeFormDefBox class.
Deleted CSurfaceMovement class.
Deleted CVolumetricMovement class.
Deleted CConfig container.
Deleted nInst container.
Deleted COutput class.
-------------------------------------------------------------------------

------------------------- Exit Success (SU2_CFD) ------------------------

