
-------------------------------------------------------------------------
|    ___ _   _ ___                                                      |
|   / __| | | |_  )   Release 8.3.0 "Harrier"                           |
|   \__ \ |_| |/ /                                                      |
|   |___/\___//___|   Suite (Computational Fluid Dynamics Code)         |
|                                                                       |
-------------------------------------------------------------------------
| SU2 Project Website: https://su2code.github.io                        |
|                                                                       |
| The SU2 Project is maintained by the SU2 Foundation                   |
| (http://su2foundation.org)                                            |
-------------------------------------------------------------------------
| Copyright 2012-2025, SU2 Contributors                                 |
|                                                                       |
| SU2 is free software; you can redistribute it and/or                  |
| modify it under the terms of the GNU Lesser General Public            |
| License as published by the Free Software Foundation; either          |
| version 2.1 of the License, or (at your option) any later version.    |
|                                                                       |
| SU2 is distributed in the hope that it will be useful,                |
| but WITHOUT ANY WARRANTY; without even the implied warranty of        |
| MERCHANTABILITY or FITNESS FOR A PARTICULAR PURPOSE. See the GNU      |
| Lesser General Public License for more details.                       |
|                                                                       |
| You should have received a copy of the GNU Lesser General Public      |
| License along with SU2. If not, see <http://www.gnu.org/licenses/>.   |
-------------------------------------------------------------------------

Parsing config file for zone 0

----------------- Physical Case Definition ( Zone 0 ) -------------------
Compressible Euler equations.
Mach number: 0.8.
Angle of attack (AoA): 1.25 deg, and angle of sideslip (AoS): 0 deg.
Fixed CL mode, target value: 0.326.
Reading and writing binary SU2 native restart files.
Read flow solution from: solution_flow.
Non-Dimensional simulation (P=1.0, Rho=1.0, T=1.0 at the farfield).
The reference area is 1 m^2.
The semi-span will be computed using the max y(3D) value.
The reference length is 1 m.
Reference origin for moment evaluation is (0.25, 0, 0).
Surface(s) where the force coefficients are evaluated: airfoil.

Surface(s) plotted in the output file: airfoil.
Surface(s) affected by the design variables: airfoil.
Input mesh file name: mesh_NACA0012_inv_deform.su2

--------------- Space Numerical Integration ( Zone 0 ) ------------------
Jameson-Schmidt-Turkel scheme (2nd order in space) for the flow inviscid terms.
JST viscous coefficients (2nd & 4th): 0.5, 0.02.
The method includes a grid stretching correction (p = 0.3).
Gradient for viscous and source terms: Green-Gauss.

--------------- Time Numerical Integration  ( Zone 0 ) ------------------
Local time stepping (steady state simulation).
Euler implicit method for the flow equations.
FGMRES is used for solving the linear system.
Using a LU-SGS preconditioning.
Convergence criteria of the linear solver: 0.0001.
Max number of linear iterations: 2.
V Multigrid Cycle, with 2 multigrid levels.
Damping factor for the residual restriction: 1.
Damping factor for the correction prolongation: 1.
No CFL adaptation.
+-------------------------------------------+
|  MG Level| Presmooth|PostSmooth|CorrectSmo|
+-------------------------------------------+
|         0|         1|         0|         0|
|         1|         2|         0|         0|
|         2|         3|         0|         0|
+-------------------------------------------+
Courant-Friedrichs-Lewy number:       10

------------------ Convergence Criteria  ( Zone 0 ) ---------------------
Maximum number of solver subiterations: 1250.
Begin convergence monitoring at iteration 10.
Residual minimum value: 1e-13.
Cauchy series min. value: 1e-06.
Number of Cauchy elements: 100.
Begin windowed time average at iteration 0.

-------------------- Output Information ( Zone 0 ) ----------------------
File writing frequency: 
+------------------------------------+
|                     File| Frequency|
+------------------------------------+
|                  RESTART|       250|
|                 PARAVIEW|       250|
|         SURFACE_PARAVIEW|       250|
|              SURFACE_CSV|       250|
+------------------------------------+
Writing the convergence history file every 1 inner iterations.
Writing the screen convergence history every 1 inner iterations.
The tabular file format is CSV (.csv).
Convergence history file name: history_direct.
Forces breakdown file name: forces_breakdown.dat.
Surface file name: surface_flow.
Volume file name: flow.
Restart file name: restart_flow.

------------- Config File Boundary Information ( Zone 0 ) ---------------
+-----------------------------------------------------------------------+
|                        Marker Type|                        Marker Name|
+-----------------------------------------------------------------------+
|                         Euler wall|                            airfoil|
+-----------------------------------------------------------------------+
|                          Far-field|                           farfield|
+-----------------------------------------------------------------------+

-------------------- Output Preprocessing ( Zone 0 ) --------------------

WARNING: SURFACE_PRESSURE_DROP can only be computed for at least 2 surfaces (outlet, inlet, ...)

Screen output fields: INNER_ITER, RMS_DENSITY, RMS_ENERGY, LIFT, DRAG
History output group(s): ITER, RMS_RES, AERO_COEFF
Convergence field(s): RMS_DENSITY
Warning: No (valid) fields chosen for time convergence monitoring. Time convergence monitoring inactive.
Volume output fields: COORDINATES, SOLUTION, PRIMITIVE

------------------- Geometry Preprocessing ( Zone 0 ) -------------------
Two dimensional problem.
5233 grid points.
10216 volume elements.
2 surface markers.
200 boundary elements in index 0 (Marker = airfoil).
50 boundary elements in index 1 (Marker = farfield).
10216 triangles.
Setting point connectivity.
Renumbering points (Reverse Cuthill McKee Ordering).
Recomputing point connectivity.
Setting element connectivity.
Checking the numerical grid orientation.
All volume elements are correctly oriented.
All surface elements are correctly oriented.
Identifying edges and vertices.
Setting the control volume structure.
Area of the computational grid: 1253.25.
Searching for the closest normal neighbors to the surfaces.
Storing a mapping from global to local point index.
Compute the surface curvature.
Max K: 7835.1. Mean K: 35.0088. Standard deviation K: 494.427.
Checking for periodicity.
Computing mesh quality statistics for the dual control volumes.
+--------------------------------------------------------------+
|           Mesh Quality Metric|        Minimum|        Maximum|
+--------------------------------------------------------------+
|    Orthogonality Angle (deg.)|        63.0027|        89.7292|
|     CV Face Area Aspect Ratio|        1.00325|        7.17981|
|           CV Sub-Volume Ratio|        1.00236|        6.47621|
+--------------------------------------------------------------+
Setting the multigrid structure.
+-------------------------------------------+
|  MG Level|       CVs|Aggl. Rate|       CFL|
+-------------------------------------------+
|         0|      5233|    1/1.00|        10|
|         1|      1690|     1/3.1|   8.52431|
|         2|       649|     1/2.6|   7.92373|
+-------------------------------------------+
Finding max control volume width.
Wetted area = 2.03826 m.
Area projection in the x-plane = 0.114032 m, y-plane = 0.999845 m.
Max. coordinate in the x-direction = 1 m, y-direction = 0.0586786 m.
Min. coordinate in the x-direction = 0 m, y-direction = -0.0553859 m.
Computing wall distances.

-------------------- Solver Preprocessing ( Zone 0 ) --------------------
WARNING: AoA in the solution file (0.7246 deg.) +
         AoA offset in mesh file (0 deg.) = 0.7246 deg.
WARNING: SU2 will use the dCD/dCL provided in the direct solution file: 0.0313799.
WARNING: SU2 will use the dCMz/dCL provided in the direct solution file: -0.0142407.
Inviscid flow: Computing density based on free-stream
temperature and pressure using the ideal gas law.
Force coefficients computed using free-stream values.

-- Models:
+------------------------------------------------------------------------------+
|          Viscosity Model|        Conductivity Model|              Fluid Model|
+------------------------------------------------------------------------------+
|                        -|                         -|             STANDARD_AIR|
+------------------------------------------------------------------------------+
-- Fluid properties:
+------------------------------------------------------------------------------+
|                  Name|    Dim. value|    Ref. value|      Unit|Non-dim. value|
+------------------------------------------------------------------------------+
|          Gas Constant|       287.058|       287.058|  N.m/kg.K|             1|
|      Spec. Heat Ratio|             -|             -|         -|           1.4|
+------------------------------------------------------------------------------+
-- Initial and free-stream conditions:
+------------------------------------------------------------------------------+
|                  Name|    Dim. value|    Ref. value|      Unit|Non-dim. value|
+------------------------------------------------------------------------------+
|       Static Pressure|        101325|        101325|        Pa|             1|
|               Density|       1.22498|       1.22498|    kg/m^3|             1|
|           Temperature|        288.15|        288.15|         K|             1|
|          Total Energy|        243846|       82715.8|   m^2/s^2|         2.948|
|            Velocity-X|       272.216|       287.603|       m/s|      0.946497|
|            Velocity-Y|        3.4428|       287.603|       m/s|     0.0119707|
|    Velocity Magnitude|       272.238|       287.603|       m/s|      0.946573|
+------------------------------------------------------------------------------+
|           Mach Number|             -|             -|         -|           0.8|
+------------------------------------------------------------------------------+
Initialize Jacobian structure (Euler). MG level: 0.
Initialize Jacobian structure (Euler). MG level: 1.
Initialize Jacobian structure (Euler). MG level: 2.

------------------- Numerics Preprocessing ( Zone 0 ) -------------------

----------------- Integration Preprocessing ( Zone 0 ) ------------------

------------------- Iteration Preprocessing ( Zone 0 ) ------------------
Euler/Navier-Stokes/RANS fluid iteration.

------------------------------ Begin Solver -----------------------------

Simulation Run using the Single-zone Driver
WARNING: SU2 was not compiled for an AVX-capable architecture. Performance could be better,
         see https://su2code.github.io/docs_v7/Build-SU2-Linux-MacOS/#compiler-optimizations
WARNING: SU2 was not compiled for an AVX-capable architecture. Performance could be better,
         see https://su2code.github.io/docs_v7/Build-SU2-Linux-MacOS/#compiler-optimizations
WARNING: SU2 was not compiled for an AVX-capable architecture. Performance could be better,
         see https://su2code.github.io/docs_v7/Build-SU2-Linux-MacOS/#compiler-optimizations
+----------------------------------------------------------------+
|  Inner_Iter|    rms[Rho]|   rms[RhoE]|          CL|          CD|
+----------------------------------------------------------------+
|           0|   -5.106395|   -4.510013|    0.325659|    0.019556|
|           1|   -5.375313|   -4.773278|    0.325420|    0.017813|
|           2|   -5.304318|   -4.716602|    0.326216|    0.017410|
|           3|   -5.273900|   -4.688215|    0.325426|    0.017558|
|           4|   -5.236757|   -4.659986|    0.325009|    0.017315|
|           5|   -5.223304|   -4.654554|    0.325309|    0.017117|
|           6|   -5.206437|   -4.640807|    0.325218|    0.016964|
|           7|   -5.192583|   -4.627850|    0.325144|    0.016844|
|           8|   -5.176074|   -4.613473|    0.325279|    0.016723|
|           9|   -5.167818|   -4.607039|    0.325440|    0.016584|
|          10|   -5.161865|   -4.600295|    0.325621|    0.016454|
|          11|   -5.158740|   -4.596453|    0.325866|    0.016337|
|          12|   -5.158572|   -4.597103|    0.326172|    0.016223|
|          13|   -5.159937|   -4.599333|    0.326519|    0.016109|
|          14|   -5.162701|   -4.601856|    0.326891|    0.015997|
|          15|   -5.165608|   -4.603579|    0.327277|    0.015892|
|          16|   -5.168687|   -4.605516|    0.327666|    0.015794|
|          17|   -5.173130|   -4.609492|    0.328057|    0.015704|
|          18|   -5.179030|   -4.615455|    0.328441|    0.015621|
|          19|   -5.186063|   -4.622705|    0.328808|    0.015543|
|          20|   -5.194376|   -4.631295|    0.329156|    0.015472|
|          21|   -5.203736|   -4.641037|    0.329482|    0.015409|
|          22|   -5.214449|   -4.652208|    0.329785|    0.015353|
|          23|   -5.224149|   -4.662134|    0.330067|    0.015305|
|          24|   -5.232914|   -4.671059|    0.330326|    0.015265|
|          25|   -5.241293|   -4.679548|    0.330560|    0.015233|
|          26|   -5.249112|   -4.687325|    0.330771|    0.015208|
|          27|   -5.256969|   -4.695054|    0.330952|    0.015192|
|          28|   -5.265347|   -4.703291|    0.331107|    0.015184|
|          29|   -5.275194|   -4.713113|    0.331238|    0.015184|
|          30|   -5.284930|   -4.722773|    0.331339|    0.015189|
|          31|   -5.296991|   -4.734973|    0.331418|    0.015200|
|          32|   -5.309532|   -4.747637|    0.331480|    0.015215|
|          33|   -5.322729|   -4.761082|    0.331524|    0.015233|
|          34|   -5.336566|   -4.775202|    0.331554|    0.015252|
|          35|   -5.351194|   -4.790107|    0.331573|    0.015272|
|          36|   -5.367003|   -4.806176|    0.331582|    0.015291|
|          37|   -5.384033|   -4.823432|    0.331581|    0.015310|
|          38|   -5.401756|   -4.841320|    0.331575|    0.015327|
|          39|   -5.419878|   -4.859579|    0.331563|    0.015341|
|          40|   -5.438020|   -4.877802|    0.331548|    0.015353|
|          41|   -5.456276|   -4.896082|    0.331529|    0.015361|
|          42|   -5.474765|   -4.914569|    0.331506|    0.015367|
|          43|   -5.493667|   -4.933446|    0.331479|    0.015369|
|          44|   -5.513280|   -4.953020|    0.331449|    0.015369|
|          45|   -5.534156|   -4.973869|    0.331415|    0.015367|
|          46|   -5.556521|   -4.996144|    0.331379|    0.015363|
|          47|   -5.580694|   -5.020156|    0.331341|    0.015358|
|          48|   -5.606623|   -5.045926|    0.331299|    0.015351|
|          49|   -5.634217|   -5.073373|    0.331253|    0.015345|
|          50|   -5.663944|   -5.103024|    0.331203|    0.015338|
|          51|   -5.696035|   -5.135118|    0.331158|    0.015182|
+-----------------------------------------------------------------------+
|Fixed CL Mode                           |Value                         |
+-----------------------------------------------------------------------+
|Current CL                              |0.331158                      |
|Target CL                               |0.326                         |
|Previous AOA                            |0.7246                        |
|Changed AoA by                          |-0.0260172                    |
+-----------------------------------------------------------------------+
+----------------------------------------------------------------+
|  Inner_Iter|    rms[Rho]|   rms[RhoE]|          CL|          CD|
+----------------------------------------------------------------+
|          52|   -4.396431|   -3.789791|    0.331098|    0.015177|
|          53|   -4.692368|   -4.082193|    0.330854|    0.015172|
|          54|   -4.933447|   -4.340462|    0.330046|    0.015161|
|          55|   -5.127642|   -4.518670|    0.328868|    0.015148|
|          56|   -5.284494|   -4.687382|    0.327816|    0.015145|
|          57|   -5.378042|   -4.782558|    0.327209|    0.015146|
|          58|   -5.506088|   -4.909145|    0.327047|    0.015149|
|          59|   -5.537742|   -4.939401|    0.327020|    0.015149|
|          60|   -5.588909|   -4.989641|    0.326869|    0.015144|
|          61|   -5.693990|   -5.101971|    0.326632|    0.015139|
|          62|   -5.758588|   -5.175385|    0.326411|    0.015138|
|          63|   -5.778836|   -5.195612|    0.326235|    0.015138|
|          64|   -5.819239|   -5.238967|    0.326091|    0.015141|
|          65|   -5.863111|   -5.291118|    0.325977|    0.015145|
|          66|   -5.878467|   -5.312017|    0.325893|    0.015151|
|          67|   -5.879200|   -5.314541|    0.325827|    0.015158|
|          68|   -5.877131|   -5.313999|    0.325768|    0.015166|
|          69|   -5.872458|   -5.311437|    0.325714|    0.015174|
|          70|   -5.865678|   -5.306924|    0.325668|    0.015182|
|          71|   -5.857914|   -5.301107|    0.325631|    0.015191|
|          72|   -5.849586|   -5.294109|    0.325600|    0.015200|
|          73|   -5.841135|   -5.286392|    0.325571|    0.015208|
|          74|   -5.833373|   -5.279028|    0.325544|    0.015217|
|          75|   -5.827019|   -5.272907|    0.325520|    0.015225|
|          76|   -5.822450|   -5.268429|    0.325497|    0.015232|
|          77|   -5.819790|   -5.265720|    0.325475|    0.015238|
|          78|   -5.819095|   -5.264865|    0.325452|    0.015244|
|          79|   -5.820417|   -5.265966|    0.325428|    0.015249|
|          80|   -5.823634|   -5.268929|    0.325405|    0.015253|
|          81|   -5.828526|   -5.273561|    0.325382|    0.015256|
|          82|   -5.834656|   -5.279442|    0.325360|    0.015259|
|          83|   -5.842178|   -5.286759|    0.325340|    0.015260|
|          84|   -5.851208|   -5.295609|    0.325319|    0.015261|
|          85|   -5.861897|   -5.306101|    0.325300|    0.015260|
|          86|   -5.874233|   -5.318228|    0.325282|    0.015259|
|          87|   -5.888064|   -5.331800|    0.325265|    0.015258|
|          88|   -5.903012|   -5.346514|    0.325250|    0.015256|
|          89|   -5.919028|   -5.362325|    0.325237|    0.015253|
|          90|   -5.936308|   -5.379328|    0.325226|    0.015250|
|          91|   -5.955038|   -5.397722|    0.325216|    0.015246|
|          92|   -5.975330|   -5.417656|    0.325209|    0.015243|
|          93|   -5.997258|   -5.439220|    0.325202|    0.015239|
|          94|   -6.020879|   -5.462473|    0.325198|    0.015235|
|          95|   -6.046214|   -5.487436|    0.325194|    0.015232|
|          96|   -6.073241|   -5.514091|    0.325193|    0.015228|
|          97|   -6.101900|   -5.542384|    0.325192|    0.015225|
|          98|   -6.132157|   -5.572293|    0.325192|    0.015222|
|          99|   -6.163790|   -5.603586|    0.325193|    0.015220|
|         100|   -6.196642|   -5.636133|    0.325196|    0.015218|
|         101|   -6.230710|   -5.669952|    0.325197|    0.015239|
+-----------------------------------------------------------------------+
|Fixed CL Mode                           |Value                         |
+-----------------------------------------------------------------------+
|Current CL                              |0.325197                      |
|Target CL                               |0.326                         |
|Previous AOA                            |0.698583                      |
|Changed AoA by                          |0.00402206                    |
+-----------------------------------------------------------------------+
+----------------------------------------------------------------+
|  Inner_Iter|    rms[Rho]|   rms[RhoE]|          CL|          CD|
+----------------------------------------------------------------+
|         102|   -5.205911|   -4.599539|    0.325202|    0.015237|
|         103|   -5.499482|   -4.889989|    0.325235|    0.015236|
|         104|   -5.733837|   -5.142017|    0.325355|    0.015237|
|         105|   -5.919729|   -5.314402|    0.325533|    0.015239|
|         106|   -6.064884|   -5.472461|    0.325692|    0.015239|
|         107|   -6.148318|   -5.558218|    0.325781|    0.015239|
|         108|   -6.256927|   -5.667858|    0.325801|    0.015240|
|         109|   -6.289597|   -5.699652|    0.325801|    0.015241|
|         110|   -6.334537|   -5.744910|    0.325819|    0.015244|
|         111|   -6.414225|   -5.833226|    0.325851|    0.015246|
|         112|   -6.461955|   -5.889335|    0.325880|    0.015248|
|         113|   -6.480159|   -5.908757|    0.325903|    0.015250|
|         114|   -6.507166|   -5.939121|    0.325920|    0.015252|
|         115|   -6.531674|   -5.969594|    0.325933|    0.015253|
|         116|   -6.538907|   -5.980166|    0.325942|    0.015254|
|         117|   -6.538258|   -5.980548|    0.325947|    0.015254|
|         118|   -6.536522|   -5.979393|    0.325950|    0.015254|
|         119|   -6.534610|   -5.978049|    0.325953|    0.015254|
|         120|   -6.533038|   -5.977029|    0.325955|    0.015254|
|         121|   -6.532287|   -5.976714|    0.325954|    0.015254|
|         122|   -6.532444|   -5.977061|    0.325952|    0.015253|
|         123|   -6.533604|   -5.978159|    0.325950|    0.015252|
|         124|   -6.536065|   -5.980438|    0.325946|    0.015251|
|         125|   -6.540134|   -5.984319|    0.325942|    0.015250|
|         126|   -6.545951|   -5.989966|    0.325938|    0.015249|
|         127|   -6.553523|   -5.997367|    0.325933|    0.015248|
|         128|   -6.562812|   -6.006474|    0.325928|    0.015248|
|         129|   -6.573805|   -6.017278|    0.325924|    0.015247|
|         130|   -6.586490|   -6.029778|    0.325919|    0.015246|
|         131|   -6.600865|   -6.043973|    0.325914|    0.015245|
|         132|   -6.616915|   -6.059837|    0.325910|    0.015244|
|         133|   -6.634622|   -6.077341|    0.325906|    0.015244|
|         134|   -6.653991|   -6.096483|    0.325902|    0.015243|
|         135|   -6.675036|   -6.117277|    0.325899|    0.015243|
|         136|   -6.697773|   -6.139744|    0.325895|    0.015243|
|         137|   -6.722215|   -6.163906|    0.325893|    0.015243|
|         138|   -6.748370|   -6.189778|    0.325890|    0.015242|
|         139|   -6.776233|   -6.217370|    0.325889|    0.015242|
|         140|   -6.805784|   -6.246673|    0.325887|    0.015242|
|         141|   -6.836966|   -6.277649|    0.325886|    0.015243|
|         142|   -6.869683|   -6.310223|    0.325885|    0.015243|
|         143|   -6.903756|   -6.344243|    0.325885|    0.015243|
|         144|   -6.938984|   -6.379543|    0.325885|    0.015243|
|         145|   -6.975051|   -6.415831|    0.325885|    0.015243|
|         146|   -7.011435|   -6.452609|    0.325885|    0.015243|
|         147|   -7.047445|   -6.489208|    0.325886|    0.015243|
|         148|   -7.082264|   -6.524814|    0.325887|    0.015243|
|         149|   -7.115020|   -6.558532|    0.325888|    0.015243|
|         150|   -7.144849|   -6.589442|    0.325890|    0.015243|
|         151|   -7.171023|   -6.616738|    0.325891|    0.015246|
+-----------------------------------------------------------------------+
|Fixed CL Mode                           |Value                         |
+-----------------------------------------------------------------------+
|Current CL                              |0.325891                      |
|Target CL                               |0.326                         |
|Previous AOA                            |0.702605                      |
|Changed AoA by                          |0.000552316                   |
+-----------------------------------------------------------------------+
+----------------------------------------------------------------+
|  Inner_Iter|    rms[Rho]|   rms[RhoE]|          CL|          CD|
+----------------------------------------------------------------+
|         152|   -6.068684|   -5.462250|    0.325892|    0.015246|
|         153|   -6.362519|   -5.752988|    0.325898|    0.015246|
|         154|   -6.597796|   -6.006181|    0.325916|    0.015246|
|         155|   -6.781247|   -6.176948|    0.325941|    0.015246|
|         156|   -6.919564|   -6.329777|    0.325964|    0.015245|
|         157|   -6.993681|   -6.407725|    0.325978|    0.015245|
|         158|   -7.084979|   -6.502445|    0.325982|    0.015245|
|         159|   -7.108391|   -6.525834|    0.325983|    0.015244|
|         160|   -7.144686|   -6.563297|    0.325987|    0.015244|
|         161|   -7.208079|   -6.634999|    0.325993|    0.015244|
|         162|   -7.247812|   -6.680859|    0.325999|    0.015244|
|         163|   -7.269730|   -6.702519|    0.326004|    0.015244|
|         164|   -7.303074|   -6.737202|    0.326008|    0.015243|
|         165|   -7.340290|   -6.777832|    0.326012|    0.015243|
|         166|   -7.368100|   -6.807400|    0.326016|    0.015243|
|         167|   -7.390575|   -6.830143|    0.326019|    0.015242|
|         168|   -7.410970|   -6.850773|    0.326022|    0.015242|
|         169|   -7.427706|   -6.868064|    0.326025|    0.015242|
|         170|   -7.439689|   -6.880849|    0.326027|    0.015241|
|         171|   -7.446727|   -6.888852|    0.326030|    0.015241|
|         172|   -7.448590|   -6.891710|    0.326032|    0.015241|
|         173|   -7.445446|   -6.889473|    0.326035|    0.015240|
|         174|   -7.438187|   -6.883000|    0.326037|    0.015240|
|         175|   -7.428049|   -6.873513|    0.326040|    0.015240|
|         176|   -7.416202|   -6.862153|    0.326042|    0.015240|
|         177|   -7.403592|   -6.849858|    0.326044|    0.015240|
|         178|   -7.390945|   -6.837381|    0.326046|    0.015240|
|         179|   -7.378808|   -6.825307|    0.326048|    0.015239|
|         180|   -7.367591|   -6.814076|    0.326050|    0.015239|
|         181|   -7.357577|   -6.803986|    0.326051|    0.015239|
|         182|   -7.348952|   -6.795228|    0.326053|    0.015240|
|         183|   -7.341837|   -6.787932|    0.326054|    0.015240|
|         184|   -7.336315|   -6.782186|    0.326055|    0.015240|
|         185|   -7.332439|   -6.778051|    0.326057|    0.015240|
|         186|   -7.330238|   -6.775566|    0.326057|    0.015240|
|         187|   -7.329731|   -6.774752|    0.326058|    0.015240|
|         188|   -7.330924|   -6.775622|    0.326059|    0.015241|
|         189|   -7.333818|   -6.778179|    0.326059|    0.015241|
|         190|   -7.338411|   -6.782422|    0.326060|    0.015241|
|         191|   -7.344698|   -6.788350|    0.326060|    0.015241|
|         192|   -7.352679|   -6.795960|    0.326060|    0.015242|
|         193|   -7.362354|   -6.805254|    0.326060|    0.015242|
|         194|   -7.373726|   -6.816238|    0.326060|    0.015242|
|         195|   -7.386806|   -6.828920|    0.326060|    0.015242|
|         196|   -7.401609|   -6.843318|    0.326060|    0.015243|
|         197|   -7.418154|   -6.859452|    0.326059|    0.015243|
|         198|   -7.436468|   -6.877349|    0.326059|    0.015243|
|         199|   -7.456583|   -6.897044|    0.326059|    0.015243|
|         200|   -7.478536|   -6.918574|    0.326058|    0.015243|
|         201|   -7.502363|   -6.941979|    0.326058|    0.015242|
+-----------------------------------------------------------------------+
|Fixed CL Mode                           |Value                         |
+-----------------------------------------------------------------------+
|Current CL                              |0.326058                      |
|Target CL                               |0.326                         |
|Previous AOA                            |0.703157                      |
|Changed AoA by                          |-0.000291802                  |
+-----------------------------------------------------------------------+
+----------------------------------------------------------------+
|  Inner_Iter|    rms[Rho]|   rms[RhoE]|          CL|          CD|
+----------------------------------------------------------------+
|         202|   -6.346022|   -5.739500|    0.326057|    0.015242|
|         203|   -6.640962|   -6.031069|    0.326055|    0.015242|
|         204|   -6.878655|   -6.286202|    0.326046|    0.015242|
|         205|   -7.069008|   -6.461837|    0.326033|    0.015242|
|         206|   -7.219736|   -6.625005|    0.326021|    0.015242|
|         207|   -7.307062|   -6.714164|    0.326015|    0.015242|
|         208|   -7.424584|   -6.831167|    0.326013|    0.015243|
|         209|   -7.459016|   -6.863968|    0.326013|    0.015243|
|         210|   -7.509801|   -6.913913|    0.326011|    0.015243|
|         211|   -7.605629|   -7.017046|    0.326009|    0.015242|
|         212|   -7.665828|   -7.085484|    0.326006|    0.015242|
|         213|   -7.688229|   -7.108435|    0.326005|    0.015242|
|         214|   -7.723560|   -7.147185|    0.326003|    0.015242|
|         215|   -7.754869|   -7.186264|    0.326002|    0.015242|
|         216|   -7.758321|   -7.194854|    0.326001|    0.015242|
|         217|   -7.748121|   -7.186874|    0.326001|    0.015242|
|         218|   -7.734751|   -7.175228|    0.326000|    0.015243|
|         219|   -7.719750|   -7.161806|    0.326000|    0.015243|
|         220|   -7.704431|   -7.147783|    0.325999|    0.015243|
|         221|   -7.689966|   -7.134267|    0.325999|    0.015243|
|         222|   -7.676800|   -7.121645|    0.325999|    0.015243|
|         223|   -7.665238|   -7.110269|    0.325999|    0.015243|
|         224|   -7.655685|   -7.100701|    0.325999|    0.015243|
|         225|   -7.648460|   -7.093374|    0.325999|    0.015243|
|         226|   -7.643674|   -7.088435|    0.325999|    0.015243|
|         227|   -7.641301|   -7.085862|    0.325999|    0.015243|
|         228|   -7.641272|   -7.085593|    0.325999|    0.015243|
|         229|   -7.643527|   -7.087585|    0.325999|    0.015243|
|         230|   -7.648018|   -7.091808|    0.326000|    0.015243|
|         231|   -7.654694|   -7.098218|    0.326000|    0.015243|
|         232|   -7.663495|   -7.106751|    0.326000|    0.015243|
|         233|   -7.674366|   -7.117346|    0.326000|    0.015243|
|         234|   -7.687261|   -7.129955|    0.326000|    0.015243|
|         235|   -7.702146|   -7.144542|    0.326000|    0.015243|
|         236|   -7.718995|   -7.161082|    0.326000|    0.015243|
|         237|   -7.737788|   -7.179556|    0.326001|    0.015243|
|         238|   -7.758508|   -7.199950|    0.326001|    0.015243|
|         239|   -7.781146|   -7.222252|    0.326001|    0.015243|
|         240|   -7.805690|   -7.246453|    0.326001|    0.015243|
|         241|   -7.832129|   -7.272542|    0.326001|    0.015243|
|         242|   -7.860443|   -7.300501|    0.326001|    0.015242|
|         243|   -7.890595|   -7.330299|    0.326001|    0.015242|
|         244|   -7.922529|   -7.361883|    0.326001|    0.015242|
|         245|   -7.956151|   -7.395169|    0.326001|    0.015242|
|         246|   -7.991328|   -7.430033|    0.326001|    0.015242|
|         247|   -8.027864|   -7.466295|    0.326002|    0.015242|
|         248|   -8.065490|   -7.503702|    0.326002|    0.015242|
|         249|   -8.103830|   -7.541903|    0.326002|    0.015242|
|         250|   -8.142383|   -7.580428|    0.326002|    0.015242|
+-----------------------------------------------------------------------+
|        File Writing Summary       |              Filename             |
+-----------------------------------------------------------------------+
|SU2 binary restart                 |restart_flow.dat                   |
Writing Flow Meta-Data file: flow.meta
|Paraview                           |flow.vtu                           |
Writing Flow Meta-Data file: flow.meta
|Paraview surface                   |surface_flow.vtu                   |
Writing Flow Meta-Data file: flow.meta
|CSV file                           |surface_flow.csv                   |
Writing Flow Meta-Data file: flow.meta
+-----------------------------------------------------------------------+
+----------------------------------------------------------------+
|  Inner_Iter|    rms[Rho]|   rms[RhoE]|          CL|          CD|
+----------------------------------------------------------------+
|         251|   -8.180493|   -7.618658|    0.326002|    0.015242|
+-----------------------------------------------------------------------+
|Fixed CL Mode                           |Value                         |
+-----------------------------------------------------------------------+
|Current CL                              |0.326002                      |
|Target CL                               |0.326                         |
|Previous AOA                            |0.702865                      |
|Changed AoA by                          |-8.236e-06                    |
+-----------------------------------------------------------------------+
+----------------------------------------------------------------+
|  Inner_Iter|    rms[Rho]|   rms[RhoE]|          CL|          CD|
+----------------------------------------------------------------+
|         252|   -7.851846|   -7.252930|    0.326002|    0.015242|
|         253|   -8.070010|   -7.479309|    0.326002|    0.015242|
|         254|   -8.196625|   -7.624179|    0.326001|    0.015242|
|         255|   -8.266293|   -7.696104|    0.326001|    0.015242|
|         256|   -8.308560|   -7.745331|    0.326001|    0.015242|
|         257|   -8.333037|   -7.772469|    0.326000|    0.015242|
|         258|   -8.352801|   -7.794696|    0.326000|    0.015242|
|         259|   -8.362254|   -7.805453|    0.326000|    0.015242|
|         260|   -8.369420|   -7.813880|    0.326000|    0.015242|
|         261|   -8.375519|   -7.821500|    0.326000|    0.015242|
|         262|   -8.378467|   -7.825310|    0.326000|    0.015242|
|         263|   -8.380111|   -7.827177|    0.326000|    0.015242|
|         264|   -8.382578|   -7.829721|    0.326000|    0.015242|
|         265|   -8.386160|   -7.833280|    0.325999|    0.015242|
|         266|   -8.390879|   -7.837779|    0.325999|    0.015242|
|         267|   -8.397100|   -7.843623|    0.325999|    0.015242|
|         268|   -8.405121|   -7.851167|    0.325999|    0.015242|
|         269|   -8.415141|   -7.860642|    0.325999|    0.015242|
|         270|   -8.427345|   -7.872258|    0.325999|    0.015242|
|         271|   -8.441892|   -7.886201|    0.325998|    0.015242|
|         272|   -8.458892|   -7.902601|    0.325998|    0.015242|
|         273|   -8.478403|   -7.921526|    0.325998|    0.015242|
|         274|   -8.500434|   -7.942995|    0.325998|    0.015242|
|         275|   -8.524950|   -7.966979|    0.325997|    0.015242|
|         276|   -8.551849|   -7.993392|    0.325997|    0.015242|
|         277|   -8.580930|   -8.022053|    0.325997|    0.015242|
|         278|   -8.611834|   -8.052634|    0.325997|    0.015242|
|         279|   -8.643976|   -8.084595|    0.325997|    0.015242|
|         280|   -8.676480|   -8.117108|    0.325996|    0.015242|
|         281|   -8.708108|   -8.148994|    0.325996|    0.015242|
|         282|   -8.737264|   -8.178702|    0.325996|    0.015242|
|         283|   -8.762110|   -8.204409|    0.325996|    0.015242|
|         284|   -8.780880|   -8.224302|    0.325996|    0.015242|
|         285|   -8.792348|   -8.237025|    0.325996|    0.015242|
|         286|   -8.796237|   -8.242125|    0.325996|    0.015242|
|         287|   -8.793322|   -8.240211|    0.325995|    0.015242|
|         288|   -8.785138|   -8.232723|    0.325995|    0.015242|
|         289|   -8.773504|   -8.221465|    0.325995|    0.015242|
|         290|   -8.760121|   -8.208181|    0.325995|    0.015242|
|         291|   -8.746361|   -8.194310|    0.325995|    0.015242|
|         292|   -8.733229|   -8.180919|    0.325995|    0.015242|
|         293|   -8.721404|   -8.168742|    0.325995|    0.015242|
|         294|   -8.711321|   -8.158253|    0.325995|    0.015242|
|         295|   -8.703241|   -8.149739|    0.325995|    0.015242|
|         296|   -8.697307|   -8.143360|    0.325995|    0.015242|
|         297|   -8.693591|   -8.139198|    0.325995|    0.015242|
|         298|   -8.692115|   -8.137282|    0.325995|    0.015242|
|         299|   -8.692877|   -8.137613|    0.325995|    0.015242|
|         300|   -8.695862|   -8.140177|    0.325995|    0.015242|
|         301|   -8.701048|   -8.144950|    0.325995|    0.015242|
+-----------------------------------------------------------------------+
|Fixed CL Mode                           |Value                         |
+-----------------------------------------------------------------------+
|Current CL                              |0.325995                      |
|Target CL                               |0.326                         |
|Previous AOA                            |0.702857                      |
|Changed AoA by                          |2.44176e-05                   |
+-----------------------------------------------------------------------+
+----------------------------------------------------------------+
|  Inner_Iter|    rms[Rho]|   rms[RhoE]|          CL|          CD|
+----------------------------------------------------------------+
|         302|   -7.423761|   -6.817192|    0.325995|    0.015242|
|         303|   -7.719427|   -7.109327|    0.325995|    0.015242|
|         304|   -7.958325|   -7.365619|    0.325996|    0.015242|
|         305|   -8.149702|   -7.542097|    0.325997|    0.015242|
|         306|   -8.300625|   -7.705812|    0.325998|    0.015242|
|         307|   -8.387016|   -7.794315|    0.325999|    0.015242|
|         308|   -8.503079|   -7.910195|    0.325999|    0.015242|
|         309|   -8.535639|   -7.941184|    0.325999|    0.015242|
|         310|   -8.586171|   -7.990700|    0.325999|    0.015242|
|         311|   -8.684275|   -8.095489|    0.325999|    0.015242|
|         312|   -8.751473|   -8.169598|    0.326000|    0.015242|
|         313|   -8.785201|   -8.201813|    0.326000|    0.015242|
|         314|   -8.840518|   -8.257754|    0.326000|    0.015242|
|         315|   -8.903590|   -8.326540|    0.326000|    0.015242|
|         316|   -8.938284|   -8.365898|    0.326000|    0.015242|
|         317|   -8.952867|   -8.382523|    0.326000|    0.015242|
|         318|   -8.957954|   -8.389903|    0.326000|    0.015242|
|         319|   -8.952891|   -8.387998|    0.326000|    0.015242|
|         320|   -8.939891|   -8.378262|    0.326000|    0.015242|
|         321|   -8.922554|   -8.363689|    0.326000|    0.015242|
|         322|   -8.902852|   -8.345939|    0.326000|    0.015242|
|         323|   -8.882271|   -8.326517|    0.326000|    0.015242|
|         324|   -8.862387|   -8.307266|    0.326001|    0.015242|
|         325|   -8.844368|   -8.289583|    0.326001|    0.015242|
|         326|   -8.828790|   -8.274141|    0.326001|    0.015242|
|         327|   -8.815828|   -8.261159|    0.326001|    0.015242|
|         328|   -8.805480|   -8.250683|    0.326001|    0.015242|
|         329|   -8.797694|   -8.242713|    0.326001|    0.015242|
|         330|   -8.792408|   -8.237219|    0.326001|    0.015242|
|         331|   -8.789533|   -8.234129|    0.326001|    0.015242|
|         332|   -8.788959|   -8.233332|    0.326001|    0.015242|
|         333|   -8.790581|   -8.234719|    0.326001|    0.015242|
|         334|   -8.794300|   -8.238192|    0.326001|    0.015242|
|         335|   -8.800035|   -8.243671|    0.326001|    0.015242|
|         336|   -8.807710|   -8.251082|    0.326001|    0.015242|
|         337|   -8.817260|   -8.260360|    0.326001|    0.015242|
|         338|   -8.828625|   -8.271447|    0.326001|    0.015242|
|         339|   -8.841756|   -8.284291|    0.326001|    0.015242|
|         340|   -8.856607|   -8.298847|    0.326001|    0.015242|
|         341|   -8.873140|   -8.315076|    0.326001|    0.015242|
|         342|   -8.891324|   -8.332945|    0.326001|    0.015242|
|         343|   -8.911135|   -8.352427|    0.326001|    0.015242|
|         344|   -8.932551|   -8.373502|    0.326001|    0.015242|
|         345|   -8.955560|   -8.396157|    0.326001|    0.015242|
|         346|   -8.980152|   -8.420380|    0.326001|    0.015242|
|         347|   -9.006325|   -8.446169|    0.326001|    0.015242|
|         348|   -9.034077|   -8.473524|    0.326001|    0.015242|
|         349|   -9.063408|   -8.502447|    0.326001|    0.015242|
|         350|   -9.094312|   -8.532938|    0.326001|    0.015242|
|         351|   -9.126774|   -8.564987|    0.326001|    0.015242|
+-----------------------------------------------------------------------+
|Fixed CL Mode                           |Value                         |
+-----------------------------------------------------------------------+
|Current CL                              |0.326001                      |
|Target CL                               |0.326                         |
|Previous AOA                            |0.702882                      |
|Changed AoA by                          |-3.50932e-06                  |
+-----------------------------------------------------------------------+
+----------------------------------------------------------------+
|  Inner_Iter|    rms[Rho]|   rms[RhoE]|          CL|          CD|
+----------------------------------------------------------------+
|         352|   -8.263298|   -7.657239|    0.326001|    0.015242|
|         353|   -8.552535|   -7.944249|    0.326001|    0.015242|
|         354|   -8.778355|   -8.188377|    0.326001|    0.015242|
|         355|   -8.950757|   -8.350044|    0.326000|    0.015242|
|         356|   -9.080178|   -8.492440|    0.326000|    0.015242|
|         357|   -9.154923|   -8.569810|    0.326000|    0.015242|
|         358|   -9.246879|   -8.663939|    0.326000|    0.015242|
|         359|   -9.280618|   -8.697098|    0.326000|    0.015242|
|         360|   -9.321285|   -8.738655|    0.326000|    0.015242|
|         361|   -9.382420|   -8.807716|    0.326000|    0.015242|
|         362|   -9.416424|   -8.848689|    0.326000|    0.015242|
|         363|   -9.427548|   -8.861748|    0.326000|    0.015242|
|         364|   -9.440014|   -8.877520|    0.326000|    0.015242|
|         365|   -9.446613|   -8.888480|    0.326000|    0.015242|
|         366|   -9.441257|   -8.885453|    0.326000|    0.015242|
|         367|   -9.431092|   -8.876140|    0.326000|    0.015242|
|         368|   -9.420811|   -8.866259|    0.326000|    0.015242|
|         369|   -9.411538|   -8.857199|    0.326000|    0.015242|
|         370|   -9.403754|   -8.849517|    0.326000|    0.015242|
|         371|   -9.397788|   -8.843541|    0.326000|    0.015242|
|         372|   -9.393804|   -8.839398|    0.326000|    0.015242|
|         373|   -9.391933|   -8.837234|    0.326000|    0.015242|
|         374|   -9.392332|   -8.837280|    0.326000|    0.015242|
|         375|   -9.395119|   -8.839711|    0.326000|    0.015242|
|         376|   -9.400322|   -8.844573|    0.326000|    0.015242|
|         377|   -9.407908|   -8.851824|    0.326000|    0.015242|
|         378|   -9.417828|   -8.861411|    0.326000|    0.015242|
|         379|   -9.430048|   -8.873299|    0.326000|    0.015242|
|         380|   -9.444549|   -8.887474|    0.326000|    0.015242|
|         381|   -9.461319|   -8.903923|    0.326000|    0.015242|
|         382|   -9.480344|   -8.922630|    0.326000|    0.015242|
|         383|   -9.501618|   -8.943582|    0.326000|    0.015242|
|         384|   -9.525142|   -8.966775|    0.326000|    0.015242|
|         385|   -9.550925|   -8.992218|    0.326000|    0.015242|
|         386|   -9.578968|   -9.019913|    0.326000|    0.015242|
|         387|   -9.609256|   -9.049852|    0.326000|    0.015242|
|         388|   -9.641745|   -9.081996|    0.326000|    0.015242|
|         389|   -9.676337|   -9.116263|    0.326000|    0.015242|
|         390|   -9.712861|   -9.152501|    0.326000|    0.015242|
|         391|   -9.751032|   -9.190455|    0.326000|    0.015242|
|         392|   -9.790396|   -9.229711|    0.326000|    0.015242|
|         393|   -9.830263|   -9.269632|    0.326000|    0.015242|
|         394|   -9.869646|   -9.309296|    0.326000|    0.015242|
|         395|   -9.907227|   -9.347441|    0.326000|    0.015242|
|         396|   -9.941395|   -9.382500|    0.326000|    0.015242|
|         397|   -9.970443|   -9.412750|    0.326000|    0.015242|
|         398|   -9.992914|   -9.436649|    0.326000|    0.015242|
|         399|  -10.008038|   -9.453261|    0.326000|    0.015242|
|         400|  -10.016008|   -9.462589|    0.326000|    0.015242|
|         401|  -10.017914|   -9.465569|    0.326000|    0.015242|
|         402|  -10.015378|   -9.463756|    0.326000|    0.015242|
|         403|  -10.010129|   -9.458886|    0.326000|    0.015242|
|         404|  -10.003690|   -9.452539|    0.326000|    0.015242|
|         405|   -9.997259|   -9.445985|    0.326000|    0.015242|
|         406|   -9.991698|   -9.440152|    0.326000|    0.015242|
|         407|   -9.987593|   -9.435677|    0.326000|    0.015242|
|         408|   -9.985322|   -9.432975|    0.326000|    0.015242|
|         409|   -9.985117|   -9.432301|    0.326000|    0.015242|
|         410|   -9.987113|   -9.433806|    0.326000|    0.015242|
|         411|   -9.991384|   -9.437574|    0.326000|    0.015242|
|         412|   -9.997970|   -9.443649|    0.326000|    0.015242|
|         413|  -10.006891|   -9.452053|    0.326000|    0.015242|
|         414|  -10.018159|   -9.462799|    0.326000|    0.015242|
|         415|  -10.031781|   -9.475896|    0.326000|    0.015242|
|         416|  -10.047769|   -9.491354|    0.326000|    0.015242|
|         417|  -10.066133|   -9.509186|    0.326000|    0.015242|
|         418|  -10.086880|   -9.529399|    0.326000|    0.015242|
|         419|  -10.110004|   -9.551995|    0.326000|    0.015242|
|         420|  -10.135477|   -9.576949|    0.326000|    0.015242|
|         421|  -10.163225|   -9.604204|    0.326000|    0.015242|
|         422|  -10.193113|   -9.633637|    0.326000|    0.015242|
|         423|  -10.224897|   -9.665033|    0.326000|    0.015242|
|         424|  -10.258182|   -9.698029|    0.326000|    0.015242|
|         425|  -10.292349|   -9.732057|    0.326000|    0.015242|
|         426|  -10.326492|   -9.766266|    0.326000|    0.015242|
|         427|  -10.359360|   -9.799473|    0.326000|    0.015242|
|         428|  -10.389375|   -9.830149|    0.326000|    0.015242|
|         429|  -10.414772|   -9.856545|    0.326000|    0.015242|
|         430|  -10.433929|   -9.876977|    0.326000|    0.015242|
|         431|  -10.445815|   -9.890268|    0.326000|    0.015242|
|         432|  -10.450348|   -9.896140|    0.326000|    0.015242|
|         433|  -10.448429|   -9.895321|    0.326000|    0.015242|
|         434|  -10.441627|   -9.889282|    0.326000|    0.015242|
|         435|  -10.431722|   -9.879792|    0.326000|    0.015242|
|         436|  -10.420345|   -9.868528|    0.326000|    0.015242|
|         437|  -10.408798|   -9.856866|    0.326000|    0.015242|
|         438|  -10.398033|   -9.845825|    0.326000|    0.015242|
|         439|  -10.388694|   -9.836109|    0.326000|    0.015242|
|         440|  -10.381199|   -9.828173|    0.326000|    0.015242|
|         441|  -10.375799|   -9.822300|    0.326000|    0.015242|
|         442|  -10.372637|   -9.818651|    0.326000|    0.015242|
|         443|  -10.371787|   -9.817310|    0.326000|    0.015242|
|         444|  -10.373277|   -9.818312|    0.326000|    0.015242|
|         445|  -10.377114|   -9.821667|    0.326000|    0.015242|
|         446|  -10.383290|   -9.827368|    0.326000|    0.015242|
|         447|  -10.391792|   -9.835403|    0.326000|    0.015242|
|         448|  -10.402611|   -9.845761|    0.326000|    0.015242|
|         449|  -10.415737|   -9.858432|    0.326000|    0.015242|
|         450|  -10.431171|   -9.873412|    0.326000|    0.015242|
|         451|  -10.448914|   -9.890705|    0.326000|    0.015242|
|         452|  -10.468973|   -9.910315|    0.326000|    0.015242|
|         453|  -10.491354|   -9.932247|    0.326000|    0.015242|
|         454|  -10.516054|   -9.956501|    0.326000|    0.015242|
|         455|  -10.543053|   -9.983060|    0.326000|    0.015242|
|         456|  -10.572298|  -10.011876|    0.326000|    0.015242|
|         457|  -10.603680|  -10.042853|    0.326000|    0.015242|
|         458|  -10.637008|  -10.075817|    0.326000|    0.015242|
|         459|  -10.671963|  -10.110474|    0.326000|    0.015242|
|         460|  -10.708041|  -10.146357|    0.326000|    0.015242|
|         461|  -10.744482|  -10.182760|    0.326000|    0.015242|
|         462|  -10.780211|  -10.218668|    0.326000|    0.015242|
|         463|  -10.813808|  -10.252728|    0.326000|    0.015242|
|         464|  -10.843580|  -10.283295|    0.326000|    0.015242|
|         465|  -10.867789|  -10.308628|    0.326000|    0.015242|
|         466|  -10.885053|  -10.327262|    0.326000|    0.015242|
|         467|  -10.894777|  -10.338441|    0.326000|    0.015242|
|         468|  -10.897377|  -10.342391|    0.326000|    0.015242|
|         469|  -10.894129|  -10.340238|    0.326000|    0.015242|
|         470|  -10.886756|  -10.333635|    0.326000|    0.015242|
|         471|  -10.877001|  -10.324327|    0.326000|    0.015242|
|         472|  -10.866350|  -10.313850|    0.326000|    0.015242|
|         473|  -10.855938|  -10.303404|    0.326000|    0.015242|
|         474|  -10.846570|  -10.293850|    0.326000|    0.015242|
|         475|  -10.838778|  -10.285771|    0.326000|    0.015242|
|         476|  -10.832900|  -10.279538|    0.326000|    0.015242|
|         477|  -10.829139|  -10.275380|    0.326000|    0.015242|
|         478|  -10.827607|  -10.273425|    0.326000|    0.015242|
|         479|  -10.828361|  -10.273742|    0.326000|    0.015242|
|         480|  -10.831426|  -10.276362|    0.326000|    0.015242|
|         481|  -10.836807|  -10.281292|    0.326000|    0.015242|
|         482|  -10.844501|  -10.288533|    0.326000|    0.015242|
|         483|  -10.854503|  -10.298079|    0.326000|    0.015242|
|         484|  -10.866810|  -10.309929|    0.326000|    0.015242|
|         485|  -10.881424|  -10.324082|    0.326000|    0.015242|
|         486|  -10.898353|  -10.340545|    0.326000|    0.015242|
|         487|  -10.917606|  -10.359328|    0.326000|    0.015242|
|         488|  -10.939195|  -10.380441|    0.326000|    0.015242|
|         489|  -10.963124|  -10.403888|    0.326000|    0.015242|
|         490|  -10.989379|  -10.429660|    0.326000|    0.015242|
|         491|  -11.017919|  -10.457721|    0.326000|    0.015242|
|         492|  -11.048653|  -10.487988|    0.326000|    0.015242|
|         493|  -11.081411|  -10.520309|    0.326000|    0.015242|
|         494|  -11.115906|  -10.554422|    0.326000|    0.015242|
|         495|  -11.151676|  -10.589900|    0.326000|    0.015242|
|         496|  -11.188014|  -10.626085|    0.326000|    0.015242|
|         497|  -11.223895|  -10.662019|    0.326000|    0.015242|
|         498|  -11.257945|  -10.696399|    0.326000|    0.015242|
|         499|  -11.288476|  -10.727600|    0.326000|    0.015242|
|         500|  -11.313686|  -10.753840|    0.326000|    0.015242|
+-----------------------------------------------------------------------+
|        File Writing Summary       |              Filename             |
+-----------------------------------------------------------------------+
|SU2 binary restart                 |restart_flow.dat                   |
Writing Flow Meta-Data file: flow.meta
|Paraview                           |flow.vtu                           |
Writing Flow Meta-Data file: flow.meta
|Paraview surface                   |surface_flow.vtu                   |
Writing Flow Meta-Data file: flow.meta
|CSV file                           |surface_flow.csv                   |
Writing Flow Meta-Data file: flow.meta
+-----------------------------------------------------------------------+
+----------------------------------------------------------------+
|  Inner_Iter|    rms[Rho]|   rms[RhoE]|          CL|          CD|
+----------------------------------------------------------------+
|         501|  -11.332036|  -10.773522|    0.326000|    0.015242|
|         502|  -11.342722|  -10.785692|    0.326000|    0.015242|
|         503|  -11.345964|  -10.790373|    0.326000|    0.015242|
|         504|  -11.342940|  -10.788565|    0.326000|    0.015242|
|         505|  -11.335374|  -10.781896|    0.326000|    0.015242|
|         506|  -11.325079|  -10.772164|    0.326000|    0.015242|
|         507|  -11.313635|  -10.760990|    0.326000|    0.015242|
|         508|  -11.302265|  -10.749658|    0.326000|    0.015242|
|         509|  -11.291837|  -10.739099|    0.326000|    0.015242|
|         510|  -11.282928|  -10.729942|    0.326000|    0.015242|
|         511|  -11.275906|  -10.722593|    0.326000|    0.015242|
|         512|  -11.270987|  -10.717296|    0.326000|    0.015242|
|         513|  -11.268292|  -10.714194|    0.326000|    0.015242|
|         514|  -11.267882|  -10.713357|    0.326000|    0.015242|
|         515|  -11.269779|  -10.714816|    0.326000|    0.015242|
|         516|  -11.273985|  -10.718580|    0.326000|    0.015242|
|         517|  -11.280494|  -10.724643|    0.326000|    0.015242|
|         518|  -11.289296|  -10.732997|    0.326000|    0.015242|
|         519|  -11.300383|  -10.743634|    0.326000|    0.015242|
|         520|  -11.313752|  -10.756551|    0.326000|    0.015242|
|         521|  -11.329406|  -10.771751|    0.326000|    0.015242|
|         522|  -11.347356|  -10.789241|    0.326000|    0.015242|
|         523|  -11.367615|  -10.809037|    0.326000|    0.015242|
|         524|  -11.390199|  -10.831152|    0.326000|    0.015242|
|         525|  -11.415116|  -10.855596|    0.326000|    0.015242|
|         526|  -11.442360|  -10.882366|    0.326000|    0.015242|
|         527|  -11.471895|  -10.911432|    0.326000|    0.015242|
|         528|  -11.503635|  -10.942719|    0.326000|    0.015242|
|         529|  -11.537419|  -10.976081|    0.326000|    0.015242|
|         530|  -11.572964|  -11.011262|    0.326000|    0.015242|
|         531|  -11.609812|  -11.047840|    0.326000|    0.015242|
|         532|  -11.647251|  -11.085158|    0.326000|    0.015242|
|         533|  -11.684250|  -11.122248|    0.326000|    0.015242|
|         534|  -11.719407|  -11.157784|    0.326000|    0.015242|
|         535|  -11.750996|  -11.190101|    0.326000|    0.015242|
|         536|  -11.777159|  -11.217361|    0.326000|    0.015242|
|         537|  -11.796307|  -11.237910|    0.326000|    0.015242|
|         538|  -11.807613|  -11.250760|    0.326000|    0.015242|
|         539|  -11.811319|  -11.255945|    0.326000|    0.015242|
|         540|  -11.808653|  -11.254513|    0.326000|    0.015242|
|         541|  -11.801405|  -11.248159|    0.326000|    0.015242|
|         542|  -11.791439|  -11.238736|    0.326000|    0.015242|
|         543|  -11.780366|  -11.227905|    0.326000|    0.015242|
|         544|  -11.769423|  -11.216970|    0.326000|    0.015242|
|         545|  -11.759481|  -11.206868|    0.326000|    0.015242|
|         546|  -11.751118|  -11.198229|    0.326000|    0.015242|
|         547|  -11.744695|  -11.191456|    0.326000|    0.015242|
|         548|  -11.740426|  -11.186788|    0.326000|    0.015242|
|         549|  -11.738428|  -11.184363|    0.326000|    0.015242|
|         550|  -11.738756|  -11.184249|    0.326000|    0.015242|
|         551|  -11.741434|  -11.186476|    0.326000|    0.015242|
|         552|  -11.746462|  -11.191048|    0.326000|    0.015242|
|         553|  -11.753832|  -11.197961|    0.326000|    0.015242|
|         554|  -11.763537|  -11.207208|    0.326000|    0.015242|
|         555|  -11.775571|  -11.218781|    0.326000|    0.015242|
|         556|  -11.789931|  -11.232680|    0.326000|    0.015242|
|         557|  -11.806623|  -11.248908|    0.326000|    0.015242|
|         558|  -11.825657|  -11.267474|    0.326000|    0.015242|
|         559|  -11.847047|  -11.288391|    0.326000|    0.015242|
|         560|  -11.870800|  -11.311668|    0.326000|    0.015242|
|         561|  -11.896914|  -11.337305|    0.326000|    0.015242|
|         562|  -11.925362|  -11.365278|    0.326000|    0.015242|
|         563|  -11.956072|  -11.395527|    0.326000|    0.015242|
|         564|  -11.988907|  -11.427928|    0.326000|    0.015242|
|         565|  -12.023623|  -11.462258|    0.326000|    0.015242|
|         566|  -12.059819|  -11.498151|    0.326000|    0.015242|
|         567|  -12.096863|  -11.535022|    0.326000|    0.015242|
|         568|  -12.133820|  -11.571997|    0.326000|    0.015242|
|         569|  -12.169395|  -11.607855|    0.326000|    0.015242|
|         570|  -12.201936|  -11.641011|    0.326000|    0.015242|
|         571|  -12.229587|  -11.669645|    0.326000|    0.015242|
|         572|  -12.250625|  -11.691994|    0.326000|    0.015242|
|         573|  -12.263949|  -11.706824|    0.326000|    0.015242|
|         574|  -12.269482|  -11.713856|    0.326000|    0.015242|
|         575|  -12.268203|  -11.713874|    0.326000|    0.015242|
|         576|  -12.261794|  -11.708442|    0.326000|    0.015242|
|         577|  -12.252143|  -11.699415|    0.326000|    0.015242|
|         578|  -12.240961|  -11.688539|    0.326000|    0.015242|
|         579|  -12.229595|  -11.677229|    0.326000|    0.015242|
|         580|  -12.219016|  -11.666522|    0.326000|    0.015242|
|         581|  -12.209881|  -11.657130|    0.326000|    0.015242|
|         582|  -12.202602|  -11.649512|    0.326000|    0.015242|
|         583|  -12.197427|  -11.643946|    0.326000|    0.015242|
|         584|  -12.194499|  -11.640594|    0.326000|    0.015242|
|         585|  -12.193886|  -11.639538|    0.326000|    0.015242|
|         586|  -12.195617|  -11.640818|    0.326000|    0.015242|
|         587|  -12.199696|  -11.644441|    0.326000|    0.015242|
|         588|  -12.206118|  -11.650404|    0.326000|    0.015242|
|         589|  -12.214871|  -11.658698|    0.326000|    0.015242|
|         590|  -12.225948|  -11.669316|    0.326000|    0.015242|
|         591|  -12.239345|  -11.682251|    0.326000|    0.015242|
|         592|  -12.255062|  -11.697505|    0.326000|    0.015242|
|         593|  -12.273109|  -11.715086|    0.326000|    0.015242|
|         594|  -12.293498|  -11.735005|    0.326000|    0.015242|
|         595|  -12.316238|  -11.757270|    0.326000|    0.015242|
|         596|  -12.341333|  -11.781888|    0.326000|    0.015242|
|         597|  -12.368769|  -11.808849|    0.326000|    0.015242|
|         598|  -12.398491|  -11.838105|    0.326000|    0.015242|
|         599|  -12.430401|  -11.869567|    0.326000|    0.015242|
|         600|  -12.464302|  -11.903059|    0.326000|    0.015242|
|         601|  -12.499866|  -11.938281|    0.326000|    0.015242|
|         602|  -12.536578|  -11.974761|    0.326000|    0.015242|
|         603|  -12.573642|  -12.011753|    0.326000|    0.015242|
|         604|  -12.609935|  -12.048209|    0.326000|    0.015242|
|         605|  -12.643955|  -12.082694|    0.326000|    0.015242|
|         606|  -12.673927|  -12.113489|    0.326000|    0.015242|
|         607|  -12.698021|  -12.138761|    0.326000|    0.015242|
|         608|  -12.714833|  -12.157016|    0.326000|    0.015242|
|         609|  -12.723790|  -12.167500|    0.326000|    0.015242|
|         610|  -12.725441|  -12.170557|    0.326000|    0.015242|
|         611|  -12.721196|  -12.167439|    0.326000|    0.015242|
|         612|  -12.712901|  -12.159920|    0.326000|    0.015242|
|         613|  -12.702361|  -12.149821|    0.326000|    0.015242|
|         614|  -12.691083|  -12.138705|    0.326000|    0.015242|
|         615|  -12.680203|  -12.127770|    0.326000|    0.015242|
|         616|  -12.670503|  -12.117866|    0.326000|    0.015242|
|         617|  -12.662491|  -12.109549|    0.326000|    0.015242|
|         618|  -12.656484|  -12.103171|    0.326000|    0.015242|
|         619|  -12.652668|  -12.098942|    0.326000|    0.015242|
|         620|  -12.651139|  -12.096978|    0.326000|    0.015242|
|         621|  -12.651941|  -12.097331|    0.326000|    0.015242|
|         622|  -12.655091|  -12.100026|    0.326000|    0.015242|
|         623|  -12.660588|  -12.105063|    0.326000|    0.015242|
|         624|  -12.668424|  -12.112441|    0.326000|    0.015242|
|         625|  -12.678587|  -12.122143|    0.326000|    0.015242|
|         626|  -12.691076|  -12.134169|    0.326000|    0.015242|
|         627|  -12.705888|  -12.148518|    0.326000|    0.015242|
|         628|  -12.723030|  -12.165193|    0.326000|    0.015242|
|         629|  -12.742512|  -12.184206|    0.326000|    0.015242|
|         630|  -12.764349|  -12.205568|    0.326000|    0.015242|
|         631|  -12.788548|  -12.229289|    0.326000|    0.015242|
|         632|  -12.815093|  -12.255356|    0.326000|    0.015242|
|         633|  -12.843951|  -12.283742|    0.326000|    0.015242|
|         634|  -12.875049|  -12.314382|    0.326000|    0.015242|
|         635|  -12.908214|  -12.347119|    0.326000|    0.015242|
|         636|  -12.943176|  -12.381708|    0.326000|    0.015242|
|         637|  -12.979479|  -12.417735|    0.326000|    0.015242|
|         638|  -13.016442|  -12.454562|    0.326000|    0.015242|
+-----------------------------------------------------------------------+
|      Convergence Field     |     Value    |   Criterion  |  Converged |
+-----------------------------------------------------------------------+
|                    rms[Rho]|      -13.0164|         < -13|         Yes|
+-----------------------------------------------------------------------+
+-----------------------------------------------------------------------+
|        File Writing Summary       |              Filename             |
+-----------------------------------------------------------------------+
|SU2 binary restart                 |restart_flow.dat                   |
Writing Flow Meta-Data file: flow.meta
|Paraview                           |flow.vtu                           |
Writing Flow Meta-Data file: flow.meta
|Paraview surface                   |surface_flow.vtu                   |
Writing Flow Meta-Data file: flow.meta
|CSV file                           |surface_flow.csv                   |
Writing Flow Meta-Data file: flow.meta
+-----------------------------------------------------------------------+
+----------------------------------------------------------------+
|  Inner_Iter|    rms[Rho]|   rms[RhoE]|          CL|          CD|
+----------------------------------------------------------------+
|         639|  -13.053050|  -12.491240|    0.326000|    0.015248|
+-----------------------------------------------------------------------+
|Fixed CL Mode                           |Value                         |
+-----------------------------------------------------------------------+
|Current CL                              |0.326                         |
|Target CL                               |0.326                         |
|Previous AOA                            |0.702878                      |
|Changed AoA by (Finite Difference step) |0.001                         |
+-----------------------------------------------------------------------+
+----------------------------------------------------------------+
|  Inner_Iter|    rms[Rho]|   rms[RhoE]|          CL|          CD|
+----------------------------------------------------------------+
|         640|   -5.812063|   -5.205349|    0.326000|    0.015248|
|         641|   -6.109394|   -5.498851|    0.326008|    0.015248|
|         642|   -6.352478|   -5.758888|    0.326037|    0.015248|
|         643|   -6.551963|   -5.941252|    0.326080|    0.015249|
|         644|   -6.715410|   -6.116052|    0.326119|    0.015249|
|         645|   -6.811902|   -6.213521|    0.326140|    0.015249|
|         646|   -6.948815|   -6.347105|    0.326145|    0.015249|
|         647|   -6.980601|   -6.377316|    0.326144|    0.015249|
|         648|   -7.034388|   -6.429493|    0.326148|    0.015249|
|         649|   -7.153288|   -6.554241|    0.326156|    0.015250|
|         650|   -7.230003|   -6.640177|    0.326164|    0.015250|
|         651|   -7.254076|   -6.663726|    0.326170|    0.015250|
|         652|   -7.306262|   -6.717392|    0.326175|    0.015250|
|         653|   -7.369367|   -6.788721|    0.326179|    0.015250|
|         654|   -7.396463|   -6.822704|    0.326182|    0.015250|
|         655|   -7.403543|   -6.832157|    0.326184|    0.015250|
|         656|   -7.406931|   -6.837393|    0.326187|    0.015250|
|         657|   -7.405073|   -6.838191|    0.326189|    0.015249|
|         658|   -7.398950|   -6.834998|    0.326191|    0.015249|
|         659|   -7.391293|   -6.829942|    0.326193|    0.015249|
|         660|   -7.382662|   -6.823205|    0.326194|    0.015249|
|         661|   -7.373140|   -6.814832|    0.326196|    0.015248|
|         662|   -7.363601|   -6.805972|    0.326198|    0.015248|
|         663|   -7.355063|   -6.797887|    0.326199|    0.015248|
|         664|   -7.348121|   -6.791221|    0.326201|    0.015247|
|         665|   -7.342993|   -6.786191|    0.326202|    0.015247|
|         666|   -7.339743|   -6.782897|    0.326203|    0.015247|
|         667|   -7.338404|   -6.781436|    0.326205|    0.015247|
|         668|   -7.339003|   -6.781891|    0.326206|    0.015246|
|         669|   -7.341521|   -6.784267|    0.326207|    0.015246|
|         670|   -7.345891|   -6.788492|    0.326209|    0.015246|
|         671|   -7.352033|   -6.794476|    0.326210|    0.015246|
|         672|   -7.359877|   -6.802147|    0.326211|    0.015246|
|         673|   -7.369363|   -6.811450|    0.326212|    0.015246|
|         674|   -7.380431|   -6.822327|    0.326213|    0.015246|
|         675|   -7.393015|   -6.834721|    0.326214|    0.015246|
|         676|   -7.407050|   -6.848568|    0.326215|    0.015246|
|         677|   -7.422467|   -6.863800|    0.326216|    0.015246|
|         678|   -7.439194|   -6.880348|    0.326217|    0.015246|
|         679|   -7.457156|   -6.898132|    0.326218|    0.015246|
|         680|   -7.476272|   -6.917074|    0.326219|    0.015247|
|         681|   -7.496465|   -6.937091|    0.326220|    0.015247|
|         682|   -7.517656|   -6.958102|    0.326220|    0.015247|
|         683|   -7.539771|   -6.980030|    0.326221|    0.015247|
|         684|   -7.562749|   -7.002807|    0.326222|    0.015247|
|         685|   -7.586543|   -7.026382|    0.326222|    0.015247|
|         686|   -7.611128|   -7.050725|    0.326223|    0.015247|
|         687|   -7.636504|   -7.075832|    0.326223|    0.015248|
|         688|   -7.662695|   -7.101726|    0.326223|    0.015248|
|         689|   -7.689750|   -7.128458|    0.326224|    0.015248|
|         690|   -7.717741|   -7.156103|    0.326224|    0.015248|
|         691|   -7.746758|   -7.184759|    0.326224|    0.015248|
|         692|   -7.776904|   -7.214537|    0.326225|    0.015248|
|         693|   -7.808289|   -7.245557|    0.326225|    0.015248|
|         694|   -7.841019|   -7.277942|    0.326225|    0.015248|
|         695|   -7.875190|   -7.311803|    0.326225|    0.015248|
|         696|   -7.910879|   -7.347236|    0.326225|    0.015248|
|         697|   -7.948127|   -7.384302|    0.326226|    0.015248|
|         698|   -7.986926|   -7.423017|    0.326226|    0.015248|
|         699|   -8.027201|   -7.463330|    0.326226|    0.015248|
|         700|   -8.068780|   -7.505098|    0.326226|    0.015248|
|         701|   -8.111374|   -7.548056|    0.326226|    0.015248|
|         702|   -8.154540|   -7.591781|    0.326226|    0.015248|
|         703|   -8.197665|   -7.635673|    0.326226|    0.015248|
|         704|   -8.239966|   -7.678941|    0.326227|    0.015248|
|         705|   -8.280542|   -7.720648|    0.326227|    0.015248|
|         706|   -8.318472|   -7.759808|    0.326227|    0.015248|
|         707|   -8.352971|   -7.795540|    0.326227|    0.015248|
|         708|   -8.383548|   -7.827252|    0.326228|    0.015248|
|         709|   -8.410127|   -7.854781|    0.326228|    0.015248|
|         710|   -8.433051|   -7.878430|    0.326228|    0.015248|
|         711|   -8.452999|   -7.898883|    0.326229|    0.015248|
|         712|   -8.470824|   -7.917030|    0.326229|    0.015248|
|         713|   -8.487383|   -7.933783|    0.326229|    0.015248|
|         714|   -8.503419|   -7.949940|    0.326230|    0.015248|
|         715|   -8.519494|   -7.966105|    0.326230|    0.015248|
|         716|   -8.535966|   -7.982660|    0.326231|    0.015248|
|         717|   -8.552988|   -7.999767|    0.326231|    0.015248|
|         718|   -8.570526|   -8.017386|    0.326232|    0.015248|
|         719|   -8.588390|   -8.035309|    0.326232|    0.015248|
|         720|   -8.606259|   -8.053197|    0.326232|    0.015248|
|         721|   -8.623719|   -8.070617|    0.326233|    0.015248|
|         722|   -8.640301|   -8.087090|    0.326233|    0.015248|
|         723|   -8.655522|   -8.102132|    0.326234|    0.015248|
|         724|   -8.668927|   -8.115303|    0.326234|    0.015248|
|         725|   -8.680136|   -8.126251|    0.326234|    0.015248|
|         726|   -8.688885|   -8.134741|    0.326234|    0.015248|
|         727|   -8.695048|   -8.140678|    0.326235|    0.015248|
|         728|   -8.698650|   -8.144106|    0.326235|    0.015248|
|         729|   -8.699860|   -8.145199|    0.326235|    0.015248|
|         730|   -8.698967|   -8.144240|    0.326235|    0.015248|
|         731|   -8.696342|   -8.141586|    0.326236|    0.015248|
|         732|   -8.692407|   -8.137641|    0.326236|    0.015248|
|         733|   -8.687596|   -8.132823|    0.326236|    0.015248|
|         734|   -8.682330|   -8.127539|    0.326236|    0.015248|
|         735|   -8.676997|   -8.122168|    0.326236|    0.015248|
|         736|   -8.671940|   -8.117049|    0.326236|    0.015248|
|         737|   -8.667456|   -8.112478|    0.326236|    0.015248|
|         738|   -8.663792|   -8.108705|    0.326236|    0.015248|
|         739|   -8.661154|   -8.105935|    0.326236|    0.015248|
|         740|   -8.659703|   -8.104335|    0.326236|    0.015248|
|         741|   -8.659571|   -8.104037|    0.326236|    0.015248|
|         742|   -8.660858|   -8.105144|    0.326236|    0.015248|
|         743|   -8.663643|   -8.107736|    0.326236|    0.015248|
|         744|   -8.667984|   -8.111872|    0.326236|    0.015248|
|         745|   -8.673929|   -8.117600|    0.326236|    0.015248|
|         746|   -8.681512|   -8.124954|    0.326237|    0.015248|
|         747|   -8.690763|   -8.133964|    0.326237|    0.015248|
|         748|   -8.701706|   -8.144652|    0.326237|    0.015248|
|         749|   -8.714362|   -8.157041|    0.326237|    0.015248|
|         750|   -8.728753|   -8.171152|    0.326237|    0.015248|
|         751|   -8.744901|   -8.187006|    0.326237|    0.015248|
|         752|   -8.762828|   -8.204625|    0.326237|    0.015248|
|         753|   -8.782556|   -8.224034|    0.326237|    0.015248|
|         754|   -8.804110|   -8.245256|    0.326237|    0.015248|
|         755|   -8.827510|   -8.268315|    0.326237|    0.015248|
|         756|   -8.852772|   -8.293230|    0.326237|    0.015248|
|         757|   -8.879903|   -8.320008|    0.326237|    0.015248|
|         758|   -8.908889|   -8.348643|    0.326237|    0.015248|
|         759|   -8.939690|   -8.379103|    0.326237|    0.015248|
|         760|   -8.972227|   -8.411320|    0.326237|    0.015248|
|         761|   -9.006359|   -8.445168|    0.326237|    0.015248|
|         762|   -9.041863|   -8.480445|    0.326237|    0.015248|
|         763|   -9.078397|   -8.516838|    0.326237|    0.015248|
|         764|   -9.115464|   -8.553885|    0.326237|    0.015248|
|         765|   -9.152372|   -8.590938|    0.326237|    0.015248|
|         766|   -9.188212|   -8.627133|    0.326237|    0.015248|
|         767|   -9.221875|   -8.661400|    0.326237|    0.015248|
|         768|   -9.252133|   -8.692528|    0.326237|    0.015248|
|         769|   -9.277819|   -8.719323|    0.326237|    0.015248|
|         770|   -9.298074|   -8.740844|    0.326237|    0.015248|
|         771|   -9.312583|   -8.756648|    0.326237|    0.015248|
|         772|   -9.321673|   -8.766924|    0.326237|    0.015248|
|         773|   -9.326221|   -8.772440|    0.326237|    0.015248|
|         774|   -9.327431|   -8.774342|    0.326237|    0.015248|
|         775|   -9.326578|   -8.773899|    0.326237|    0.015248|
|         776|   -9.324824|   -8.772304|    0.326237|    0.015248|
|         777|   -9.323131|   -8.770564|    0.326237|    0.015248|
|         778|   -9.322238|   -8.769466|    0.326237|    0.015248|
|         779|   -9.322690|   -8.769595|    0.326237|    0.015248|
|         780|   -9.324872|   -8.771371|    0.326237|    0.015248|
|         781|   -9.329055|   -8.775091|    0.326237|    0.015248|
|         782|   -9.335427|   -8.780959|    0.326237|    0.015248|
|         783|   -9.344118|   -8.789120|    0.326237|    0.015248|
|         784|   -9.355221|   -8.799675|    0.326237|    0.015248|
|         785|   -9.368805|   -8.812697|    0.326237|    0.015248|
|         786|   -9.384914|   -8.828236|    0.326237|    0.015248|
|         787|   -9.403574|   -8.846321|    0.326237|    0.015248|
|         788|   -9.424785|   -8.866956|    0.326237|    0.015248|
|         789|   -9.448508|   -8.890106|    0.326237|    0.015248|
|         790|   -9.474649|   -8.915688|    0.326237|    0.015248|
|         791|   -9.503027|   -8.943535|    0.326237|    0.015248|
|         792|   -9.533338|   -8.973364|    0.326237|    0.015248|
|         793|   -9.565093|   -9.004719|    0.326237|    0.015248|
|         794|   -9.597546|   -9.036902|    0.326237|    0.015248|
|         795|   -9.629620|   -9.068897|    0.326237|    0.015248|
|         796|   -9.659874|   -9.099334|    0.326237|    0.015248|
|         797|   -9.686553|   -9.126519|    0.326237|    0.015248|
|         798|   -9.707813|   -9.148629|    0.326237|    0.015248|
|         799|   -9.722122|   -9.164077|    0.326237|    0.015248|
|         800|   -9.728733|   -9.171976|    0.326237|    0.015248|
|         801|   -9.727954|   -9.172453|    0.326237|    0.015248|
|         802|   -9.721038|   -9.166600|    0.326237|    0.015248|
|         803|   -9.709755|   -9.156098|    0.326237|    0.015248|
|         804|   -9.695922|   -9.142751|    0.326237|    0.015248|
|         805|   -9.681096|   -9.128153|    0.326237|    0.015248|
|         806|   -9.666463|   -9.113545|    0.326237|    0.015248|
|         807|   -9.652853|   -9.099813|    0.326237|    0.015248|
|         808|   -9.640811|   -9.087547|    0.326237|    0.015248|
|         809|   -9.630671|   -9.077116|    0.326237|    0.015248|
|         810|   -9.622626|   -9.068737|    0.326237|    0.015248|
|         811|   -9.616775|   -9.062526|    0.326237|    0.015248|
|         812|   -9.613157|   -9.058533|    0.326237|    0.015248|
|         813|   -9.611779|   -9.056770|    0.326237|    0.015248|
|         814|   -9.612626|   -9.057228|    0.326237|    0.015248|
|         815|   -9.615674|   -9.059885|    0.326237|    0.015248|
|         816|   -9.620897|   -9.064715|    0.326237|    0.015248|
|         817|   -9.628270|   -9.071695|    0.326237|    0.015248|
|         818|   -9.637774|   -9.080802|    0.326237|    0.015248|
|         819|   -9.649394|   -9.092023|    0.326237|    0.015248|
|         820|   -9.663123|   -9.105349|    0.326237|    0.015248|
|         821|   -9.678960|   -9.120778|    0.326237|    0.015248|
|         822|   -9.696915|   -9.138316|    0.326237|    0.015248|
|         823|   -9.716999|   -9.157977|    0.326237|    0.015248|
|         824|   -9.739231|   -9.179777|    0.326237|    0.015248|
|         825|   -9.763627|   -9.203732|    0.326237|    0.015248|
|         826|   -9.790198|   -9.229853|    0.326237|    0.015248|
|         827|   -9.818935|   -9.258137|    0.326237|    0.015248|
|         828|   -9.849801|   -9.288552|    0.326237|    0.015248|
|         829|   -9.882712|   -9.321022|    0.326237|    0.015248|
|         830|   -9.917508|   -9.355406|    0.326237|    0.015248|
|         831|   -9.953912|   -9.391455|    0.326237|    0.015248|
|         832|   -9.991486|   -9.428763|    0.326237|    0.015248|
|         833|  -10.029554|   -9.466709|    0.326237|    0.015248|
|         834|  -10.067151|   -9.504389|    0.326237|    0.015248|
|         835|  -10.102979|   -9.540580|    0.326237|    0.015248|
|         836|  -10.135447|   -9.573752|    0.326237|    0.015248|
|         837|  -10.162842|   -9.602217|    0.326237|    0.015248|
|         838|  -10.183673|   -9.624431|    0.326237|    0.015248|
|         839|  -10.197108|   -9.639419|    0.326237|    0.015248|
|         840|  -10.203270|   -9.647109|    0.326237|    0.015248|
|         841|  -10.203205|   -9.648362|    0.326237|    0.015248|
|         842|  -10.198526|   -9.644683|    0.326237|    0.015248|
|         843|  -10.190980|   -9.637794|    0.326237|    0.015248|
|         844|  -10.182127|   -9.629289|    0.326237|    0.015248|
|         845|  -10.173200|   -9.620460|    0.326237|    0.015248|
|         846|  -10.165094|   -9.612266|    0.326237|    0.015248|
|         847|  -10.158418|   -9.605370|    0.326237|    0.015248|
|         848|  -10.153567|   -9.600209|    0.326237|    0.015248|
|         849|  -10.150786|   -9.597057|    0.326237|    0.015248|
|         850|  -10.150220|   -9.596080|    0.326237|    0.015248|
|         851|  -10.151947|   -9.597372|    0.326237|    0.015248|
|         852|  -10.156010|   -9.600984|    0.326237|    0.015248|
|         853|  -10.162428|   -9.606940|    0.326237|    0.015248|
|         854|  -10.171208|   -9.615252|    0.326237|    0.015248|
|         855|  -10.182356|   -9.625928|    0.326237|    0.015248|
|         856|  -10.195879|   -9.638973|    0.326237|    0.015248|
|         857|  -10.211788|   -9.654399|    0.326237|    0.015248|
|         858|  -10.230096|   -9.672220|    0.326237|    0.015248|
|         859|  -10.250820|   -9.692451|    0.326237|    0.015248|
|         860|  -10.273971|   -9.715103|    0.326237|    0.015248|
|         861|  -10.299545|   -9.740176|    0.326237|    0.015248|
|         862|  -10.327513|   -9.767645|    0.326237|    0.015248|
|         863|  -10.357800|   -9.797444|    0.326237|    0.015248|
|         864|  -10.390261|   -9.829443|    0.326237|    0.015248|
|         865|  -10.424636|   -9.863405|    0.326237|    0.015248|
|         866|  -10.460499|   -9.898938|    0.326237|    0.015248|
|         867|  -10.497177|   -9.935419|    0.326237|    0.015248|
|         868|  -10.533675|   -9.971919|    0.326237|    0.015248|
|         869|  -10.568617|  -10.007138|    0.326237|    0.015248|
|         870|  -10.600264|  -10.039406|    0.326237|    0.015248|
|         871|  -10.626692|  -10.066832|    0.326237|    0.015248|
|         872|  -10.646166|  -10.087633|    0.326237|    0.015248|
|         873|  -10.657665|  -10.100643|    0.326237|    0.015248|
|         874|  -10.661260|  -10.105724|    0.326237|    0.015248|
|         875|  -10.658098|  -10.103830|    0.326237|    0.015248|
|         876|  -10.649984|  -10.096653|    0.326237|    0.015248|
|         877|  -10.638860|  -10.086113|    0.326237|    0.015248|
|         878|  -10.626429|  -10.073958|    0.326237|    0.015248|
|         879|  -10.614004|  -10.061568|    0.326237|    0.015248|
|         880|  -10.602515|  -10.049938|    0.326237|    0.015248|
|         881|  -10.592573|  -10.039737|    0.326237|    0.015248|
|         882|  -10.584559|  -10.031386|    0.326237|    0.015248|
|         883|  -10.578694|  -10.025135|    0.326237|    0.015248|
|         884|  -10.575097|  -10.021124|    0.326237|    0.015248|
|         885|  -10.573822|  -10.019418|    0.326237|    0.015248|
|         886|  -10.574886|  -10.020043|    0.326237|    0.015248|
|         887|  -10.578283|  -10.022997|    0.326237|    0.015248|
|         888|  -10.583997|  -10.028267|    0.326237|    0.015248|
|         889|  -10.592013|  -10.035838|    0.326237|    0.015248|
|         890|  -10.602314|  -10.045694|    0.326237|    0.015248|
|         891|  -10.614891|  -10.057825|    0.326238|    0.015243|
+-----------------------------------------------------------------------+
|Fixed CL Mode (Finite Difference)       |Value                         |
+-----------------------------------------------------------------------+
|Delta CL / Delta AoA                    |0.237215                      |
|Delta CD / Delta CL                     |0.0249701                     |
|Delta CMz / Delta CL                    |-0.0248709                    |
+-----------------------------------------------------------------------+
Writing Flow Meta-Data file: flow.meta

--------------------------- Finalizing Solver ---------------------------
Deleted CNumerics container.
Deleted CIntegration container.
Deleted CSolver container.
Deleted CIteration container.
Deleted CInterface container.
Deleted CGeometry container.
Deleted CFreeFormDefBox class.
Deleted CSurfaceMovement class.
Deleted CVolumetricMovement class.
Deleted CConfig container.
Deleted nInst container.
Deleted COutput class.
-------------------------------------------------------------------------

------------------------- Exit Success (SU2_CFD) ------------------------

